00:00 +0: loading /Users/rend/Development/Abomination/test/verification_test.dart
00:00 +0: Bug Fix Verification Agriculture: Field Isolation - Planting in one field does not affect another
00:00 +1: Bug Fix Verification Combat: Initial Deck contains only Flaubert Giles
00:00 +2: Bug Fix Verification Encounters: 10-minute cooldown prevents back-to-back encounters
00:00 +3: Bug Fix Verification Combat: Flaubert deck transformation and follower customization
00:00 +4: Bug Fix Verification Combat: Summon rules allow back 20% starting zone and right half lane checks
00:00 +5: Bug Fix Verification Combat: Summoning is blocked when player character is dead
00:00 +6: Bug Fix Verification Combat: Special abilities auto-fire for AI/Survival independently of basic range
00:00 +7: Bug Fix Verification Combat: Summoning central 30% band and channel matching restrictions on 2-lane vs 3-lane maps
00:00 +8: Bug Fix Verification Combat: Cannoneer stats and Tower range balance verification
00:00 +9: Bug Fix Verification Culinary: Classic Tiramisu and Genovese Sauce discovery rules verification
00:00 +10: Bug Fix Verification Agriculture: plantCrops task only adds crop to field upon completion
NPC_ASSIGN_ATTEMPT: Test Master -> plantCrops @ field_2 (Intent: null)
00:00 +11: Bug Fix Verification Survival Mode: Undead units gain combat XP but cannot be assigned to training grounds
00:00 +12: Bug Fix Verification Survival Mode: Melee-only units like wild_bear or brewers do not have ranged stats
00:00 +13: Bug Fix Verification Courtship: Initial Attraction, Sapiosexuality and Medical Fetish
00:00 +14: Bug Fix Verification Courtship: Initial Admiration, Class Standing and Factions
00:00 +15: Bug Fix Verification Courtship: Stage Evolution, Neglect and Volatile Fatigue
NPC_ASSIGN_ATTEMPT: Flaubert Giles -> tillSoil @ field_2 (Intent: low_pri_player_tillSoil_field_2)
NPC_ASSIGN_ATTEMPT: Flaubert Giles -> hunt @ entryway (Intent: low_pri_butler_hunt_entryway)
NPC_ASSIGN_ATTEMPT: Wild Fox -> weights @ garden_lot (Intent: sched_leisure_fox_0_1781825883272)
NPC_ASSIGN_ATTEMPT: Wild Fox -> weights @ garden_lot (Intent: sched_leisure_fox_1_1781825883272)
NPC_ASSIGN_ATTEMPT: Wild Fox -> writePoetry @ master_bedroom (Intent: sched_leisure_fox_2_1781825883272)
NPC_ASSIGN_ATTEMPT: Wild Fox -> weights @ garden_lot (Intent: sched_leisure_fox_3_1781825883272)
NPC_ASSIGN_ATTEMPT: Wild Fox -> writePoetry @ master_bedroom (Intent: sched_leisure_fox_4_1781825883272)
NPC_ASSIGN_ATTEMPT: Partner -> idle @ lot_building_1 (Intent: sched_idle_w_partner)
NPC_ASSIGN_ATTEMPT: Wild Fox -> writePoetry @ master_bedroom (Intent: sched_leisure_fox_0_1781825883272)
NPC_ASSIGN_ATTEMPT: Wild Fox -> writePoetry @ master_bedroom (Intent: sched_leisure_fox_1_1781825883272)
NPC_ASSIGN_ATTEMPT: Wild Fox -> weights @ garden_lot (Intent: sched_leisure_fox_2_1781825883272)
NPC_ASSIGN_ATTEMPT: Wild Fox -> writePoetry @ master_bedroom (Intent: sched_leisure_fox_3_1781825883272)
NPC_ASSIGN_ATTEMPT: Wild Fox -> weights @ garden_lot (Intent: sched_leisure_fox_4_1781825883272)
NPC_ASSIGN_ATTEMPT: Wild Fox -> weights @ garden_lot (Intent: sched_leisure_fox_0_1781825883272)
NPC_ASSIGN_ATTEMPT: Wild Fox -> writePoetry @ master_bedroom (Intent: sched_leisure_fox_1_1781825883272)
NPC_ASSIGN_ATTEMPT: Wild Fox -> writePoetry @ master_bedroom (Intent: sched_leisure_fox_2_1781825883272)
NPC_ASSIGN_ATTEMPT: Wild Fox -> weights @ garden_lot (Intent: sched_leisure_fox_3_1781825883272)
NPC_ASSIGN_ATTEMPT: Wild Fox -> writePoetry @ master_bedroom (Intent: sched_leisure_fox_4_1781825883272)
NPC_ASSIGN_ATTEMPT: Wild Fox -> writePoetry @ master_bedroom (Intent: sched_leisure_fox_0_1781825883272)
NPC_ASSIGN_ATTEMPT: Wild Fox -> weights @ garden_lot (Intent: sched_leisure_fox_1_1781825883272)
NPC_ASSIGN_ATTEMPT: Wild Fox -> weights @ garden_lot (Intent: sched_leisure_fox_2_1781825883272)
NPC_ASSIGN_ATTEMPT: Wild Fox -> goForWalk @ garden_lot (Intent: sched_leisure_fox_3_1781825883272)
NPC_ASSIGN_ATTEMPT: Wild Fox -> weights @ garden_lot (Intent: sched_leisure_fox_4_1781825883272)
NPC_ASSIGN_ATTEMPT: Wild Fox -> cardio @ garden_lot (Intent: sched_leisure_fox_0_1781825883272)
NPC_ASSIGN_ATTEMPT: Wild Fox -> writePoetry @ master_bedroom (Intent: sched_leisure_fox_1_1781825883272)
NPC_ASSIGN_ATTEMPT: Wild Fox -> writePoetry @ master_bedroom (Intent: sched_leisure_fox_2_1781825883272)
NPC_ASSIGN_ATTEMPT: Wild Fox -> writePoetry @ master_bedroom (Intent: sched_leisure_fox_3_1781825883272)
NPC_ASSIGN_ATTEMPT: Wild Fox -> writePoetry @ master_bedroom (Intent: sched_leisure_fox_4_1781825883272)
NPC_ASSIGN_ATTEMPT: Wild Fox -> weights @ garden_lot (Intent: sched_leisure_fox_0_1781825883272)
NPC_ASSIGN_ATTEMPT: Wild Fox -> weights @ garden_lot (Intent: sched_leisure_fox_1_1781825883272)
NPC_ASSIGN_ATTEMPT: Wild Fox -> weights @ garden_lot (Intent: sched_leisure_fox_2_1781825883272)
NPC_ASSIGN_ATTEMPT: Wild Fox -> weights @ garden_lot (Intent: sched_leisure_fox_3_1781825883272)
NPC_ASSIGN_ATTEMPT: Wild Fox -> writePoetry @ master_bedroom (Intent: sched_leisure_fox_4_1781825883272)
NPC_ASSIGN_ATTEMPT: Wild Fox -> goForWalk @ garden_lot (Intent: sched_leisure_fox_0_1781825883272)
NPC_ASSIGN_ATTEMPT: Wild Fox -> writePoetry @ master_bedroom (Intent: sched_leisure_fox_1_1781825883272)
NPC_ASSIGN_ATTEMPT: Wild Fox -> cardio @ garden_lot (Intent: sched_leisure_fox_2_1781825883272)
NPC_ASSIGN_ATTEMPT: Wild Fox -> goForWalk @ garden_lot (Intent: sched_leisure_fox_3_1781825883272)
NPC_ASSIGN_ATTEMPT: Wild Fox -> weights @ garden_lot (Intent: sched_leisure_fox_4_1781825883272)
NPC_ASSIGN_ATTEMPT: Wild Fox -> weights @ garden_lot (Intent: sched_leisure_fox_0_1781825883272)
NPC_ASSIGN_ATTEMPT: Wild Fox -> weights @ garden_lot (Intent: sched_leisure_fox_1_1781825883272)
NPC_ASSIGN_ATTEMPT: Wild Fox -> writePoetry @ master_bedroom (Intent: sched_leisure_fox_2_1781825883272)
NPC_ASSIGN_ATTEMPT: Wild Fox -> writePoetry @ master_bedroom (Intent: sched_leisure_fox_3_1781825883272)
NPC_ASSIGN_ATTEMPT: Wild Fox -> weights @ garden_lot (Intent: sched_leisure_fox_4_1781825883272)
NPC_ASSIGN_ATTEMPT: Wild Fox -> writePoetry @ master_bedroom (Intent: sched_leisure_fox_0_1781825883272)
NPC_ASSIGN_ATTEMPT: Wild Fox -> cardio @ garden_lot (Intent: sched_leisure_fox_1_1781825883272)
NPC_ASSIGN_ATTEMPT: Wild Fox -> weights @ garden_lot (Intent: sched_leisure_fox_2_1781825883272)
NPC_ASSIGN_ATTEMPT: Wild Fox -> weights @ garden_lot (Intent: sched_leisure_fox_3_1781825883272)
NPC_ASSIGN_ATTEMPT: Wild Fox -> writePoetry @ master_bedroom (Intent: sched_leisure_fox_4_1781825883272)
NPC_ASSIGN_ATTEMPT: Wild Fox -> weights @ garden_lot (Intent: sched_leisure_fox_0_1781825883272)
NPC_ASSIGN_ATTEMPT: Wild Fox -> writePoetry @ master_bedroom (Intent: sched_leisure_fox_1_1781825883272)
NPC_ASSIGN_ATTEMPT: Wild Fox -> writePoetry @ master_bedroom (Intent: sched_leisure_fox_2_1781825883272)
NPC_ASSIGN_ATTEMPT: Wild Fox -> writePoetry @ master_bedroom (Intent: sched_leisure_fox_3_1781825883272)
NPC_ASSIGN_ATTEMPT: Wild Fox -> weights @ garden_lot (Intent: sched_leisure_fox_4_1781825883272)
NPC_ASSIGN_ATTEMPT: Wild Fox -> weights @ garden_lot (Intent: sched_leisure_fox_0_1781825883272)
NPC_ASSIGN_ATTEMPT: Wild Fox -> readBook @ vegetable_garden (Intent: sched_leisure_fox_1_1781825883272)
NPC_ASSIGN_ATTEMPT: Wild Fox -> weights @ garden_lot (Intent: sched_leisure_fox_2_1781825883272)
NPC_ASSIGN_ATTEMPT: Wild Fox -> weights @ garden_lot (Intent: sched_leisure_fox_3_1781825883272)
NPC_ASSIGN_ATTEMPT: Wild Fox -> weights @ garden_lot (Intent: sched_leisure_fox_4_1781825883272)
NPC_ASSIGN_ATTEMPT: Wild Fox -> writePoetry @ master_bedroom (Intent: sched_leisure_fox_0_1781825883272)
NPC_ASSIGN_ATTEMPT: Wild Fox -> writePoetry @ master_bedroom (Intent: sched_leisure_fox_1_1781825883272)
NPC_ASSIGN_ATTEMPT: Wild Fox -> weights @ garden_lot (Intent: sched_leisure_fox_2_1781825883272)
NPC_ASSIGN_ATTEMPT: Wild Fox -> writePoetry @ master_bedroom (Intent: sched_leisure_fox_3_1781825883272)
NPC_ASSIGN_ATTEMPT: Wild Fox -> goForWalk @ garden_lot (Intent: sched_leisure_fox_4_1781825883272)
NPC_ASSIGN_ATTEMPT: Wild Fox -> weights @ garden_lot (Intent: sched_leisure_fox_0_1781825883272)
NPC_ASSIGN_ATTEMPT: Wild Fox -> goForWalk @ garden_lot (Intent: sched_leisure_fox_1_1781825883272)
NPC_ASSIGN_ATTEMPT: Wild Fox -> weights @ garden_lot (Intent: sched_leisure_fox_2_1781825883272)
NPC_ASSIGN_ATTEMPT: Wild Fox -> readBook @ vegetable_garden (Intent: sched_leisure_fox_3_1781825883272)
NPC_ASSIGN_ATTEMPT: Wild Fox -> writePoetry @ master_bedroom (Intent: sched_leisure_fox_4_1781825883272)
NPC_ASSIGN_ATTEMPT: Wild Fox -> paint @ study (Intent: sched_leisure_fox_0_1781825883272)
NPC_ASSIGN_ATTEMPT: Wild Fox -> writePoetry @ master_bedroom (Intent: sched_leisure_fox_1_1781825883272)
NPC_ASSIGN_ATTEMPT: Wild Fox -> weights @ garden_lot (Intent: sched_leisure_fox_2_1781825883272)
NPC_ASSIGN_ATTEMPT: Wild Fox -> writePoetry @ master_bedroom (Intent: sched_leisure_fox_3_1781825883272)
NPC_ASSIGN_ATTEMPT: Wild Fox -> weights @ garden_lot (Intent: sched_leisure_fox_4_1781825883272)
NPC_ASSIGN_ATTEMPT: Wild Fox -> writePoetry @ master_bedroom (Intent: sched_leisure_fox_0_1781825883272)
NPC_ASSIGN_ATTEMPT: Wild Fox -> readBook @ vegetable_garden (Intent: sched_leisure_fox_1_1781825883272)
NPC_ASSIGN_ATTEMPT: Wild Fox -> writePoetry @ master_bedroom (Intent: sched_leisure_fox_2_1781825883272)
NPC_ASSIGN_ATTEMPT: Wild Fox -> weights @ garden_lot (Intent: sched_leisure_fox_3_1781825883272)
NPC_ASSIGN_ATTEMPT: Wild Fox -> writePoetry @ master_bedroom (Intent: sched_leisure_fox_4_1781825883272)
NPC_ASSIGN_ATTEMPT: Wild Fox -> weights @ garden_lot (Intent: sched_leisure_fox_0_1781825883272)
NPC_ASSIGN_ATTEMPT: Wild Fox -> weights @ garden_lot (Intent: sched_leisure_fox_1_1781825883272)
NPC_ASSIGN_ATTEMPT: Wild Fox -> weights @ garden_lot (Intent: sched_leisure_fox_2_1781825883272)
NPC_ASSIGN_ATTEMPT: Wild Fox -> writePoetry @ master_bedroom (Intent: sched_leisure_fox_3_1781825883272)
NPC_ASSIGN_ATTEMPT: Wild Fox -> readBook @ vegetable_garden (Intent: sched_leisure_fox_4_1781825883272)
NPC_ASSIGN_ATTEMPT: Wild Fox -> writePoetry @ master_bedroom (Intent: sched_leisure_fox_0_1781825883272)
NPC_ASSIGN_ATTEMPT: Wild Fox -> writePoetry @ master_bedroom (Intent: sched_leisure_fox_1_1781825883272)
NPC_ASSIGN_ATTEMPT: Wild Fox -> writePoetry @ master_bedroom (Intent: sched_leisure_fox_2_1781825883272)
NPC_ASSIGN_ATTEMPT: Wild Fox -> weights @ garden_lot (Intent: sched_leisure_fox_3_1781825883272)
NPC_ASSIGN_ATTEMPT: Wild Fox -> weights @ garden_lot (Intent: sched_leisure_fox_4_1781825883272)
NPC_ASSIGN_ATTEMPT: Wild Fox -> weights @ garden_lot (Intent: sched_leisure_fox_0_1781825883272)
NPC_ASSIGN_ATTEMPT: Wild Fox -> weights @ garden_lot (Intent: sched_leisure_fox_1_1781825883272)
NPC_ASSIGN_ATTEMPT: Wild Fox -> writePoetry @ master_bedroom (Intent: sched_leisure_fox_2_1781825883272)
NPC_ASSIGN_ATTEMPT: Wild Fox -> writePoetry @ master_bedroom (Intent: sched_leisure_fox_3_1781825883272)
NPC_ASSIGN_ATTEMPT: Wild Fox -> writePoetry @ master_bedroom (Intent: sched_leisure_fox_4_1781825883272)
NPC_ASSIGN_ATTEMPT: Wild Fox -> weights @ garden_lot (Intent: sched_leisure_fox_0_1781825883272)
NPC_ASSIGN_ATTEMPT: Wild Fox -> writePoetry @ master_bedroom (Intent: sched_leisure_fox_1_1781825883272)
NPC_ASSIGN_ATTEMPT: Wild Fox -> washHands @ bathroom_down (Intent: wash_hands_pre_sched_leisure_fox_2_1781825883272)
NPC_ASSIGN_ATTEMPT: Wild Fox -> writePoetry @ master_bedroom (Intent: sched_leisure_fox_3_1781825883272)
NPC_ASSIGN_ATTEMPT: Wild Fox -> weights @ garden_lot (Intent: sched_leisure_fox_4_1781825883272)
NPC_ASSIGN_ATTEMPT: Wild Fox -> writePoetry @ master_bedroom (Intent: sched_leisure_fox_0_1781825883272)
NPC_ASSIGN_ATTEMPT: Wild Fox -> writePoetry @ master_bedroom (Intent: sched_leisure_fox_1_1781825883272)
NPC_ASSIGN_ATTEMPT: Wild Fox -> writePoetry @ master_bedroom (Intent: sched_leisure_fox_2_1781825883272)
NPC_ASSIGN_ATTEMPT: Wild Fox -> weights @ garden_lot (Intent: sched_leisure_fox_3_1781825883272)
NPC_ASSIGN_ATTEMPT: Wild Fox -> writePoetry @ master_bedroom (Intent: sched_leisure_fox_4_1781825883272)
NPC_ASSIGN_ATTEMPT: Wild Fox -> weights @ garden_lot (Intent: sched_leisure_fox_0_1781825883272)
NPC_ASSIGN_ATTEMPT: Wild Fox -> washHands @ bathroom_down (Intent: wash_hands_pre_sched_leisure_fox_1_1781825883272)
NPC_ASSIGN_ATTEMPT: Wild Fox -> weights @ garden_lot (Intent: sched_leisure_fox_2_1781825883272)
NPC_ASSIGN_ATTEMPT: Wild Fox -> writePoetry @ master_bedroom (Intent: sched_leisure_fox_3_1781825883272)
NPC_ASSIGN_ATTEMPT: Wild Fox -> weights @ garden_lot (Intent: sched_leisure_fox_4_1781825883272)
NPC_ASSIGN_ATTEMPT: Wild Fox -> writePoetry @ master_bedroom (Intent: sched_leisure_fox_0_1781825883272)
NPC_ASSIGN_ATTEMPT: Wild Fox -> weights @ garden_lot (Intent: sched_leisure_fox_1_1781825883272)
NPC_ASSIGN_ATTEMPT: Wild Fox -> paint @ study (Intent: sched_leisure_fox_2_1781825883272)
NPC_ASSIGN_ATTEMPT: Wild Fox -> weights @ garden_lot (Intent: sched_leisure_fox_3_1781825883272)
NPC_ASSIGN_ATTEMPT: Wild Fox -> writePoetry @ master_bedroom (Intent: sched_leisure_fox_4_1781825883272)
NPC_ASSIGN_ATTEMPT: Wild Fox -> weights @ garden_lot (Intent: sched_leisure_fox_0_1781825883272)
NPC_ASSIGN_ATTEMPT: Wild Fox -> writePoetry @ master_bedroom (Intent: sched_leisure_fox_1_1781825883272)
NPC_ASSIGN_ATTEMPT: Wild Fox -> writePoetry @ master_bedroom (Intent: sched_leisure_fox_2_1781825883272)
NPC_ASSIGN_ATTEMPT: Wild Fox -> writePoetry @ master_bedroom (Intent: sched_leisure_fox_3_1781825883272)
NPC_ASSIGN_ATTEMPT: Wild Fox -> weights @ garden_lot (Intent: sched_leisure_fox_4_1781825883272)
NPC_ASSIGN_ATTEMPT: Wild Fox -> readBook @ vegetable_garden (Intent: sched_leisure_fox_0_1781825883272)
NPC_ASSIGN_ATTEMPT: Wild Fox -> weights @ garden_lot (Intent: sched_leisure_fox_1_1781825883272)
NPC_ASSIGN_ATTEMPT: Wild Fox -> weights @ garden_lot (Intent: sched_leisure_fox_2_1781825883272)
NPC_ASSIGN_ATTEMPT: Wild Fox -> weights @ garden_lot (Intent: sched_leisure_fox_3_1781825883272)
NPC_ASSIGN_ATTEMPT: Wild Fox -> paint @ study (Intent: sched_leisure_fox_4_1781825883272)
NPC_ASSIGN_ATTEMPT: Wild Fox -> weights @ garden_lot (Intent: sched_leisure_fox_0_1781825883272)
NPC_ASSIGN_ATTEMPT: Wild Fox -> writePoetry @ master_bedroom (Intent: sched_leisure_fox_1_1781825883272)
NPC_ASSIGN_ATTEMPT: Wild Fox -> writePoetry @ master_bedroom (Intent: sched_leisure_fox_2_1781825883272)
NPC_ASSIGN_ATTEMPT: Wild Fox -> writePoetry @ master_bedroom (Intent: sched_leisure_fox_3_1781825883272)
NPC_ASSIGN_ATTEMPT: Wild Fox -> weights @ garden_lot (Intent: sched_leisure_fox_4_1781825883272)
NPC_ASSIGN_ATTEMPT: Wild Fox -> washHands @ bathroom_down (Intent: wash_hands_pre_sched_leisure_fox_0_1781825883272)
NPC_ASSIGN_ATTEMPT: Wild Fox -> weights @ garden_lot (Intent: sched_leisure_fox_1_1781825883272)
NPC_ASSIGN_ATTEMPT: Wild Fox -> weights @ garden_lot (Intent: sched_leisure_fox_2_1781825883272)
NPC_ASSIGN_ATTEMPT: Wild Fox -> weights @ garden_lot (Intent: sched_leisure_fox_3_1781825883272)
NPC_ASSIGN_ATTEMPT: Wild Fox -> cardio @ garden_lot (Intent: sched_leisure_fox_4_1781825883272)
NPC_ASSIGN_ATTEMPT: Wild Fox -> weights @ garden_lot (Intent: sched_leisure_fox_0_1781825883272)
NPC_ASSIGN_ATTEMPT: Wild Fox -> writePoetry @ master_bedroom (Intent: sched_leisure_fox_1_1781825883272)
NPC_ASSIGN_ATTEMPT: Wild Fox -> writePoetry @ master_bedroom (Intent: sched_leisure_fox_2_1781825883272)
NPC_ASSIGN_ATTEMPT: Wild Fox -> weights @ garden_lot (Intent: sched_leisure_fox_3_1781825883272)
NPC_ASSIGN_ATTEMPT: Wild Fox -> weights @ garden_lot (Intent: sched_leisure_fox_4_1781825883272)
NPC_ASSIGN_ATTEMPT: Wild Fox -> writePoetry @ master_bedroom (Intent: sched_leisure_fox_0_1781825883272)
NPC_ASSIGN_ATTEMPT: Wild Fox -> weights @ garden_lot (Intent: sched_leisure_fox_1_1781825883272)
NPC_ASSIGN_ATTEMPT: Wild Fox -> weights @ garden_lot (Intent: sched_leisure_fox_2_1781825883272)
NPC_ASSIGN_ATTEMPT: Wild Fox -> cardio @ garden_lot (Intent: sched_leisure_fox_3_1781825883272)
NPC_ASSIGN_ATTEMPT: Wild Fox -> writePoetry @ master_bedroom (Intent: sched_leisure_fox_4_1781825883272)
NPC_ASSIGN_ATTEMPT: Wild Fox -> readBook @ vegetable_garden (Intent: sched_leisure_fox_0_1781825883272)
NPC_ASSIGN_ATTEMPT: Wild Fox -> writePoetry @ master_bedroom (Intent: sched_leisure_fox_1_1781825883272)
NPC_ASSIGN_ATTEMPT: Wild Fox -> writePoetry @ master_bedroom (Intent: sched_leisure_fox_2_1781825883272)
NPC_ASSIGN_ATTEMPT: Wild Fox -> weights @ garden_lot (Intent: sched_leisure_fox_3_1781825883272)
NPC_ASSIGN_ATTEMPT: Wild Fox -> weights @ garden_lot (Intent: sched_leisure_fox_4_1781825883272)
NPC_ASSIGN_ATTEMPT: Wild Fox -> weights @ garden_lot (Intent: sched_leisure_fox_0_1781825883272)
NPC_ASSIGN_ATTEMPT: Wild Fox -> weights @ garden_lot (Intent: sched_leisure_fox_1_1781825883272)
NPC_ASSIGN_ATTEMPT: Wild Fox -> weights @ garden_lot (Intent: sched_leisure_fox_2_1781825883272)
NPC_ASSIGN_ATTEMPT: Wild Fox -> writePoetry @ master_bedroom (Intent: sched_leisure_fox_3_1781825883272)
NPC_ASSIGN_ATTEMPT: Wild Fox -> weights @ garden_lot (Intent: sched_leisure_fox_4_1781825883272)
NPC_ASSIGN_ATTEMPT: Wild Fox -> writePoetry @ master_bedroom (Intent: sched_leisure_fox_0_1781825883272)
NPC_ASSIGN_ATTEMPT: Wild Fox -> goForWalk @ garden_lot (Intent: sched_leisure_fox_1_1781825883272)
NPC_ASSIGN_ATTEMPT: Wild Fox -> weights @ garden_lot (Intent: sched_leisure_fox_2_1781825883272)
NPC_ASSIGN_ATTEMPT: Wild Fox -> weights @ garden_lot (Intent: sched_leisure_fox_3_1781825883272)
NPC_ASSIGN_ATTEMPT: Wild Fox -> writePoetry @ master_bedroom (Intent: sched_leisure_fox_4_1781825883272)
NPC_ASSIGN_ATTEMPT: Wild Fox -> weights @ garden_lot (Intent: sched_leisure_fox_0_1781825883272)
NPC_ASSIGN_ATTEMPT: Wild Fox -> weights @ garden_lot (Intent: sched_leisure_fox_1_1781825883272)
NPC_ASSIGN_ATTEMPT: Wild Fox -> writePoetry @ master_bedroom (Intent: sched_leisure_fox_2_1781825883272)
NPC_ASSIGN_ATTEMPT: Wild Fox -> writePoetry @ master_bedroom (Intent: sched_leisure_fox_3_1781825883272)
NPC_ASSIGN_ATTEMPT: Wild Fox -> weights @ garden_lot (Intent: sched_leisure_fox_4_1781825883272)
NPC_ASSIGN_ATTEMPT: Wild Fox -> writePoetry @ master_bedroom (Intent: sched_leisure_fox_0_1781825883272)
NPC_ASSIGN_ATTEMPT: Wild Fox -> writePoetry @ master_bedroom (Intent: sched_leisure_fox_1_1781825883272)
NPC_ASSIGN_ATTEMPT: Wild Fox -> cardio @ garden_lot (Intent: sched_leisure_fox_2_1781825883272)
NPC_ASSIGN_ATTEMPT: Wild Fox -> weights @ garden_lot (Intent: sched_leisure_fox_3_1781825883272)
NPC_ASSIGN_ATTEMPT: Wild Fox -> writePoetry @ master_bedroom (Intent: sched_leisure_fox_4_1781825883272)
NPC_ASSIGN_ATTEMPT: Wild Fox -> weights @ garden_lot (Intent: sched_leisure_fox_0_1781825883272)
NPC_ASSIGN_ATTEMPT: Wild Fox -> weights @ garden_lot (Intent: sched_leisure_fox_1_1781825883272)
NPC_ASSIGN_ATTEMPT: Wild Fox -> weights @ garden_lot (Intent: sched_leisure_fox_2_1781825883272)
NPC_ASSIGN_ATTEMPT: Wild Fox -> writePoetry @ master_bedroom (Intent: sched_leisure_fox_3_1781825883272)
NPC_ASSIGN_ATTEMPT: Wild Fox -> weights @ garden_lot (Intent: sched_leisure_fox_4_1781825883272)
NPC_ASSIGN_ATTEMPT: Wild Fox -> washHands @ bathroom_down (Intent: wash_hands_pre_sched_leisure_fox_0_1781825883272)
NPC_ASSIGN_ATTEMPT: Wild Fox -> writePoetry @ master_bedroom (Intent: sched_leisure_fox_1_1781825883272)
NPC_ASSIGN_ATTEMPT: Wild Fox -> goForWalk @ garden_lot (Intent: sched_leisure_fox_2_1781825883272)
NPC_ASSIGN_ATTEMPT: Wild Fox -> weights @ garden_lot (Intent: sched_leisure_fox_3_1781825883272)
NPC_ASSIGN_ATTEMPT: Wild Fox -> writePoetry @ master_bedroom (Intent: sched_leisure_fox_4_1781825883272)
NPC_ASSIGN_ATTEMPT: Wild Fox -> writePoetry @ master_bedroom (Intent: sched_leisure_fox_0_1781825883272)
NPC_ASSIGN_ATTEMPT: Wild Fox -> weights @ garden_lot (Intent: sched_leisure_fox_1_1781825883272)
NPC_ASSIGN_ATTEMPT: Wild Fox -> writePoetry @ master_bedroom (Intent: sched_leisure_fox_2_1781825883272)
NPC_ASSIGN_ATTEMPT: Wild Fox -> writePoetry @ master_bedroom (Intent: sched_leisure_fox_3_1781825883272)
NPC_ASSIGN_ATTEMPT: Wild Fox -> goForWalk @ garden_lot (Intent: sched_leisure_fox_4_1781825883272)
NPC_ASSIGN_ATTEMPT: Wild Fox -> washHands @ bathroom_down (Intent: wash_hands_pre_sched_leisure_fox_0_1781825883272)
NPC_ASSIGN_ATTEMPT: Wild Fox -> weights @ garden_lot (Intent: sched_leisure_fox_1_1781825883272)
NPC_ASSIGN_ATTEMPT: Wild Fox -> weights @ garden_lot (Intent: sched_leisure_fox_2_1781825883272)
NPC_ASSIGN_ATTEMPT: Wild Fox -> weights @ garden_lot (Intent: sched_leisure_fox_3_1781825883272)
NPC_ASSIGN_ATTEMPT: Wild Fox -> weights @ garden_lot (Intent: sched_leisure_fox_4_1781825883272)
NPC_ASSIGN_ATTEMPT: Wild Fox -> paint @ study (Intent: sched_leisure_fox_0_1781825883272)
NPC_ASSIGN_ATTEMPT: Wild Fox -> writePoetry @ master_bedroom (Intent: sched_leisure_fox_1_1781825883272)
NPC_ASSIGN_ATTEMPT: Wild Fox -> writePoetry @ master_bedroom (Intent: sched_leisure_fox_2_1781825883272)
NPC_ASSIGN_ATTEMPT: Wild Fox -> writePoetry @ master_bedroom (Intent: sched_leisure_fox_3_1781825883272)
NPC_ASSIGN_ATTEMPT: Wild Fox -> readBook @ vegetable_garden (Intent: sched_leisure_fox_4_1781825883272)
NPC_ASSIGN_ATTEMPT: Wild Fox -> weights @ garden_lot (Intent: sched_leisure_fox_0_1781825883272)
NPC_ASSIGN_ATTEMPT: Wild Fox -> weights @ garden_lot (Intent: sched_leisure_fox_1_1781825883272)
NPC_ASSIGN_ATTEMPT: Wild Fox -> weights @ garden_lot (Intent: sched_leisure_fox_2_1781825883272)
NPC_ASSIGN_ATTEMPT: Wild Fox -> weights @ garden_lot (Intent: sched_leisure_fox_3_1781825883272)
NPC_ASSIGN_ATTEMPT: Wild Fox -> weights @ garden_lot (Intent: sched_leisure_fox_4_1781825883272)
NPC_ASSIGN_ATTEMPT: Wild Fox -> writePoetry @ master_bedroom (Intent: sched_leisure_fox_0_1781825883272)
NPC_ASSIGN_ATTEMPT: Wild Fox -> cardio @ garden_lot (Intent: sched_leisure_fox_1_1781825883272)
NPC_ASSIGN_ATTEMPT: Wild Fox -> goForWalk @ garden_lot (Intent: sched_leisure_fox_2_1781825883272)
NPC_ASSIGN_ATTEMPT: Wild Fox -> writePoetry @ master_bedroom (Intent: sched_leisure_fox_3_1781825883272)
NPC_ASSIGN_ATTEMPT: Wild Fox -> writePoetry @ master_bedroom (Intent: sched_leisure_fox_4_1781825883272)
NPC_ASSIGN_ATTEMPT: Wild Fox -> weights @ garden_lot (Intent: sched_leisure_fox_0_1781825883272)
NPC_ASSIGN_ATTEMPT: Wild Fox -> weights @ garden_lot (Intent: sched_leisure_fox_1_1781825883272)
NPC_ASSIGN_ATTEMPT: Wild Fox -> weights @ garden_lot (Intent: sched_leisure_fox_2_1781825883272)
NPC_ASSIGN_ATTEMPT: Wild Fox -> weights @ garden_lot (Intent: sched_leisure_fox_3_1781825883272)
NPC_ASSIGN_ATTEMPT: Wild Fox -> weights @ garden_lot (Intent: sched_leisure_fox_4_1781825883272)
NPC_ASSIGN_ATTEMPT: Wild Fox -> writePoetry @ master_bedroom (Intent: sched_leisure_fox_0_1781825883272)
NPC_ASSIGN_ATTEMPT: Wild Fox -> writePoetry @ master_bedroom (Intent: sched_leisure_fox_1_1781825883272)
NPC_ASSIGN_ATTEMPT: Wild Fox -> writePoetry @ master_bedroom (Intent: sched_leisure_fox_2_1781825883272)
NPC_ASSIGN_ATTEMPT: Wild Fox -> goForWalk @ garden_lot (Intent: sched_leisure_fox_3_1781825883272)
NPC_ASSIGN_ATTEMPT: Wild Fox -> writePoetry @ master_bedroom (Intent: sched_leisure_fox_4_1781825883272)
NPC_ASSIGN_ATTEMPT: Wild Fox -> weights @ garden_lot (Intent: sched_leisure_fox_0_1781825883272)
NPC_ASSIGN_ATTEMPT: Wild Fox -> weights @ garden_lot (Intent: sched_leisure_fox_1_1781825883272)
NPC_ASSIGN_ATTEMPT: Wild Fox -> weights @ garden_lot (Intent: sched_leisure_fox_2_1781825883272)
NPC_ASSIGN_ATTEMPT: Wild Fox -> weights @ garden_lot (Intent: sched_leisure_fox_3_1781825883272)
NPC_ASSIGN_ATTEMPT: Wild Fox -> cardio @ garden_lot (Intent: sched_leisure_fox_4_1781825883272)
NPC_ASSIGN_ATTEMPT: Wild Fox -> writePoetry @ master_bedroom (Intent: sched_leisure_fox_0_1781825883272)
NPC_ASSIGN_ATTEMPT: Wild Fox -> writePoetry @ master_bedroom (Intent: sched_leisure_fox_1_1781825883272)
NPC_ASSIGN_ATTEMPT: Wild Fox -> writePoetry @ master_bedroom (Intent: sched_leisure_fox_2_1781825883272)
NPC_ASSIGN_ATTEMPT: Wild Fox -> writePoetry @ master_bedroom (Intent: sched_leisure_fox_3_1781825883272)
NPC_ASSIGN_ATTEMPT: Wild Fox -> weights @ garden_lot (Intent: sched_leisure_fox_4_1781825883272)
NPC_ASSIGN_ATTEMPT: Wild Fox -> weights @ garden_lot (Intent: sched_leisure_fox_0_1781825883272)
NPC_ASSIGN_ATTEMPT: Wild Fox -> weights @ garden_lot (Intent: sched_leisure_fox_1_1781825883272)
NPC_ASSIGN_ATTEMPT: Wild Fox -> weights @ garden_lot (Intent: sched_leisure_fox_2_1781825883272)
NPC_ASSIGN_ATTEMPT: Wild Fox -> weights @ garden_lot (Intent: sched_leisure_fox_3_1781825883272)
NPC_ASSIGN_ATTEMPT: Wild Fox -> writePoetry @ master_bedroom (Intent: sched_leisure_fox_4_1781825883272)
NPC_ASSIGN_ATTEMPT: Wild Fox -> washHands @ bathroom_down (Intent: wash_hands_pre_sched_leisure_fox_0_1781825883272)
NPC_ASSIGN_ATTEMPT: Wild Fox -> writePoetry @ master_bedroom (Intent: sched_leisure_fox_1_1781825883272)
NPC_ASSIGN_ATTEMPT: Wild Fox -> paint @ study (Intent: sched_leisure_fox_2_1781825883272)
NPC_ASSIGN_ATTEMPT: Wild Fox -> washHands @ bathroom_down (Intent: wash_hands_pre_sched_leisure_fox_3_1781825883272)
NPC_ASSIGN_ATTEMPT: Wild Fox -> writePoetry @ master_bedroom (Intent: sched_leisure_fox_4_1781825883272)
NPC_ASSIGN_ATTEMPT: Wild Fox -> weights @ garden_lot (Intent: sched_leisure_fox_0_1781825883272)
NPC_ASSIGN_ATTEMPT: Wild Fox -> weights @ garden_lot (Intent: sched_leisure_fox_1_1781825883272)
NPC_ASSIGN_ATTEMPT: Wild Fox -> writePoetry @ master_bedroom (Intent: sched_leisure_fox_2_1781825883272)
NPC_ASSIGN_ATTEMPT: Wild Fox -> weights @ garden_lot (Intent: sched_leisure_fox_3_1781825883272)
NPC_ASSIGN_ATTEMPT: Wild Fox -> weights @ garden_lot (Intent: sched_leisure_fox_4_1781825883272)
NPC_ASSIGN_ATTEMPT: Wild Fox -> writePoetry @ master_bedroom (Intent: sched_leisure_fox_0_1781825883272)
NPC_ASSIGN_ATTEMPT: Wild Fox -> goForWalk @ garden_lot (Intent: sched_leisure_fox_1_1781825883272)
NPC_ASSIGN_ATTEMPT: Wild Fox -> weights @ garden_lot (Intent: sched_leisure_fox_2_1781825883272)
NPC_ASSIGN_ATTEMPT: Wild Fox -> writePoetry @ master_bedroom (Intent: sched_leisure_fox_3_1781825883272)
NPC_ASSIGN_ATTEMPT: Wild Fox -> writePoetry @ master_bedroom (Intent: sched_leisure_fox_4_1781825883272)
NPC_ASSIGN_ATTEMPT: Wild Fox -> weights @ garden_lot (Intent: sched_leisure_fox_0_1781825883272)
NPC_ASSIGN_ATTEMPT: Wild Fox -> writePoetry @ master_bedroom (Intent: sched_leisure_fox_1_1781825883272)
NPC_ASSIGN_ATTEMPT: Wild Fox -> weights @ garden_lot (Intent: sched_leisure_fox_2_1781825883272)
NPC_ASSIGN_ATTEMPT: Wild Fox -> cardio @ garden_lot (Intent: sched_leisure_fox_3_1781825883272)
NPC_ASSIGN_ATTEMPT: Wild Fox -> weights @ garden_lot (Intent: sched_leisure_fox_4_1781825883272)
NPC_ASSIGN_ATTEMPT: Wild Fox -> cardio @ garden_lot (Intent: sched_leisure_fox_0_1781825883272)
NPC_ASSIGN_ATTEMPT: Wild Fox -> weights @ garden_lot (Intent: sched_leisure_fox_1_1781825883272)
NPC_ASSIGN_ATTEMPT: Wild Fox -> cardio @ garden_lot (Intent: sched_leisure_fox_2_1781825883272)
NPC_ASSIGN_ATTEMPT: Wild Fox -> weights @ garden_lot (Intent: sched_leisure_fox_3_1781825883272)
NPC_ASSIGN_ATTEMPT: Wild Fox -> weights @ garden_lot (Intent: sched_leisure_fox_4_1781825883272)
NPC_ASSIGN_ATTEMPT: Wild Fox -> writePoetry @ master_bedroom (Intent: sched_leisure_fox_0_1781825883272)
NPC_ASSIGN_ATTEMPT: Wild Fox -> writePoetry @ master_bedroom (Intent: sched_leisure_fox_1_1781825883272)
NPC_ASSIGN_ATTEMPT: Wild Fox -> weights @ garden_lot (Intent: sched_leisure_fox_2_1781825883272)
NPC_ASSIGN_ATTEMPT: Wild Fox -> weights @ garden_lot (Intent: sched_leisure_fox_3_1781825883272)
NPC_ASSIGN_ATTEMPT: Wild Fox -> cardio @ garden_lot (Intent: sched_leisure_fox_4_1781825883272)
NPC_ASSIGN_ATTEMPT: Wild Fox -> weights @ garden_lot (Intent: sched_leisure_fox_0_1781825883272)
NPC_ASSIGN_ATTEMPT: Wild Fox -> goForWalk @ garden_lot (Intent: sched_leisure_fox_1_1781825883272)
NPC_ASSIGN_ATTEMPT: Wild Fox -> weights @ garden_lot (Intent: sched_leisure_fox_2_1781825883272)
NPC_ASSIGN_ATTEMPT: Wild Fox -> writePoetry @ master_bedroom (Intent: sched_leisure_fox_3_1781825883272)
NPC_ASSIGN_ATTEMPT: Wild Fox -> weights @ garden_lot (Intent: sched_leisure_fox_4_1781825883272)
NPC_ASSIGN_ATTEMPT: Wild Fox -> goForWalk @ garden_lot (Intent: sched_leisure_fox_0_1781825883272)
NPC_ASSIGN_ATTEMPT: Wild Fox -> writePoetry @ master_bedroom (Intent: sched_leisure_fox_1_1781825883272)
NPC_ASSIGN_ATTEMPT: Wild Fox -> writePoetry @ master_bedroom (Intent: sched_leisure_fox_2_1781825883272)
NPC_ASSIGN_ATTEMPT: Wild Fox -> goForWalk @ garden_lot (Intent: sched_leisure_fox_3_1781825883272)
NPC_ASSIGN_ATTEMPT: Wild Fox -> writePoetry @ master_bedroom (Intent: sched_leisure_fox_4_1781825883272)
NPC_ASSIGN_ATTEMPT: Wild Fox -> writePoetry @ master_bedroom (Intent: sched_leisure_fox_0_1781825883272)
NPC_ASSIGN_ATTEMPT: Wild Fox -> weights @ garden_lot (Intent: sched_leisure_fox_1_1781825883272)
NPC_ASSIGN_ATTEMPT: Wild Fox -> weights @ garden_lot (Intent: sched_leisure_fox_2_1781825883272)
NPC_ASSIGN_ATTEMPT: Wild Fox -> writePoetry @ master_bedroom (Intent: sched_leisure_fox_3_1781825883272)
NPC_ASSIGN_ATTEMPT: Wild Fox -> weights @ garden_lot (Intent: sched_leisure_fox_4_1781825883272)
NPC_ASSIGN_ATTEMPT: Wild Fox -> weights @ garden_lot (Intent: sched_leisure_fox_0_1781825883272)
NPC_ASSIGN_ATTEMPT: Wild Fox -> goForWalk @ garden_lot (Intent: sched_leisure_fox_1_1781825883272)
NPC_ASSIGN_ATTEMPT: Wild Fox -> writePoetry @ master_bedroom (Intent: sched_leisure_fox_2_1781825883272)
NPC_ASSIGN_ATTEMPT: Wild Fox -> weights @ garden_lot (Intent: sched_leisure_fox_3_1781825883272)
NPC_ASSIGN_ATTEMPT: Wild Fox -> cardio @ garden_lot (Intent: sched_leisure_fox_4_1781825883272)
NPC_ASSIGN_ATTEMPT: Wild Fox -> writePoetry @ master_bedroom (Intent: sched_leisure_fox_0_1781825883272)
NPC_ASSIGN_ATTEMPT: Wild Fox -> weights @ garden_lot (Intent: sched_leisure_fox_1_1781825883272)
NPC_ASSIGN_ATTEMPT: Wild Fox -> weights @ garden_lot (Intent: sched_leisure_fox_2_1781825883272)
NPC_ASSIGN_ATTEMPT: Wild Fox -> paint @ study (Intent: sched_leisure_fox_3_1781825883272)
NPC_ASSIGN_ATTEMPT: Wild Fox -> weights @ garden_lot (Intent: sched_leisure_fox_4_1781825883272)
NPC_ASSIGN_ATTEMPT: Wild Fox -> weights @ garden_lot (Intent: sched_leisure_fox_0_1781825883272)
NPC_ASSIGN_ATTEMPT: Wild Fox -> writePoetry @ master_bedroom (Intent: sched_leisure_fox_1_1781825883272)
NPC_ASSIGN_ATTEMPT: Wild Fox -> writePoetry @ master_bedroom (Intent: sched_leisure_fox_2_1781825883272)
NPC_ASSIGN_ATTEMPT: Wild Fox -> writePoetry @ master_bedroom (Intent: sched_leisure_fox_3_1781825883272)
NPC_ASSIGN_ATTEMPT: Wild Fox -> writePoetry @ master_bedroom (Intent: sched_leisure_fox_4_1781825883272)
NPC_ASSIGN_ATTEMPT: Wild Fox -> weights @ garden_lot (Intent: sched_leisure_fox_0_1781825883272)
NPC_ASSIGN_ATTEMPT: Wild Fox -> weights @ garden_lot (Intent: sched_leisure_fox_1_1781825883272)
NPC_ASSIGN_ATTEMPT: Wild Fox -> weights @ garden_lot (Intent: sched_leisure_fox_2_1781825883272)
NPC_ASSIGN_ATTEMPT: Wild Fox -> paint @ study (Intent: sched_leisure_fox_3_1781825883272)
NPC_ASSIGN_ATTEMPT: Wild Fox -> weights @ garden_lot (Intent: sched_leisure_fox_4_1781825883272)
NPC_ASSIGN_ATTEMPT: Wild Fox -> writePoetry @ master_bedroom (Intent: sched_leisure_fox_0_1781825883272)
NPC_ASSIGN_ATTEMPT: Wild Fox -> paint @ study (Intent: sched_leisure_fox_1_1781825883272)
NPC_ASSIGN_ATTEMPT: Wild Fox -> weights @ garden_lot (Intent: sched_leisure_fox_2_1781825883272)
NPC_ASSIGN_ATTEMPT: Wild Fox -> weights @ garden_lot (Intent: sched_leisure_fox_3_1781825883272)
NPC_ASSIGN_ATTEMPT: Wild Fox -> weights @ garden_lot (Intent: sched_leisure_fox_4_1781825883272)
NPC_ASSIGN_ATTEMPT: Wild Fox -> weights @ garden_lot (Intent: sched_leisure_fox_0_1781825883272)
NPC_ASSIGN_ATTEMPT: Wild Fox -> writePoetry @ master_bedroom (Intent: sched_leisure_fox_1_1781825883272)
NPC_ASSIGN_ATTEMPT: Wild Fox -> cardio @ garden_lot (Intent: sched_leisure_fox_2_1781825883272)
NPC_ASSIGN_ATTEMPT: Wild Fox -> writePoetry @ master_bedroom (Intent: sched_leisure_fox_3_1781825883272)
NPC_ASSIGN_ATTEMPT: Wild Fox -> writePoetry @ master_bedroom (Intent: sched_leisure_fox_4_1781825883272)
NPC_ASSIGN_ATTEMPT: Wild Fox -> writePoetry @ master_bedroom (Intent: sched_leisure_fox_0_1781825883272)
NPC_ASSIGN_ATTEMPT: Wild Fox -> readBook @ vegetable_garden (Intent: sched_leisure_fox_1_1781825883272)
NPC_ASSIGN_ATTEMPT: Wild Fox -> weights @ garden_lot (Intent: sched_leisure_fox_2_1781825883272)
NPC_ASSIGN_ATTEMPT: Wild Fox -> weights @ garden_lot (Intent: sched_leisure_fox_3_1781825883272)
NPC_ASSIGN_ATTEMPT: Wild Fox -> weights @ garden_lot (Intent: sched_leisure_fox_4_1781825883272)
NPC_ASSIGN_ATTEMPT: Wild Fox -> weights @ garden_lot (Intent: sched_leisure_fox_0_1781825883272)
NPC_ASSIGN_ATTEMPT: Wild Fox -> weights @ garden_lot (Intent: sched_leisure_fox_1_1781825883272)
NPC_ASSIGN_ATTEMPT: Wild Fox -> writePoetry @ master_bedroom (Intent: sched_leisure_fox_2_1781825883272)
NPC_ASSIGN_ATTEMPT: Wild Fox -> writePoetry @ master_bedroom (Intent: sched_leisure_fox_3_1781825883272)
NPC_ASSIGN_ATTEMPT: Wild Fox -> writePoetry @ master_bedroom (Intent: sched_leisure_fox_4_1781825883272)
NPC_ASSIGN_ATTEMPT: Wild Fox -> writePoetry @ master_bedroom (Intent: sched_leisure_fox_0_1781825883272)
NPC_ASSIGN_ATTEMPT: Wild Fox -> writePoetry @ master_bedroom (Intent: sched_leisure_fox_1_1781825883272)
NPC_ASSIGN_ATTEMPT: Wild Fox -> paint @ study (Intent: sched_leisure_fox_2_1781825883272)
NPC_ASSIGN_ATTEMPT: Wild Fox -> paint @ study (Intent: sched_leisure_fox_3_1781825883272)
NPC_ASSIGN_ATTEMPT: Wild Fox -> weights @ garden_lot (Intent: sched_leisure_fox_4_1781825883272)
NPC_ASSIGN_ATTEMPT: Wild Fox -> weights @ garden_lot (Intent: sched_leisure_fox_0_1781825883272)
NPC_ASSIGN_ATTEMPT: Wild Fox -> weights @ garden_lot (Intent: sched_leisure_fox_1_1781825883272)
NPC_ASSIGN_ATTEMPT: Wild Fox -> weights @ garden_lot (Intent: sched_leisure_fox_2_1781825883272)
NPC_ASSIGN_ATTEMPT: Wild Fox -> weights @ garden_lot (Intent: sched_leisure_fox_3_1781825883272)
NPC_ASSIGN_ATTEMPT: Wild Fox -> writePoetry @ master_bedroom (Intent: sched_leisure_fox_4_1781825883272)
NPC_ASSIGN_ATTEMPT: Wild Fox -> writePoetry @ master_bedroom (Intent: sched_leisure_fox_0_1781825883272)
NPC_ASSIGN_ATTEMPT: Wild Fox -> writePoetry @ master_bedroom (Intent: sched_leisure_fox_1_1781825883272)
NPC_ASSIGN_ATTEMPT: Wild Fox -> writePoetry @ master_bedroom (Intent: sched_leisure_fox_2_1781825883272)
NPC_ASSIGN_ATTEMPT: Wild Fox -> writePoetry @ master_bedroom (Intent: sched_leisure_fox_3_1781825883272)
NPC_ASSIGN_ATTEMPT: Wild Fox -> weights @ garden_lot (Intent: sched_leisure_fox_4_1781825883272)
NPC_ASSIGN_ATTEMPT: Wild Fox -> weights @ garden_lot (Intent: sched_leisure_fox_0_1781825883272)
NPC_ASSIGN_ATTEMPT: Wild Fox -> weights @ garden_lot (Intent: sched_leisure_fox_1_1781825883272)
NPC_ASSIGN_ATTEMPT: Wild Fox -> paint @ study (Intent: sched_leisure_fox_2_1781825883272)
NPC_ASSIGN_ATTEMPT: Wild Fox -> weights @ garden_lot (Intent: sched_leisure_fox_3_1781825883272)
NPC_ASSIGN_ATTEMPT: Wild Fox -> cardio @ garden_lot (Intent: sched_leisure_fox_4_1781825883272)
NPC_ASSIGN_ATTEMPT: Wild Fox -> writePoetry @ master_bedroom (Intent: sched_leisure_fox_0_1781825883272)
NPC_ASSIGN_ATTEMPT: Wild Fox -> writePoetry @ master_bedroom (Intent: sched_leisure_fox_1_1781825883272)
NPC_ASSIGN_ATTEMPT: Wild Fox -> writePoetry @ master_bedroom (Intent: sched_leisure_fox_2_1781825883272)
NPC_ASSIGN_ATTEMPT: Wild Fox -> writePoetry @ master_bedroom (Intent: sched_leisure_fox_3_1781825883272)
NPC_ASSIGN_ATTEMPT: Wild Fox -> weights @ garden_lot (Intent: sched_leisure_fox_4_1781825883272)
NPC_ASSIGN_ATTEMPT: Wild Fox -> weights @ garden_lot (Intent: sched_leisure_fox_0_1781825883272)
NPC_ASSIGN_ATTEMPT: Wild Fox -> weights @ garden_lot (Intent: sched_leisure_fox_1_1781825883272)
NPC_ASSIGN_ATTEMPT: Wild Fox -> weights @ garden_lot (Intent: sched_leisure_fox_2_1781825883272)
NPC_ASSIGN_ATTEMPT: Wild Fox -> weights @ garden_lot (Intent: sched_leisure_fox_3_1781825883272)
NPC_ASSIGN_ATTEMPT: Wild Fox -> writePoetry @ master_bedroom (Intent: sched_leisure_fox_4_1781825883272)
NPC_ASSIGN_ATTEMPT: Wild Fox -> writePoetry @ master_bedroom (Intent: sched_leisure_fox_0_1781825883272)
NPC_ASSIGN_ATTEMPT: Wild Fox -> writePoetry @ master_bedroom (Intent: sched_leisure_fox_1_1781825883272)
NPC_ASSIGN_ATTEMPT: Wild Fox -> washHands @ bathroom_down (Intent: wash_hands_pre_sched_leisure_fox_2_1781825883272)
NPC_ASSIGN_ATTEMPT: Wild Fox -> writePoetry @ master_bedroom (Intent: sched_leisure_fox_3_1781825883272)
NPC_ASSIGN_ATTEMPT: Wild Fox -> weights @ garden_lot (Intent: sched_leisure_fox_4_1781825883272)
NPC_ASSIGN_ATTEMPT: Wild Fox -> weights @ garden_lot (Intent: sched_leisure_fox_0_1781825883272)
NPC_ASSIGN_ATTEMPT: Wild Fox -> paint @ study (Intent: sched_leisure_fox_1_1781825883272)
NPC_ASSIGN_ATTEMPT: Wild Fox -> writePoetry @ master_bedroom (Intent: sched_leisure_fox_2_1781825883272)
NPC_ASSIGN_ATTEMPT: Wild Fox -> weights @ garden_lot (Intent: sched_leisure_fox_3_1781825883272)
NPC_ASSIGN_ATTEMPT: Wild Fox -> paint @ study (Intent: sched_leisure_fox_4_1781825883272)
NPC_ASSIGN_ATTEMPT: Wild Fox -> writePoetry @ master_bedroom (Intent: sched_leisure_fox_0_1781825883272)
NPC_ASSIGN_ATTEMPT: Wild Fox -> writePoetry @ master_bedroom (Intent: sched_leisure_fox_1_1781825883272)
NPC_ASSIGN_ATTEMPT: Wild Fox -> weights @ garden_lot (Intent: sched_leisure_fox_2_1781825883272)
NPC_ASSIGN_ATTEMPT: Wild Fox -> writePoetry @ master_bedroom (Intent: sched_leisure_fox_3_1781825883272)
NPC_ASSIGN_ATTEMPT: Wild Fox -> weights @ garden_lot (Intent: sched_leisure_fox_4_1781825883272)
NPC_ASSIGN_ATTEMPT: Wild Fox -> weights @ garden_lot (Intent: sched_leisure_fox_0_1781825883272)
NPC_ASSIGN_ATTEMPT: Wild Fox -> weights @ garden_lot (Intent: sched_leisure_fox_1_1781825883272)
NPC_ASSIGN_ATTEMPT: Wild Fox -> readBook @ vegetable_garden (Intent: sched_leisure_fox_2_1781825883272)
NPC_ASSIGN_ATTEMPT: Wild Fox -> weights @ garden_lot (Intent: sched_leisure_fox_3_1781825883272)
NPC_ASSIGN_ATTEMPT: Wild Fox -> writePoetry @ master_bedroom (Intent: sched_leisure_fox_4_1781825883272)
NPC_ASSIGN_ATTEMPT: Wild Fox -> writePoetry @ master_bedroom (Intent: sched_leisure_fox_0_1781825883272)
NPC_ASSIGN_ATTEMPT: Wild Fox -> writePoetry @ master_bedroom (Intent: sched_leisure_fox_1_1781825883272)
NPC_ASSIGN_ATTEMPT: Wild Fox -> goForWalk @ garden_lot (Intent: sched_leisure_fox_2_1781825883272)
NPC_ASSIGN_ATTEMPT: Wild Fox -> goForWalk @ garden_lot (Intent: sched_leisure_fox_3_1781825883272)
NPC_ASSIGN_ATTEMPT: Wild Fox -> weights @ garden_lot (Intent: sched_leisure_fox_4_1781825883272)
NPC_ASSIGN_ATTEMPT: Wild Fox -> washHands @ bathroom_down (Intent: wash_hands_pre_sched_leisure_fox_0_1781825883272)
NPC_ASSIGN_ATTEMPT: Wild Fox -> weights @ garden_lot (Intent: sched_leisure_fox_1_1781825883272)
NPC_ASSIGN_ATTEMPT: Wild Fox -> cardio @ garden_lot (Intent: sched_leisure_fox_2_1781825883272)
NPC_ASSIGN_ATTEMPT: Wild Fox -> writePoetry @ master_bedroom (Intent: sched_leisure_fox_3_1781825883272)
NPC_ASSIGN_ATTEMPT: Wild Fox -> weights @ garden_lot (Intent: sched_leisure_fox_4_1781825883272)
NPC_ASSIGN_ATTEMPT: Wild Fox -> weights @ garden_lot (Intent: sched_leisure_fox_0_1781825883272)
NPC_ASSIGN_ATTEMPT: Wild Fox -> writePoetry @ master_bedroom (Intent: sched_leisure_fox_1_1781825883272)
NPC_ASSIGN_ATTEMPT: Wild Fox -> weights @ garden_lot (Intent: sched_leisure_fox_2_1781825883272)
NPC_ASSIGN_ATTEMPT: Wild Fox -> weights @ garden_lot (Intent: sched_leisure_fox_3_1781825883272)
NPC_ASSIGN_ATTEMPT: Wild Fox -> writePoetry @ master_bedroom (Intent: sched_leisure_fox_4_1781825883272)
NPC_ASSIGN_ATTEMPT: Wild Fox -> writePoetry @ master_bedroom (Intent: sched_leisure_fox_0_1781825883272)
NPC_ASSIGN_ATTEMPT: Wild Fox -> weights @ garden_lot (Intent: sched_leisure_fox_1_1781825883272)
NPC_ASSIGN_ATTEMPT: Wild Fox -> writePoetry @ master_bedroom (Intent: sched_leisure_fox_2_1781825883272)
NPC_ASSIGN_ATTEMPT: Wild Fox -> readBook @ vegetable_garden (Intent: sched_leisure_fox_3_1781825883272)
NPC_ASSIGN_ATTEMPT: Wild Fox -> weights @ garden_lot (Intent: sched_leisure_fox_4_1781825883272)
NPC_ASSIGN_ATTEMPT: Wild Fox -> weights @ garden_lot (Intent: sched_leisure_fox_0_1781825883272)
NPC_ASSIGN_ATTEMPT: Wild Fox -> weights @ garden_lot (Intent: sched_leisure_fox_1_1781825883272)
NPC_ASSIGN_ATTEMPT: Wild Fox -> writePoetry @ master_bedroom (Intent: sched_leisure_fox_2_1781825883272)
NPC_ASSIGN_ATTEMPT: Wild Fox -> writePoetry @ master_bedroom (Intent: sched_leisure_fox_3_1781825883272)
NPC_ASSIGN_ATTEMPT: Wild Fox -> writePoetry @ master_bedroom (Intent: sched_leisure_fox_4_1781825883272)
NPC_ASSIGN_ATTEMPT: Wild Fox -> washHands @ bathroom_down (Intent: wash_hands_pre_sched_leisure_fox_0_1781825883272)
NPC_ASSIGN_ATTEMPT: Wild Fox -> writePoetry @ master_bedroom (Intent: sched_leisure_fox_1_1781825883272)
NPC_ASSIGN_ATTEMPT: Wild Fox -> weights @ garden_lot (Intent: sched_leisure_fox_2_1781825883272)
NPC_ASSIGN_ATTEMPT: Wild Fox -> weights @ garden_lot (Intent: sched_leisure_fox_3_1781825883272)
NPC_ASSIGN_ATTEMPT: Wild Fox -> weights @ garden_lot (Intent: sched_leisure_fox_4_1781825883272)
NPC_ASSIGN_ATTEMPT: Wild Fox -> weights @ garden_lot (Intent: sched_leisure_fox_0_1781825883272)
NPC_ASSIGN_ATTEMPT: Wild Fox -> weights @ garden_lot (Intent: sched_leisure_fox_1_1781825883272)
NPC_ASSIGN_ATTEMPT: Wild Fox -> writePoetry @ master_bedroom (Intent: sched_leisure_fox_2_1781825883272)
NPC_ASSIGN_ATTEMPT: Wild Fox -> writePoetry @ master_bedroom (Intent: sched_leisure_fox_3_1781825883272)
NPC_ASSIGN_ATTEMPT: Wild Fox -> writePoetry @ master_bedroom (Intent: sched_leisure_fox_4_1781825883272)
NPC_ASSIGN_ATTEMPT: Wild Fox -> weights @ garden_lot (Intent: sched_leisure_fox_0_1781825883272)
NPC_ASSIGN_ATTEMPT: Wild Fox -> writePoetry @ master_bedroom (Intent: sched_leisure_fox_1_1781825883272)
NPC_ASSIGN_ATTEMPT: Wild Fox -> weights @ garden_lot (Intent: sched_leisure_fox_2_1781825883272)
NPC_ASSIGN_ATTEMPT: Wild Fox -> weights @ garden_lot (Intent: sched_leisure_fox_3_1781825883272)
NPC_ASSIGN_ATTEMPT: Wild Fox -> writePoetry @ master_bedroom (Intent: sched_leisure_fox_4_1781825883272)
NPC_ASSIGN_ATTEMPT: Wild Fox -> writePoetry @ master_bedroom (Intent: sched_leisure_fox_0_1781825883272)
NPC_ASSIGN_ATTEMPT: Wild Fox -> weights @ garden_lot (Intent: sched_leisure_fox_1_1781825883272)
NPC_ASSIGN_ATTEMPT: Wild Fox -> writePoetry @ master_bedroom (Intent: sched_leisure_fox_2_1781825883272)
NPC_ASSIGN_ATTEMPT: Wild Fox -> writePoetry @ master_bedroom (Intent: sched_leisure_fox_3_1781825883272)
NPC_ASSIGN_ATTEMPT: Wild Fox -> weights @ garden_lot (Intent: sched_leisure_fox_4_1781825883272)
NPC_ASSIGN_ATTEMPT: Wild Fox -> weights @ garden_lot (Intent: sched_leisure_fox_0_1781825883272)
NPC_ASSIGN_ATTEMPT: Wild Fox -> washHands @ bathroom_down (Intent: wash_hands_pre_sched_leisure_fox_1_1781825883272)
NPC_ASSIGN_ATTEMPT: Wild Fox -> weights @ garden_lot (Intent: sched_leisure_fox_2_1781825883272)
NPC_ASSIGN_ATTEMPT: Wild Fox -> weights @ garden_lot (Intent: sched_leisure_fox_3_1781825883272)
NPC_ASSIGN_ATTEMPT: Wild Fox -> writePoetry @ master_bedroom (Intent: sched_leisure_fox_4_1781825883272)
NPC_ASSIGN_ATTEMPT: Wild Fox -> paint @ study (Intent: sched_leisure_fox_0_1781825883272)
NPC_ASSIGN_ATTEMPT: Wild Fox -> weights @ garden_lot (Intent: sched_leisure_fox_1_1781825883272)
NPC_ASSIGN_ATTEMPT: Wild Fox -> writePoetry @ master_bedroom (Intent: sched_leisure_fox_2_1781825883272)
NPC_ASSIGN_ATTEMPT: Wild Fox -> washHands @ bathroom_down (Intent: wash_hands_pre_sched_leisure_fox_3_1781825883272)
NPC_ASSIGN_ATTEMPT: Wild Fox -> weights @ garden_lot (Intent: sched_leisure_fox_4_1781825883272)
NPC_ASSIGN_ATTEMPT: Wild Fox -> weights @ garden_lot (Intent: sched_leisure_fox_0_1781825883272)
NPC_ASSIGN_ATTEMPT: Wild Fox -> writePoetry @ master_bedroom (Intent: sched_leisure_fox_1_1781825883272)
NPC_ASSIGN_ATTEMPT: Wild Fox -> weights @ garden_lot (Intent: sched_leisure_fox_2_1781825883272)
NPC_ASSIGN_ATTEMPT: Wild Fox -> writePoetry @ master_bedroom (Intent: sched_leisure_fox_3_1781825883272)
NPC_ASSIGN_ATTEMPT: Wild Fox -> writePoetry @ master_bedroom (Intent: sched_leisure_fox_4_1781825883272)
NPC_ASSIGN_ATTEMPT: Wild Fox -> weights @ garden_lot (Intent: sched_leisure_fox_0_1781825883272)
NPC_ASSIGN_ATTEMPT: Wild Fox -> writePoetry @ master_bedroom (Intent: sched_leisure_fox_1_1781825883272)
NPC_ASSIGN_ATTEMPT: Wild Fox -> writePoetry @ master_bedroom (Intent: sched_leisure_fox_2_1781825883272)
NPC_ASSIGN_ATTEMPT: Wild Fox -> writePoetry @ master_bedroom (Intent: sched_leisure_fox_3_1781825883272)
NPC_ASSIGN_ATTEMPT: Wild Fox -> weights @ garden_lot (Intent: sched_leisure_fox_4_1781825883272)
NPC_ASSIGN_ATTEMPT: Wild Fox -> writePoetry @ master_bedroom (Intent: sched_leisure_fox_0_1781825883272)
NPC_ASSIGN_ATTEMPT: Wild Fox -> weights @ garden_lot (Intent: sched_leisure_fox_1_1781825883272)
NPC_ASSIGN_ATTEMPT: Wild Fox -> weights @ garden_lot (Intent: sched_leisure_fox_2_1781825883272)
NPC_ASSIGN_ATTEMPT: Wild Fox -> goForWalk @ garden_lot (Intent: sched_leisure_fox_3_1781825883272)
NPC_ASSIGN_ATTEMPT: Wild Fox -> readBook @ vegetable_garden (Intent: sched_leisure_fox_4_1781825883272)
NPC_ASSIGN_ATTEMPT: Wild Fox -> weights @ garden_lot (Intent: sched_leisure_fox_0_1781825883272)
NPC_ASSIGN_ATTEMPT: Wild Fox -> goForWalk @ garden_lot (Intent: sched_leisure_fox_1_1781825883272)
NPC_ASSIGN_ATTEMPT: Wild Fox -> writePoetry @ master_bedroom (Intent: sched_leisure_fox_2_1781825883272)
NPC_ASSIGN_ATTEMPT: Wild Fox -> weights @ garden_lot (Intent: sched_leisure_fox_3_1781825883272)
NPC_ASSIGN_ATTEMPT: Wild Fox -> writePoetry @ master_bedroom (Intent: sched_leisure_fox_4_1781825883272)
NPC_ASSIGN_ATTEMPT: Wild Fox -> writePoetry @ master_bedroom (Intent: sched_leisure_fox_0_1781825883272)
NPC_ASSIGN_ATTEMPT: Wild Fox -> writePoetry @ master_bedroom (Intent: sched_leisure_fox_1_1781825883272)
NPC_ASSIGN_ATTEMPT: Wild Fox -> weights @ garden_lot (Intent: sched_leisure_fox_2_1781825883272)
NPC_ASSIGN_ATTEMPT: Wild Fox -> writePoetry @ master_bedroom (Intent: sched_leisure_fox_3_1781825883272)
NPC_ASSIGN_ATTEMPT: Wild Fox -> weights @ garden_lot (Intent: sched_leisure_fox_4_1781825883272)
NPC_ASSIGN_ATTEMPT: Wild Fox -> weights @ garden_lot (Intent: sched_leisure_fox_0_1781825883272)
NPC_ASSIGN_ATTEMPT: Wild Fox -> cardio @ garden_lot (Intent: sched_leisure_fox_1_1781825883272)
NPC_ASSIGN_ATTEMPT: Wild Fox -> weights @ garden_lot (Intent: sched_leisure_fox_2_1781825883272)
NPC_ASSIGN_ATTEMPT: Wild Fox -> readBook @ vegetable_garden (Intent: sched_leisure_fox_3_1781825883272)
NPC_ASSIGN_ATTEMPT: Wild Fox -> writePoetry @ master_bedroom (Intent: sched_leisure_fox_4_1781825883272)
NPC_ASSIGN_ATTEMPT: Wild Fox -> washHands @ bathroom_down (Intent: wash_hands_pre_sched_leisure_fox_0_1781825883272)
NPC_ASSIGN_ATTEMPT: Wild Fox -> writePoetry @ master_bedroom (Intent: sched_leisure_fox_1_1781825883272)
NPC_ASSIGN_ATTEMPT: Wild Fox -> weights @ garden_lot (Intent: sched_leisure_fox_2_1781825883272)
NPC_ASSIGN_ATTEMPT: Wild Fox -> paint @ study (Intent: sched_leisure_fox_3_1781825883272)
NPC_ASSIGN_ATTEMPT: Wild Fox -> weights @ garden_lot (Intent: sched_leisure_fox_4_1781825883272)
NPC_ASSIGN_ATTEMPT: Wild Fox -> writePoetry @ master_bedroom (Intent: sched_leisure_fox_0_1781825883272)
NPC_ASSIGN_ATTEMPT: Wild Fox -> weights @ garden_lot (Intent: sched_leisure_fox_1_1781825883272)
NPC_ASSIGN_ATTEMPT: Wild Fox -> cardio @ garden_lot (Intent: sched_leisure_fox_2_1781825883272)
NPC_ASSIGN_ATTEMPT: Wild Fox -> weights @ garden_lot (Intent: sched_leisure_fox_3_1781825883272)
NPC_ASSIGN_ATTEMPT: Wild Fox -> writePoetry @ master_bedroom (Intent: sched_leisure_fox_4_1781825883272)
NPC_ASSIGN_ATTEMPT: Wild Fox -> weights @ garden_lot (Intent: sched_leisure_fox_0_1781825883272)
NPC_ASSIGN_ATTEMPT: Wild Fox -> writePoetry @ master_bedroom (Intent: sched_leisure_fox_1_1781825883272)
NPC_ASSIGN_ATTEMPT: Wild Fox -> washHands @ bathroom_down (Intent: wash_hands_pre_sched_leisure_fox_2_1781825883272)
NPC_ASSIGN_ATTEMPT: Wild Fox -> cardio @ garden_lot (Intent: sched_leisure_fox_3_1781825883272)
NPC_ASSIGN_ATTEMPT: Wild Fox -> weights @ garden_lot (Intent: sched_leisure_fox_4_1781825883272)
NPC_ASSIGN_ATTEMPT: Flaubert Giles -> hunt @ entryway (Intent: low_pri_butler_hunt_entryway)
NPC_ASSIGN_ATTEMPT: Wild Fox -> writePoetry @ master_bedroom (Intent: sched_leisure_fox_0_1781825883272)
NPC_ASSIGN_ATTEMPT: Wild Fox -> weights @ garden_lot (Intent: sched_leisure_fox_1_1781825883272)
NPC_ASSIGN_ATTEMPT: Wild Fox -> weights @ garden_lot (Intent: sched_leisure_fox_2_1781825883272)
NPC_ASSIGN_ATTEMPT: Wild Fox -> weights @ garden_lot (Intent: sched_leisure_fox_3_1781825883272)
NPC_ASSIGN_ATTEMPT: Wild Fox -> writePoetry @ master_bedroom (Intent: sched_leisure_fox_4_1781825883272)
NPC_ASSIGN_ATTEMPT: Wild Fox -> weights @ garden_lot (Intent: sched_leisure_fox_0_1781825883272)
NPC_ASSIGN_ATTEMPT: Wild Fox -> weights @ garden_lot (Intent: sched_leisure_fox_1_1781825883272)
NPC_ASSIGN_ATTEMPT: Wild Fox -> cardio @ garden_lot (Intent: sched_leisure_fox_2_1781825883272)
NPC_ASSIGN_ATTEMPT: Wild Fox -> weights @ garden_lot (Intent: sched_leisure_fox_3_1781825883272)
NPC_ASSIGN_ATTEMPT: Wild Fox -> weights @ garden_lot (Intent: sched_leisure_fox_4_1781825883272)
NPC_ASSIGN_ATTEMPT: Wild Fox -> writePoetry @ master_bedroom (Intent: sched_leisure_fox_0_1781825883272)
NPC_ASSIGN_ATTEMPT: Wild Fox -> goForWalk @ garden_lot (Intent: sched_leisure_fox_1_1781825883272)
NPC_ASSIGN_ATTEMPT: Wild Fox -> writePoetry @ master_bedroom (Intent: sched_leisure_fox_2_1781825883272)
NPC_ASSIGN_ATTEMPT: Wild Fox -> writePoetry @ master_bedroom (Intent: sched_leisure_fox_3_1781825883272)
NPC_ASSIGN_ATTEMPT: Wild Fox -> writePoetry @ master_bedroom (Intent: sched_leisure_fox_4_1781825883272)
NPC_ASSIGN_ATTEMPT: Wild Fox -> weights @ garden_lot (Intent: sched_leisure_fox_0_1781825883272)
NPC_ASSIGN_ATTEMPT: Wild Fox -> weights @ garden_lot (Intent: sched_leisure_fox_1_1781825883272)
NPC_ASSIGN_ATTEMPT: Wild Fox -> weights @ garden_lot (Intent: sched_leisure_fox_2_1781825883272)
NPC_ASSIGN_ATTEMPT: Wild Fox -> readBook @ vegetable_garden (Intent: sched_leisure_fox_3_1781825883272)
NPC_ASSIGN_ATTEMPT: Wild Fox -> goForWalk @ garden_lot (Intent: sched_leisure_fox_4_1781825883272)
NPC_ASSIGN_ATTEMPT: Wild Fox -> writePoetry @ master_bedroom (Intent: sched_leisure_fox_0_1781825883272)
NPC_ASSIGN_ATTEMPT: Wild Fox -> writePoetry @ master_bedroom (Intent: sched_leisure_fox_1_1781825883272)
NPC_ASSIGN_ATTEMPT: Wild Fox -> writePoetry @ master_bedroom (Intent: sched_leisure_fox_2_1781825883272)
NPC_ASSIGN_ATTEMPT: Wild Fox -> writePoetry @ master_bedroom (Intent: sched_leisure_fox_3_1781825883272)
NPC_ASSIGN_ATTEMPT: Wild Fox -> weights @ garden_lot (Intent: sched_leisure_fox_4_1781825883272)
NPC_ASSIGN_ATTEMPT: Wild Fox -> writePoetry @ master_bedroom (Intent: sched_leisure_fox_0_1781825883272)
NPC_ASSIGN_ATTEMPT: Wild Fox -> cardio @ garden_lot (Intent: sched_leisure_fox_1_1781825883272)
NPC_ASSIGN_ATTEMPT: Wild Fox -> weights @ garden_lot (Intent: sched_leisure_fox_2_1781825883272)
NPC_ASSIGN_ATTEMPT: Wild Fox -> weights @ garden_lot (Intent: sched_leisure_fox_3_1781825883272)
NPC_ASSIGN_ATTEMPT: Wild Fox -> writePoetry @ master_bedroom (Intent: sched_leisure_fox_4_1781825883272)
NPC_ASSIGN_ATTEMPT: Wild Fox -> weights @ garden_lot (Intent: sched_leisure_fox_0_1781825883272)
NPC_ASSIGN_ATTEMPT: Wild Fox -> weights @ garden_lot (Intent: sched_leisure_fox_1_1781825883272)
NPC_ASSIGN_ATTEMPT: Wild Fox -> writePoetry @ master_bedroom (Intent: sched_leisure_fox_2_1781825883272)
NPC_ASSIGN_ATTEMPT: Wild Fox -> paint @ study (Intent: sched_leisure_fox_3_1781825883272)
NPC_ASSIGN_ATTEMPT: Wild Fox -> weights @ garden_lot (Intent: sched_leisure_fox_4_1781825883272)
NPC_ASSIGN_ATTEMPT: Wild Fox -> washHands @ bathroom_down (Intent: wash_hands_pre_sched_leisure_fox_0_1781825883272)
NPC_ASSIGN_ATTEMPT: Wild Fox -> writePoetry @ master_bedroom (Intent: sched_leisure_fox_1_1781825883272)
NPC_ASSIGN_ATTEMPT: Wild Fox -> weights @ garden_lot (Intent: sched_leisure_fox_2_1781825883272)
NPC_ASSIGN_ATTEMPT: Wild Fox -> weights @ garden_lot (Intent: sched_leisure_fox_3_1781825883272)
NPC_ASSIGN_ATTEMPT: Wild Fox -> paint @ study (Intent: sched_leisure_fox_4_1781825883272)
NPC_ASSIGN_ATTEMPT: Wild Fox -> weights @ garden_lot (Intent: sched_leisure_fox_0_1781825883272)
NPC_ASSIGN_ATTEMPT: Wild Fox -> weights @ garden_lot (Intent: sched_leisure_fox_1_1781825883272)
NPC_ASSIGN_ATTEMPT: Wild Fox -> writePoetry @ master_bedroom (Intent: sched_leisure_fox_2_1781825883272)
NPC_ASSIGN_ATTEMPT: Wild Fox -> writePoetry @ master_bedroom (Intent: sched_leisure_fox_3_1781825883272)
NPC_ASSIGN_ATTEMPT: Wild Fox -> weights @ garden_lot (Intent: sched_leisure_fox_4_1781825883272)
NPC_ASSIGN_ATTEMPT: Wild Fox -> washHands @ bathroom_down (Intent: wash_hands_pre_sched_leisure_fox_0_1781825883272)
NPC_ASSIGN_ATTEMPT: Wild Fox -> writePoetry @ master_bedroom (Intent: sched_leisure_fox_1_1781825883272)
NPC_ASSIGN_ATTEMPT: Wild Fox -> weights @ garden_lot (Intent: sched_leisure_fox_2_1781825883272)
NPC_ASSIGN_ATTEMPT: Wild Fox -> weights @ garden_lot (Intent: sched_leisure_fox_3_1781825883272)
NPC_ASSIGN_ATTEMPT: Wild Fox -> writePoetry @ master_bedroom (Intent: sched_leisure_fox_4_1781825883272)
NPC_ASSIGN_ATTEMPT: Wild Fox -> weights @ garden_lot (Intent: sched_leisure_fox_0_1781825883272)
NPC_ASSIGN_ATTEMPT: Wild Fox -> weights @ garden_lot (Intent: sched_leisure_fox_1_1781825883272)
NPC_ASSIGN_ATTEMPT: Wild Fox -> goForWalk @ garden_lot (Intent: sched_leisure_fox_2_1781825883272)
NPC_ASSIGN_ATTEMPT: Wild Fox -> writePoetry @ master_bedroom (Intent: sched_leisure_fox_3_1781825883272)
NPC_ASSIGN_ATTEMPT: Wild Fox -> weights @ garden_lot (Intent: sched_leisure_fox_4_1781825883272)
NPC_ASSIGN_ATTEMPT: Wild Fox -> cardio @ garden_lot (Intent: sched_leisure_fox_0_1781825883272)
NPC_ASSIGN_ATTEMPT: Wild Fox -> writePoetry @ master_bedroom (Intent: sched_leisure_fox_1_1781825883272)
NPC_ASSIGN_ATTEMPT: Wild Fox -> weights @ garden_lot (Intent: sched_leisure_fox_2_1781825883272)
NPC_ASSIGN_ATTEMPT: Wild Fox -> weights @ garden_lot (Intent: sched_leisure_fox_3_1781825883272)
NPC_ASSIGN_ATTEMPT: Wild Fox -> writePoetry @ master_bedroom (Intent: sched_leisure_fox_4_1781825883272)
NPC_ASSIGN_ATTEMPT: Wild Fox -> weights @ garden_lot (Intent: sched_leisure_fox_0_1781825883272)
NPC_ASSIGN_ATTEMPT: Wild Fox -> weights @ garden_lot (Intent: sched_leisure_fox_1_1781825883272)
NPC_ASSIGN_ATTEMPT: Wild Fox -> bathe @ bathroom_down (Intent: sched_leisure_fox_2_1781825883272)
NPC_ASSIGN_ATTEMPT: Wild Fox -> writePoetry @ master_bedroom (Intent: sched_leisure_fox_3_1781825883272)
NPC_ASSIGN_ATTEMPT: Wild Fox -> paint @ study (Intent: sched_leisure_fox_4_1781825883272)
NPC_ASSIGN_ATTEMPT: Wild Fox -> goForWalk @ garden_lot (Intent: sched_leisure_fox_0_1781825883272)
NPC_ASSIGN_ATTEMPT: Wild Fox -> writePoetry @ master_bedroom (Intent: sched_leisure_fox_1_1781825883272)
NPC_ASSIGN_ATTEMPT: Wild Fox -> writePoetry @ master_bedroom (Intent: sched_leisure_fox_2_1781825883272)
NPC_ASSIGN_ATTEMPT: Wild Fox -> weights @ garden_lot (Intent: sched_leisure_fox_3_1781825883272)
NPC_ASSIGN_ATTEMPT: Wild Fox -> writePoetry @ master_bedroom (Intent: sched_leisure_fox_4_1781825883272)
NPC_ASSIGN_ATTEMPT: Wild Fox -> weights @ garden_lot (Intent: sched_leisure_fox_0_1781825883272)
NPC_ASSIGN_ATTEMPT: Wild Fox -> weights @ garden_lot (Intent: sched_leisure_fox_1_1781825883272)
NPC_ASSIGN_ATTEMPT: Wild Fox -> weights @ garden_lot (Intent: sched_leisure_fox_2_1781825883272)
NPC_ASSIGN_ATTEMPT: Wild Fox -> cardio @ garden_lot (Intent: sched_leisure_fox_3_1781825883272)
NPC_ASSIGN_ATTEMPT: Wild Fox -> cardio @ garden_lot (Intent: sched_leisure_fox_4_1781825883272)
NPC_ASSIGN_ATTEMPT: Wild Fox -> writePoetry @ master_bedroom (Intent: sched_leisure_fox_0_1781825883272)
NPC_ASSIGN_ATTEMPT: Wild Fox -> writePoetry @ master_bedroom (Intent: sched_leisure_fox_1_1781825883272)
NPC_ASSIGN_ATTEMPT: Wild Fox -> goForWalk @ garden_lot (Intent: sched_leisure_fox_2_1781825883272)
NPC_ASSIGN_ATTEMPT: Wild Fox -> paint @ study (Intent: sched_leisure_fox_3_1781825883272)
NPC_ASSIGN_ATTEMPT: Wild Fox -> writePoetry @ master_bedroom (Intent: sched_leisure_fox_4_1781825883272)
NPC_ASSIGN_ATTEMPT: Wild Fox -> weights @ garden_lot (Intent: sched_leisure_fox_0_1781825883272)
NPC_ASSIGN_ATTEMPT: Wild Fox -> weights @ garden_lot (Intent: sched_leisure_fox_1_1781825883272)
NPC_ASSIGN_ATTEMPT: Wild Fox -> weights @ garden_lot (Intent: sched_leisure_fox_2_1781825883272)
NPC_ASSIGN_ATTEMPT: Wild Fox -> weights @ garden_lot (Intent: sched_leisure_fox_3_1781825883272)
NPC_ASSIGN_ATTEMPT: Wild Fox -> weights @ garden_lot (Intent: sched_leisure_fox_4_1781825883272)
NPC_ASSIGN_ATTEMPT: Wild Fox -> writePoetry @ master_bedroom (Intent: sched_leisure_fox_0_1781825883272)
NPC_ASSIGN_ATTEMPT: Wild Fox -> washHands @ bathroom_down (Intent: wash_hands_pre_sched_leisure_fox_1_1781825883272)
NPC_ASSIGN_ATTEMPT: Wild Fox -> readBook @ vegetable_garden (Intent: sched_leisure_fox_2_1781825883272)
NPC_ASSIGN_ATTEMPT: Wild Fox -> writePoetry @ master_bedroom (Intent: sched_leisure_fox_3_1781825883272)
NPC_ASSIGN_ATTEMPT: Wild Fox -> goForWalk @ garden_lot (Intent: sched_leisure_fox_4_1781825883272)
NPC_ASSIGN_ATTEMPT: Wild Fox -> weights @ garden_lot (Intent: sched_leisure_fox_0_1781825883272)
NPC_ASSIGN_ATTEMPT: Wild Fox -> goForWalk @ garden_lot (Intent: sched_leisure_fox_1_1781825883272)
NPC_ASSIGN_ATTEMPT: Wild Fox -> weights @ garden_lot (Intent: sched_leisure_fox_2_1781825883272)
NPC_ASSIGN_ATTEMPT: Wild Fox -> weights @ garden_lot (Intent: sched_leisure_fox_3_1781825883272)
NPC_ASSIGN_ATTEMPT: Wild Fox -> writePoetry @ master_bedroom (Intent: sched_leisure_fox_4_1781825883272)
NPC_ASSIGN_ATTEMPT: Wild Fox -> writePoetry @ master_bedroom (Intent: sched_leisure_fox_0_1781825883272)
NPC_ASSIGN_ATTEMPT: Wild Fox -> writePoetry @ master_bedroom (Intent: sched_leisure_fox_1_1781825883272)
NPC_ASSIGN_ATTEMPT: Wild Fox -> readBook @ vegetable_garden (Intent: sched_leisure_fox_2_1781825883272)
NPC_ASSIGN_ATTEMPT: Wild Fox -> writePoetry @ master_bedroom (Intent: sched_leisure_fox_3_1781825883272)
NPC_ASSIGN_ATTEMPT: Wild Fox -> readBook @ vegetable_garden (Intent: sched_leisure_fox_4_1781825883272)
NPC_ASSIGN_ATTEMPT: Wild Fox -> weights @ garden_lot (Intent: sched_leisure_fox_0_1781825883272)
NPC_ASSIGN_ATTEMPT: Wild Fox -> weights @ garden_lot (Intent: sched_leisure_fox_1_1781825883272)
NPC_ASSIGN_ATTEMPT: Wild Fox -> writePoetry @ master_bedroom (Intent: sched_leisure_fox_2_1781825883272)
NPC_ASSIGN_ATTEMPT: Wild Fox -> readBook @ vegetable_garden (Intent: sched_leisure_fox_3_1781825883272)
NPC_ASSIGN_ATTEMPT: Wild Fox -> weights @ garden_lot (Intent: sched_leisure_fox_4_1781825883272)
NPC_ASSIGN_ATTEMPT: Wild Fox -> goForWalk @ garden_lot (Intent: sched_leisure_fox_0_1781825883272)
NPC_ASSIGN_ATTEMPT: Wild Fox -> washHands @ bathroom_down (Intent: wash_hands_pre_sched_leisure_fox_1_1781825883272)
NPC_ASSIGN_ATTEMPT: Wild Fox -> weights @ garden_lot (Intent: sched_leisure_fox_2_1781825883272)
NPC_ASSIGN_ATTEMPT: Wild Fox -> weights @ garden_lot (Intent: sched_leisure_fox_3_1781825883272)
NPC_ASSIGN_ATTEMPT: Wild Fox -> writePoetry @ master_bedroom (Intent: sched_leisure_fox_4_1781825883272)
NPC_ASSIGN_ATTEMPT: Wild Fox -> writePoetry @ master_bedroom (Intent: sched_leisure_fox_0_1781825883272)
NPC_ASSIGN_ATTEMPT: Wild Fox -> writePoetry @ master_bedroom (Intent: sched_leisure_fox_1_1781825883272)
NPC_ASSIGN_ATTEMPT: Wild Fox -> writePoetry @ master_bedroom (Intent: sched_leisure_fox_2_1781825883272)
NPC_ASSIGN_ATTEMPT: Wild Fox -> goForWalk @ garden_lot (Intent: sched_leisure_fox_3_1781825883272)
NPC_ASSIGN_ATTEMPT: Wild Fox -> weights @ garden_lot (Intent: sched_leisure_fox_4_1781825883272)
NPC_ASSIGN_ATTEMPT: Wild Fox -> weights @ garden_lot (Intent: sched_leisure_fox_0_1781825883272)
NPC_ASSIGN_ATTEMPT: Wild Fox -> weights @ garden_lot (Intent: sched_leisure_fox_1_1781825883272)
NPC_ASSIGN_ATTEMPT: Wild Fox -> weights @ garden_lot (Intent: sched_leisure_fox_2_1781825883272)
NPC_ASSIGN_ATTEMPT: Wild Fox -> weights @ garden_lot (Intent: sched_leisure_fox_3_1781825883272)
NPC_ASSIGN_ATTEMPT: Wild Fox -> writePoetry @ master_bedroom (Intent: sched_leisure_fox_4_1781825883272)
NPC_ASSIGN_ATTEMPT: Wild Fox -> weights @ garden_lot (Intent: sched_leisure_fox_0_1781825883272)
NPC_ASSIGN_ATTEMPT: Wild Fox -> writePoetry @ master_bedroom (Intent: sched_leisure_fox_1_1781825883272)
NPC_ASSIGN_ATTEMPT: Wild Fox -> writePoetry @ master_bedroom (Intent: sched_leisure_fox_2_1781825883272)
NPC_ASSIGN_ATTEMPT: Wild Fox -> writePoetry @ master_bedroom (Intent: sched_leisure_fox_3_1781825883272)
NPC_ASSIGN_ATTEMPT: Wild Fox -> weights @ garden_lot (Intent: sched_leisure_fox_4_1781825883272)
NPC_ASSIGN_ATTEMPT: Wild Fox -> cardio @ garden_lot (Intent: sched_leisure_fox_0_1781825883272)
NPC_ASSIGN_ATTEMPT: Wild Fox -> weights @ garden_lot (Intent: sched_leisure_fox_1_1781825883272)
NPC_ASSIGN_ATTEMPT: Wild Fox -> weights @ garden_lot (Intent: sched_leisure_fox_2_1781825883272)
NPC_ASSIGN_ATTEMPT: Wild Fox -> washHands @ bathroom_down (Intent: wash_hands_pre_sched_leisure_fox_3_1781825883272)
NPC_ASSIGN_ATTEMPT: Wild Fox -> writePoetry @ master_bedroom (Intent: sched_leisure_fox_4_1781825883272)
NPC_ASSIGN_ATTEMPT: Wild Fox -> weights @ garden_lot (Intent: sched_leisure_fox_0_1781825883272)
NPC_ASSIGN_ATTEMPT: Wild Fox -> writePoetry @ master_bedroom (Intent: sched_leisure_fox_1_1781825883272)
NPC_ASSIGN_ATTEMPT: Wild Fox -> weights @ garden_lot (Intent: sched_leisure_fox_2_1781825883272)
NPC_ASSIGN_ATTEMPT: Wild Fox -> weights @ garden_lot (Intent: sched_leisure_fox_3_1781825883272)
NPC_ASSIGN_ATTEMPT: Wild Fox -> weights @ garden_lot (Intent: sched_leisure_fox_4_1781825883272)
NPC_ASSIGN_ATTEMPT: Wild Fox -> writePoetry @ master_bedroom (Intent: sched_leisure_fox_0_1781825883272)
NPC_ASSIGN_ATTEMPT: Wild Fox -> weights @ garden_lot (Intent: sched_leisure_fox_1_1781825883272)
NPC_ASSIGN_ATTEMPT: Wild Fox -> writePoetry @ master_bedroom (Intent: sched_leisure_fox_2_1781825883272)
NPC_ASSIGN_ATTEMPT: Wild Fox -> writePoetry @ master_bedroom (Intent: sched_leisure_fox_3_1781825883272)
NPC_ASSIGN_ATTEMPT: Wild Fox -> writePoetry @ master_bedroom (Intent: sched_leisure_fox_4_1781825883272)
NPC_ASSIGN_ATTEMPT: Wild Fox -> weights @ garden_lot (Intent: sched_leisure_fox_0_1781825883272)
NPC_ASSIGN_ATTEMPT: Wild Fox -> writePoetry @ master_bedroom (Intent: sched_leisure_fox_1_1781825883272)
NPC_ASSIGN_ATTEMPT: Wild Fox -> weights @ garden_lot (Intent: sched_leisure_fox_2_1781825883272)
NPC_ASSIGN_ATTEMPT: Wild Fox -> weights @ garden_lot (Intent: sched_leisure_fox_3_1781825883272)
NPC_ASSIGN_ATTEMPT: Wild Fox -> weights @ garden_lot (Intent: sched_leisure_fox_4_1781825883272)
NPC_ASSIGN_ATTEMPT: Wild Fox -> writePoetry @ master_bedroom (Intent: sched_leisure_fox_0_1781825883272)
NPC_ASSIGN_ATTEMPT: Wild Fox -> weights @ garden_lot (Intent: sched_leisure_fox_1_1781825883272)
NPC_ASSIGN_ATTEMPT: Wild Fox -> writePoetry @ master_bedroom (Intent: sched_leisure_fox_2_1781825883272)
NPC_ASSIGN_ATTEMPT: Wild Fox -> writePoetry @ master_bedroom (Intent: sched_leisure_fox_3_1781825883272)
NPC_ASSIGN_ATTEMPT: Wild Fox -> cardio @ garden_lot (Intent: sched_leisure_fox_4_1781825883272)
NPC_ASSIGN_ATTEMPT: Wild Fox -> readBook @ vegetable_garden (Intent: sched_leisure_fox_0_1781825883272)
NPC_ASSIGN_ATTEMPT: Wild Fox -> writePoetry @ master_bedroom (Intent: sched_leisure_fox_1_1781825883272)
NPC_ASSIGN_ATTEMPT: Wild Fox -> weights @ garden_lot (Intent: sched_leisure_fox_2_1781825883272)
NPC_ASSIGN_ATTEMPT: Wild Fox -> weights @ garden_lot (Intent: sched_leisure_fox_3_1781825883272)
NPC_ASSIGN_ATTEMPT: Wild Fox -> weights @ garden_lot (Intent: sched_leisure_fox_4_1781825883272)
NPC_ASSIGN_ATTEMPT: Wild Fox -> weights @ garden_lot (Intent: sched_leisure_fox_0_1781825883272)
NPC_ASSIGN_ATTEMPT: Wild Fox -> weights @ garden_lot (Intent: sched_leisure_fox_1_1781825883272)
NPC_ASSIGN_ATTEMPT: Wild Fox -> weights @ garden_lot (Intent: sched_leisure_fox_2_1781825883272)
NPC_ASSIGN_ATTEMPT: Wild Fox -> washHands @ bathroom_down (Intent: wash_hands_pre_sched_leisure_fox_3_1781825883272)
NPC_ASSIGN_ATTEMPT: Wild Fox -> goForWalk @ garden_lot (Intent: sched_leisure_fox_4_1781825883272)
NPC_ASSIGN_ATTEMPT: Wild Fox -> writePoetry @ master_bedroom (Intent: sched_leisure_fox_0_1781825883272)
NPC_ASSIGN_ATTEMPT: Wild Fox -> writePoetry @ master_bedroom (Intent: sched_leisure_fox_1_1781825883272)
NPC_ASSIGN_ATTEMPT: Wild Fox -> writePoetry @ master_bedroom (Intent: sched_leisure_fox_2_1781825883272)
NPC_ASSIGN_ATTEMPT: Wild Fox -> washHands @ bathroom_down (Intent: wash_hands_pre_sched_leisure_fox_3_1781825883272)
NPC_ASSIGN_ATTEMPT: Wild Fox -> weights @ garden_lot (Intent: sched_leisure_fox_4_1781825883272)
NPC_ASSIGN_ATTEMPT: Partner -> idle @ bedroom_2 (Intent: sched_idle_w_partner)
NPC_ASSIGN_ATTEMPT: Wild Fox -> cardio @ garden_lot (Intent: sched_leisure_fox_0_1781825883272)
NPC_ASSIGN_ATTEMPT: Wild Fox -> paint @ study (Intent: sched_leisure_fox_1_1781825883272)
NPC_ASSIGN_ATTEMPT: Wild Fox -> weights @ garden_lot (Intent: sched_leisure_fox_2_1781825883272)
NPC_ASSIGN_ATTEMPT: Wild Fox -> weights @ garden_lot (Intent: sched_leisure_fox_3_1781825883272)
NPC_ASSIGN_ATTEMPT: Wild Fox -> writePoetry @ master_bedroom (Intent: sched_leisure_fox_4_1781825883272)
NPC_ASSIGN_ATTEMPT: Wild Fox -> washHands @ bathroom_down (Intent: wash_hands_pre_sched_leisure_fox_0_1781825883272)
NPC_ASSIGN_ATTEMPT: Wild Fox -> weights @ garden_lot (Intent: sched_leisure_fox_1_1781825883272)
NPC_ASSIGN_ATTEMPT: Wild Fox -> washHands @ bathroom_down (Intent: wash_hands_pre_sched_leisure_fox_2_1781825883272)
NPC_ASSIGN_ATTEMPT: Wild Fox -> readBook @ vegetable_garden (Intent: sched_leisure_fox_3_1781825883272)
NPC_ASSIGN_ATTEMPT: Wild Fox -> weights @ garden_lot (Intent: sched_leisure_fox_4_1781825883272)
NPC_ASSIGN_ATTEMPT: Wild Fox -> weights @ garden_lot (Intent: sched_leisure_fox_0_1781825883272)
NPC_ASSIGN_ATTEMPT: Wild Fox -> writePoetry @ master_bedroom (Intent: sched_leisure_fox_1_1781825883272)
NPC_ASSIGN_ATTEMPT: Wild Fox -> weights @ garden_lot (Intent: sched_leisure_fox_2_1781825883272)
NPC_ASSIGN_ATTEMPT: Wild Fox -> writePoetry @ master_bedroom (Intent: sched_leisure_fox_3_1781825883272)
NPC_ASSIGN_ATTEMPT: Wild Fox -> writePoetry @ master_bedroom (Intent: sched_leisure_fox_4_1781825883272)
NPC_ASSIGN_ATTEMPT: Wild Fox -> writePoetry @ master_bedroom (Intent: sched_leisure_fox_0_1781825883272)
NPC_ASSIGN_ATTEMPT: Wild Fox -> weights @ garden_lot (Intent: sched_leisure_fox_1_1781825883272)
NPC_ASSIGN_ATTEMPT: Wild Fox -> goForWalk @ garden_lot (Intent: sched_leisure_fox_2_1781825883272)
NPC_ASSIGN_ATTEMPT: Wild Fox -> weights @ garden_lot (Intent: sched_leisure_fox_3_1781825883272)
NPC_ASSIGN_ATTEMPT: Wild Fox -> weights @ garden_lot (Intent: sched_leisure_fox_4_1781825883272)
NPC_ASSIGN_ATTEMPT: Wild Fox -> goForWalk @ garden_lot (Intent: sched_leisure_fox_0_1781825883272)
NPC_ASSIGN_ATTEMPT: Wild Fox -> weights @ garden_lot (Intent: sched_leisure_fox_1_1781825883272)
NPC_ASSIGN_ATTEMPT: Wild Fox -> weights @ garden_lot (Intent: sched_leisure_fox_2_1781825883272)
NPC_ASSIGN_ATTEMPT: Wild Fox -> paint @ study (Intent: sched_leisure_fox_3_1781825883272)
NPC_ASSIGN_ATTEMPT: Wild Fox -> paint @ study (Intent: sched_leisure_fox_4_1781825883272)
NPC_ASSIGN_ATTEMPT: Wild Fox -> readBook @ vegetable_garden (Intent: sched_leisure_fox_0_1781825883272)
NPC_ASSIGN_ATTEMPT: Wild Fox -> writePoetry @ master_bedroom (Intent: sched_leisure_fox_1_1781825883272)
NPC_ASSIGN_ATTEMPT: Wild Fox -> washHands @ bathroom_down (Intent: wash_hands_pre_sched_leisure_fox_2_1781825883272)
NPC_ASSIGN_ATTEMPT: Wild Fox -> weights @ garden_lot (Intent: sched_leisure_fox_3_1781825883272)
NPC_ASSIGN_ATTEMPT: Wild Fox -> weights @ garden_lot (Intent: sched_leisure_fox_4_1781825883272)
NPC_ASSIGN_ATTEMPT: Wild Fox -> writePoetry @ master_bedroom (Intent: sched_leisure_fox_0_1781825883272)
NPC_ASSIGN_ATTEMPT: Wild Fox -> weights @ garden_lot (Intent: sched_leisure_fox_1_1781825883272)
NPC_ASSIGN_ATTEMPT: Wild Fox -> bathe @ bathroom_down (Intent: sched_leisure_fox_2_1781825883272)
NPC_ASSIGN_ATTEMPT: Wild Fox -> writePoetry @ master_bedroom (Intent: sched_leisure_fox_3_1781825883272)
NPC_ASSIGN_ATTEMPT: Wild Fox -> writePoetry @ master_bedroom (Intent: sched_leisure_fox_4_1781825883272)
NPC_ASSIGN_ATTEMPT: Wild Fox -> writePoetry @ master_bedroom (Intent: sched_leisure_fox_0_1781825883272)
NPC_ASSIGN_ATTEMPT: Wild Fox -> weights @ garden_lot (Intent: sched_leisure_fox_1_1781825883272)
NPC_ASSIGN_ATTEMPT: Wild Fox -> weights @ garden_lot (Intent: sched_leisure_fox_2_1781825883272)
NPC_ASSIGN_ATTEMPT: Wild Fox -> weights @ garden_lot (Intent: sched_leisure_fox_3_1781825883272)
NPC_ASSIGN_ATTEMPT: Wild Fox -> weights @ garden_lot (Intent: sched_leisure_fox_4_1781825883272)
NPC_ASSIGN_ATTEMPT: Wild Fox -> weights @ garden_lot (Intent: sched_leisure_fox_0_1781825883272)
NPC_ASSIGN_ATTEMPT: Wild Fox -> weights @ garden_lot (Intent: sched_leisure_fox_1_1781825883272)
NPC_ASSIGN_ATTEMPT: Wild Fox -> writePoetry @ master_bedroom (Intent: sched_leisure_fox_2_1781825883272)
NPC_ASSIGN_ATTEMPT: Wild Fox -> weights @ garden_lot (Intent: sched_leisure_fox_3_1781825883272)
NPC_ASSIGN_ATTEMPT: Wild Fox -> writePoetry @ master_bedroom (Intent: sched_leisure_fox_4_1781825883272)
NPC_ASSIGN_ATTEMPT: Wild Fox -> writePoetry @ master_bedroom (Intent: sched_leisure_fox_0_1781825883272)
NPC_ASSIGN_ATTEMPT: Wild Fox -> goForWalk @ garden_lot (Intent: sched_leisure_fox_1_1781825883272)
NPC_ASSIGN_ATTEMPT: Wild Fox -> paint @ study (Intent: sched_leisure_fox_2_1781825883272)
NPC_ASSIGN_ATTEMPT: Wild Fox -> washHands @ bathroom_down (Intent: wash_hands_pre_sched_leisure_fox_3_1781825883272)
NPC_ASSIGN_ATTEMPT: Wild Fox -> weights @ garden_lot (Intent: sched_leisure_fox_4_1781825883272)
NPC_ASSIGN_ATTEMPT: Wild Fox -> weights @ garden_lot (Intent: sched_leisure_fox_0_1781825883272)
NPC_ASSIGN_ATTEMPT: Wild Fox -> weights @ garden_lot (Intent: sched_leisure_fox_1_1781825883272)
NPC_ASSIGN_ATTEMPT: Wild Fox -> writePoetry @ master_bedroom (Intent: sched_leisure_fox_2_1781825883272)
NPC_ASSIGN_ATTEMPT: Wild Fox -> weights @ garden_lot (Intent: sched_leisure_fox_3_1781825883272)
NPC_ASSIGN_ATTEMPT: Wild Fox -> cardio @ garden_lot (Intent: sched_leisure_fox_4_1781825883272)
NPC_ASSIGN_ATTEMPT: Wild Fox -> readBook @ vegetable_garden (Intent: sched_leisure_fox_0_1781825883272)
NPC_ASSIGN_ATTEMPT: Wild Fox -> writePoetry @ master_bedroom (Intent: sched_leisure_fox_1_1781825883272)
NPC_ASSIGN_ATTEMPT: Wild Fox -> weights @ garden_lot (Intent: sched_leisure_fox_2_1781825883272)
NPC_ASSIGN_ATTEMPT: Wild Fox -> goForWalk @ garden_lot (Intent: sched_leisure_fox_3_1781825883272)
NPC_ASSIGN_ATTEMPT: Wild Fox -> weights @ garden_lot (Intent: sched_leisure_fox_4_1781825883272)
NPC_ASSIGN_ATTEMPT: Wild Fox -> weights @ garden_lot (Intent: sched_leisure_fox_0_1781825883272)
NPC_ASSIGN_ATTEMPT: Wild Fox -> cardio @ garden_lot (Intent: sched_leisure_fox_1_1781825883272)
NPC_ASSIGN_ATTEMPT: Wild Fox -> writePoetry @ master_bedroom (Intent: sched_leisure_fox_2_1781825883272)
NPC_ASSIGN_ATTEMPT: Wild Fox -> weights @ garden_lot (Intent: sched_leisure_fox_3_1781825883272)
NPC_ASSIGN_ATTEMPT: Wild Fox -> writePoetry @ master_bedroom (Intent: sched_leisure_fox_4_1781825883272)
NPC_ASSIGN_ATTEMPT: Wild Fox -> writePoetry @ master_bedroom (Intent: sched_leisure_fox_0_1781825883272)
NPC_ASSIGN_ATTEMPT: Wild Fox -> weights @ garden_lot (Intent: sched_leisure_fox_1_1781825883272)
NPC_ASSIGN_ATTEMPT: Wild Fox -> weights @ garden_lot (Intent: sched_leisure_fox_2_1781825883272)
NPC_ASSIGN_ATTEMPT: Wild Fox -> writePoetry @ master_bedroom (Intent: sched_leisure_fox_3_1781825883272)
NPC_ASSIGN_ATTEMPT: Wild Fox -> weights @ garden_lot (Intent: sched_leisure_fox_4_1781825883272)
NPC_ASSIGN_ATTEMPT: Wild Fox -> weights @ garden_lot (Intent: sched_leisure_fox_0_1781825883272)
NPC_ASSIGN_ATTEMPT: Wild Fox -> writePoetry @ master_bedroom (Intent: sched_leisure_fox_1_1781825883272)
NPC_ASSIGN_ATTEMPT: Wild Fox -> writePoetry @ master_bedroom (Intent: sched_leisure_fox_2_1781825883272)
NPC_ASSIGN_ATTEMPT: Wild Fox -> weights @ garden_lot (Intent: sched_leisure_fox_3_1781825883272)
NPC_ASSIGN_ATTEMPT: Wild Fox -> writePoetry @ master_bedroom (Intent: sched_leisure_fox_4_1781825883272)
NPC_ASSIGN_ATTEMPT: Wild Fox -> writePoetry @ master_bedroom (Intent: sched_leisure_fox_0_1781825883272)
NPC_ASSIGN_ATTEMPT: Wild Fox -> weights @ garden_lot (Intent: sched_leisure_fox_1_1781825883272)
NPC_ASSIGN_ATTEMPT: Wild Fox -> goForWalk @ garden_lot (Intent: sched_leisure_fox_2_1781825883272)
NPC_ASSIGN_ATTEMPT: Wild Fox -> writePoetry @ master_bedroom (Intent: sched_leisure_fox_3_1781825883272)
NPC_ASSIGN_ATTEMPT: Wild Fox -> weights @ garden_lot (Intent: sched_leisure_fox_4_1781825883272)
NPC_ASSIGN_ATTEMPT: Wild Fox -> weights @ garden_lot (Intent: sched_leisure_fox_0_1781825883272)
NPC_ASSIGN_ATTEMPT: Wild Fox -> writePoetry @ master_bedroom (Intent: sched_leisure_fox_1_1781825883272)
NPC_ASSIGN_ATTEMPT: Wild Fox -> writePoetry @ master_bedroom (Intent: sched_leisure_fox_2_1781825883272)
NPC_ASSIGN_ATTEMPT: Wild Fox -> weights @ garden_lot (Intent: sched_leisure_fox_3_1781825883272)
NPC_ASSIGN_ATTEMPT: Wild Fox -> writePoetry @ master_bedroom (Intent: sched_leisure_fox_4_1781825883272)
NPC_ASSIGN_ATTEMPT: Wild Fox -> writePoetry @ master_bedroom (Intent: sched_leisure_fox_0_1781825883272)
NPC_ASSIGN_ATTEMPT: Wild Fox -> paint @ study (Intent: sched_leisure_fox_1_1781825883272)
NPC_ASSIGN_ATTEMPT: Wild Fox -> weights @ garden_lot (Intent: sched_leisure_fox_2_1781825883272)
NPC_ASSIGN_ATTEMPT: Wild Fox -> writePoetry @ master_bedroom (Intent: sched_leisure_fox_3_1781825883272)
NPC_ASSIGN_ATTEMPT: Wild Fox -> weights @ garden_lot (Intent: sched_leisure_fox_4_1781825883272)
NPC_ASSIGN_ATTEMPT: Wild Fox -> weights @ garden_lot (Intent: sched_leisure_fox_0_1781825883272)
NPC_ASSIGN_ATTEMPT: Wild Fox -> weights @ garden_lot (Intent: sched_leisure_fox_1_1781825883272)
NPC_ASSIGN_ATTEMPT: Wild Fox -> writePoetry @ master_bedroom (Intent: sched_leisure_fox_2_1781825883272)
NPC_ASSIGN_ATTEMPT: Wild Fox -> weights @ garden_lot (Intent: sched_leisure_fox_3_1781825883272)
NPC_ASSIGN_ATTEMPT: Wild Fox -> goForWalk @ garden_lot (Intent: sched_leisure_fox_4_1781825883272)
NPC_ASSIGN_ATTEMPT: Wild Fox -> weights @ garden_lot (Intent: sched_leisure_fox_0_1781825883272)
NPC_ASSIGN_ATTEMPT: Wild Fox -> writePoetry @ master_bedroom (Intent: sched_leisure_fox_1_1781825883272)
NPC_ASSIGN_ATTEMPT: Wild Fox -> cardio @ garden_lot (Intent: sched_leisure_fox_2_1781825883272)
NPC_ASSIGN_ATTEMPT: Wild Fox -> weights @ garden_lot (Intent: sched_leisure_fox_3_1781825883272)
NPC_ASSIGN_ATTEMPT: Wild Fox -> writePoetry @ master_bedroom (Intent: sched_leisure_fox_4_1781825883272)
NPC_ASSIGN_ATTEMPT: Wild Fox -> readBook @ vegetable_garden (Intent: sched_leisure_fox_0_1781825883272)
NPC_ASSIGN_ATTEMPT: Wild Fox -> weights @ garden_lot (Intent: sched_leisure_fox_1_1781825883272)
NPC_ASSIGN_ATTEMPT: Wild Fox -> writePoetry @ master_bedroom (Intent: sched_leisure_fox_2_1781825883272)
NPC_ASSIGN_ATTEMPT: Wild Fox -> weights @ garden_lot (Intent: sched_leisure_fox_3_1781825883272)
NPC_ASSIGN_ATTEMPT: Wild Fox -> weights @ garden_lot (Intent: sched_leisure_fox_4_1781825883272)
NPC_ASSIGN_ATTEMPT: Wild Fox -> weights @ garden_lot (Intent: sched_leisure_fox_0_1781825883272)
NPC_ASSIGN_ATTEMPT: Wild Fox -> cardio @ garden_lot (Intent: sched_leisure_fox_1_1781825883272)
NPC_ASSIGN_ATTEMPT: Wild Fox -> weights @ garden_lot (Intent: sched_leisure_fox_2_1781825883272)
NPC_ASSIGN_ATTEMPT: Wild Fox -> writePoetry @ master_bedroom (Intent: sched_leisure_fox_3_1781825883272)
NPC_ASSIGN_ATTEMPT: Wild Fox -> weights @ garden_lot (Intent: sched_leisure_fox_4_1781825883272)
NPC_ASSIGN_ATTEMPT: Wild Fox -> readBook @ vegetable_garden (Intent: sched_leisure_fox_0_1781825883272)
NPC_ASSIGN_ATTEMPT: Wild Fox -> writePoetry @ master_bedroom (Intent: sched_leisure_fox_1_1781825883272)
NPC_ASSIGN_ATTEMPT: Wild Fox -> readBook @ vegetable_garden (Intent: sched_leisure_fox_2_1781825883272)
NPC_ASSIGN_ATTEMPT: Wild Fox -> readBook @ vegetable_garden (Intent: sched_leisure_fox_3_1781825883272)
NPC_ASSIGN_ATTEMPT: Wild Fox -> writePoetry @ master_bedroom (Intent: sched_leisure_fox_4_1781825883272)
NPC_ASSIGN_ATTEMPT: Wild Fox -> goForWalk @ garden_lot (Intent: sched_leisure_fox_0_1781825883272)
NPC_ASSIGN_ATTEMPT: Wild Fox -> weights @ garden_lot (Intent: sched_leisure_fox_1_1781825883272)
NPC_ASSIGN_ATTEMPT: Wild Fox -> weights @ garden_lot (Intent: sched_leisure_fox_2_1781825883272)
NPC_ASSIGN_ATTEMPT: Wild Fox -> weights @ garden_lot (Intent: sched_leisure_fox_3_1781825883272)
NPC_ASSIGN_ATTEMPT: Wild Fox -> readBook @ vegetable_garden (Intent: sched_leisure_fox_4_1781825883272)
NPC_ASSIGN_ATTEMPT: Wild Fox -> weights @ garden_lot (Intent: sched_leisure_fox_0_1781825883272)
NPC_ASSIGN_ATTEMPT: Wild Fox -> writePoetry @ master_bedroom (Intent: sched_leisure_fox_1_1781825883272)
NPC_ASSIGN_ATTEMPT: Wild Fox -> writePoetry @ master_bedroom (Intent: sched_leisure_fox_2_1781825883272)
NPC_ASSIGN_ATTEMPT: Wild Fox -> writePoetry @ master_bedroom (Intent: sched_leisure_fox_3_1781825883272)
NPC_ASSIGN_ATTEMPT: Wild Fox -> writePoetry @ master_bedroom (Intent: sched_leisure_fox_4_1781825883272)
NPC_ASSIGN_ATTEMPT: Wild Fox -> writePoetry @ master_bedroom (Intent: sched_leisure_fox_0_1781825883272)
NPC_ASSIGN_ATTEMPT: Wild Fox -> cardio @ garden_lot (Intent: sched_leisure_fox_1_1781825883272)
NPC_ASSIGN_ATTEMPT: Wild Fox -> weights @ garden_lot (Intent: sched_leisure_fox_2_1781825883272)
NPC_ASSIGN_ATTEMPT: Wild Fox -> readBook @ vegetable_garden (Intent: sched_leisure_fox_3_1781825883272)
NPC_ASSIGN_ATTEMPT: Wild Fox -> weights @ garden_lot (Intent: sched_leisure_fox_4_1781825883272)
NPC_ASSIGN_ATTEMPT: Wild Fox -> weights @ garden_lot (Intent: sched_leisure_fox_0_1781825883272)
NPC_ASSIGN_ATTEMPT: Wild Fox -> weights @ garden_lot (Intent: sched_leisure_fox_1_1781825883272)
NPC_ASSIGN_ATTEMPT: Wild Fox -> writePoetry @ master_bedroom (Intent: sched_leisure_fox_2_1781825883272)
NPC_ASSIGN_ATTEMPT: Wild Fox -> writePoetry @ master_bedroom (Intent: sched_leisure_fox_3_1781825883272)
NPC_ASSIGN_ATTEMPT: Wild Fox -> writePoetry @ master_bedroom (Intent: sched_leisure_fox_4_1781825883272)
NPC_ASSIGN_ATTEMPT: Wild Fox -> writePoetry @ master_bedroom (Intent: sched_leisure_fox_0_1781825883272)
NPC_ASSIGN_ATTEMPT: Wild Fox -> writePoetry @ master_bedroom (Intent: sched_leisure_fox_1_1781825883272)
NPC_ASSIGN_ATTEMPT: Wild Fox -> washHands @ bathroom_down (Intent: wash_hands_pre_sched_leisure_fox_2_1781825883272)
NPC_ASSIGN_ATTEMPT: Wild Fox -> weights @ garden_lot (Intent: sched_leisure_fox_3_1781825883272)
NPC_ASSIGN_ATTEMPT: Wild Fox -> weights @ garden_lot (Intent: sched_leisure_fox_4_1781825883272)
NPC_ASSIGN_ATTEMPT: Wild Fox -> readBook @ vegetable_garden (Intent: sched_leisure_fox_0_1781825883272)
NPC_ASSIGN_ATTEMPT: Wild Fox -> weights @ garden_lot (Intent: sched_leisure_fox_1_1781825883272)
NPC_ASSIGN_ATTEMPT: Wild Fox -> writePoetry @ master_bedroom (Intent: sched_leisure_fox_2_1781825883272)
NPC_ASSIGN_ATTEMPT: Wild Fox -> writePoetry @ master_bedroom (Intent: sched_leisure_fox_3_1781825883272)
NPC_ASSIGN_ATTEMPT: Wild Fox -> writePoetry @ master_bedroom (Intent: sched_leisure_fox_4_1781825883272)
NPC_ASSIGN_ATTEMPT: Wild Fox -> weights @ garden_lot (Intent: sched_leisure_fox_0_1781825883272)
NPC_ASSIGN_ATTEMPT: Wild Fox -> writePoetry @ master_bedroom (Intent: sched_leisure_fox_1_1781825883272)
NPC_ASSIGN_ATTEMPT: Wild Fox -> goForWalk @ garden_lot (Intent: sched_leisure_fox_2_1781825883272)
NPC_ASSIGN_ATTEMPT: Wild Fox -> weights @ garden_lot (Intent: sched_leisure_fox_3_1781825883272)
NPC_ASSIGN_ATTEMPT: Wild Fox -> weights @ garden_lot (Intent: sched_leisure_fox_4_1781825883272)
NPC_ASSIGN_ATTEMPT: Wild Fox -> writePoetry @ master_bedroom (Intent: sched_leisure_fox_0_1781825883272)
NPC_ASSIGN_ATTEMPT: Wild Fox -> weights @ garden_lot (Intent: sched_leisure_fox_1_1781825883272)
NPC_ASSIGN_ATTEMPT: Wild Fox -> weights @ garden_lot (Intent: sched_leisure_fox_2_1781825883272)
NPC_ASSIGN_ATTEMPT: Wild Fox -> writePoetry @ master_bedroom (Intent: sched_leisure_fox_3_1781825883272)
NPC_ASSIGN_ATTEMPT: Wild Fox -> goForWalk @ garden_lot (Intent: sched_leisure_fox_4_1781825883272)
NPC_ASSIGN_ATTEMPT: Wild Fox -> weights @ garden_lot (Intent: sched_leisure_fox_0_1781825883272)
NPC_ASSIGN_ATTEMPT: Wild Fox -> weights @ garden_lot (Intent: sched_leisure_fox_1_1781825883272)
NPC_ASSIGN_ATTEMPT: Wild Fox -> writePoetry @ master_bedroom (Intent: sched_leisure_fox_2_1781825883272)
NPC_ASSIGN_ATTEMPT: Wild Fox -> goForWalk @ garden_lot (Intent: sched_leisure_fox_3_1781825883272)
NPC_ASSIGN_ATTEMPT: Wild Fox -> writePoetry @ master_bedroom (Intent: sched_leisure_fox_4_1781825883272)
NPC_ASSIGN_ATTEMPT: Wild Fox -> writePoetry @ master_bedroom (Intent: sched_leisure_fox_0_1781825883272)
NPC_ASSIGN_ATTEMPT: Wild Fox -> weights @ garden_lot (Intent: sched_leisure_fox_1_1781825883272)
NPC_ASSIGN_ATTEMPT: Wild Fox -> weights @ garden_lot (Intent: sched_leisure_fox_2_1781825883272)
NPC_ASSIGN_ATTEMPT: Wild Fox -> writePoetry @ master_bedroom (Intent: sched_leisure_fox_3_1781825883272)
NPC_ASSIGN_ATTEMPT: Wild Fox -> weights @ garden_lot (Intent: sched_leisure_fox_4_1781825883272)
NPC_ASSIGN_ATTEMPT: Wild Fox -> cardio @ garden_lot (Intent: sched_leisure_fox_0_1781825883272)
NPC_ASSIGN_ATTEMPT: Wild Fox -> weights @ garden_lot (Intent: sched_leisure_fox_1_1781825883272)
NPC_ASSIGN_ATTEMPT: Wild Fox -> writePoetry @ master_bedroom (Intent: sched_leisure_fox_2_1781825883272)
NPC_ASSIGN_ATTEMPT: Wild Fox -> weights @ garden_lot (Intent: sched_leisure_fox_3_1781825883272)
NPC_ASSIGN_ATTEMPT: Wild Fox -> writePoetry @ master_bedroom (Intent: sched_leisure_fox_4_1781825883272)
NPC_ASSIGN_ATTEMPT: Wild Fox -> writePoetry @ master_bedroom (Intent: sched_leisure_fox_0_1781825883272)
NPC_ASSIGN_ATTEMPT: Wild Fox -> writePoetry @ master_bedroom (Intent: sched_leisure_fox_1_1781825883272)
NPC_ASSIGN_ATTEMPT: Wild Fox -> weights @ garden_lot (Intent: sched_leisure_fox_2_1781825883272)
NPC_ASSIGN_ATTEMPT: Wild Fox -> washHands @ bathroom_down (Intent: wash_hands_pre_sched_leisure_fox_3_1781825883272)
NPC_ASSIGN_ATTEMPT: Wild Fox -> weights @ garden_lot (Intent: sched_leisure_fox_4_1781825883272)
NPC_ASSIGN_ATTEMPT: Wild Fox -> weights @ garden_lot (Intent: sched_leisure_fox_0_1781825883272)
NPC_ASSIGN_ATTEMPT: Wild Fox -> weights @ garden_lot (Intent: sched_leisure_fox_1_1781825883272)
NPC_ASSIGN_ATTEMPT: Wild Fox -> writePoetry @ master_bedroom (Intent: sched_leisure_fox_2_1781825883272)
NPC_ASSIGN_ATTEMPT: Wild Fox -> weights @ garden_lot (Intent: sched_leisure_fox_3_1781825883272)
NPC_ASSIGN_ATTEMPT: Wild Fox -> writePoetry @ master_bedroom (Intent: sched_leisure_fox_4_1781825883272)
NPC_ASSIGN_ATTEMPT: Wild Fox -> weights @ garden_lot (Intent: sched_leisure_fox_0_1781825883272)
NPC_ASSIGN_ATTEMPT: Wild Fox -> writePoetry @ master_bedroom (Intent: sched_leisure_fox_1_1781825883272)
NPC_ASSIGN_ATTEMPT: Wild Fox -> weights @ garden_lot (Intent: sched_leisure_fox_2_1781825883272)
NPC_ASSIGN_ATTEMPT: Wild Fox -> writePoetry @ master_bedroom (Intent: sched_leisure_fox_3_1781825883272)
NPC_ASSIGN_ATTEMPT: Wild Fox -> weights @ garden_lot (Intent: sched_leisure_fox_4_1781825883272)
NPC_ASSIGN_ATTEMPT: Wild Fox -> writePoetry @ master_bedroom (Intent: sched_leisure_fox_0_1781825883272)
NPC_ASSIGN_ATTEMPT: Wild Fox -> weights @ garden_lot (Intent: sched_leisure_fox_1_1781825883272)
NPC_ASSIGN_ATTEMPT: Wild Fox -> writePoetry @ master_bedroom (Intent: sched_leisure_fox_2_1781825883272)
NPC_ASSIGN_ATTEMPT: Wild Fox -> readBook @ vegetable_garden (Intent: sched_leisure_fox_3_1781825883272)
NPC_ASSIGN_ATTEMPT: Wild Fox -> weights @ garden_lot (Intent: sched_leisure_fox_4_1781825883272)
NPC_ASSIGN_ATTEMPT: Wild Fox -> weights @ garden_lot (Intent: sched_leisure_fox_0_1781825883272)
NPC_ASSIGN_ATTEMPT: Wild Fox -> weights @ garden_lot (Intent: sched_leisure_fox_1_1781825883272)
NPC_ASSIGN_ATTEMPT: Wild Fox -> weights @ garden_lot (Intent: sched_leisure_fox_2_1781825883272)
NPC_ASSIGN_ATTEMPT: Wild Fox -> weights @ garden_lot (Intent: sched_leisure_fox_3_1781825883272)
NPC_ASSIGN_ATTEMPT: Wild Fox -> weights @ garden_lot (Intent: sched_leisure_fox_4_1781825883272)
NPC_ASSIGN_ATTEMPT: Wild Fox -> writePoetry @ master_bedroom (Intent: sched_leisure_fox_0_1781825883272)
NPC_ASSIGN_ATTEMPT: Wild Fox -> readBook @ vegetable_garden (Intent: sched_leisure_fox_1_1781825883272)
NPC_ASSIGN_ATTEMPT: Wild Fox -> writePoetry @ master_bedroom (Intent: sched_leisure_fox_2_1781825883272)
NPC_ASSIGN_ATTEMPT: Wild Fox -> writePoetry @ master_bedroom (Intent: sched_leisure_fox_3_1781825883272)
NPC_ASSIGN_ATTEMPT: Wild Fox -> cardio @ garden_lot (Intent: sched_leisure_fox_4_1781825883272)
NPC_ASSIGN_ATTEMPT: Wild Fox -> weights @ garden_lot (Intent: sched_leisure_fox_0_1781825883272)
NPC_ASSIGN_ATTEMPT: Wild Fox -> weights @ garden_lot (Intent: sched_leisure_fox_1_1781825883272)
NPC_ASSIGN_ATTEMPT: Wild Fox -> weights @ garden_lot (Intent: sched_leisure_fox_2_1781825883272)
NPC_ASSIGN_ATTEMPT: Wild Fox -> weights @ garden_lot (Intent: sched_leisure_fox_3_1781825883272)
NPC_ASSIGN_ATTEMPT: Wild Fox -> weights @ garden_lot (Intent: sched_leisure_fox_4_1781825883272)
NPC_ASSIGN_ATTEMPT: Wild Fox -> writePoetry @ master_bedroom (Intent: sched_leisure_fox_0_1781825883272)
NPC_ASSIGN_ATTEMPT: Wild Fox -> writePoetry @ master_bedroom (Intent: sched_leisure_fox_1_1781825883272)
NPC_ASSIGN_ATTEMPT: Wild Fox -> writePoetry @ master_bedroom (Intent: sched_leisure_fox_2_1781825883272)
NPC_ASSIGN_ATTEMPT: Wild Fox -> cardio @ garden_lot (Intent: sched_leisure_fox_3_1781825883272)
NPC_ASSIGN_ATTEMPT: Wild Fox -> weights @ garden_lot (Intent: sched_leisure_fox_4_1781825883272)
NPC_ASSIGN_ATTEMPT: Wild Fox -> weights @ garden_lot (Intent: sched_leisure_fox_0_1781825883272)
NPC_ASSIGN_ATTEMPT: Wild Fox -> weights @ garden_lot (Intent: sched_leisure_fox_1_1781825883272)
NPC_ASSIGN_ATTEMPT: Wild Fox -> weights @ garden_lot (Intent: sched_leisure_fox_2_1781825883272)
NPC_ASSIGN_ATTEMPT: Wild Fox -> weights @ garden_lot (Intent: sched_leisure_fox_3_1781825883272)
NPC_ASSIGN_ATTEMPT: Wild Fox -> cardio @ garden_lot (Intent: sched_leisure_fox_4_1781825883272)
NPC_ASSIGN_ATTEMPT: Wild Fox -> writePoetry @ master_bedroom (Intent: sched_leisure_fox_0_1781825883272)
NPC_ASSIGN_ATTEMPT: Wild Fox -> writePoetry @ master_bedroom (Intent: sched_leisure_fox_1_1781825883272)
NPC_ASSIGN_ATTEMPT: Wild Fox -> washHands @ bathroom_down (Intent: wash_hands_pre_sched_leisure_fox_2_1781825883272)
NPC_ASSIGN_ATTEMPT: Wild Fox -> weights @ garden_lot (Intent: sched_leisure_fox_3_1781825883272)
NPC_ASSIGN_ATTEMPT: Wild Fox -> readBook @ vegetable_garden (Intent: sched_leisure_fox_4_1781825883272)
NPC_ASSIGN_ATTEMPT: Wild Fox -> weights @ garden_lot (Intent: sched_leisure_fox_0_1781825883272)
NPC_ASSIGN_ATTEMPT: Wild Fox -> weights @ garden_lot (Intent: sched_leisure_fox_1_1781825883272)
NPC_ASSIGN_ATTEMPT: Wild Fox -> weights @ garden_lot (Intent: sched_leisure_fox_2_1781825883272)
NPC_ASSIGN_ATTEMPT: Wild Fox -> writePoetry @ master_bedroom (Intent: sched_leisure_fox_3_1781825883272)
NPC_ASSIGN_ATTEMPT: Wild Fox -> writePoetry @ master_bedroom (Intent: sched_leisure_fox_4_1781825883272)
NPC_ASSIGN_ATTEMPT: Wild Fox -> weights @ garden_lot (Intent: sched_leisure_fox_0_1781825883272)
NPC_ASSIGN_ATTEMPT: Wild Fox -> writePoetry @ master_bedroom (Intent: sched_leisure_fox_1_1781825883272)
NPC_ASSIGN_ATTEMPT: Wild Fox -> weights @ garden_lot (Intent: sched_leisure_fox_2_1781825883272)
NPC_ASSIGN_ATTEMPT: Wild Fox -> weights @ garden_lot (Intent: sched_leisure_fox_3_1781825883272)
NPC_ASSIGN_ATTEMPT: Wild Fox -> readBook @ vegetable_garden (Intent: sched_leisure_fox_4_1781825883272)
NPC_ASSIGN_ATTEMPT: Wild Fox -> writePoetry @ master_bedroom (Intent: sched_leisure_fox_0_1781825883272)
NPC_ASSIGN_ATTEMPT: Wild Fox -> weights @ garden_lot (Intent: sched_leisure_fox_1_1781825883272)
NPC_ASSIGN_ATTEMPT: Wild Fox -> writePoetry @ master_bedroom (Intent: sched_leisure_fox_2_1781825883272)
NPC_ASSIGN_ATTEMPT: Wild Fox -> writePoetry @ master_bedroom (Intent: sched_leisure_fox_3_1781825883272)
NPC_ASSIGN_ATTEMPT: Wild Fox -> writePoetry @ master_bedroom (Intent: sched_leisure_fox_4_1781825883272)
NPC_ASSIGN_ATTEMPT: Wild Fox -> weights @ garden_lot (Intent: sched_leisure_fox_0_1781825883272)
NPC_ASSIGN_ATTEMPT: Wild Fox -> writePoetry @ master_bedroom (Intent: sched_leisure_fox_1_1781825883272)
NPC_ASSIGN_ATTEMPT: Wild Fox -> weights @ garden_lot (Intent: sched_leisure_fox_2_1781825883272)
NPC_ASSIGN_ATTEMPT: Wild Fox -> weights @ garden_lot (Intent: sched_leisure_fox_3_1781825883272)
NPC_ASSIGN_ATTEMPT: Wild Fox -> weights @ garden_lot (Intent: sched_leisure_fox_4_1781825883272)
NPC_ASSIGN_ATTEMPT: Wild Fox -> writePoetry @ master_bedroom (Intent: sched_leisure_fox_0_1781825883272)
NPC_ASSIGN_ATTEMPT: Wild Fox -> weights @ garden_lot (Intent: sched_leisure_fox_1_1781825883272)
NPC_ASSIGN_ATTEMPT: Wild Fox -> writePoetry @ master_bedroom (Intent: sched_leisure_fox_2_1781825883272)
NPC_ASSIGN_ATTEMPT: Wild Fox -> writePoetry @ master_bedroom (Intent: sched_leisure_fox_3_1781825883272)
NPC_ASSIGN_ATTEMPT: Wild Fox -> writePoetry @ master_bedroom (Intent: sched_leisure_fox_4_1781825883272)
NPC_ASSIGN_ATTEMPT: Wild Fox -> goForWalk @ garden_lot (Intent: sched_leisure_fox_0_1781825883272)
NPC_ASSIGN_ATTEMPT: Wild Fox -> writePoetry @ master_bedroom (Intent: sched_leisure_fox_1_1781825883272)
NPC_ASSIGN_ATTEMPT: Wild Fox -> weights @ garden_lot (Intent: sched_leisure_fox_2_1781825883272)
NPC_ASSIGN_ATTEMPT: Wild Fox -> weights @ garden_lot (Intent: sched_leisure_fox_3_1781825883272)
NPC_ASSIGN_ATTEMPT: Wild Fox -> writePoetry @ master_bedroom (Intent: sched_leisure_fox_4_1781825883272)
NPC_ASSIGN_ATTEMPT: Wild Fox -> writePoetry @ master_bedroom (Intent: sched_leisure_fox_0_1781825883272)
NPC_ASSIGN_ATTEMPT: Wild Fox -> weights @ garden_lot (Intent: sched_leisure_fox_1_1781825883272)
NPC_ASSIGN_ATTEMPT: Wild Fox -> writePoetry @ master_bedroom (Intent: sched_leisure_fox_2_1781825883272)
NPC_ASSIGN_ATTEMPT: Wild Fox -> weights @ garden_lot (Intent: sched_leisure_fox_3_1781825883272)
NPC_ASSIGN_ATTEMPT: Wild Fox -> weights @ garden_lot (Intent: sched_leisure_fox_4_1781825883272)
NPC_ASSIGN_ATTEMPT: Wild Fox -> weights @ garden_lot (Intent: sched_leisure_fox_0_1781825883272)
NPC_ASSIGN_ATTEMPT: Wild Fox -> writePoetry @ master_bedroom (Intent: sched_leisure_fox_1_1781825883272)
NPC_ASSIGN_ATTEMPT: Wild Fox -> writePoetry @ master_bedroom (Intent: sched_leisure_fox_2_1781825883272)
NPC_ASSIGN_ATTEMPT: Wild Fox -> writePoetry @ master_bedroom (Intent: sched_leisure_fox_3_1781825883272)
NPC_ASSIGN_ATTEMPT: Wild Fox -> writePoetry @ master_bedroom (Intent: sched_leisure_fox_4_1781825883272)
NPC_ASSIGN_ATTEMPT: Wild Fox -> writePoetry @ master_bedroom (Intent: sched_leisure_fox_0_1781825883272)
NPC_ASSIGN_ATTEMPT: Wild Fox -> paint @ study (Intent: sched_leisure_fox_1_1781825883272)
NPC_ASSIGN_ATTEMPT: Wild Fox -> readBook @ vegetable_garden (Intent: sched_leisure_fox_2_1781825883272)
NPC_ASSIGN_ATTEMPT: Wild Fox -> writePoetry @ master_bedroom (Intent: sched_leisure_fox_3_1781825883272)
NPC_ASSIGN_ATTEMPT: Wild Fox -> writePoetry @ master_bedroom (Intent: sched_leisure_fox_4_1781825883272)
NPC_ASSIGN_ATTEMPT: Wild Fox -> readBook @ vegetable_garden (Intent: sched_leisure_fox_0_1781825883272)
NPC_ASSIGN_ATTEMPT: Wild Fox -> weights @ garden_lot (Intent: sched_leisure_fox_1_1781825883272)
NPC_ASSIGN_ATTEMPT: Wild Fox -> weights @ garden_lot (Intent: sched_leisure_fox_2_1781825883272)
NPC_ASSIGN_ATTEMPT: Wild Fox -> weights @ garden_lot (Intent: sched_leisure_fox_3_1781825883272)
NPC_ASSIGN_ATTEMPT: Wild Fox -> weights @ garden_lot (Intent: sched_leisure_fox_4_1781825883272)
NPC_ASSIGN_ATTEMPT: Wild Fox -> weights @ garden_lot (Intent: sched_leisure_fox_0_1781825883272)
NPC_ASSIGN_ATTEMPT: Wild Fox -> writePoetry @ master_bedroom (Intent: sched_leisure_fox_1_1781825883272)
NPC_ASSIGN_ATTEMPT: Wild Fox -> writePoetry @ master_bedroom (Intent: sched_leisure_fox_2_1781825883272)
NPC_ASSIGN_ATTEMPT: Wild Fox -> writePoetry @ master_bedroom (Intent: sched_leisure_fox_3_1781825883272)
NPC_ASSIGN_ATTEMPT: Wild Fox -> writePoetry @ master_bedroom (Intent: sched_leisure_fox_4_1781825883272)
NPC_ASSIGN_ATTEMPT: Wild Fox -> readBook @ vegetable_garden (Intent: sched_leisure_fox_0_1781825883272)
NPC_ASSIGN_ATTEMPT: Wild Fox -> weights @ garden_lot (Intent: sched_leisure_fox_1_1781825883272)
NPC_ASSIGN_ATTEMPT: Wild Fox -> weights @ garden_lot (Intent: sched_leisure_fox_2_1781825883272)
NPC_ASSIGN_ATTEMPT: Wild Fox -> writePoetry @ master_bedroom (Intent: sched_leisure_fox_3_1781825883272)
NPC_ASSIGN_ATTEMPT: Wild Fox -> weights @ garden_lot (Intent: sched_leisure_fox_4_1781825883272)
NPC_ASSIGN_ATTEMPT: Wild Fox -> weights @ garden_lot (Intent: sched_leisure_fox_0_1781825883272)
NPC_ASSIGN_ATTEMPT: Wild Fox -> writePoetry @ master_bedroom (Intent: sched_leisure_fox_1_1781825883272)
NPC_ASSIGN_ATTEMPT: Wild Fox -> weights @ garden_lot (Intent: sched_leisure_fox_2_1781825883272)
NPC_ASSIGN_ATTEMPT: Wild Fox -> weights @ garden_lot (Intent: sched_leisure_fox_3_1781825883272)
NPC_ASSIGN_ATTEMPT: Wild Fox -> paint @ study (Intent: sched_leisure_fox_4_1781825883272)
NPC_ASSIGN_ATTEMPT: Wild Fox -> weights @ garden_lot (Intent: sched_leisure_fox_0_1781825883272)
NPC_ASSIGN_ATTEMPT: Wild Fox -> weights @ garden_lot (Intent: sched_leisure_fox_1_1781825883272)
NPC_ASSIGN_ATTEMPT: Wild Fox -> writePoetry @ master_bedroom (Intent: sched_leisure_fox_2_1781825883272)
NPC_ASSIGN_ATTEMPT: Wild Fox -> writePoetry @ master_bedroom (Intent: sched_leisure_fox_3_1781825883272)
NPC_ASSIGN_ATTEMPT: Wild Fox -> writePoetry @ master_bedroom (Intent: sched_leisure_fox_4_1781825883272)
NPC_ASSIGN_ATTEMPT: Wild Fox -> writePoetry @ master_bedroom (Intent: sched_leisure_fox_0_1781825883272)
NPC_ASSIGN_ATTEMPT: Wild Fox -> weights @ garden_lot (Intent: sched_leisure_fox_1_1781825883272)
NPC_ASSIGN_ATTEMPT: Wild Fox -> weights @ garden_lot (Intent: sched_leisure_fox_2_1781825883272)
NPC_ASSIGN_ATTEMPT: Wild Fox -> weights @ garden_lot (Intent: sched_leisure_fox_3_1781825883272)
NPC_ASSIGN_ATTEMPT: Wild Fox -> weights @ garden_lot (Intent: sched_leisure_fox_4_1781825883272)
NPC_ASSIGN_ATTEMPT: Flaubert Giles -> cleanRoom @ entryway (Intent: low_pri_butler_cleanRoom_entryway)
NPC_ASSIGN_ATTEMPT: Wild Fox -> weights @ garden_lot (Intent: sched_leisure_fox_0_1781825883272)
NPC_ASSIGN_ATTEMPT: Wild Fox -> writePoetry @ master_bedroom (Intent: sched_leisure_fox_1_1781825883272)
NPC_ASSIGN_ATTEMPT: Wild Fox -> paint @ study (Intent: sched_leisure_fox_2_1781825883272)
NPC_ASSIGN_ATTEMPT: Wild Fox -> writePoetry @ master_bedroom (Intent: sched_leisure_fox_3_1781825883272)
NPC_ASSIGN_ATTEMPT: Wild Fox -> writePoetry @ master_bedroom (Intent: sched_leisure_fox_4_1781825883272)
NPC_ASSIGN_ATTEMPT: Wild Fox -> writePoetry @ master_bedroom (Intent: sched_leisure_fox_0_1781825883272)
NPC_ASSIGN_ATTEMPT: Wild Fox -> weights @ garden_lot (Intent: sched_leisure_fox_1_1781825883272)
NPC_ASSIGN_ATTEMPT: Wild Fox -> weights @ garden_lot (Intent: sched_leisure_fox_2_1781825883272)
NPC_ASSIGN_ATTEMPT: Wild Fox -> cardio @ garden_lot (Intent: sched_leisure_fox_3_1781825883272)
NPC_ASSIGN_ATTEMPT: Wild Fox -> weights @ garden_lot (Intent: sched_leisure_fox_4_1781825883272)
NPC_ASSIGN_ATTEMPT: Wild Fox -> weights @ garden_lot (Intent: sched_leisure_fox_0_1781825883272)
NPC_ASSIGN_ATTEMPT: Wild Fox -> writePoetry @ master_bedroom (Intent: sched_leisure_fox_1_1781825883272)
NPC_ASSIGN_ATTEMPT: Wild Fox -> writePoetry @ master_bedroom (Intent: sched_leisure_fox_2_1781825883272)
NPC_ASSIGN_ATTEMPT: Wild Fox -> writePoetry @ master_bedroom (Intent: sched_leisure_fox_3_1781825883272)
NPC_ASSIGN_ATTEMPT: Wild Fox -> paint @ study (Intent: sched_leisure_fox_4_1781825883272)
NPC_ASSIGN_ATTEMPT: Wild Fox -> writePoetry @ master_bedroom (Intent: sched_leisure_fox_0_1781825883272)
NPC_ASSIGN_ATTEMPT: Wild Fox -> weights @ garden_lot (Intent: sched_leisure_fox_1_1781825883272)
NPC_ASSIGN_ATTEMPT: Wild Fox -> weights @ garden_lot (Intent: sched_leisure_fox_2_1781825883272)
NPC_ASSIGN_ATTEMPT: Wild Fox -> weights @ garden_lot (Intent: sched_leisure_fox_3_1781825883272)
NPC_ASSIGN_ATTEMPT: Wild Fox -> weights @ garden_lot (Intent: sched_leisure_fox_4_1781825883272)
NPC_ASSIGN_ATTEMPT: Wild Fox -> weights @ garden_lot (Intent: sched_leisure_fox_0_1781825883272)
NPC_ASSIGN_ATTEMPT: Wild Fox -> writePoetry @ master_bedroom (Intent: sched_leisure_fox_1_1781825883272)
NPC_ASSIGN_ATTEMPT: Wild Fox -> writePoetry @ master_bedroom (Intent: sched_leisure_fox_2_1781825883272)
NPC_ASSIGN_ATTEMPT: Wild Fox -> writePoetry @ master_bedroom (Intent: sched_leisure_fox_3_1781825883272)
NPC_ASSIGN_ATTEMPT: Wild Fox -> writePoetry @ master_bedroom (Intent: sched_leisure_fox_4_1781825883272)
NPC_ASSIGN_ATTEMPT: Wild Fox -> writePoetry @ master_bedroom (Intent: sched_leisure_fox_0_1781825883272)
NPC_ASSIGN_ATTEMPT: Wild Fox -> paint @ study (Intent: sched_leisure_fox_1_1781825883272)
NPC_ASSIGN_ATTEMPT: Wild Fox -> weights @ garden_lot (Intent: sched_leisure_fox_2_1781825883272)
NPC_ASSIGN_ATTEMPT: Wild Fox -> weights @ garden_lot (Intent: sched_leisure_fox_3_1781825883272)
NPC_ASSIGN_ATTEMPT: Wild Fox -> weights @ garden_lot (Intent: sched_leisure_fox_4_1781825883272)
NPC_ASSIGN_ATTEMPT: Wild Fox -> weights @ garden_lot (Intent: sched_leisure_fox_0_1781825883272)
NPC_ASSIGN_ATTEMPT: Wild Fox -> writePoetry @ master_bedroom (Intent: sched_leisure_fox_1_1781825883272)
NPC_ASSIGN_ATTEMPT: Wild Fox -> writePoetry @ master_bedroom (Intent: sched_leisure_fox_2_1781825883272)
NPC_ASSIGN_ATTEMPT: Wild Fox -> weights @ garden_lot (Intent: sched_leisure_fox_3_1781825883272)
NPC_ASSIGN_ATTEMPT: Wild Fox -> writePoetry @ master_bedroom (Intent: sched_leisure_fox_4_1781825883272)
NPC_ASSIGN_ATTEMPT: Wild Fox -> paint @ study (Intent: sched_leisure_fox_0_1781825883272)
NPC_ASSIGN_ATTEMPT: Wild Fox -> weights @ garden_lot (Intent: sched_leisure_fox_1_1781825883272)
NPC_ASSIGN_ATTEMPT: Wild Fox -> weights @ garden_lot (Intent: sched_leisure_fox_2_1781825883272)
NPC_ASSIGN_ATTEMPT: Wild Fox -> writePoetry @ master_bedroom (Intent: sched_leisure_fox_3_1781825883272)
NPC_ASSIGN_ATTEMPT: Wild Fox -> weights @ garden_lot (Intent: sched_leisure_fox_4_1781825883272)
NPC_ASSIGN_ATTEMPT: Wild Fox -> weights @ garden_lot (Intent: sched_leisure_fox_0_1781825883272)
NPC_ASSIGN_ATTEMPT: Wild Fox -> weights @ garden_lot (Intent: sched_leisure_fox_1_1781825883272)
NPC_ASSIGN_ATTEMPT: Wild Fox -> writePoetry @ master_bedroom (Intent: sched_leisure_fox_2_1781825883272)
NPC_ASSIGN_ATTEMPT: Wild Fox -> cardio @ garden_lot (Intent: sched_leisure_fox_3_1781825883272)
NPC_ASSIGN_ATTEMPT: Wild Fox -> writePoetry @ master_bedroom (Intent: sched_leisure_fox_4_1781825883272)
NPC_ASSIGN_ATTEMPT: Wild Fox -> washHands @ bathroom_down (Intent: wash_hands_pre_sched_leisure_fox_0_1781825883272)
NPC_ASSIGN_ATTEMPT: Wild Fox -> writePoetry @ master_bedroom (Intent: sched_leisure_fox_1_1781825883272)
NPC_ASSIGN_ATTEMPT: Wild Fox -> goForWalk @ garden_lot (Intent: sched_leisure_fox_2_1781825883272)
NPC_ASSIGN_ATTEMPT: Wild Fox -> weights @ garden_lot (Intent: sched_leisure_fox_3_1781825883272)
NPC_ASSIGN_ATTEMPT: Wild Fox -> weights @ garden_lot (Intent: sched_leisure_fox_4_1781825883272)
NPC_ASSIGN_ATTEMPT: Wild Fox -> writePoetry @ master_bedroom (Intent: sched_leisure_fox_0_1781825883272)
NPC_ASSIGN_ATTEMPT: Wild Fox -> weights @ garden_lot (Intent: sched_leisure_fox_1_1781825883272)
NPC_ASSIGN_ATTEMPT: Wild Fox -> weights @ garden_lot (Intent: sched_leisure_fox_2_1781825883272)
NPC_ASSIGN_ATTEMPT: Wild Fox -> writePoetry @ master_bedroom (Intent: sched_leisure_fox_3_1781825883272)
NPC_ASSIGN_ATTEMPT: Wild Fox -> readBook @ vegetable_garden (Intent: sched_leisure_fox_4_1781825883272)
NPC_ASSIGN_ATTEMPT: Wild Fox -> weights @ garden_lot (Intent: sched_leisure_fox_0_1781825883272)
NPC_ASSIGN_ATTEMPT: Wild Fox -> weights @ garden_lot (Intent: sched_leisure_fox_1_1781825883272)
NPC_ASSIGN_ATTEMPT: Wild Fox -> weights @ garden_lot (Intent: sched_leisure_fox_2_1781825883272)
NPC_ASSIGN_ATTEMPT: Wild Fox -> weights @ garden_lot (Intent: sched_leisure_fox_3_1781825883272)
NPC_ASSIGN_ATTEMPT: Wild Fox -> weights @ garden_lot (Intent: sched_leisure_fox_4_1781825883272)
NPC_ASSIGN_ATTEMPT: Wild Fox -> writePoetry @ master_bedroom (Intent: sched_leisure_fox_0_1781825883272)
NPC_ASSIGN_ATTEMPT: Wild Fox -> writePoetry @ master_bedroom (Intent: sched_leisure_fox_1_1781825883272)
NPC_ASSIGN_ATTEMPT: Wild Fox -> writePoetry @ master_bedroom (Intent: sched_leisure_fox_2_1781825883272)
NPC_ASSIGN_ATTEMPT: Wild Fox -> readBook @ vegetable_garden (Intent: sched_leisure_fox_3_1781825883272)
NPC_ASSIGN_ATTEMPT: Wild Fox -> writePoetry @ master_bedroom (Intent: sched_leisure_fox_4_1781825883272)
NPC_ASSIGN_ATTEMPT: Wild Fox -> goForWalk @ garden_lot (Intent: sched_leisure_fox_0_1781825883272)
NPC_ASSIGN_ATTEMPT: Wild Fox -> weights @ garden_lot (Intent: sched_leisure_fox_1_1781825883272)
NPC_ASSIGN_ATTEMPT: Wild Fox -> weights @ garden_lot (Intent: sched_leisure_fox_2_1781825883272)
NPC_ASSIGN_ATTEMPT: Wild Fox -> writePoetry @ master_bedroom (Intent: sched_leisure_fox_3_1781825883272)
NPC_ASSIGN_ATTEMPT: Wild Fox -> weights @ garden_lot (Intent: sched_leisure_fox_4_1781825883272)
NPC_ASSIGN_ATTEMPT: Wild Fox -> weights @ garden_lot (Intent: sched_leisure_fox_0_1781825883272)
NPC_ASSIGN_ATTEMPT: Wild Fox -> writePoetry @ master_bedroom (Intent: sched_leisure_fox_1_1781825883272)
NPC_ASSIGN_ATTEMPT: Wild Fox -> writePoetry @ master_bedroom (Intent: sched_leisure_fox_2_1781825883272)
NPC_ASSIGN_ATTEMPT: Wild Fox -> weights @ garden_lot (Intent: sched_leisure_fox_3_1781825883272)
NPC_ASSIGN_ATTEMPT: Wild Fox -> writePoetry @ master_bedroom (Intent: sched_leisure_fox_4_1781825883272)
NPC_ASSIGN_ATTEMPT: Wild Fox -> weights @ garden_lot (Intent: sched_leisure_fox_0_1781825883272)
NPC_ASSIGN_ATTEMPT: Wild Fox -> weights @ garden_lot (Intent: sched_leisure_fox_1_1781825883272)
NPC_ASSIGN_ATTEMPT: Wild Fox -> weights @ garden_lot (Intent: sched_leisure_fox_2_1781825883272)
NPC_ASSIGN_ATTEMPT: Wild Fox -> writePoetry @ master_bedroom (Intent: sched_leisure_fox_3_1781825883272)
NPC_ASSIGN_ATTEMPT: Wild Fox -> weights @ garden_lot (Intent: sched_leisure_fox_4_1781825883272)
NPC_ASSIGN_ATTEMPT: Wild Fox -> writePoetry @ master_bedroom (Intent: sched_leisure_fox_0_1781825883272)
NPC_ASSIGN_ATTEMPT: Wild Fox -> cardio @ garden_lot (Intent: sched_leisure_fox_1_1781825883272)
NPC_ASSIGN_ATTEMPT: Wild Fox -> weights @ garden_lot (Intent: sched_leisure_fox_2_1781825883272)
NPC_ASSIGN_ATTEMPT: Wild Fox -> writePoetry @ master_bedroom (Intent: sched_leisure_fox_3_1781825883272)
NPC_ASSIGN_ATTEMPT: Wild Fox -> writePoetry @ master_bedroom (Intent: sched_leisure_fox_4_1781825883272)
NPC_ASSIGN_ATTEMPT: Wild Fox -> readBook @ vegetable_garden (Intent: sched_leisure_fox_0_1781825883272)
NPC_ASSIGN_ATTEMPT: Wild Fox -> weights @ garden_lot (Intent: sched_leisure_fox_1_1781825883272)
NPC_ASSIGN_ATTEMPT: Wild Fox -> writePoetry @ master_bedroom (Intent: sched_leisure_fox_2_1781825883272)
NPC_ASSIGN_ATTEMPT: Wild Fox -> cardio @ garden_lot (Intent: sched_leisure_fox_3_1781825883272)
NPC_ASSIGN_ATTEMPT: Wild Fox -> weights @ garden_lot (Intent: sched_leisure_fox_4_1781825883272)
NPC_ASSIGN_ATTEMPT: Wild Fox -> weights @ garden_lot (Intent: sched_leisure_fox_0_1781825883272)
NPC_ASSIGN_ATTEMPT: Wild Fox -> washHands @ bathroom_down (Intent: wash_hands_pre_sched_leisure_fox_1_1781825883272)
NPC_ASSIGN_ATTEMPT: Wild Fox -> paint @ study (Intent: sched_leisure_fox_2_1781825883272)
NPC_ASSIGN_ATTEMPT: Wild Fox -> weights @ garden_lot (Intent: sched_leisure_fox_3_1781825883272)
NPC_ASSIGN_ATTEMPT: Wild Fox -> writePoetry @ master_bedroom (Intent: sched_leisure_fox_4_1781825883272)
NPC_ASSIGN_ATTEMPT: Wild Fox -> goForWalk @ garden_lot (Intent: sched_leisure_fox_0_1781825883272)
NPC_ASSIGN_ATTEMPT: Wild Fox -> weights @ garden_lot (Intent: sched_leisure_fox_1_1781825883272)
NPC_ASSIGN_ATTEMPT: Wild Fox -> weights @ garden_lot (Intent: sched_leisure_fox_2_1781825883272)
NPC_ASSIGN_ATTEMPT: Wild Fox -> writePoetry @ master_bedroom (Intent: sched_leisure_fox_3_1781825883272)
NPC_ASSIGN_ATTEMPT: Wild Fox -> paint @ study (Intent: sched_leisure_fox_4_1781825883272)
NPC_ASSIGN_ATTEMPT: Flaubert Giles -> hauling @ study (Intent: haul_discovery_1781825883567)
NPC_ASSIGN_ATTEMPT: Wild Fox -> weights @ garden_lot (Intent: sched_leisure_fox_0_1781825883272)
NPC_ASSIGN_ATTEMPT: Wild Fox -> writePoetry @ master_bedroom (Intent: sched_leisure_fox_1_1781825883272)
NPC_ASSIGN_ATTEMPT: Wild Fox -> writePoetry @ master_bedroom (Intent: sched_leisure_fox_2_1781825883272)
NPC_ASSIGN_ATTEMPT: Wild Fox -> writePoetry @ master_bedroom (Intent: sched_leisure_fox_3_1781825883272)
NPC_ASSIGN_ATTEMPT: Wild Fox -> weights @ garden_lot (Intent: sched_leisure_fox_4_1781825883272)
NPC_ASSIGN_ATTEMPT: Wild Fox -> writePoetry @ master_bedroom (Intent: sched_leisure_fox_0_1781825883272)
NPC_ASSIGN_ATTEMPT: Wild Fox -> weights @ garden_lot (Intent: sched_leisure_fox_1_1781825883272)
NPC_ASSIGN_ATTEMPT: Wild Fox -> weights @ garden_lot (Intent: sched_leisure_fox_2_1781825883272)
NPC_ASSIGN_ATTEMPT: Wild Fox -> weights @ garden_lot (Intent: sched_leisure_fox_3_1781825883272)
NPC_ASSIGN_ATTEMPT: Wild Fox -> writePoetry @ master_bedroom (Intent: sched_leisure_fox_4_1781825883272)
NPC_ASSIGN_ATTEMPT: Wild Fox -> weights @ garden_lot (Intent: sched_leisure_fox_0_1781825883272)
NPC_ASSIGN_ATTEMPT: Wild Fox -> writePoetry @ master_bedroom (Intent: sched_leisure_fox_1_1781825883272)
NPC_ASSIGN_ATTEMPT: Wild Fox -> goForWalk @ garden_lot (Intent: sched_leisure_fox_2_1781825883272)
NPC_ASSIGN_ATTEMPT: Wild Fox -> writePoetry @ master_bedroom (Intent: sched_leisure_fox_3_1781825883272)
NPC_ASSIGN_ATTEMPT: Wild Fox -> weights @ garden_lot (Intent: sched_leisure_fox_4_1781825883272)
NPC_ASSIGN_ATTEMPT: Wild Fox -> readBook @ vegetable_garden (Intent: sched_leisure_fox_0_1781825883272)
NPC_ASSIGN_ATTEMPT: Wild Fox -> weights @ garden_lot (Intent: sched_leisure_fox_1_1781825883272)
NPC_ASSIGN_ATTEMPT: Wild Fox -> writePoetry @ master_bedroom (Intent: sched_leisure_fox_2_1781825883272)
NPC_ASSIGN_ATTEMPT: Wild Fox -> weights @ garden_lot (Intent: sched_leisure_fox_3_1781825883272)
NPC_ASSIGN_ATTEMPT: Wild Fox -> cardio @ garden_lot (Intent: sched_leisure_fox_4_1781825883272)
NPC_ASSIGN_ATTEMPT: Wild Fox -> writePoetry @ master_bedroom (Intent: sched_leisure_fox_0_1781825883272)
NPC_ASSIGN_ATTEMPT: Wild Fox -> weights @ garden_lot (Intent: sched_leisure_fox_1_1781825883272)
NPC_ASSIGN_ATTEMPT: Wild Fox -> weights @ garden_lot (Intent: sched_leisure_fox_2_1781825883272)
NPC_ASSIGN_ATTEMPT: Wild Fox -> writePoetry @ master_bedroom (Intent: sched_leisure_fox_3_1781825883272)
NPC_ASSIGN_ATTEMPT: Wild Fox -> washHands @ bathroom_down (Intent: wash_hands_pre_sched_leisure_fox_4_1781825883272)
NPC_ASSIGN_ATTEMPT: Wild Fox -> weights @ garden_lot (Intent: sched_leisure_fox_0_1781825883272)
NPC_ASSIGN_ATTEMPT: Wild Fox -> writePoetry @ master_bedroom (Intent: sched_leisure_fox_1_1781825883272)
NPC_ASSIGN_ATTEMPT: Wild Fox -> weights @ garden_lot (Intent: sched_leisure_fox_2_1781825883272)
NPC_ASSIGN_ATTEMPT: Wild Fox -> weights @ garden_lot (Intent: sched_leisure_fox_3_1781825883272)
NPC_ASSIGN_ATTEMPT: Wild Fox -> weights @ garden_lot (Intent: sched_leisure_fox_4_1781825883272)
NPC_ASSIGN_ATTEMPT: Wild Fox -> writePoetry @ master_bedroom (Intent: sched_leisure_fox_0_1781825883272)
NPC_ASSIGN_ATTEMPT: Wild Fox -> cardio @ garden_lot (Intent: sched_leisure_fox_1_1781825883272)
NPC_ASSIGN_ATTEMPT: Wild Fox -> weights @ garden_lot (Intent: sched_leisure_fox_2_1781825883272)
NPC_ASSIGN_ATTEMPT: Wild Fox -> writePoetry @ master_bedroom (Intent: sched_leisure_fox_3_1781825883272)
NPC_ASSIGN_ATTEMPT: Wild Fox -> writePoetry @ master_bedroom (Intent: sched_leisure_fox_4_1781825883272)
NPC_ASSIGN_ATTEMPT: Wild Fox -> weights @ garden_lot (Intent: sched_leisure_fox_0_1781825883272)
NPC_ASSIGN_ATTEMPT: Wild Fox -> writePoetry @ master_bedroom (Intent: sched_leisure_fox_1_1781825883272)
NPC_ASSIGN_ATTEMPT: Wild Fox -> writePoetry @ master_bedroom (Intent: sched_leisure_fox_2_1781825883272)
NPC_ASSIGN_ATTEMPT: Wild Fox -> weights @ garden_lot (Intent: sched_leisure_fox_3_1781825883272)
NPC_ASSIGN_ATTEMPT: Wild Fox -> weights @ garden_lot (Intent: sched_leisure_fox_4_1781825883272)
NPC_ASSIGN_ATTEMPT: Wild Fox -> writePoetry @ master_bedroom (Intent: sched_leisure_fox_0_1781825883272)
NPC_ASSIGN_ATTEMPT: Wild Fox -> weights @ garden_lot (Intent: sched_leisure_fox_1_1781825883272)
NPC_ASSIGN_ATTEMPT: Wild Fox -> weights @ garden_lot (Intent: sched_leisure_fox_2_1781825883272)
NPC_ASSIGN_ATTEMPT: Wild Fox -> writePoetry @ master_bedroom (Intent: sched_leisure_fox_3_1781825883272)
NPC_ASSIGN_ATTEMPT: Wild Fox -> weights @ garden_lot (Intent: sched_leisure_fox_4_1781825883272)
NPC_ASSIGN_ATTEMPT: Wild Fox -> weights @ garden_lot (Intent: sched_leisure_fox_0_1781825883272)
NPC_ASSIGN_ATTEMPT: Wild Fox -> writePoetry @ master_bedroom (Intent: sched_leisure_fox_1_1781825883272)
NPC_ASSIGN_ATTEMPT: Wild Fox -> writePoetry @ master_bedroom (Intent: sched_leisure_fox_2_1781825883272)
NPC_ASSIGN_ATTEMPT: Wild Fox -> weights @ garden_lot (Intent: sched_leisure_fox_3_1781825883272)
NPC_ASSIGN_ATTEMPT: Wild Fox -> weights @ garden_lot (Intent: sched_leisure_fox_4_1781825883272)
NPC_ASSIGN_ATTEMPT: Wild Fox -> writePoetry @ master_bedroom (Intent: sched_leisure_fox_0_1781825883272)
NPC_ASSIGN_ATTEMPT: Wild Fox -> goForWalk @ garden_lot (Intent: sched_leisure_fox_1_1781825883272)
NPC_ASSIGN_ATTEMPT: Wild Fox -> weights @ garden_lot (Intent: sched_leisure_fox_2_1781825883272)
NPC_ASSIGN_ATTEMPT: Wild Fox -> writePoetry @ master_bedroom (Intent: sched_leisure_fox_3_1781825883272)
NPC_ASSIGN_ATTEMPT: Wild Fox -> writePoetry @ master_bedroom (Intent: sched_leisure_fox_4_1781825883272)
NPC_ASSIGN_ATTEMPT: Wild Fox -> weights @ garden_lot (Intent: sched_leisure_fox_0_1781825883272)
NPC_ASSIGN_ATTEMPT: Wild Fox -> writePoetry @ master_bedroom (Intent: sched_leisure_fox_1_1781825883272)
NPC_ASSIGN_ATTEMPT: Wild Fox -> weights @ garden_lot (Intent: sched_leisure_fox_2_1781825883272)
NPC_ASSIGN_ATTEMPT: Wild Fox -> weights @ garden_lot (Intent: sched_leisure_fox_3_1781825883272)
NPC_ASSIGN_ATTEMPT: Wild Fox -> weights @ garden_lot (Intent: sched_leisure_fox_4_1781825883272)
NPC_ASSIGN_ATTEMPT: Wild Fox -> paint @ study (Intent: sched_leisure_fox_0_1781825883272)
NPC_ASSIGN_ATTEMPT: Wild Fox -> weights @ garden_lot (Intent: sched_leisure_fox_1_1781825883272)
NPC_ASSIGN_ATTEMPT: Wild Fox -> writePoetry @ master_bedroom (Intent: sched_leisure_fox_2_1781825883272)
NPC_ASSIGN_ATTEMPT: Wild Fox -> washHands @ bathroom_down (Intent: wash_hands_pre_sched_leisure_fox_3_1781825883272)
NPC_ASSIGN_ATTEMPT: Wild Fox -> weights @ garden_lot (Intent: sched_leisure_fox_4_1781825883272)
NPC_ASSIGN_ATTEMPT: Wild Fox -> writePoetry @ master_bedroom (Intent: sched_leisure_fox_0_1781825883272)
NPC_ASSIGN_ATTEMPT: Wild Fox -> writePoetry @ master_bedroom (Intent: sched_leisure_fox_1_1781825883272)
NPC_ASSIGN_ATTEMPT: Wild Fox -> cardio @ garden_lot (Intent: sched_leisure_fox_2_1781825883272)
NPC_ASSIGN_ATTEMPT: Wild Fox -> weights @ garden_lot (Intent: sched_leisure_fox_3_1781825883272)
NPC_ASSIGN_ATTEMPT: Wild Fox -> writePoetry @ master_bedroom (Intent: sched_leisure_fox_4_1781825883272)
NPC_ASSIGN_ATTEMPT: Wild Fox -> weights @ garden_lot (Intent: sched_leisure_fox_0_1781825883272)
NPC_ASSIGN_ATTEMPT: Wild Fox -> weights @ garden_lot (Intent: sched_leisure_fox_1_1781825883272)
NPC_ASSIGN_ATTEMPT: Wild Fox -> writePoetry @ master_bedroom (Intent: sched_leisure_fox_2_1781825883272)
NPC_ASSIGN_ATTEMPT: Wild Fox -> writePoetry @ master_bedroom (Intent: sched_leisure_fox_3_1781825883272)
NPC_ASSIGN_ATTEMPT: Wild Fox -> weights @ garden_lot (Intent: sched_leisure_fox_4_1781825883272)
NPC_ASSIGN_ATTEMPT: Wild Fox -> writePoetry @ master_bedroom (Intent: sched_leisure_fox_0_1781825883272)
NPC_ASSIGN_ATTEMPT: Wild Fox -> writePoetry @ master_bedroom (Intent: sched_leisure_fox_1_1781825883272)
NPC_ASSIGN_ATTEMPT: Wild Fox -> weights @ garden_lot (Intent: sched_leisure_fox_2_1781825883272)
NPC_ASSIGN_ATTEMPT: Wild Fox -> weights @ garden_lot (Intent: sched_leisure_fox_3_1781825883272)
NPC_ASSIGN_ATTEMPT: Wild Fox -> cardio @ garden_lot (Intent: sched_leisure_fox_4_1781825883272)
NPC_ASSIGN_ATTEMPT: Wild Fox -> readBook @ vegetable_garden (Intent: sched_leisure_fox_0_1781825883272)
NPC_ASSIGN_ATTEMPT: Wild Fox -> weights @ garden_lot (Intent: sched_leisure_fox_1_1781825883272)
NPC_ASSIGN_ATTEMPT: Wild Fox -> writePoetry @ master_bedroom (Intent: sched_leisure_fox_2_1781825883272)
NPC_ASSIGN_ATTEMPT: Wild Fox -> writePoetry @ master_bedroom (Intent: sched_leisure_fox_3_1781825883272)
NPC_ASSIGN_ATTEMPT: Wild Fox -> weights @ garden_lot (Intent: sched_leisure_fox_4_1781825883272)
NPC_ASSIGN_ATTEMPT: Wild Fox -> weights @ garden_lot (Intent: sched_leisure_fox_0_1781825883272)
NPC_ASSIGN_ATTEMPT: Wild Fox -> writePoetry @ master_bedroom (Intent: sched_leisure_fox_1_1781825883272)
NPC_ASSIGN_ATTEMPT: Wild Fox -> weights @ garden_lot (Intent: sched_leisure_fox_2_1781825883272)
NPC_ASSIGN_ATTEMPT: Wild Fox -> weights @ garden_lot (Intent: sched_leisure_fox_3_1781825883272)
NPC_ASSIGN_ATTEMPT: Wild Fox -> weights @ garden_lot (Intent: sched_leisure_fox_4_1781825883272)
NPC_ASSIGN_ATTEMPT: Wild Fox -> writePoetry @ master_bedroom (Intent: sched_leisure_fox_0_1781825883272)
NPC_ASSIGN_ATTEMPT: Wild Fox -> weights @ garden_lot (Intent: sched_leisure_fox_1_1781825883272)
NPC_ASSIGN_ATTEMPT: Wild Fox -> writePoetry @ master_bedroom (Intent: sched_leisure_fox_2_1781825883272)
NPC_ASSIGN_ATTEMPT: Wild Fox -> writePoetry @ master_bedroom (Intent: sched_leisure_fox_3_1781825883272)
NPC_ASSIGN_ATTEMPT: Wild Fox -> writePoetry @ master_bedroom (Intent: sched_leisure_fox_4_1781825883272)
NPC_ASSIGN_ATTEMPT: Wild Fox -> weights @ garden_lot (Intent: sched_leisure_fox_0_1781825883272)
NPC_ASSIGN_ATTEMPT: Wild Fox -> writePoetry @ master_bedroom (Intent: sched_leisure_fox_1_1781825883272)
NPC_ASSIGN_ATTEMPT: Wild Fox -> weights @ garden_lot (Intent: sched_leisure_fox_2_1781825883272)
NPC_ASSIGN_ATTEMPT: Wild Fox -> weights @ garden_lot (Intent: sched_leisure_fox_3_1781825883272)
NPC_ASSIGN_ATTEMPT: Wild Fox -> weights @ garden_lot (Intent: sched_leisure_fox_4_1781825883272)
NPC_ASSIGN_ATTEMPT: Wild Fox -> weights @ garden_lot (Intent: sched_leisure_fox_0_1781825883272)
NPC_ASSIGN_ATTEMPT: Wild Fox -> weights @ garden_lot (Intent: sched_leisure_fox_1_1781825883272)
NPC_ASSIGN_ATTEMPT: Wild Fox -> writePoetry @ master_bedroom (Intent: sched_leisure_fox_2_1781825883272)
NPC_ASSIGN_ATTEMPT: Wild Fox -> writePoetry @ master_bedroom (Intent: sched_leisure_fox_3_1781825883272)
NPC_ASSIGN_ATTEMPT: Wild Fox -> writePoetry @ master_bedroom (Intent: sched_leisure_fox_4_1781825883272)
NPC_ASSIGN_ATTEMPT: Wild Fox -> writePoetry @ master_bedroom (Intent: sched_leisure_fox_0_1781825883272)
NPC_ASSIGN_ATTEMPT: Wild Fox -> readBook @ vegetable_garden (Intent: sched_leisure_fox_1_1781825883272)
NPC_ASSIGN_ATTEMPT: Wild Fox -> weights @ garden_lot (Intent: sched_leisure_fox_2_1781825883272)
NPC_ASSIGN_ATTEMPT: Wild Fox -> weights @ garden_lot (Intent: sched_leisure_fox_3_1781825883272)
NPC_ASSIGN_ATTEMPT: Wild Fox -> weights @ garden_lot (Intent: sched_leisure_fox_4_1781825883272)
NPC_ASSIGN_ATTEMPT: Wild Fox -> weights @ garden_lot (Intent: sched_leisure_fox_0_1781825883272)
NPC_ASSIGN_ATTEMPT: Wild Fox -> weights @ garden_lot (Intent: sched_leisure_fox_1_1781825883272)
NPC_ASSIGN_ATTEMPT: Wild Fox -> writePoetry @ master_bedroom (Intent: sched_leisure_fox_2_1781825883272)
NPC_ASSIGN_ATTEMPT: Wild Fox -> readBook @ vegetable_garden (Intent: sched_leisure_fox_3_1781825883272)
NPC_ASSIGN_ATTEMPT: Wild Fox -> readBook @ vegetable_garden (Intent: sched_leisure_fox_4_1781825883272)
NPC_ASSIGN_ATTEMPT: Wild Fox -> readBook @ vegetable_garden (Intent: sched_leisure_fox_0_1781825883272)
NPC_ASSIGN_ATTEMPT: Wild Fox -> writePoetry @ master_bedroom (Intent: sched_leisure_fox_1_1781825883272)
NPC_ASSIGN_ATTEMPT: Wild Fox -> readBook @ vegetable_garden (Intent: sched_leisure_fox_2_1781825883272)
NPC_ASSIGN_ATTEMPT: Wild Fox -> weights @ garden_lot (Intent: sched_leisure_fox_3_1781825883272)
NPC_ASSIGN_ATTEMPT: Wild Fox -> weights @ garden_lot (Intent: sched_leisure_fox_4_1781825883272)
NPC_ASSIGN_ATTEMPT: Wild Fox -> weights @ garden_lot (Intent: sched_leisure_fox_0_1781825883272)
NPC_ASSIGN_ATTEMPT: Wild Fox -> weights @ garden_lot (Intent: sched_leisure_fox_1_1781825883272)
NPC_ASSIGN_ATTEMPT: Wild Fox -> weights @ garden_lot (Intent: sched_leisure_fox_2_1781825883272)
NPC_ASSIGN_ATTEMPT: Wild Fox -> readBook @ vegetable_garden (Intent: sched_leisure_fox_3_1781825883272)
NPC_ASSIGN_ATTEMPT: Wild Fox -> cardio @ garden_lot (Intent: sched_leisure_fox_4_1781825883272)
NPC_ASSIGN_ATTEMPT: Wild Fox -> writePoetry @ master_bedroom (Intent: sched_leisure_fox_0_1781825883272)
NPC_ASSIGN_ATTEMPT: Wild Fox -> writePoetry @ master_bedroom (Intent: sched_leisure_fox_1_1781825883272)
NPC_ASSIGN_ATTEMPT: Wild Fox -> writePoetry @ master_bedroom (Intent: sched_leisure_fox_2_1781825883272)
NPC_ASSIGN_ATTEMPT: Wild Fox -> writePoetry @ master_bedroom (Intent: sched_leisure_fox_3_1781825883272)
NPC_ASSIGN_ATTEMPT: Wild Fox -> weights @ garden_lot (Intent: sched_leisure_fox_4_1781825883272)
NPC_ASSIGN_ATTEMPT: Wild Fox -> weights @ garden_lot (Intent: sched_leisure_fox_0_1781825883272)
NPC_ASSIGN_ATTEMPT: Wild Fox -> weights @ garden_lot (Intent: sched_leisure_fox_1_1781825883272)
NPC_ASSIGN_ATTEMPT: Wild Fox -> weights @ garden_lot (Intent: sched_leisure_fox_2_1781825883272)
NPC_ASSIGN_ATTEMPT: Wild Fox -> weights @ garden_lot (Intent: sched_leisure_fox_3_1781825883272)
NPC_ASSIGN_ATTEMPT: Wild Fox -> paint @ study (Intent: sched_leisure_fox_4_1781825883272)
NPC_ASSIGN_ATTEMPT: Wild Fox -> readBook @ vegetable_garden (Intent: sched_leisure_fox_0_1781825883272)
NPC_ASSIGN_ATTEMPT: Wild Fox -> writePoetry @ master_bedroom (Intent: sched_leisure_fox_1_1781825883272)
NPC_ASSIGN_ATTEMPT: Wild Fox -> writePoetry @ master_bedroom (Intent: sched_leisure_fox_2_1781825883272)
NPC_ASSIGN_ATTEMPT: Wild Fox -> washHands @ bathroom_down (Intent: wash_hands_pre_sched_leisure_fox_3_1781825883272)
NPC_ASSIGN_ATTEMPT: Wild Fox -> writePoetry @ master_bedroom (Intent: sched_leisure_fox_4_1781825883272)
NPC_ASSIGN_ATTEMPT: Wild Fox -> weights @ garden_lot (Intent: sched_leisure_fox_0_1781825883272)
NPC_ASSIGN_ATTEMPT: Wild Fox -> weights @ garden_lot (Intent: sched_leisure_fox_1_1781825883272)
NPC_ASSIGN_ATTEMPT: Wild Fox -> weights @ garden_lot (Intent: sched_leisure_fox_2_1781825883272)
NPC_ASSIGN_ATTEMPT: Wild Fox -> weights @ garden_lot (Intent: sched_leisure_fox_3_1781825883272)
NPC_ASSIGN_ATTEMPT: Wild Fox -> weights @ garden_lot (Intent: sched_leisure_fox_4_1781825883272)
NPC_ASSIGN_ATTEMPT: Wild Fox -> writePoetry @ master_bedroom (Intent: sched_leisure_fox_0_1781825883272)
NPC_ASSIGN_ATTEMPT: Wild Fox -> writePoetry @ master_bedroom (Intent: sched_leisure_fox_1_1781825883272)
NPC_ASSIGN_ATTEMPT: Wild Fox -> weights @ garden_lot (Intent: sched_leisure_fox_2_1781825883272)
NPC_ASSIGN_ATTEMPT: Wild Fox -> weights @ garden_lot (Intent: sched_leisure_fox_3_1781825883272)
NPC_ASSIGN_ATTEMPT: Wild Fox -> cardio @ garden_lot (Intent: sched_leisure_fox_4_1781825883272)
NPC_ASSIGN_ATTEMPT: Flaubert Giles -> hunt @ entryway (Intent: low_pri_butler_hunt_entryway)
NPC_ASSIGN_ATTEMPT: Wild Fox -> weights @ garden_lot (Intent: sched_leisure_fox_0_1781825883272)
NPC_ASSIGN_ATTEMPT: Wild Fox -> weights @ garden_lot (Intent: sched_leisure_fox_1_1781825883272)
NPC_ASSIGN_ATTEMPT: Wild Fox -> writePoetry @ master_bedroom (Intent: sched_leisure_fox_2_1781825883272)
NPC_ASSIGN_ATTEMPT: Wild Fox -> writePoetry @ master_bedroom (Intent: sched_leisure_fox_3_1781825883272)
NPC_ASSIGN_ATTEMPT: Wild Fox -> weights @ garden_lot (Intent: sched_leisure_fox_4_1781825883272)
NPC_ASSIGN_ATTEMPT: Wild Fox -> washHands @ bathroom_down (Intent: wash_hands_pre_sched_leisure_fox_0_1781825883272)
NPC_ASSIGN_ATTEMPT: Wild Fox -> writePoetry @ master_bedroom (Intent: sched_leisure_fox_1_1781825883272)
NPC_ASSIGN_ATTEMPT: Wild Fox -> weights @ garden_lot (Intent: sched_leisure_fox_2_1781825883272)
NPC_ASSIGN_ATTEMPT: Wild Fox -> weights @ garden_lot (Intent: sched_leisure_fox_3_1781825883272)
NPC_ASSIGN_ATTEMPT: Wild Fox -> writePoetry @ master_bedroom (Intent: sched_leisure_fox_4_1781825883272)
NPC_ASSIGN_ATTEMPT: Wild Fox -> weights @ garden_lot (Intent: sched_leisure_fox_0_1781825883272)
NPC_ASSIGN_ATTEMPT: Wild Fox -> weights @ garden_lot (Intent: sched_leisure_fox_1_1781825883272)
NPC_ASSIGN_ATTEMPT: Wild Fox -> writePoetry @ master_bedroom (Intent: sched_leisure_fox_2_1781825883272)
NPC_ASSIGN_ATTEMPT: Wild Fox -> weights @ garden_lot (Intent: sched_leisure_fox_3_1781825883272)
NPC_ASSIGN_ATTEMPT: Wild Fox -> goForWalk @ garden_lot (Intent: sched_leisure_fox_4_1781825883272)
NPC_ASSIGN_ATTEMPT: Wild Fox -> writePoetry @ master_bedroom (Intent: sched_leisure_fox_0_1781825883272)
NPC_ASSIGN_ATTEMPT: Wild Fox -> washHands @ bathroom_down (Intent: wash_hands_pre_sched_leisure_fox_1_1781825883272)
NPC_ASSIGN_ATTEMPT: Wild Fox -> weights @ garden_lot (Intent: sched_leisure_fox_2_1781825883272)
NPC_ASSIGN_ATTEMPT: Wild Fox -> writePoetry @ master_bedroom (Intent: sched_leisure_fox_3_1781825883272)
NPC_ASSIGN_ATTEMPT: Wild Fox -> weights @ garden_lot (Intent: sched_leisure_fox_4_1781825883272)
NPC_ASSIGN_ATTEMPT: Wild Fox -> weights @ garden_lot (Intent: sched_leisure_fox_0_1781825883272)
NPC_ASSIGN_ATTEMPT: Wild Fox -> weights @ garden_lot (Intent: sched_leisure_fox_1_1781825883272)
NPC_ASSIGN_ATTEMPT: Wild Fox -> writePoetry @ master_bedroom (Intent: sched_leisure_fox_2_1781825883272)
NPC_ASSIGN_ATTEMPT: Wild Fox -> paint @ study (Intent: sched_leisure_fox_3_1781825883272)
NPC_ASSIGN_ATTEMPT: Wild Fox -> writePoetry @ master_bedroom (Intent: sched_leisure_fox_4_1781825883272)
NPC_ASSIGN_ATTEMPT: Flaubert Giles -> eat @ kitchen (Intent: sched_eat_player_12)
NPC_ASSIGN_ATTEMPT: Flaubert Giles -> eat @ kitchen (Intent: sched_eat_butler_12)
NPC_ASSIGN_ATTEMPT: Wild Fox -> writePoetry @ master_bedroom (Intent: sched_leisure_fox_0_1781825883272)
NPC_ASSIGN_ATTEMPT: Wild Fox -> washHands @ bathroom_down (Intent: wash_hands_pre_sched_leisure_fox_1_1781825883272)
NPC_ASSIGN_ATTEMPT: Wild Fox -> weights @ garden_lot (Intent: sched_leisure_fox_2_1781825883272)
NPC_ASSIGN_ATTEMPT: Wild Fox -> weights @ garden_lot (Intent: sched_leisure_fox_3_1781825883272)
NPC_ASSIGN_ATTEMPT: Wild Fox -> weights @ garden_lot (Intent: sched_leisure_fox_4_1781825883272)
NPC_ASSIGN_ATTEMPT: Partner -> eat @ kitchen (Intent: sched_eat_partner_12)
NPC_ASSIGN_ATTEMPT: Wild Fox -> weights @ garden_lot (Intent: sched_leisure_fox_0_1781825883272)
NPC_ASSIGN_ATTEMPT: Wild Fox -> weights @ garden_lot (Intent: sched_leisure_fox_1_1781825883272)
NPC_ASSIGN_ATTEMPT: Wild Fox -> writePoetry @ master_bedroom (Intent: sched_leisure_fox_2_1781825883272)
NPC_ASSIGN_ATTEMPT: Wild Fox -> writePoetry @ master_bedroom (Intent: sched_leisure_fox_3_1781825883272)
NPC_ASSIGN_ATTEMPT: Wild Fox -> writePoetry @ master_bedroom (Intent: sched_leisure_fox_4_1781825883272)
NPC_ASSIGN_ATTEMPT: Wild Fox -> writePoetry @ master_bedroom (Intent: sched_leisure_fox_0_1781825883272)
NPC_ASSIGN_ATTEMPT: Wild Fox -> writePoetry @ master_bedroom (Intent: sched_leisure_fox_1_1781825883272)
NPC_ASSIGN_ATTEMPT: Wild Fox -> weights @ garden_lot (Intent: sched_leisure_fox_2_1781825883272)
NPC_ASSIGN_ATTEMPT: Wild Fox -> weights @ garden_lot (Intent: sched_leisure_fox_3_1781825883272)
NPC_ASSIGN_ATTEMPT: Wild Fox -> weights @ garden_lot (Intent: sched_leisure_fox_4_1781825883272)
NPC_ASSIGN_ATTEMPT: Wild Fox -> weights @ garden_lot (Intent: sched_leisure_fox_0_1781825883272)
NPC_ASSIGN_ATTEMPT: Wild Fox -> weights @ garden_lot (Intent: sched_leisure_fox_1_1781825883272)
NPC_ASSIGN_ATTEMPT: Wild Fox -> writePoetry @ master_bedroom (Intent: sched_leisure_fox_2_1781825883272)
NPC_ASSIGN_ATTEMPT: Wild Fox -> readBook @ vegetable_garden (Intent: sched_leisure_fox_3_1781825883272)
NPC_ASSIGN_ATTEMPT: Wild Fox -> writePoetry @ master_bedroom (Intent: sched_leisure_fox_4_1781825883272)
NPC_ASSIGN_ATTEMPT: Wild Fox -> writePoetry @ master_bedroom (Intent: sched_leisure_fox_0_1781825883272)
NPC_ASSIGN_ATTEMPT: Wild Fox -> writePoetry @ master_bedroom (Intent: sched_leisure_fox_1_1781825883272)
NPC_ASSIGN_ATTEMPT: Wild Fox -> readBook @ vegetable_garden (Intent: sched_leisure_fox_2_1781825883272)
NPC_ASSIGN_ATTEMPT: Wild Fox -> weights @ garden_lot (Intent: sched_leisure_fox_3_1781825883272)
NPC_ASSIGN_ATTEMPT: Wild Fox -> weights @ garden_lot (Intent: sched_leisure_fox_4_1781825883272)
NPC_ASSIGN_ATTEMPT: Wild Fox -> weights @ garden_lot (Intent: sched_leisure_fox_0_1781825883272)
NPC_ASSIGN_ATTEMPT: Wild Fox -> weights @ garden_lot (Intent: sched_leisure_fox_1_1781825883272)
NPC_ASSIGN_ATTEMPT: Wild Fox -> writePoetry @ master_bedroom (Intent: sched_leisure_fox_2_1781825883272)
NPC_ASSIGN_ATTEMPT: Wild Fox -> writePoetry @ master_bedroom (Intent: sched_leisure_fox_3_1781825883272)
NPC_ASSIGN_ATTEMPT: Wild Fox -> goForWalk @ garden_lot (Intent: sched_leisure_fox_4_1781825883272)
NPC_ASSIGN_ATTEMPT: Wild Fox -> writePoetry @ master_bedroom (Intent: sched_leisure_fox_0_1781825883272)
NPC_ASSIGN_ATTEMPT: Wild Fox -> readBook @ vegetable_garden (Intent: sched_leisure_fox_1_1781825883272)
NPC_ASSIGN_ATTEMPT: Wild Fox -> weights @ garden_lot (Intent: sched_leisure_fox_2_1781825883272)
NPC_ASSIGN_ATTEMPT: Wild Fox -> weights @ garden_lot (Intent: sched_leisure_fox_3_1781825883272)
NPC_ASSIGN_ATTEMPT: Wild Fox -> writePoetry @ master_bedroom (Intent: sched_leisure_fox_4_1781825883272)
NPC_ASSIGN_ATTEMPT: Wild Fox -> weights @ garden_lot (Intent: sched_leisure_fox_0_1781825883272)
NPC_ASSIGN_ATTEMPT: Wild Fox -> writePoetry @ master_bedroom (Intent: sched_leisure_fox_1_1781825883272)
NPC_ASSIGN_ATTEMPT: Wild Fox -> weights @ garden_lot (Intent: sched_leisure_fox_2_1781825883272)
NPC_ASSIGN_ATTEMPT: Wild Fox -> writePoetry @ master_bedroom (Intent: sched_leisure_fox_3_1781825883272)
NPC_ASSIGN_ATTEMPT: Wild Fox -> weights @ garden_lot (Intent: sched_leisure_fox_4_1781825883272)
NPC_ASSIGN_ATTEMPT: Wild Fox -> writePoetry @ master_bedroom (Intent: sched_leisure_fox_0_1781825883272)
NPC_ASSIGN_ATTEMPT: Wild Fox -> weights @ garden_lot (Intent: sched_leisure_fox_1_1781825883272)
NPC_ASSIGN_ATTEMPT: Wild Fox -> writePoetry @ master_bedroom (Intent: sched_leisure_fox_2_1781825883272)
NPC_ASSIGN_ATTEMPT: Wild Fox -> goForWalk @ garden_lot (Intent: sched_leisure_fox_3_1781825883272)
NPC_ASSIGN_ATTEMPT: Wild Fox -> readBook @ vegetable_garden (Intent: sched_leisure_fox_4_1781825883272)
NPC_ASSIGN_ATTEMPT: Wild Fox -> paint @ study (Intent: sched_leisure_fox_0_1781825883272)
NPC_ASSIGN_ATTEMPT: Wild Fox -> readBook @ vegetable_garden (Intent: sched_leisure_fox_1_1781825883272)
NPC_ASSIGN_ATTEMPT: Wild Fox -> weights @ garden_lot (Intent: sched_leisure_fox_2_1781825883272)
NPC_ASSIGN_ATTEMPT: Wild Fox -> weights @ garden_lot (Intent: sched_leisure_fox_3_1781825883272)
NPC_ASSIGN_ATTEMPT: Wild Fox -> weights @ garden_lot (Intent: sched_leisure_fox_4_1781825883272)
NPC_ASSIGN_ATTEMPT: Wild Fox -> readBook @ vegetable_garden (Intent: sched_leisure_fox_0_1781825883272)
NPC_ASSIGN_ATTEMPT: Wild Fox -> weights @ garden_lot (Intent: sched_leisure_fox_1_1781825883272)
NPC_ASSIGN_ATTEMPT: Wild Fox -> writePoetry @ master_bedroom (Intent: sched_leisure_fox_2_1781825883272)
NPC_ASSIGN_ATTEMPT: Wild Fox -> writePoetry @ master_bedroom (Intent: sched_leisure_fox_3_1781825883272)
NPC_ASSIGN_ATTEMPT: Wild Fox -> readBook @ vegetable_garden (Intent: sched_leisure_fox_4_1781825883272)
NPC_ASSIGN_ATTEMPT: Wild Fox -> writePoetry @ master_bedroom (Intent: sched_leisure_fox_0_1781825883272)
NPC_ASSIGN_ATTEMPT: Wild Fox -> cardio @ garden_lot (Intent: sched_leisure_fox_1_1781825883272)
NPC_ASSIGN_ATTEMPT: Wild Fox -> weights @ garden_lot (Intent: sched_leisure_fox_2_1781825883272)
NPC_ASSIGN_ATTEMPT: Wild Fox -> paint @ study (Intent: sched_leisure_fox_3_1781825883272)
NPC_ASSIGN_ATTEMPT: Wild Fox -> weights @ garden_lot (Intent: sched_leisure_fox_4_1781825883272)
NPC_ASSIGN_ATTEMPT: Wild Fox -> writePoetry @ master_bedroom (Intent: sched_leisure_fox_0_1781825883272)
NPC_ASSIGN_ATTEMPT: Wild Fox -> weights @ garden_lot (Intent: sched_leisure_fox_1_1781825883272)
NPC_ASSIGN_ATTEMPT: Wild Fox -> writePoetry @ master_bedroom (Intent: sched_leisure_fox_2_1781825883272)
NPC_ASSIGN_ATTEMPT: Wild Fox -> writePoetry @ master_bedroom (Intent: sched_leisure_fox_3_1781825883272)
NPC_ASSIGN_ATTEMPT: Wild Fox -> writePoetry @ master_bedroom (Intent: sched_leisure_fox_4_1781825883272)
NPC_ASSIGN_ATTEMPT: Wild Fox -> weights @ garden_lot (Intent: sched_leisure_fox_0_1781825883272)
NPC_ASSIGN_ATTEMPT: Wild Fox -> writePoetry @ master_bedroom (Intent: sched_leisure_fox_1_1781825883272)
NPC_ASSIGN_ATTEMPT: Wild Fox -> weights @ garden_lot (Intent: sched_leisure_fox_2_1781825883272)
NPC_ASSIGN_ATTEMPT: Wild Fox -> weights @ garden_lot (Intent: sched_leisure_fox_3_1781825883272)
NPC_ASSIGN_ATTEMPT: Wild Fox -> weights @ garden_lot (Intent: sched_leisure_fox_4_1781825883272)
NPC_ASSIGN_ATTEMPT: Wild Fox -> writePoetry @ master_bedroom (Intent: sched_leisure_fox_0_1781825883272)
NPC_ASSIGN_ATTEMPT: Wild Fox -> writePoetry @ master_bedroom (Intent: sched_leisure_fox_1_1781825883272)
NPC_ASSIGN_ATTEMPT: Wild Fox -> paint @ study (Intent: sched_leisure_fox_2_1781825883272)
NPC_ASSIGN_ATTEMPT: Wild Fox -> writePoetry @ master_bedroom (Intent: sched_leisure_fox_3_1781825883272)
NPC_ASSIGN_ATTEMPT: Wild Fox -> writePoetry @ master_bedroom (Intent: sched_leisure_fox_4_1781825883272)
NPC_ASSIGN_ATTEMPT: Wild Fox -> weights @ garden_lot (Intent: sched_leisure_fox_0_1781825883272)
NPC_ASSIGN_ATTEMPT: Wild Fox -> cardio @ garden_lot (Intent: sched_leisure_fox_1_1781825883272)
NPC_ASSIGN_ATTEMPT: Wild Fox -> paint @ study (Intent: sched_leisure_fox_2_1781825883272)
NPC_ASSIGN_ATTEMPT: Wild Fox -> weights @ garden_lot (Intent: sched_leisure_fox_3_1781825883272)
NPC_ASSIGN_ATTEMPT: Wild Fox -> weights @ garden_lot (Intent: sched_leisure_fox_4_1781825883272)
NPC_ASSIGN_ATTEMPT: Wild Fox -> writePoetry @ master_bedroom (Intent: sched_leisure_fox_0_1781825883272)
NPC_ASSIGN_ATTEMPT: Wild Fox -> weights @ garden_lot (Intent: sched_leisure_fox_1_1781825883272)
NPC_ASSIGN_ATTEMPT: Wild Fox -> weights @ garden_lot (Intent: sched_leisure_fox_2_1781825883272)
NPC_ASSIGN_ATTEMPT: Wild Fox -> writePoetry @ master_bedroom (Intent: sched_leisure_fox_3_1781825883272)
NPC_ASSIGN_ATTEMPT: Wild Fox -> writePoetry @ master_bedroom (Intent: sched_leisure_fox_4_1781825883272)
NPC_ASSIGN_ATTEMPT: Wild Fox -> weights @ garden_lot (Intent: sched_leisure_fox_0_1781825883272)
NPC_ASSIGN_ATTEMPT: Wild Fox -> writePoetry @ master_bedroom (Intent: sched_leisure_fox_1_1781825883272)
NPC_ASSIGN_ATTEMPT: Wild Fox -> writePoetry @ master_bedroom (Intent: sched_leisure_fox_2_1781825883272)
NPC_ASSIGN_ATTEMPT: Wild Fox -> weights @ garden_lot (Intent: sched_leisure_fox_3_1781825883272)
NPC_ASSIGN_ATTEMPT: Wild Fox -> weights @ garden_lot (Intent: sched_leisure_fox_4_1781825883272)
NPC_ASSIGN_ATTEMPT: Wild Fox -> weights @ garden_lot (Intent: sched_leisure_fox_0_1781825883272)
NPC_ASSIGN_ATTEMPT: Wild Fox -> readBook @ vegetable_garden (Intent: sched_leisure_fox_1_1781825883272)
NPC_ASSIGN_ATTEMPT: Wild Fox -> weights @ garden_lot (Intent: sched_leisure_fox_2_1781825883272)
NPC_ASSIGN_ATTEMPT: Wild Fox -> writePoetry @ master_bedroom (Intent: sched_leisure_fox_3_1781825883272)
NPC_ASSIGN_ATTEMPT: Wild Fox -> writePoetry @ master_bedroom (Intent: sched_leisure_fox_4_1781825883272)
NPC_ASSIGN_ATTEMPT: Wild Fox -> writePoetry @ master_bedroom (Intent: sched_leisure_fox_0_1781825883272)
NPC_ASSIGN_ATTEMPT: Wild Fox -> weights @ garden_lot (Intent: sched_leisure_fox_1_1781825883272)
NPC_ASSIGN_ATTEMPT: Wild Fox -> writePoetry @ master_bedroom (Intent: sched_leisure_fox_2_1781825883272)
NPC_ASSIGN_ATTEMPT: Wild Fox -> weights @ garden_lot (Intent: sched_leisure_fox_3_1781825883272)
NPC_ASSIGN_ATTEMPT: Wild Fox -> weights @ garden_lot (Intent: sched_leisure_fox_4_1781825883272)
NPC_ASSIGN_ATTEMPT: Wild Fox -> readBook @ vegetable_garden (Intent: sched_leisure_fox_0_1781825883272)
NPC_ASSIGN_ATTEMPT: Wild Fox -> paint @ study (Intent: sched_leisure_fox_1_1781825883272)
NPC_ASSIGN_ATTEMPT: Wild Fox -> weights @ garden_lot (Intent: sched_leisure_fox_2_1781825883272)
NPC_ASSIGN_ATTEMPT: Wild Fox -> writePoetry @ master_bedroom (Intent: sched_leisure_fox_3_1781825883272)
NPC_ASSIGN_ATTEMPT: Wild Fox -> writePoetry @ master_bedroom (Intent: sched_leisure_fox_4_1781825883272)
NPC_ASSIGN_ATTEMPT: Wild Fox -> weights @ garden_lot (Intent: sched_leisure_fox_0_1781825883272)
NPC_ASSIGN_ATTEMPT: Wild Fox -> writePoetry @ master_bedroom (Intent: sched_leisure_fox_1_1781825883272)
NPC_ASSIGN_ATTEMPT: Wild Fox -> weights @ garden_lot (Intent: sched_leisure_fox_2_1781825883272)
NPC_ASSIGN_ATTEMPT: Wild Fox -> goForWalk @ garden_lot (Intent: sched_leisure_fox_3_1781825883272)
NPC_ASSIGN_ATTEMPT: Wild Fox -> weights @ garden_lot (Intent: sched_leisure_fox_4_1781825883272)
NPC_ASSIGN_ATTEMPT: Wild Fox -> writePoetry @ master_bedroom (Intent: sched_leisure_fox_0_1781825883272)
NPC_ASSIGN_ATTEMPT: Wild Fox -> weights @ garden_lot (Intent: sched_leisure_fox_1_1781825883272)
NPC_ASSIGN_ATTEMPT: Wild Fox -> weights @ garden_lot (Intent: sched_leisure_fox_2_1781825883272)
NPC_ASSIGN_ATTEMPT: Wild Fox -> writePoetry @ master_bedroom (Intent: sched_leisure_fox_3_1781825883272)
NPC_ASSIGN_ATTEMPT: Wild Fox -> writePoetry @ master_bedroom (Intent: sched_leisure_fox_4_1781825883272)
NPC_ASSIGN_ATTEMPT: Wild Fox -> weights @ garden_lot (Intent: sched_leisure_fox_0_1781825883272)
NPC_ASSIGN_ATTEMPT: Wild Fox -> paint @ study (Intent: sched_leisure_fox_1_1781825883272)
NPC_ASSIGN_ATTEMPT: Wild Fox -> writePoetry @ master_bedroom (Intent: sched_leisure_fox_2_1781825883272)
NPC_ASSIGN_ATTEMPT: Wild Fox -> weights @ garden_lot (Intent: sched_leisure_fox_3_1781825883272)
NPC_ASSIGN_ATTEMPT: Wild Fox -> weights @ garden_lot (Intent: sched_leisure_fox_4_1781825883272)
NPC_ASSIGN_ATTEMPT: Wild Fox -> readBook @ vegetable_garden (Intent: sched_leisure_fox_0_1781825883272)
NPC_ASSIGN_ATTEMPT: Wild Fox -> weights @ garden_lot (Intent: sched_leisure_fox_1_1781825883272)
NPC_ASSIGN_ATTEMPT: Wild Fox -> weights @ garden_lot (Intent: sched_leisure_fox_2_1781825883272)
NPC_ASSIGN_ATTEMPT: Wild Fox -> readBook @ vegetable_garden (Intent: sched_leisure_fox_3_1781825883272)
NPC_ASSIGN_ATTEMPT: Wild Fox -> paint @ study (Intent: sched_leisure_fox_4_1781825883272)
NPC_ASSIGN_ATTEMPT: Wild Fox -> weights @ garden_lot (Intent: sched_leisure_fox_0_1781825883272)
NPC_ASSIGN_ATTEMPT: Wild Fox -> writePoetry @ master_bedroom (Intent: sched_leisure_fox_1_1781825883272)
NPC_ASSIGN_ATTEMPT: Wild Fox -> cardio @ garden_lot (Intent: sched_leisure_fox_2_1781825883272)
NPC_ASSIGN_ATTEMPT: Wild Fox -> writePoetry @ master_bedroom (Intent: sched_leisure_fox_3_1781825883272)
NPC_ASSIGN_ATTEMPT: Wild Fox -> weights @ garden_lot (Intent: sched_leisure_fox_4_1781825883272)
NPC_ASSIGN_ATTEMPT: Wild Fox -> weights @ garden_lot (Intent: sched_leisure_fox_0_1781825883272)
NPC_ASSIGN_ATTEMPT: Wild Fox -> weights @ garden_lot (Intent: sched_leisure_fox_1_1781825883272)
NPC_ASSIGN_ATTEMPT: Wild Fox -> writePoetry @ master_bedroom (Intent: sched_leisure_fox_2_1781825883272)
NPC_ASSIGN_ATTEMPT: Wild Fox -> goForWalk @ garden_lot (Intent: sched_leisure_fox_3_1781825883272)
NPC_ASSIGN_ATTEMPT: Wild Fox -> washHands @ bathroom_down (Intent: wash_hands_pre_sched_leisure_fox_4_1781825883272)
NPC_ASSIGN_ATTEMPT: Wild Fox -> paint @ study (Intent: sched_leisure_fox_0_1781825883272)
NPC_ASSIGN_ATTEMPT: Wild Fox -> writePoetry @ master_bedroom (Intent: sched_leisure_fox_1_1781825883272)
NPC_ASSIGN_ATTEMPT: Wild Fox -> readBook @ vegetable_garden (Intent: sched_leisure_fox_2_1781825883272)
NPC_ASSIGN_ATTEMPT: Wild Fox -> weights @ garden_lot (Intent: sched_leisure_fox_3_1781825883272)
NPC_ASSIGN_ATTEMPT: Wild Fox -> weights @ garden_lot (Intent: sched_leisure_fox_4_1781825883272)
NPC_ASSIGN_ATTEMPT: Wild Fox -> weights @ garden_lot (Intent: sched_leisure_fox_0_1781825883272)
NPC_ASSIGN_ATTEMPT: Wild Fox -> cardio @ garden_lot (Intent: sched_leisure_fox_1_1781825883272)
NPC_ASSIGN_ATTEMPT: Wild Fox -> writePoetry @ master_bedroom (Intent: sched_leisure_fox_2_1781825883272)
NPC_ASSIGN_ATTEMPT: Wild Fox -> writePoetry @ master_bedroom (Intent: sched_leisure_fox_3_1781825883272)
NPC_ASSIGN_ATTEMPT: Wild Fox -> writePoetry @ master_bedroom (Intent: sched_leisure_fox_4_1781825883272)
NPC_ASSIGN_ATTEMPT: Wild Fox -> writePoetry @ master_bedroom (Intent: sched_leisure_fox_0_1781825883272)
NPC_ASSIGN_ATTEMPT: Wild Fox -> writePoetry @ master_bedroom (Intent: sched_leisure_fox_1_1781825883272)
NPC_ASSIGN_ATTEMPT: Wild Fox -> weights @ garden_lot (Intent: sched_leisure_fox_2_1781825883272)
NPC_ASSIGN_ATTEMPT: Wild Fox -> weights @ garden_lot (Intent: sched_leisure_fox_3_1781825883272)
NPC_ASSIGN_ATTEMPT: Wild Fox -> weights @ garden_lot (Intent: sched_leisure_fox_4_1781825883272)
NPC_ASSIGN_ATTEMPT: Wild Fox -> weights @ garden_lot (Intent: sched_leisure_fox_0_1781825883272)
NPC_ASSIGN_ATTEMPT: Wild Fox -> writePoetry @ master_bedroom (Intent: sched_leisure_fox_1_1781825883272)
NPC_ASSIGN_ATTEMPT: Wild Fox -> paint @ study (Intent: sched_leisure_fox_2_1781825883272)
NPC_ASSIGN_ATTEMPT: Wild Fox -> writePoetry @ master_bedroom (Intent: sched_leisure_fox_3_1781825883272)
NPC_ASSIGN_ATTEMPT: Wild Fox -> readBook @ vegetable_garden (Intent: sched_leisure_fox_4_1781825883272)
NPC_ASSIGN_ATTEMPT: Wild Fox -> weights @ garden_lot (Intent: sched_leisure_fox_0_1781825883272)
NPC_ASSIGN_ATTEMPT: Wild Fox -> weights @ garden_lot (Intent: sched_leisure_fox_1_1781825883272)
NPC_ASSIGN_ATTEMPT: Wild Fox -> weights @ garden_lot (Intent: sched_leisure_fox_2_1781825883272)
NPC_ASSIGN_ATTEMPT: Wild Fox -> weights @ garden_lot (Intent: sched_leisure_fox_3_1781825883272)
NPC_ASSIGN_ATTEMPT: Wild Fox -> writePoetry @ master_bedroom (Intent: sched_leisure_fox_4_1781825883272)
NPC_ASSIGN_ATTEMPT: Wild Fox -> writePoetry @ master_bedroom (Intent: sched_leisure_fox_0_1781825883272)
NPC_ASSIGN_ATTEMPT: Wild Fox -> writePoetry @ master_bedroom (Intent: sched_leisure_fox_1_1781825883272)
NPC_ASSIGN_ATTEMPT: Wild Fox -> washHands @ bathroom_down (Intent: wash_hands_pre_sched_leisure_fox_2_1781825883272)
NPC_ASSIGN_ATTEMPT: Wild Fox -> writePoetry @ master_bedroom (Intent: sched_leisure_fox_3_1781825883272)
NPC_ASSIGN_ATTEMPT: Wild Fox -> weights @ garden_lot (Intent: sched_leisure_fox_4_1781825883272)
NPC_ASSIGN_ATTEMPT: Wild Fox -> weights @ garden_lot (Intent: sched_leisure_fox_0_1781825883272)
NPC_ASSIGN_ATTEMPT: Wild Fox -> weights @ garden_lot (Intent: sched_leisure_fox_1_1781825883272)
NPC_ASSIGN_ATTEMPT: Wild Fox -> weights @ garden_lot (Intent: sched_leisure_fox_2_1781825883272)
NPC_ASSIGN_ATTEMPT: Wild Fox -> weights @ garden_lot (Intent: sched_leisure_fox_3_1781825883272)
NPC_ASSIGN_ATTEMPT: Wild Fox -> weights @ garden_lot (Intent: sched_leisure_fox_4_1781825883272)
NPC_ASSIGN_ATTEMPT: Wild Fox -> writePoetry @ master_bedroom (Intent: sched_leisure_fox_0_1781825883272)
NPC_ASSIGN_ATTEMPT: Wild Fox -> writePoetry @ master_bedroom (Intent: sched_leisure_fox_1_1781825883272)
NPC_ASSIGN_ATTEMPT: Wild Fox -> writePoetry @ master_bedroom (Intent: sched_leisure_fox_2_1781825883272)
NPC_ASSIGN_ATTEMPT: Wild Fox -> goForWalk @ garden_lot (Intent: sched_leisure_fox_3_1781825883272)
NPC_ASSIGN_ATTEMPT: Wild Fox -> writePoetry @ master_bedroom (Intent: sched_leisure_fox_4_1781825883272)
NPC_ASSIGN_ATTEMPT: Wild Fox -> weights @ garden_lot (Intent: sched_leisure_fox_0_1781825883272)
NPC_ASSIGN_ATTEMPT: Wild Fox -> goForWalk @ garden_lot (Intent: sched_leisure_fox_1_1781825883272)
NPC_ASSIGN_ATTEMPT: Wild Fox -> goForWalk @ garden_lot (Intent: sched_leisure_fox_2_1781825883272)
NPC_ASSIGN_ATTEMPT: Wild Fox -> goForWalk @ garden_lot (Intent: sched_leisure_fox_3_1781825883272)
NPC_ASSIGN_ATTEMPT: Wild Fox -> weights @ garden_lot (Intent: sched_leisure_fox_4_1781825883272)
NPC_ASSIGN_ATTEMPT: Wild Fox -> writePoetry @ master_bedroom (Intent: sched_leisure_fox_0_1781825883272)
NPC_ASSIGN_ATTEMPT: Wild Fox -> weights @ garden_lot (Intent: sched_leisure_fox_1_1781825883272)
NPC_ASSIGN_ATTEMPT: Wild Fox -> readBook @ vegetable_garden (Intent: sched_leisure_fox_2_1781825883272)
NPC_ASSIGN_ATTEMPT: Wild Fox -> readBook @ vegetable_garden (Intent: sched_leisure_fox_3_1781825883272)
NPC_ASSIGN_ATTEMPT: Wild Fox -> cardio @ garden_lot (Intent: sched_leisure_fox_4_1781825883272)
NPC_ASSIGN_ATTEMPT: Wild Fox -> goForWalk @ garden_lot (Intent: sched_leisure_fox_0_1781825883272)
NPC_ASSIGN_ATTEMPT: Wild Fox -> writePoetry @ master_bedroom (Intent: sched_leisure_fox_1_1781825883272)
NPC_ASSIGN_ATTEMPT: Wild Fox -> writePoetry @ master_bedroom (Intent: sched_leisure_fox_2_1781825883272)
NPC_ASSIGN_ATTEMPT: Wild Fox -> writePoetry @ master_bedroom (Intent: sched_leisure_fox_3_1781825883272)
NPC_ASSIGN_ATTEMPT: Wild Fox -> writePoetry @ master_bedroom (Intent: sched_leisure_fox_4_1781825883272)
NPC_ASSIGN_ATTEMPT: Wild Fox -> writePoetry @ master_bedroom (Intent: sched_leisure_fox_0_1781825883272)
NPC_ASSIGN_ATTEMPT: Wild Fox -> paint @ study (Intent: sched_leisure_fox_1_1781825883272)
NPC_ASSIGN_ATTEMPT: Wild Fox -> readBook @ vegetable_garden (Intent: sched_leisure_fox_2_1781825883272)
NPC_ASSIGN_ATTEMPT: Wild Fox -> weights @ garden_lot (Intent: sched_leisure_fox_3_1781825883272)
NPC_ASSIGN_ATTEMPT: Wild Fox -> weights @ garden_lot (Intent: sched_leisure_fox_4_1781825883272)
NPC_ASSIGN_ATTEMPT: Wild Fox -> weights @ garden_lot (Intent: sched_leisure_fox_0_1781825883272)
NPC_ASSIGN_ATTEMPT: Wild Fox -> weights @ garden_lot (Intent: sched_leisure_fox_1_1781825883272)
NPC_ASSIGN_ATTEMPT: Wild Fox -> weights @ garden_lot (Intent: sched_leisure_fox_2_1781825883272)
NPC_ASSIGN_ATTEMPT: Wild Fox -> writePoetry @ master_bedroom (Intent: sched_leisure_fox_3_1781825883272)
NPC_ASSIGN_ATTEMPT: Wild Fox -> writePoetry @ master_bedroom (Intent: sched_leisure_fox_4_1781825883272)
NPC_ASSIGN_ATTEMPT: Wild Fox -> weights @ garden_lot (Intent: sched_leisure_fox_0_1781825883272)
NPC_ASSIGN_ATTEMPT: Wild Fox -> goForWalk @ garden_lot (Intent: sched_leisure_fox_1_1781825883272)
NPC_ASSIGN_ATTEMPT: Wild Fox -> weights @ garden_lot (Intent: sched_leisure_fox_2_1781825883272)
NPC_ASSIGN_ATTEMPT: Wild Fox -> weights @ garden_lot (Intent: sched_leisure_fox_3_1781825883272)
NPC_ASSIGN_ATTEMPT: Wild Fox -> weights @ garden_lot (Intent: sched_leisure_fox_4_1781825883272)
NPC_ASSIGN_ATTEMPT: Wild Fox -> writePoetry @ master_bedroom (Intent: sched_leisure_fox_0_1781825883272)
NPC_ASSIGN_ATTEMPT: Wild Fox -> writePoetry @ master_bedroom (Intent: sched_leisure_fox_1_1781825883272)
NPC_ASSIGN_ATTEMPT: Wild Fox -> writePoetry @ master_bedroom (Intent: sched_leisure_fox_2_1781825883272)
NPC_ASSIGN_ATTEMPT: Wild Fox -> writePoetry @ master_bedroom (Intent: sched_leisure_fox_3_1781825883272)
NPC_ASSIGN_ATTEMPT: Wild Fox -> goForWalk @ garden_lot (Intent: sched_leisure_fox_4_1781825883272)
NPC_ASSIGN_ATTEMPT: Wild Fox -> weights @ garden_lot (Intent: sched_leisure_fox_0_1781825883272)
NPC_ASSIGN_ATTEMPT: Wild Fox -> weights @ garden_lot (Intent: sched_leisure_fox_1_1781825883272)
NPC_ASSIGN_ATTEMPT: Wild Fox -> weights @ garden_lot (Intent: sched_leisure_fox_2_1781825883272)
NPC_ASSIGN_ATTEMPT: Wild Fox -> weights @ garden_lot (Intent: sched_leisure_fox_3_1781825883272)
NPC_ASSIGN_ATTEMPT: Wild Fox -> writePoetry @ master_bedroom (Intent: sched_leisure_fox_4_1781825883272)
NPC_ASSIGN_ATTEMPT: Wild Fox -> writePoetry @ master_bedroom (Intent: sched_leisure_fox_0_1781825883272)
NPC_ASSIGN_ATTEMPT: Wild Fox -> writePoetry @ master_bedroom (Intent: sched_leisure_fox_1_1781825883272)
NPC_ASSIGN_ATTEMPT: Wild Fox -> weights @ garden_lot (Intent: sched_leisure_fox_2_1781825883272)
NPC_ASSIGN_ATTEMPT: Wild Fox -> writePoetry @ master_bedroom (Intent: sched_leisure_fox_3_1781825883272)
NPC_ASSIGN_ATTEMPT: Wild Fox -> weights @ garden_lot (Intent: sched_leisure_fox_4_1781825883272)
NPC_ASSIGN_ATTEMPT: Wild Fox -> weights @ garden_lot (Intent: sched_leisure_fox_0_1781825883272)
NPC_ASSIGN_ATTEMPT: Wild Fox -> weights @ garden_lot (Intent: sched_leisure_fox_1_1781825883272)
NPC_ASSIGN_ATTEMPT: Wild Fox -> weights @ garden_lot (Intent: sched_leisure_fox_2_1781825883272)
NPC_ASSIGN_ATTEMPT: Wild Fox -> weights @ garden_lot (Intent: sched_leisure_fox_3_1781825883272)
NPC_ASSIGN_ATTEMPT: Wild Fox -> writePoetry @ master_bedroom (Intent: sched_leisure_fox_4_1781825883272)
NPC_ASSIGN_ATTEMPT: Wild Fox -> cardio @ garden_lot (Intent: sched_leisure_fox_0_1781825883272)
NPC_ASSIGN_ATTEMPT: Wild Fox -> writePoetry @ master_bedroom (Intent: sched_leisure_fox_1_1781825883272)
NPC_ASSIGN_ATTEMPT: Wild Fox -> writePoetry @ master_bedroom (Intent: sched_leisure_fox_2_1781825883272)
NPC_ASSIGN_ATTEMPT: Wild Fox -> writePoetry @ master_bedroom (Intent: sched_leisure_fox_3_1781825883272)
NPC_ASSIGN_ATTEMPT: Wild Fox -> weights @ garden_lot (Intent: sched_leisure_fox_4_1781825883272)
NPC_ASSIGN_ATTEMPT: Wild Fox -> weights @ garden_lot (Intent: sched_leisure_fox_0_1781825883272)
NPC_ASSIGN_ATTEMPT: Wild Fox -> weights @ garden_lot (Intent: sched_leisure_fox_1_1781825883272)
NPC_ASSIGN_ATTEMPT: Wild Fox -> weights @ garden_lot (Intent: sched_leisure_fox_2_1781825883272)
NPC_ASSIGN_ATTEMPT: Wild Fox -> weights @ garden_lot (Intent: sched_leisure_fox_3_1781825883272)
NPC_ASSIGN_ATTEMPT: Wild Fox -> goForWalk @ garden_lot (Intent: sched_leisure_fox_4_1781825883272)
NPC_ASSIGN_ATTEMPT: Wild Fox -> writePoetry @ master_bedroom (Intent: sched_leisure_fox_0_1781825883272)
NPC_ASSIGN_ATTEMPT: Wild Fox -> writePoetry @ master_bedroom (Intent: sched_leisure_fox_1_1781825883272)
NPC_ASSIGN_ATTEMPT: Wild Fox -> weights @ garden_lot (Intent: sched_leisure_fox_2_1781825883272)
NPC_ASSIGN_ATTEMPT: Wild Fox -> writePoetry @ master_bedroom (Intent: sched_leisure_fox_3_1781825883272)
NPC_ASSIGN_ATTEMPT: Wild Fox -> writePoetry @ master_bedroom (Intent: sched_leisure_fox_4_1781825883272)
NPC_ASSIGN_ATTEMPT: Wild Fox -> weights @ garden_lot (Intent: sched_leisure_fox_0_1781825883272)
NPC_ASSIGN_ATTEMPT: Wild Fox -> weights @ garden_lot (Intent: sched_leisure_fox_1_1781825883272)
NPC_ASSIGN_ATTEMPT: Wild Fox -> weights @ garden_lot (Intent: sched_leisure_fox_2_1781825883272)
NPC_ASSIGN_ATTEMPT: Wild Fox -> weights @ garden_lot (Intent: sched_leisure_fox_3_1781825883272)
NPC_ASSIGN_ATTEMPT: Wild Fox -> weights @ garden_lot (Intent: sched_leisure_fox_4_1781825883272)
NPC_ASSIGN_ATTEMPT: Wild Fox -> writePoetry @ master_bedroom (Intent: sched_leisure_fox_0_1781825883272)
NPC_ASSIGN_ATTEMPT: Wild Fox -> writePoetry @ master_bedroom (Intent: sched_leisure_fox_1_1781825883272)
NPC_ASSIGN_ATTEMPT: Wild Fox -> writePoetry @ master_bedroom (Intent: sched_leisure_fox_2_1781825883272)
NPC_ASSIGN_ATTEMPT: Wild Fox -> washHands @ bathroom_down (Intent: wash_hands_pre_sched_leisure_fox_3_1781825883272)
NPC_ASSIGN_ATTEMPT: Wild Fox -> weights @ garden_lot (Intent: sched_leisure_fox_4_1781825883272)
NPC_ASSIGN_ATTEMPT: Wild Fox -> weights @ garden_lot (Intent: sched_leisure_fox_0_1781825883272)
NPC_ASSIGN_ATTEMPT: Wild Fox -> weights @ garden_lot (Intent: sched_leisure_fox_1_1781825883272)
NPC_ASSIGN_ATTEMPT: Wild Fox -> weights @ garden_lot (Intent: sched_leisure_fox_2_1781825883272)
NPC_ASSIGN_ATTEMPT: Wild Fox -> weights @ garden_lot (Intent: sched_leisure_fox_3_1781825883272)
NPC_ASSIGN_ATTEMPT: Wild Fox -> weights @ garden_lot (Intent: sched_leisure_fox_4_1781825883272)
NPC_ASSIGN_ATTEMPT: Wild Fox -> cardio @ garden_lot (Intent: sched_leisure_fox_0_1781825883272)
NPC_ASSIGN_ATTEMPT: Wild Fox -> writePoetry @ master_bedroom (Intent: sched_leisure_fox_1_1781825883272)
NPC_ASSIGN_ATTEMPT: Wild Fox -> weights @ garden_lot (Intent: sched_leisure_fox_2_1781825883272)
NPC_ASSIGN_ATTEMPT: Wild Fox -> writePoetry @ master_bedroom (Intent: sched_leisure_fox_3_1781825883272)
NPC_ASSIGN_ATTEMPT: Wild Fox -> writePoetry @ master_bedroom (Intent: sched_leisure_fox_4_1781825883272)
NPC_ASSIGN_ATTEMPT: Wild Fox -> weights @ garden_lot (Intent: sched_leisure_fox_0_1781825883272)
NPC_ASSIGN_ATTEMPT: Wild Fox -> weights @ garden_lot (Intent: sched_leisure_fox_1_1781825883272)
NPC_ASSIGN_ATTEMPT: Wild Fox -> writePoetry @ master_bedroom (Intent: sched_leisure_fox_2_1781825883272)
NPC_ASSIGN_ATTEMPT: Wild Fox -> weights @ garden_lot (Intent: sched_leisure_fox_3_1781825883272)
NPC_ASSIGN_ATTEMPT: Wild Fox -> writePoetry @ master_bedroom (Intent: sched_leisure_fox_4_1781825883272)
NPC_ASSIGN_ATTEMPT: Wild Fox -> paint @ study (Intent: sched_leisure_fox_0_1781825883272)
NPC_ASSIGN_ATTEMPT: Wild Fox -> writePoetry @ master_bedroom (Intent: sched_leisure_fox_1_1781825883272)
NPC_ASSIGN_ATTEMPT: Wild Fox -> weights @ garden_lot (Intent: sched_leisure_fox_2_1781825883272)
NPC_ASSIGN_ATTEMPT: Wild Fox -> writePoetry @ master_bedroom (Intent: sched_leisure_fox_3_1781825883272)
NPC_ASSIGN_ATTEMPT: Wild Fox -> weights @ garden_lot (Intent: sched_leisure_fox_4_1781825883272)
NPC_ASSIGN_ATTEMPT: Wild Fox -> weights @ garden_lot (Intent: sched_leisure_fox_0_1781825883272)
NPC_ASSIGN_ATTEMPT: Wild Fox -> weights @ garden_lot (Intent: sched_leisure_fox_1_1781825883272)
NPC_ASSIGN_ATTEMPT: Wild Fox -> writePoetry @ master_bedroom (Intent: sched_leisure_fox_2_1781825883272)
NPC_ASSIGN_ATTEMPT: Wild Fox -> weights @ garden_lot (Intent: sched_leisure_fox_3_1781825883272)
NPC_ASSIGN_ATTEMPT: Wild Fox -> goForWalk @ garden_lot (Intent: sched_leisure_fox_4_1781825883272)
NPC_ASSIGN_ATTEMPT: Wild Fox -> writePoetry @ master_bedroom (Intent: sched_leisure_fox_0_1781825883272)
NPC_ASSIGN_ATTEMPT: Wild Fox -> writePoetry @ master_bedroom (Intent: sched_leisure_fox_1_1781825883272)
NPC_ASSIGN_ATTEMPT: Wild Fox -> weights @ garden_lot (Intent: sched_leisure_fox_2_1781825883272)
NPC_ASSIGN_ATTEMPT: Wild Fox -> writePoetry @ master_bedroom (Intent: sched_leisure_fox_3_1781825883272)
NPC_ASSIGN_ATTEMPT: Wild Fox -> weights @ garden_lot (Intent: sched_leisure_fox_4_1781825883272)
NPC_ASSIGN_ATTEMPT: Wild Fox -> weights @ garden_lot (Intent: sched_leisure_fox_0_1781825883272)
NPC_ASSIGN_ATTEMPT: Wild Fox -> writePoetry @ master_bedroom (Intent: sched_leisure_fox_1_1781825883272)
NPC_ASSIGN_ATTEMPT: Wild Fox -> writePoetry @ master_bedroom (Intent: sched_leisure_fox_2_1781825883272)
NPC_ASSIGN_ATTEMPT: Wild Fox -> weights @ garden_lot (Intent: sched_leisure_fox_3_1781825883272)
NPC_ASSIGN_ATTEMPT: Wild Fox -> cardio @ garden_lot (Intent: sched_leisure_fox_4_1781825883272)
NPC_ASSIGN_ATTEMPT: Wild Fox -> writePoetry @ master_bedroom (Intent: sched_leisure_fox_0_1781825883272)
NPC_ASSIGN_ATTEMPT: Wild Fox -> weights @ garden_lot (Intent: sched_leisure_fox_1_1781825883272)
NPC_ASSIGN_ATTEMPT: Wild Fox -> weights @ garden_lot (Intent: sched_leisure_fox_2_1781825883272)
NPC_ASSIGN_ATTEMPT: Wild Fox -> writePoetry @ master_bedroom (Intent: sched_leisure_fox_3_1781825883272)
NPC_ASSIGN_ATTEMPT: Wild Fox -> writePoetry @ master_bedroom (Intent: sched_leisure_fox_4_1781825883272)
NPC_ASSIGN_ATTEMPT: Wild Fox -> weights @ garden_lot (Intent: sched_leisure_fox_0_1781825883272)
NPC_ASSIGN_ATTEMPT: Wild Fox -> writePoetry @ master_bedroom (Intent: sched_leisure_fox_1_1781825883272)
NPC_ASSIGN_ATTEMPT: Wild Fox -> writePoetry @ master_bedroom (Intent: sched_leisure_fox_2_1781825883272)
NPC_ASSIGN_ATTEMPT: Wild Fox -> weights @ garden_lot (Intent: sched_leisure_fox_3_1781825883272)
NPC_ASSIGN_ATTEMPT: Wild Fox -> washHands @ bathroom_down (Intent: wash_hands_pre_sched_leisure_fox_4_1781825883272)
NPC_ASSIGN_ATTEMPT: Wild Fox -> writePoetry @ master_bedroom (Intent: sched_leisure_fox_0_1781825883272)
NPC_ASSIGN_ATTEMPT: Wild Fox -> weights @ garden_lot (Intent: sched_leisure_fox_1_1781825883272)
NPC_ASSIGN_ATTEMPT: Wild Fox -> weights @ garden_lot (Intent: sched_leisure_fox_2_1781825883272)
NPC_ASSIGN_ATTEMPT: Wild Fox -> writePoetry @ master_bedroom (Intent: sched_leisure_fox_3_1781825883272)
NPC_ASSIGN_ATTEMPT: Wild Fox -> weights @ garden_lot (Intent: sched_leisure_fox_4_1781825883272)
NPC_ASSIGN_ATTEMPT: Flaubert Giles -> cleanDish @ kitchen (Intent: cleanish_player_1781825883636)
NPC_ASSIGN_ATTEMPT: Flaubert Giles -> cleanDish @ kitchen (Intent: cleanish_butler_1781825883630)
NPC_ASSIGN_ATTEMPT: Wild Fox -> washHands @ bathroom_down (Intent: wash_hands_pre_sched_leisure_fox_0_1781825883272)
NPC_ASSIGN_ATTEMPT: Wild Fox -> weights @ garden_lot (Intent: sched_leisure_fox_1_1781825883272)
NPC_ASSIGN_ATTEMPT: Wild Fox -> weights @ garden_lot (Intent: sched_leisure_fox_2_1781825883272)
NPC_ASSIGN_ATTEMPT: Wild Fox -> weights @ garden_lot (Intent: sched_leisure_fox_3_1781825883272)
NPC_ASSIGN_ATTEMPT: Wild Fox -> weights @ garden_lot (Intent: sched_leisure_fox_4_1781825883272)
NPC_ASSIGN_ATTEMPT: Partner -> cleanDish @ kitchen (Intent: cleanish_partner_1781825883642)
NPC_ASSIGN_ATTEMPT: Wild Fox -> writePoetry @ master_bedroom (Intent: sched_leisure_fox_0_1781825883272)
NPC_ASSIGN_ATTEMPT: Wild Fox -> readBook @ vegetable_garden (Intent: sched_leisure_fox_1_1781825883272)
NPC_ASSIGN_ATTEMPT: Wild Fox -> weights @ garden_lot (Intent: sched_leisure_fox_2_1781825883272)
NPC_ASSIGN_ATTEMPT: Wild Fox -> goForWalk @ garden_lot (Intent: sched_leisure_fox_3_1781825883272)
NPC_ASSIGN_ATTEMPT: Wild Fox -> writePoetry @ master_bedroom (Intent: sched_leisure_fox_4_1781825883272)
NPC_ASSIGN_ATTEMPT: Wild Fox -> weights @ garden_lot (Intent: sched_leisure_fox_0_1781825883272)
NPC_ASSIGN_ATTEMPT: Wild Fox -> weights @ garden_lot (Intent: sched_leisure_fox_1_1781825883272)
NPC_ASSIGN_ATTEMPT: Wild Fox -> writePoetry @ master_bedroom (Intent: sched_leisure_fox_2_1781825883272)
NPC_ASSIGN_ATTEMPT: Wild Fox -> writePoetry @ master_bedroom (Intent: sched_leisure_fox_3_1781825883272)
NPC_ASSIGN_ATTEMPT: Wild Fox -> weights @ garden_lot (Intent: sched_leisure_fox_4_1781825883272)
NPC_ASSIGN_ATTEMPT: Wild Fox -> writePoetry @ master_bedroom (Intent: sched_leisure_fox_0_1781825883272)
NPC_ASSIGN_ATTEMPT: Wild Fox -> writePoetry @ master_bedroom (Intent: sched_leisure_fox_1_1781825883272)
NPC_ASSIGN_ATTEMPT: Wild Fox -> weights @ garden_lot (Intent: sched_leisure_fox_2_1781825883272)
NPC_ASSIGN_ATTEMPT: Wild Fox -> weights @ garden_lot (Intent: sched_leisure_fox_3_1781825883272)
NPC_ASSIGN_ATTEMPT: Wild Fox -> writePoetry @ master_bedroom (Intent: sched_leisure_fox_4_1781825883272)
NPC_ASSIGN_ATTEMPT: Wild Fox -> weights @ garden_lot (Intent: sched_leisure_fox_0_1781825883272)
NPC_ASSIGN_ATTEMPT: Wild Fox -> weights @ garden_lot (Intent: sched_leisure_fox_1_1781825883272)
NPC_ASSIGN_ATTEMPT: Wild Fox -> writePoetry @ master_bedroom (Intent: sched_leisure_fox_2_1781825883272)
NPC_ASSIGN_ATTEMPT: Wild Fox -> writePoetry @ master_bedroom (Intent: sched_leisure_fox_3_1781825883272)
NPC_ASSIGN_ATTEMPT: Wild Fox -> weights @ garden_lot (Intent: sched_leisure_fox_4_1781825883272)
NPC_ASSIGN_ATTEMPT: Wild Fox -> writePoetry @ master_bedroom (Intent: sched_leisure_fox_0_1781825883272)
NPC_ASSIGN_ATTEMPT: Wild Fox -> goForWalk @ garden_lot (Intent: sched_leisure_fox_1_1781825883272)
NPC_ASSIGN_ATTEMPT: Wild Fox -> weights @ garden_lot (Intent: sched_leisure_fox_2_1781825883272)
NPC_ASSIGN_ATTEMPT: Wild Fox -> weights @ garden_lot (Intent: sched_leisure_fox_3_1781825883272)
NPC_ASSIGN_ATTEMPT: Wild Fox -> weights @ garden_lot (Intent: sched_leisure_fox_4_1781825883272)
NPC_ASSIGN_ATTEMPT: Wild Fox -> cardio @ garden_lot (Intent: sched_leisure_fox_0_1781825883272)
NPC_ASSIGN_ATTEMPT: Wild Fox -> weights @ garden_lot (Intent: sched_leisure_fox_1_1781825883272)
NPC_ASSIGN_ATTEMPT: Wild Fox -> writePoetry @ master_bedroom (Intent: sched_leisure_fox_2_1781825883272)
NPC_ASSIGN_ATTEMPT: Wild Fox -> writePoetry @ master_bedroom (Intent: sched_leisure_fox_3_1781825883272)
NPC_ASSIGN_ATTEMPT: Wild Fox -> weights @ garden_lot (Intent: sched_leisure_fox_4_1781825883272)
NPC_ASSIGN_ATTEMPT: Wild Fox -> writePoetry @ master_bedroom (Intent: sched_leisure_fox_0_1781825883272)
NPC_ASSIGN_ATTEMPT: Wild Fox -> writePoetry @ master_bedroom (Intent: sched_leisure_fox_1_1781825883272)
NPC_ASSIGN_ATTEMPT: Wild Fox -> weights @ garden_lot (Intent: sched_leisure_fox_2_1781825883272)
NPC_ASSIGN_ATTEMPT: Wild Fox -> weights @ garden_lot (Intent: sched_leisure_fox_3_1781825883272)
NPC_ASSIGN_ATTEMPT: Wild Fox -> writePoetry @ master_bedroom (Intent: sched_leisure_fox_4_1781825883272)
NPC_ASSIGN_ATTEMPT: Wild Fox -> weights @ garden_lot (Intent: sched_leisure_fox_0_1781825883272)
NPC_ASSIGN_ATTEMPT: Wild Fox -> paint @ study (Intent: sched_leisure_fox_1_1781825883272)
NPC_ASSIGN_ATTEMPT: Wild Fox -> writePoetry @ master_bedroom (Intent: sched_leisure_fox_2_1781825883272)
NPC_ASSIGN_ATTEMPT: Wild Fox -> washHands @ bathroom_down (Intent: wash_hands_pre_sched_leisure_fox_3_1781825883272)
NPC_ASSIGN_ATTEMPT: Wild Fox -> weights @ garden_lot (Intent: sched_leisure_fox_4_1781825883272)
NPC_ASSIGN_ATTEMPT: Wild Fox -> weights @ garden_lot (Intent: sched_leisure_fox_0_1781825883272)
NPC_ASSIGN_ATTEMPT: Wild Fox -> weights @ garden_lot (Intent: sched_leisure_fox_1_1781825883272)
NPC_ASSIGN_ATTEMPT: Wild Fox -> writePoetry @ master_bedroom (Intent: sched_leisure_fox_2_1781825883272)
NPC_ASSIGN_ATTEMPT: Wild Fox -> weights @ garden_lot (Intent: sched_leisure_fox_3_1781825883272)
NPC_ASSIGN_ATTEMPT: Wild Fox -> writePoetry @ master_bedroom (Intent: sched_leisure_fox_4_1781825883272)
NPC_ASSIGN_ATTEMPT: Wild Fox -> goForWalk @ garden_lot (Intent: sched_leisure_fox_0_1781825883272)
NPC_ASSIGN_ATTEMPT: Wild Fox -> writePoetry @ master_bedroom (Intent: sched_leisure_fox_1_1781825883272)
NPC_ASSIGN_ATTEMPT: Wild Fox -> weights @ garden_lot (Intent: sched_leisure_fox_2_1781825883272)
NPC_ASSIGN_ATTEMPT: Wild Fox -> writePoetry @ master_bedroom (Intent: sched_leisure_fox_3_1781825883272)
NPC_ASSIGN_ATTEMPT: Wild Fox -> cardio @ garden_lot (Intent: sched_leisure_fox_4_1781825883272)
NPC_ASSIGN_ATTEMPT: Wild Fox -> weights @ garden_lot (Intent: sched_leisure_fox_0_1781825883272)
NPC_ASSIGN_ATTEMPT: Wild Fox -> weights @ garden_lot (Intent: sched_leisure_fox_1_1781825883272)
NPC_ASSIGN_ATTEMPT: Wild Fox -> weights @ garden_lot (Intent: sched_leisure_fox_2_1781825883272)
NPC_ASSIGN_ATTEMPT: Wild Fox -> cardio @ garden_lot (Intent: sched_leisure_fox_3_1781825883272)
NPC_ASSIGN_ATTEMPT: Wild Fox -> weights @ garden_lot (Intent: sched_leisure_fox_4_1781825883272)
NPC_ASSIGN_ATTEMPT: Wild Fox -> writePoetry @ master_bedroom (Intent: sched_leisure_fox_0_1781825883272)
NPC_ASSIGN_ATTEMPT: Wild Fox -> weights @ garden_lot (Intent: sched_leisure_fox_1_1781825883272)
NPC_ASSIGN_ATTEMPT: Wild Fox -> writePoetry @ master_bedroom (Intent: sched_leisure_fox_2_1781825883272)
NPC_ASSIGN_ATTEMPT: Wild Fox -> weights @ garden_lot (Intent: sched_leisure_fox_3_1781825883272)
NPC_ASSIGN_ATTEMPT: Wild Fox -> writePoetry @ master_bedroom (Intent: sched_leisure_fox_4_1781825883272)
NPC_ASSIGN_ATTEMPT: Wild Fox -> weights @ garden_lot (Intent: sched_leisure_fox_0_1781825883272)
NPC_ASSIGN_ATTEMPT: Wild Fox -> writePoetry @ master_bedroom (Intent: sched_leisure_fox_1_1781825883272)
NPC_ASSIGN_ATTEMPT: Wild Fox -> writePoetry @ master_bedroom (Intent: sched_leisure_fox_2_1781825883272)
NPC_ASSIGN_ATTEMPT: Wild Fox -> writePoetry @ master_bedroom (Intent: sched_leisure_fox_3_1781825883272)
NPC_ASSIGN_ATTEMPT: Wild Fox -> weights @ garden_lot (Intent: sched_leisure_fox_4_1781825883272)
NPC_ASSIGN_ATTEMPT: Wild Fox -> cardio @ garden_lot (Intent: sched_leisure_fox_0_1781825883272)
NPC_ASSIGN_ATTEMPT: Wild Fox -> weights @ garden_lot (Intent: sched_leisure_fox_1_1781825883272)
NPC_ASSIGN_ATTEMPT: Wild Fox -> weights @ garden_lot (Intent: sched_leisure_fox_2_1781825883272)
NPC_ASSIGN_ATTEMPT: Wild Fox -> weights @ garden_lot (Intent: sched_leisure_fox_3_1781825883272)
NPC_ASSIGN_ATTEMPT: Wild Fox -> readBook @ vegetable_garden (Intent: sched_leisure_fox_4_1781825883272)
NPC_ASSIGN_ATTEMPT: Wild Fox -> weights @ garden_lot (Intent: sched_leisure_fox_0_1781825883272)
NPC_ASSIGN_ATTEMPT: Wild Fox -> writePoetry @ master_bedroom (Intent: sched_leisure_fox_1_1781825883272)
NPC_ASSIGN_ATTEMPT: Wild Fox -> writePoetry @ master_bedroom (Intent: sched_leisure_fox_2_1781825883272)
NPC_ASSIGN_ATTEMPT: Wild Fox -> goForWalk @ garden_lot (Intent: sched_leisure_fox_3_1781825883272)
NPC_ASSIGN_ATTEMPT: Wild Fox -> weights @ garden_lot (Intent: sched_leisure_fox_4_1781825883272)
NPC_ASSIGN_ATTEMPT: Wild Fox -> readBook @ vegetable_garden (Intent: sched_leisure_fox_0_1781825883272)
NPC_ASSIGN_ATTEMPT: Wild Fox -> weights @ garden_lot (Intent: sched_leisure_fox_1_1781825883272)
NPC_ASSIGN_ATTEMPT: Wild Fox -> weights @ garden_lot (Intent: sched_leisure_fox_2_1781825883272)
NPC_ASSIGN_ATTEMPT: Wild Fox -> weights @ garden_lot (Intent: sched_leisure_fox_3_1781825883272)
NPC_ASSIGN_ATTEMPT: Wild Fox -> writePoetry @ master_bedroom (Intent: sched_leisure_fox_4_1781825883272)
NPC_ASSIGN_ATTEMPT: Wild Fox -> goForWalk @ garden_lot (Intent: sched_leisure_fox_0_1781825883272)
NPC_ASSIGN_ATTEMPT: Wild Fox -> writePoetry @ master_bedroom (Intent: sched_leisure_fox_1_1781825883272)
NPC_ASSIGN_ATTEMPT: Wild Fox -> writePoetry @ master_bedroom (Intent: sched_leisure_fox_2_1781825883272)
NPC_ASSIGN_ATTEMPT: Wild Fox -> cardio @ garden_lot (Intent: sched_leisure_fox_3_1781825883272)
NPC_ASSIGN_ATTEMPT: Wild Fox -> weights @ garden_lot (Intent: sched_leisure_fox_4_1781825883272)
NPC_ASSIGN_ATTEMPT: Wild Fox -> weights @ garden_lot (Intent: sched_leisure_fox_0_1781825883272)
NPC_ASSIGN_ATTEMPT: Wild Fox -> washHands @ bathroom_down (Intent: wash_hands_pre_sched_leisure_fox_1_1781825883272)
NPC_ASSIGN_ATTEMPT: Wild Fox -> weights @ garden_lot (Intent: sched_leisure_fox_2_1781825883272)
NPC_ASSIGN_ATTEMPT: Wild Fox -> weights @ garden_lot (Intent: sched_leisure_fox_3_1781825883272)
NPC_ASSIGN_ATTEMPT: Wild Fox -> paint @ study (Intent: sched_leisure_fox_4_1781825883272)
NPC_ASSIGN_ATTEMPT: Wild Fox -> cardio @ garden_lot (Intent: sched_leisure_fox_0_1781825883272)
NPC_ASSIGN_ATTEMPT: Wild Fox -> weights @ garden_lot (Intent: sched_leisure_fox_1_1781825883272)
NPC_ASSIGN_ATTEMPT: Wild Fox -> writePoetry @ master_bedroom (Intent: sched_leisure_fox_2_1781825883272)
NPC_ASSIGN_ATTEMPT: Wild Fox -> weights @ garden_lot (Intent: sched_leisure_fox_3_1781825883272)
NPC_ASSIGN_ATTEMPT: Wild Fox -> weights @ garden_lot (Intent: sched_leisure_fox_4_1781825883272)
NPC_ASSIGN_ATTEMPT: Wild Fox -> writePoetry @ master_bedroom (Intent: sched_leisure_fox_0_1781825883272)
NPC_ASSIGN_ATTEMPT: Wild Fox -> writePoetry @ master_bedroom (Intent: sched_leisure_fox_1_1781825883272)
NPC_ASSIGN_ATTEMPT: Wild Fox -> weights @ garden_lot (Intent: sched_leisure_fox_2_1781825883272)
NPC_ASSIGN_ATTEMPT: Wild Fox -> writePoetry @ master_bedroom (Intent: sched_leisure_fox_3_1781825883272)
NPC_ASSIGN_ATTEMPT: Wild Fox -> writePoetry @ master_bedroom (Intent: sched_leisure_fox_4_1781825883272)
NPC_ASSIGN_ATTEMPT: Wild Fox -> weights @ garden_lot (Intent: sched_leisure_fox_0_1781825883272)
NPC_ASSIGN_ATTEMPT: Wild Fox -> weights @ garden_lot (Intent: sched_leisure_fox_1_1781825883272)
NPC_ASSIGN_ATTEMPT: Wild Fox -> writePoetry @ master_bedroom (Intent: sched_leisure_fox_2_1781825883272)
NPC_ASSIGN_ATTEMPT: Wild Fox -> weights @ garden_lot (Intent: sched_leisure_fox_3_1781825883272)
NPC_ASSIGN_ATTEMPT: Wild Fox -> weights @ garden_lot (Intent: sched_leisure_fox_4_1781825883272)
NPC_ASSIGN_ATTEMPT: Wild Fox -> goForWalk @ garden_lot (Intent: sched_leisure_fox_0_1781825883272)
NPC_ASSIGN_ATTEMPT: Wild Fox -> writePoetry @ master_bedroom (Intent: sched_leisure_fox_1_1781825883272)
NPC_ASSIGN_ATTEMPT: Wild Fox -> weights @ garden_lot (Intent: sched_leisure_fox_2_1781825883272)
NPC_ASSIGN_ATTEMPT: Wild Fox -> writePoetry @ master_bedroom (Intent: sched_leisure_fox_3_1781825883272)
NPC_ASSIGN_ATTEMPT: Wild Fox -> weights @ garden_lot (Intent: sched_leisure_fox_4_1781825883272)
NPC_ASSIGN_ATTEMPT: Wild Fox -> writePoetry @ master_bedroom (Intent: sched_leisure_fox_0_1781825883272)
NPC_ASSIGN_ATTEMPT: Wild Fox -> goForWalk @ garden_lot (Intent: sched_leisure_fox_1_1781825883272)
NPC_ASSIGN_ATTEMPT: Wild Fox -> cardio @ garden_lot (Intent: sched_leisure_fox_2_1781825883272)
NPC_ASSIGN_ATTEMPT: Wild Fox -> weights @ garden_lot (Intent: sched_leisure_fox_3_1781825883272)
NPC_ASSIGN_ATTEMPT: Wild Fox -> writePoetry @ master_bedroom (Intent: sched_leisure_fox_4_1781825883272)
NPC_ASSIGN_ATTEMPT: Wild Fox -> weights @ garden_lot (Intent: sched_leisure_fox_0_1781825883272)
NPC_ASSIGN_ATTEMPT: Wild Fox -> weights @ garden_lot (Intent: sched_leisure_fox_1_1781825883272)
NPC_ASSIGN_ATTEMPT: Wild Fox -> weights @ garden_lot (Intent: sched_leisure_fox_2_1781825883272)
NPC_ASSIGN_ATTEMPT: Wild Fox -> writePoetry @ master_bedroom (Intent: sched_leisure_fox_3_1781825883272)
NPC_ASSIGN_ATTEMPT: Wild Fox -> weights @ garden_lot (Intent: sched_leisure_fox_4_1781825883272)
NPC_ASSIGN_ATTEMPT: Wild Fox -> writePoetry @ master_bedroom (Intent: sched_leisure_fox_0_1781825883272)
NPC_ASSIGN_ATTEMPT: Wild Fox -> writePoetry @ master_bedroom (Intent: sched_leisure_fox_1_1781825883272)
NPC_ASSIGN_ATTEMPT: Wild Fox -> washHands @ bathroom_down (Intent: wash_hands_pre_sched_leisure_fox_2_1781825883272)
NPC_ASSIGN_ATTEMPT: Wild Fox -> weights @ garden_lot (Intent: sched_leisure_fox_3_1781825883272)
NPC_ASSIGN_ATTEMPT: Wild Fox -> writePoetry @ master_bedroom (Intent: sched_leisure_fox_4_1781825883272)
NPC_ASSIGN_ATTEMPT: Wild Fox -> weights @ garden_lot (Intent: sched_leisure_fox_0_1781825883272)
NPC_ASSIGN_ATTEMPT: Wild Fox -> weights @ garden_lot (Intent: sched_leisure_fox_1_1781825883272)
NPC_ASSIGN_ATTEMPT: Wild Fox -> weights @ garden_lot (Intent: sched_leisure_fox_2_1781825883272)
NPC_ASSIGN_ATTEMPT: Wild Fox -> weights @ garden_lot (Intent: sched_leisure_fox_3_1781825883272)
NPC_ASSIGN_ATTEMPT: Wild Fox -> weights @ garden_lot (Intent: sched_leisure_fox_4_1781825883272)
NPC_ASSIGN_ATTEMPT: Wild Fox -> writePoetry @ master_bedroom (Intent: sched_leisure_fox_0_1781825883272)
NPC_ASSIGN_ATTEMPT: Wild Fox -> readBook @ vegetable_garden (Intent: sched_leisure_fox_1_1781825883272)
NPC_ASSIGN_ATTEMPT: Wild Fox -> paint @ study (Intent: sched_leisure_fox_2_1781825883272)
NPC_ASSIGN_ATTEMPT: Wild Fox -> weights @ garden_lot (Intent: sched_leisure_fox_3_1781825883272)
NPC_ASSIGN_ATTEMPT: Wild Fox -> weights @ garden_lot (Intent: sched_leisure_fox_4_1781825883272)
NPC_ASSIGN_ATTEMPT: Wild Fox -> weights @ garden_lot (Intent: sched_leisure_fox_0_1781825883272)
NPC_ASSIGN_ATTEMPT: Wild Fox -> cardio @ garden_lot (Intent: sched_leisure_fox_1_1781825883272)
NPC_ASSIGN_ATTEMPT: Wild Fox -> weights @ garden_lot (Intent: sched_leisure_fox_2_1781825883272)
NPC_ASSIGN_ATTEMPT: Wild Fox -> readBook @ vegetable_garden (Intent: sched_leisure_fox_3_1781825883272)
NPC_ASSIGN_ATTEMPT: Wild Fox -> writePoetry @ master_bedroom (Intent: sched_leisure_fox_4_1781825883272)
NPC_ASSIGN_ATTEMPT: Wild Fox -> writePoetry @ master_bedroom (Intent: sched_leisure_fox_0_1781825883272)
NPC_ASSIGN_ATTEMPT: Wild Fox -> weights @ garden_lot (Intent: sched_leisure_fox_1_1781825883272)
NPC_ASSIGN_ATTEMPT: Wild Fox -> cardio @ garden_lot (Intent: sched_leisure_fox_2_1781825883272)
NPC_ASSIGN_ATTEMPT: Wild Fox -> writePoetry @ master_bedroom (Intent: sched_leisure_fox_3_1781825883272)
NPC_ASSIGN_ATTEMPT: Wild Fox -> weights @ garden_lot (Intent: sched_leisure_fox_4_1781825883272)
NPC_ASSIGN_ATTEMPT: Flaubert Giles -> tillSoil @ field_2 (Intent: low_pri_player_tillSoil_field_2)
NPC_ASSIGN_SKIP_ROOM: player already in queue for tillSoil with intent low_pri_player_tillSoil_field_2
NPC_ASSIGN_ATTEMPT: Flaubert Giles -> hunt @ entryway (Intent: low_pri_butler_hunt_entryway)
NPC_ASSIGN_SKIP_ROOM: butler already in queue for hunt with intent low_pri_butler_hunt_entryway
NPC_ASSIGN_ATTEMPT: Wild Fox -> goForWalk @ garden_lot (Intent: sched_leisure_fox_0_1781825883272)
NPC_ASSIGN_ATTEMPT: Wild Fox -> weights @ garden_lot (Intent: sched_leisure_fox_1_1781825883272)
NPC_ASSIGN_ATTEMPT: Wild Fox -> weights @ garden_lot (Intent: sched_leisure_fox_2_1781825883272)
NPC_ASSIGN_ATTEMPT: Wild Fox -> paint @ study (Intent: sched_leisure_fox_3_1781825883272)
NPC_ASSIGN_ATTEMPT: Wild Fox -> writePoetry @ master_bedroom (Intent: sched_leisure_fox_4_1781825883272)
NPC_ASSIGN_ATTEMPT: Partner -> idle @ butler_quarters (Intent: sched_idle_w_partner)
NPC_ASSIGN_ATTEMPT: Wild Fox -> weights @ garden_lot (Intent: sched_leisure_fox_0_1781825883272)
NPC_ASSIGN_ATTEMPT: Wild Fox -> writePoetry @ master_bedroom (Intent: sched_leisure_fox_1_1781825883272)
NPC_ASSIGN_ATTEMPT: Wild Fox -> writePoetry @ master_bedroom (Intent: sched_leisure_fox_2_1781825883272)
NPC_ASSIGN_ATTEMPT: Wild Fox -> writePoetry @ master_bedroom (Intent: sched_leisure_fox_3_1781825883272)
NPC_ASSIGN_ATTEMPT: Wild Fox -> cardio @ garden_lot (Intent: sched_leisure_fox_4_1781825883272)
NPC_ASSIGN_ATTEMPT: Wild Fox -> writePoetry @ master_bedroom (Intent: sched_leisure_fox_0_1781825883272)
NPC_ASSIGN_ATTEMPT: Wild Fox -> weights @ garden_lot (Intent: sched_leisure_fox_1_1781825883272)
NPC_ASSIGN_ATTEMPT: Wild Fox -> weights @ garden_lot (Intent: sched_leisure_fox_2_1781825883272)
NPC_ASSIGN_ATTEMPT: Wild Fox -> weights @ garden_lot (Intent: sched_leisure_fox_3_1781825883272)
NPC_ASSIGN_ATTEMPT: Wild Fox -> writePoetry @ master_bedroom (Intent: sched_leisure_fox_4_1781825883272)
NPC_ASSIGN_ATTEMPT: Wild Fox -> weights @ garden_lot (Intent: sched_leisure_fox_0_1781825883272)
NPC_ASSIGN_ATTEMPT: Wild Fox -> cardio @ garden_lot (Intent: sched_leisure_fox_1_1781825883272)
NPC_ASSIGN_ATTEMPT: Wild Fox -> writePoetry @ master_bedroom (Intent: sched_leisure_fox_2_1781825883272)
NPC_ASSIGN_ATTEMPT: Wild Fox -> cardio @ garden_lot (Intent: sched_leisure_fox_3_1781825883272)
NPC_ASSIGN_ATTEMPT: Wild Fox -> weights @ garden_lot (Intent: sched_leisure_fox_4_1781825883272)
NPC_ASSIGN_ATTEMPT: Wild Fox -> writePoetry @ master_bedroom (Intent: sched_leisure_fox_0_1781825883272)
NPC_ASSIGN_ATTEMPT: Wild Fox -> weights @ garden_lot (Intent: sched_leisure_fox_1_1781825883272)
NPC_ASSIGN_ATTEMPT: Wild Fox -> weights @ garden_lot (Intent: sched_leisure_fox_2_1781825883272)
NPC_ASSIGN_ATTEMPT: Wild Fox -> weights @ garden_lot (Intent: sched_leisure_fox_3_1781825883272)
NPC_ASSIGN_ATTEMPT: Wild Fox -> weights @ garden_lot (Intent: sched_leisure_fox_4_1781825883272)
NPC_ASSIGN_ATTEMPT: Wild Fox -> weights @ garden_lot (Intent: sched_leisure_fox_0_1781825883272)
NPC_ASSIGN_ATTEMPT: Wild Fox -> readBook @ vegetable_garden (Intent: sched_leisure_fox_1_1781825883272)
NPC_ASSIGN_ATTEMPT: Wild Fox -> writePoetry @ master_bedroom (Intent: sched_leisure_fox_2_1781825883272)
NPC_ASSIGN_ATTEMPT: Wild Fox -> weights @ garden_lot (Intent: sched_leisure_fox_3_1781825883272)
NPC_ASSIGN_ATTEMPT: Wild Fox -> goForWalk @ garden_lot (Intent: sched_leisure_fox_4_1781825883272)
NPC_ASSIGN_ATTEMPT: Wild Fox -> writePoetry @ master_bedroom (Intent: sched_leisure_fox_0_1781825883272)
NPC_ASSIGN_ATTEMPT: Wild Fox -> weights @ garden_lot (Intent: sched_leisure_fox_1_1781825883272)
NPC_ASSIGN_ATTEMPT: Wild Fox -> cardio @ garden_lot (Intent: sched_leisure_fox_2_1781825883272)
NPC_ASSIGN_ATTEMPT: Wild Fox -> writePoetry @ master_bedroom (Intent: sched_leisure_fox_3_1781825883272)
NPC_ASSIGN_ATTEMPT: Wild Fox -> weights @ garden_lot (Intent: sched_leisure_fox_4_1781825883272)
NPC_ASSIGN_ATTEMPT: Flaubert Giles -> tillSoil @ field_3 (Intent: low_pri_player_tillSoil_field_3)
NPC_ASSIGN_ATTEMPT: Wild Fox -> weights @ garden_lot (Intent: sched_leisure_fox_0_1781825883272)
NPC_ASSIGN_ATTEMPT: Wild Fox -> weights @ garden_lot (Intent: sched_leisure_fox_1_1781825883272)
NPC_ASSIGN_ATTEMPT: Wild Fox -> weights @ garden_lot (Intent: sched_leisure_fox_2_1781825883272)
NPC_ASSIGN_ATTEMPT: Wild Fox -> readBook @ vegetable_garden (Intent: sched_leisure_fox_3_1781825883272)
NPC_ASSIGN_ATTEMPT: Wild Fox -> writePoetry @ master_bedroom (Intent: sched_leisure_fox_4_1781825883272)
NPC_ASSIGN_ATTEMPT: Wild Fox -> writePoetry @ master_bedroom (Intent: sched_leisure_fox_0_1781825883272)
NPC_ASSIGN_ATTEMPT: Wild Fox -> weights @ garden_lot (Intent: sched_leisure_fox_1_1781825883272)
NPC_ASSIGN_ATTEMPT: Wild Fox -> writePoetry @ master_bedroom (Intent: sched_leisure_fox_2_1781825883272)
NPC_ASSIGN_ATTEMPT: Wild Fox -> weights @ garden_lot (Intent: sched_leisure_fox_3_1781825883272)
NPC_ASSIGN_ATTEMPT: Wild Fox -> weights @ garden_lot (Intent: sched_leisure_fox_4_1781825883272)
NPC_ASSIGN_ATTEMPT: Wild Fox -> weights @ garden_lot (Intent: sched_leisure_fox_0_1781825883272)
NPC_ASSIGN_ATTEMPT: Wild Fox -> writePoetry @ master_bedroom (Intent: sched_leisure_fox_1_1781825883272)
NPC_ASSIGN_ATTEMPT: Wild Fox -> weights @ garden_lot (Intent: sched_leisure_fox_2_1781825883272)
NPC_ASSIGN_ATTEMPT: Wild Fox -> writePoetry @ master_bedroom (Intent: sched_leisure_fox_3_1781825883272)
NPC_ASSIGN_ATTEMPT: Wild Fox -> cardio @ garden_lot (Intent: sched_leisure_fox_4_1781825883272)
NPC_ASSIGN_ATTEMPT: Wild Fox -> writePoetry @ master_bedroom (Intent: sched_leisure_fox_0_1781825883272)
NPC_ASSIGN_ATTEMPT: Wild Fox -> weights @ garden_lot (Intent: sched_leisure_fox_1_1781825883272)
NPC_ASSIGN_ATTEMPT: Wild Fox -> writePoetry @ master_bedroom (Intent: sched_leisure_fox_2_1781825883272)
NPC_ASSIGN_ATTEMPT: Wild Fox -> weights @ garden_lot (Intent: sched_leisure_fox_3_1781825883272)
NPC_ASSIGN_ATTEMPT: Wild Fox -> writePoetry @ master_bedroom (Intent: sched_leisure_fox_4_1781825883272)
NPC_ASSIGN_ATTEMPT: Wild Fox -> goForWalk @ garden_lot (Intent: sched_leisure_fox_0_1781825883272)
NPC_ASSIGN_ATTEMPT: Wild Fox -> writePoetry @ master_bedroom (Intent: sched_leisure_fox_1_1781825883272)
NPC_ASSIGN_ATTEMPT: Wild Fox -> weights @ garden_lot (Intent: sched_leisure_fox_2_1781825883272)
NPC_ASSIGN_ATTEMPT: Wild Fox -> writePoetry @ master_bedroom (Intent: sched_leisure_fox_3_1781825883272)
NPC_ASSIGN_ATTEMPT: Wild Fox -> weights @ garden_lot (Intent: sched_leisure_fox_4_1781825883272)
NPC_ASSIGN_ATTEMPT: Wild Fox -> washHands @ bathroom_down (Intent: wash_hands_pre_sched_leisure_fox_0_1781825883272)
NPC_ASSIGN_ATTEMPT: Wild Fox -> weights @ garden_lot (Intent: sched_leisure_fox_1_1781825883272)
NPC_ASSIGN_ATTEMPT: Wild Fox -> writePoetry @ master_bedroom (Intent: sched_leisure_fox_2_1781825883272)
NPC_ASSIGN_ATTEMPT: Wild Fox -> weights @ garden_lot (Intent: sched_leisure_fox_3_1781825883272)
NPC_ASSIGN_ATTEMPT: Wild Fox -> readBook @ vegetable_garden (Intent: sched_leisure_fox_4_1781825883272)
NPC_ASSIGN_ATTEMPT: Wild Fox -> paint @ study (Intent: sched_leisure_fox_0_1781825883272)
NPC_ASSIGN_ATTEMPT: Wild Fox -> writePoetry @ master_bedroom (Intent: sched_leisure_fox_1_1781825883272)
NPC_ASSIGN_ATTEMPT: Wild Fox -> weights @ garden_lot (Intent: sched_leisure_fox_2_1781825883272)
NPC_ASSIGN_ATTEMPT: Wild Fox -> writePoetry @ master_bedroom (Intent: sched_leisure_fox_3_1781825883272)
NPC_ASSIGN_ATTEMPT: Wild Fox -> weights @ garden_lot (Intent: sched_leisure_fox_4_1781825883272)
NPC_ASSIGN_ATTEMPT: Wild Fox -> weights @ garden_lot (Intent: sched_leisure_fox_0_1781825883272)
NPC_ASSIGN_ATTEMPT: Wild Fox -> weights @ garden_lot (Intent: sched_leisure_fox_1_1781825883272)
NPC_ASSIGN_ATTEMPT: Wild Fox -> writePoetry @ master_bedroom (Intent: sched_leisure_fox_2_1781825883272)
NPC_ASSIGN_ATTEMPT: Wild Fox -> weights @ garden_lot (Intent: sched_leisure_fox_3_1781825883272)
NPC_ASSIGN_ATTEMPT: Wild Fox -> writePoetry @ master_bedroom (Intent: sched_leisure_fox_4_1781825883272)
NPC_ASSIGN_ATTEMPT: Wild Fox -> weights @ garden_lot (Intent: sched_leisure_fox_0_1781825883272)
NPC_ASSIGN_ATTEMPT: Wild Fox -> cardio @ garden_lot (Intent: sched_leisure_fox_1_1781825883272)
NPC_ASSIGN_ATTEMPT: Wild Fox -> weights @ garden_lot (Intent: sched_leisure_fox_2_1781825883272)
NPC_ASSIGN_ATTEMPT: Wild Fox -> writePoetry @ master_bedroom (Intent: sched_leisure_fox_3_1781825883272)
NPC_ASSIGN_ATTEMPT: Wild Fox -> goForWalk @ garden_lot (Intent: sched_leisure_fox_4_1781825883272)
NPC_ASSIGN_ATTEMPT: Wild Fox -> writePoetry @ master_bedroom (Intent: sched_leisure_fox_0_1781825883272)
NPC_ASSIGN_ATTEMPT: Wild Fox -> readBook @ vegetable_garden (Intent: sched_leisure_fox_1_1781825883272)
NPC_ASSIGN_ATTEMPT: Wild Fox -> writePoetry @ master_bedroom (Intent: sched_leisure_fox_2_1781825883272)
NPC_ASSIGN_ATTEMPT: Wild Fox -> weights @ garden_lot (Intent: sched_leisure_fox_3_1781825883272)
NPC_ASSIGN_ATTEMPT: Wild Fox -> weights @ garden_lot (Intent: sched_leisure_fox_4_1781825883272)
NPC_ASSIGN_ATTEMPT: Wild Fox -> weights @ garden_lot (Intent: sched_leisure_fox_0_1781825883272)
NPC_ASSIGN_ATTEMPT: Wild Fox -> weights @ garden_lot (Intent: sched_leisure_fox_1_1781825883272)
NPC_ASSIGN_ATTEMPT: Wild Fox -> weights @ garden_lot (Intent: sched_leisure_fox_2_1781825883272)
NPC_ASSIGN_ATTEMPT: Wild Fox -> writePoetry @ master_bedroom (Intent: sched_leisure_fox_3_1781825883272)
NPC_ASSIGN_ATTEMPT: Wild Fox -> writePoetry @ master_bedroom (Intent: sched_leisure_fox_4_1781825883272)
NPC_ASSIGN_ATTEMPT: Wild Fox -> writePoetry @ master_bedroom (Intent: sched_leisure_fox_0_1781825883272)
NPC_ASSIGN_ATTEMPT: Wild Fox -> weights @ garden_lot (Intent: sched_leisure_fox_1_1781825883272)
NPC_ASSIGN_ATTEMPT: Wild Fox -> writePoetry @ master_bedroom (Intent: sched_leisure_fox_2_1781825883272)
NPC_ASSIGN_ATTEMPT: Wild Fox -> weights @ garden_lot (Intent: sched_leisure_fox_3_1781825883272)
NPC_ASSIGN_ATTEMPT: Wild Fox -> weights @ garden_lot (Intent: sched_leisure_fox_4_1781825883272)
NPC_ASSIGN_ATTEMPT: Wild Fox -> weights @ garden_lot (Intent: sched_leisure_fox_0_1781825883272)
NPC_ASSIGN_ATTEMPT: Wild Fox -> writePoetry @ master_bedroom (Intent: sched_leisure_fox_1_1781825883272)
NPC_ASSIGN_ATTEMPT: Wild Fox -> weights @ garden_lot (Intent: sched_leisure_fox_2_1781825883272)
NPC_ASSIGN_ATTEMPT: Wild Fox -> writePoetry @ master_bedroom (Intent: sched_leisure_fox_3_1781825883272)
NPC_ASSIGN_ATTEMPT: Wild Fox -> writePoetry @ master_bedroom (Intent: sched_leisure_fox_4_1781825883272)
NPC_ASSIGN_ATTEMPT: Wild Fox -> readBook @ vegetable_garden (Intent: sched_leisure_fox_0_1781825883272)
NPC_ASSIGN_ATTEMPT: Wild Fox -> weights @ garden_lot (Intent: sched_leisure_fox_1_1781825883272)
NPC_ASSIGN_ATTEMPT: Wild Fox -> writePoetry @ master_bedroom (Intent: sched_leisure_fox_2_1781825883272)
NPC_ASSIGN_ATTEMPT: Wild Fox -> goForWalk @ garden_lot (Intent: sched_leisure_fox_3_1781825883272)
NPC_ASSIGN_ATTEMPT: Wild Fox -> weights @ garden_lot (Intent: sched_leisure_fox_4_1781825883272)
NPC_ASSIGN_ATTEMPT: Wild Fox -> weights @ garden_lot (Intent: sched_leisure_fox_0_1781825883272)
NPC_ASSIGN_ATTEMPT: Wild Fox -> readBook @ vegetable_garden (Intent: sched_leisure_fox_1_1781825883272)
NPC_ASSIGN_ATTEMPT: Wild Fox -> weights @ garden_lot (Intent: sched_leisure_fox_2_1781825883272)
NPC_ASSIGN_ATTEMPT: Wild Fox -> weights @ garden_lot (Intent: sched_leisure_fox_3_1781825883272)
NPC_ASSIGN_ATTEMPT: Wild Fox -> writePoetry @ master_bedroom (Intent: sched_leisure_fox_4_1781825883272)
NPC_ASSIGN_ATTEMPT: Wild Fox -> washHands @ bathroom_down (Intent: wash_hands_pre_sched_leisure_fox_0_1781825883272)
NPC_ASSIGN_ATTEMPT: Wild Fox -> weights @ garden_lot (Intent: sched_leisure_fox_1_1781825883272)
NPC_ASSIGN_ATTEMPT: Wild Fox -> writePoetry @ master_bedroom (Intent: sched_leisure_fox_2_1781825883272)
NPC_ASSIGN_ATTEMPT: Wild Fox -> writePoetry @ master_bedroom (Intent: sched_leisure_fox_3_1781825883272)
NPC_ASSIGN_ATTEMPT: Wild Fox -> weights @ garden_lot (Intent: sched_leisure_fox_4_1781825883272)
NPC_ASSIGN_ATTEMPT: Partner -> idle @ toolshed (Intent: sched_idle_w_partner)
NPC_ASSIGN_ATTEMPT: Wild Fox -> weights @ garden_lot (Intent: sched_leisure_fox_0_1781825883272)
NPC_ASSIGN_ATTEMPT: Wild Fox -> writePoetry @ master_bedroom (Intent: sched_leisure_fox_1_1781825883272)
NPC_ASSIGN_ATTEMPT: Wild Fox -> weights @ garden_lot (Intent: sched_leisure_fox_2_1781825883272)
NPC_ASSIGN_ATTEMPT: Wild Fox -> weights @ garden_lot (Intent: sched_leisure_fox_3_1781825883272)
NPC_ASSIGN_ATTEMPT: Wild Fox -> washHands @ bathroom_down (Intent: wash_hands_pre_sched_leisure_fox_4_1781825883272)
NPC_ASSIGN_ATTEMPT: Wild Fox -> writePoetry @ master_bedroom (Intent: sched_leisure_fox_0_1781825883272)
NPC_ASSIGN_ATTEMPT: Wild Fox -> weights @ garden_lot (Intent: sched_leisure_fox_1_1781825883272)
NPC_ASSIGN_ATTEMPT: Wild Fox -> writePoetry @ master_bedroom (Intent: sched_leisure_fox_2_1781825883272)
NPC_ASSIGN_ATTEMPT: Wild Fox -> weights @ garden_lot (Intent: sched_leisure_fox_3_1781825883272)
NPC_ASSIGN_ATTEMPT: Wild Fox -> weights @ garden_lot (Intent: sched_leisure_fox_4_1781825883272)
NPC_ASSIGN_ATTEMPT: Wild Fox -> weights @ garden_lot (Intent: sched_leisure_fox_0_1781825883272)
NPC_ASSIGN_ATTEMPT: Wild Fox -> writePoetry @ master_bedroom (Intent: sched_leisure_fox_1_1781825883272)
NPC_ASSIGN_ATTEMPT: Wild Fox -> weights @ garden_lot (Intent: sched_leisure_fox_2_1781825883272)
NPC_ASSIGN_ATTEMPT: Wild Fox -> writePoetry @ master_bedroom (Intent: sched_leisure_fox_3_1781825883272)
NPC_ASSIGN_ATTEMPT: Wild Fox -> writePoetry @ master_bedroom (Intent: sched_leisure_fox_4_1781825883272)
NPC_ASSIGN_ATTEMPT: Wild Fox -> writePoetry @ master_bedroom (Intent: sched_leisure_fox_0_1781825883272)
NPC_ASSIGN_ATTEMPT: Wild Fox -> writePoetry @ master_bedroom (Intent: sched_leisure_fox_1_1781825883272)
NPC_ASSIGN_ATTEMPT: Wild Fox -> writePoetry @ master_bedroom (Intent: sched_leisure_fox_2_1781825883272)
NPC_ASSIGN_ATTEMPT: Wild Fox -> weights @ garden_lot (Intent: sched_leisure_fox_3_1781825883272)
NPC_ASSIGN_ATTEMPT: Wild Fox -> weights @ garden_lot (Intent: sched_leisure_fox_4_1781825883272)
NPC_ASSIGN_ATTEMPT: Wild Fox -> weights @ garden_lot (Intent: sched_leisure_fox_0_1781825883272)
NPC_ASSIGN_ATTEMPT: Wild Fox -> weights @ garden_lot (Intent: sched_leisure_fox_1_1781825883272)
NPC_ASSIGN_ATTEMPT: Wild Fox -> writePoetry @ master_bedroom (Intent: sched_leisure_fox_2_1781825883272)
NPC_ASSIGN_ATTEMPT: Wild Fox -> writePoetry @ master_bedroom (Intent: sched_leisure_fox_3_1781825883272)
NPC_ASSIGN_ATTEMPT: Wild Fox -> writePoetry @ master_bedroom (Intent: sched_leisure_fox_4_1781825883272)
NPC_ASSIGN_ATTEMPT: Wild Fox -> weights @ garden_lot (Intent: sched_leisure_fox_0_1781825883272)
NPC_ASSIGN_ATTEMPT: Wild Fox -> writePoetry @ master_bedroom (Intent: sched_leisure_fox_1_1781825883272)
NPC_ASSIGN_ATTEMPT: Wild Fox -> weights @ garden_lot (Intent: sched_leisure_fox_2_1781825883272)
NPC_ASSIGN_ATTEMPT: Wild Fox -> weights @ garden_lot (Intent: sched_leisure_fox_3_1781825883272)
NPC_ASSIGN_ATTEMPT: Wild Fox -> weights @ garden_lot (Intent: sched_leisure_fox_4_1781825883272)
NPC_ASSIGN_ATTEMPT: Wild Fox -> writePoetry @ master_bedroom (Intent: sched_leisure_fox_0_1781825883272)
NPC_ASSIGN_ATTEMPT: Wild Fox -> weights @ garden_lot (Intent: sched_leisure_fox_1_1781825883272)
NPC_ASSIGN_ATTEMPT: Wild Fox -> weights @ garden_lot (Intent: sched_leisure_fox_2_1781825883272)
NPC_ASSIGN_ATTEMPT: Wild Fox -> writePoetry @ master_bedroom (Intent: sched_leisure_fox_3_1781825883272)
NPC_ASSIGN_ATTEMPT: Wild Fox -> writePoetry @ master_bedroom (Intent: sched_leisure_fox_4_1781825883272)
NPC_ASSIGN_ATTEMPT: Wild Fox -> weights @ garden_lot (Intent: sched_leisure_fox_0_1781825883272)
NPC_ASSIGN_ATTEMPT: Wild Fox -> goForWalk @ garden_lot (Intent: sched_leisure_fox_1_1781825883272)
NPC_ASSIGN_ATTEMPT: Wild Fox -> writePoetry @ master_bedroom (Intent: sched_leisure_fox_2_1781825883272)
NPC_ASSIGN_ATTEMPT: Wild Fox -> weights @ garden_lot (Intent: sched_leisure_fox_3_1781825883272)
NPC_ASSIGN_ATTEMPT: Wild Fox -> cardio @ garden_lot (Intent: sched_leisure_fox_4_1781825883272)
NPC_ASSIGN_ATTEMPT: Wild Fox -> weights @ garden_lot (Intent: sched_leisure_fox_0_1781825883272)
NPC_ASSIGN_ATTEMPT: Wild Fox -> weights @ garden_lot (Intent: sched_leisure_fox_1_1781825883272)
NPC_ASSIGN_ATTEMPT: Wild Fox -> weights @ garden_lot (Intent: sched_leisure_fox_2_1781825883272)
NPC_ASSIGN_ATTEMPT: Wild Fox -> writePoetry @ master_bedroom (Intent: sched_leisure_fox_3_1781825883272)
NPC_ASSIGN_ATTEMPT: Wild Fox -> weights @ garden_lot (Intent: sched_leisure_fox_4_1781825883272)
NPC_ASSIGN_ATTEMPT: Wild Fox -> writePoetry @ master_bedroom (Intent: sched_leisure_fox_0_1781825883272)
NPC_ASSIGN_ATTEMPT: Wild Fox -> writePoetry @ master_bedroom (Intent: sched_leisure_fox_1_1781825883272)
NPC_ASSIGN_ATTEMPT: Wild Fox -> writePoetry @ master_bedroom (Intent: sched_leisure_fox_2_1781825883272)
NPC_ASSIGN_ATTEMPT: Wild Fox -> weights @ garden_lot (Intent: sched_leisure_fox_3_1781825883272)
NPC_ASSIGN_ATTEMPT: Wild Fox -> readBook @ vegetable_garden (Intent: sched_leisure_fox_4_1781825883272)
NPC_ASSIGN_ATTEMPT: Wild Fox -> cardio @ garden_lot (Intent: sched_leisure_fox_0_1781825883272)
NPC_ASSIGN_ATTEMPT: Wild Fox -> weights @ garden_lot (Intent: sched_leisure_fox_1_1781825883272)
NPC_ASSIGN_ATTEMPT: Wild Fox -> goForWalk @ garden_lot (Intent: sched_leisure_fox_2_1781825883272)
NPC_ASSIGN_ATTEMPT: Wild Fox -> washHands @ bathroom_down (Intent: wash_hands_pre_sched_leisure_fox_3_1781825883272)
NPC_ASSIGN_ATTEMPT: Wild Fox -> weights @ garden_lot (Intent: sched_leisure_fox_4_1781825883272)
NPC_ASSIGN_ATTEMPT: Wild Fox -> writePoetry @ master_bedroom (Intent: sched_leisure_fox_0_1781825883272)
NPC_ASSIGN_ATTEMPT: Wild Fox -> paint @ study (Intent: sched_leisure_fox_1_1781825883272)
NPC_ASSIGN_ATTEMPT: Wild Fox -> writePoetry @ master_bedroom (Intent: sched_leisure_fox_2_1781825883272)
NPC_ASSIGN_ATTEMPT: Wild Fox -> writePoetry @ master_bedroom (Intent: sched_leisure_fox_3_1781825883272)
NPC_ASSIGN_ATTEMPT: Wild Fox -> writePoetry @ master_bedroom (Intent: sched_leisure_fox_4_1781825883272)
NPC_ASSIGN_ATTEMPT: Wild Fox -> writePoetry @ master_bedroom (Intent: sched_leisure_fox_0_1781825883272)
NPC_ASSIGN_ATTEMPT: Wild Fox -> writePoetry @ master_bedroom (Intent: sched_leisure_fox_1_1781825883272)
NPC_ASSIGN_ATTEMPT: Wild Fox -> weights @ garden_lot (Intent: sched_leisure_fox_2_1781825883272)
NPC_ASSIGN_ATTEMPT: Wild Fox -> weights @ garden_lot (Intent: sched_leisure_fox_3_1781825883272)
NPC_ASSIGN_ATTEMPT: Wild Fox -> weights @ garden_lot (Intent: sched_leisure_fox_4_1781825883272)
NPC_ASSIGN_ATTEMPT: Wild Fox -> weights @ garden_lot (Intent: sched_leisure_fox_0_1781825883272)
NPC_ASSIGN_ATTEMPT: Wild Fox -> weights @ garden_lot (Intent: sched_leisure_fox_1_1781825883272)
NPC_ASSIGN_ATTEMPT: Wild Fox -> writePoetry @ master_bedroom (Intent: sched_leisure_fox_2_1781825883272)
NPC_ASSIGN_ATTEMPT: Wild Fox -> weights @ garden_lot (Intent: sched_leisure_fox_3_1781825883272)
NPC_ASSIGN_ATTEMPT: Wild Fox -> weights @ garden_lot (Intent: sched_leisure_fox_4_1781825883272)
NPC_ASSIGN_ATTEMPT: Wild Fox -> writePoetry @ master_bedroom (Intent: sched_leisure_fox_0_1781825883272)
NPC_ASSIGN_ATTEMPT: Wild Fox -> writePoetry @ master_bedroom (Intent: sched_leisure_fox_1_1781825883272)
NPC_ASSIGN_ATTEMPT: Wild Fox -> paint @ study (Intent: sched_leisure_fox_2_1781825883272)
NPC_ASSIGN_ATTEMPT: Wild Fox -> writePoetry @ master_bedroom (Intent: sched_leisure_fox_3_1781825883272)
NPC_ASSIGN_ATTEMPT: Wild Fox -> writePoetry @ master_bedroom (Intent: sched_leisure_fox_4_1781825883272)
NPC_ASSIGN_ATTEMPT: Wild Fox -> weights @ garden_lot (Intent: sched_leisure_fox_0_1781825883272)
NPC_ASSIGN_ATTEMPT: Wild Fox -> weights @ garden_lot (Intent: sched_leisure_fox_1_1781825883272)
NPC_ASSIGN_ATTEMPT: Wild Fox -> goForWalk @ garden_lot (Intent: sched_leisure_fox_2_1781825883272)
NPC_ASSIGN_ATTEMPT: Wild Fox -> weights @ garden_lot (Intent: sched_leisure_fox_3_1781825883272)
NPC_ASSIGN_ATTEMPT: Wild Fox -> weights @ garden_lot (Intent: sched_leisure_fox_4_1781825883272)
NPC_ASSIGN_ATTEMPT: Wild Fox -> writePoetry @ master_bedroom (Intent: sched_leisure_fox_0_1781825883272)
NPC_ASSIGN_ATTEMPT: Wild Fox -> readBook @ vegetable_garden (Intent: sched_leisure_fox_1_1781825883272)
NPC_ASSIGN_ATTEMPT: Wild Fox -> readBook @ vegetable_garden (Intent: sched_leisure_fox_2_1781825883272)
NPC_ASSIGN_ATTEMPT: Wild Fox -> writePoetry @ master_bedroom (Intent: sched_leisure_fox_3_1781825883272)
NPC_ASSIGN_ATTEMPT: Wild Fox -> writePoetry @ master_bedroom (Intent: sched_leisure_fox_4_1781825883272)
NPC_ASSIGN_ATTEMPT: Wild Fox -> goForWalk @ garden_lot (Intent: sched_leisure_fox_0_1781825883272)
NPC_ASSIGN_ATTEMPT: Wild Fox -> cardio @ garden_lot (Intent: sched_leisure_fox_1_1781825883272)
NPC_ASSIGN_ATTEMPT: Wild Fox -> weights @ garden_lot (Intent: sched_leisure_fox_2_1781825883272)
NPC_ASSIGN_ATTEMPT: Wild Fox -> washHands @ bathroom_down (Intent: wash_hands_pre_sched_leisure_fox_3_1781825883272)
NPC_ASSIGN_ATTEMPT: Wild Fox -> weights @ garden_lot (Intent: sched_leisure_fox_4_1781825883272)
NPC_ASSIGN_ATTEMPT: Wild Fox -> paint @ study (Intent: sched_leisure_fox_0_1781825883272)
NPC_ASSIGN_ATTEMPT: Wild Fox -> paint @ study (Intent: sched_leisure_fox_1_1781825883272)
NPC_ASSIGN_ATTEMPT: Wild Fox -> goForWalk @ garden_lot (Intent: sched_leisure_fox_2_1781825883272)
NPC_ASSIGN_ATTEMPT: Wild Fox -> writePoetry @ master_bedroom (Intent: sched_leisure_fox_3_1781825883272)
NPC_ASSIGN_ATTEMPT: Wild Fox -> writePoetry @ master_bedroom (Intent: sched_leisure_fox_4_1781825883272)
NPC_ASSIGN_ATTEMPT: Wild Fox -> weights @ garden_lot (Intent: sched_leisure_fox_0_1781825883272)
NPC_ASSIGN_ATTEMPT: Wild Fox -> writePoetry @ master_bedroom (Intent: sched_leisure_fox_1_1781825883272)
NPC_ASSIGN_ATTEMPT: Wild Fox -> writePoetry @ master_bedroom (Intent: sched_leisure_fox_2_1781825883272)
NPC_ASSIGN_ATTEMPT: Wild Fox -> weights @ garden_lot (Intent: sched_leisure_fox_3_1781825883272)
NPC_ASSIGN_ATTEMPT: Wild Fox -> weights @ garden_lot (Intent: sched_leisure_fox_4_1781825883272)
NPC_ASSIGN_ATTEMPT: Wild Fox -> writePoetry @ master_bedroom (Intent: sched_leisure_fox_0_1781825883272)
NPC_ASSIGN_ATTEMPT: Wild Fox -> readBook @ vegetable_garden (Intent: sched_leisure_fox_1_1781825883272)
NPC_ASSIGN_ATTEMPT: Wild Fox -> weights @ garden_lot (Intent: sched_leisure_fox_2_1781825883272)
NPC_ASSIGN_ATTEMPT: Wild Fox -> writePoetry @ master_bedroom (Intent: sched_leisure_fox_3_1781825883272)
NPC_ASSIGN_ATTEMPT: Wild Fox -> writePoetry @ master_bedroom (Intent: sched_leisure_fox_4_1781825883272)
NPC_ASSIGN_ATTEMPT: Wild Fox -> washHands @ bathroom_down (Intent: wash_hands_pre_sched_leisure_fox_0_1781825883272)
NPC_ASSIGN_ATTEMPT: Wild Fox -> writePoetry @ master_bedroom (Intent: sched_leisure_fox_1_1781825883272)
NPC_ASSIGN_ATTEMPT: Wild Fox -> writePoetry @ master_bedroom (Intent: sched_leisure_fox_2_1781825883272)
NPC_ASSIGN_ATTEMPT: Wild Fox -> weights @ garden_lot (Intent: sched_leisure_fox_3_1781825883272)
NPC_ASSIGN_ATTEMPT: Wild Fox -> weights @ garden_lot (Intent: sched_leisure_fox_4_1781825883272)
NPC_ASSIGN_ATTEMPT: Wild Fox -> writePoetry @ master_bedroom (Intent: sched_leisure_fox_0_1781825883272)
NPC_ASSIGN_ATTEMPT: Wild Fox -> weights @ garden_lot (Intent: sched_leisure_fox_1_1781825883272)
NPC_ASSIGN_ATTEMPT: Wild Fox -> weights @ garden_lot (Intent: sched_leisure_fox_2_1781825883272)
NPC_ASSIGN_ATTEMPT: Wild Fox -> writePoetry @ master_bedroom (Intent: sched_leisure_fox_3_1781825883272)
NPC_ASSIGN_ATTEMPT: Wild Fox -> writePoetry @ master_bedroom (Intent: sched_leisure_fox_4_1781825883272)
NPC_ASSIGN_ATTEMPT: Wild Fox -> goForWalk @ garden_lot (Intent: sched_leisure_fox_0_1781825883272)
NPC_ASSIGN_ATTEMPT: Wild Fox -> weights @ garden_lot (Intent: sched_leisure_fox_1_1781825883272)
NPC_ASSIGN_ATTEMPT: Wild Fox -> writePoetry @ master_bedroom (Intent: sched_leisure_fox_2_1781825883272)
NPC_ASSIGN_ATTEMPT: Wild Fox -> cardio @ garden_lot (Intent: sched_leisure_fox_3_1781825883272)
NPC_ASSIGN_ATTEMPT: Wild Fox -> weights @ garden_lot (Intent: sched_leisure_fox_4_1781825883272)
NPC_ASSIGN_ATTEMPT: Wild Fox -> weights @ garden_lot (Intent: sched_leisure_fox_0_1781825883272)
NPC_ASSIGN_ATTEMPT: Wild Fox -> writePoetry @ master_bedroom (Intent: sched_leisure_fox_1_1781825883272)
NPC_ASSIGN_ATTEMPT: Wild Fox -> weights @ garden_lot (Intent: sched_leisure_fox_2_1781825883272)
NPC_ASSIGN_ATTEMPT: Wild Fox -> weights @ garden_lot (Intent: sched_leisure_fox_3_1781825883272)
NPC_ASSIGN_ATTEMPT: Wild Fox -> writePoetry @ master_bedroom (Intent: sched_leisure_fox_4_1781825883272)
NPC_ASSIGN_ATTEMPT: Wild Fox -> washHands @ bathroom_down (Intent: wash_hands_pre_sched_leisure_fox_0_1781825883272)
NPC_ASSIGN_ATTEMPT: Wild Fox -> weights @ garden_lot (Intent: sched_leisure_fox_1_1781825883272)
NPC_ASSIGN_ATTEMPT: Wild Fox -> writePoetry @ master_bedroom (Intent: sched_leisure_fox_2_1781825883272)
NPC_ASSIGN_ATTEMPT: Wild Fox -> cardio @ garden_lot (Intent: sched_leisure_fox_3_1781825883272)
NPC_ASSIGN_ATTEMPT: Wild Fox -> weights @ garden_lot (Intent: sched_leisure_fox_4_1781825883272)
NPC_ASSIGN_ATTEMPT: Wild Fox -> writePoetry @ master_bedroom (Intent: sched_leisure_fox_0_1781825883272)
NPC_ASSIGN_ATTEMPT: Wild Fox -> washHands @ bathroom_down (Intent: wash_hands_pre_sched_leisure_fox_1_1781825883272)
NPC_ASSIGN_ATTEMPT: Wild Fox -> weights @ garden_lot (Intent: sched_leisure_fox_2_1781825883272)
NPC_ASSIGN_ATTEMPT: Wild Fox -> weights @ garden_lot (Intent: sched_leisure_fox_3_1781825883272)
NPC_ASSIGN_ATTEMPT: Wild Fox -> cardio @ garden_lot (Intent: sched_leisure_fox_4_1781825883272)
NPC_ASSIGN_ATTEMPT: Wild Fox -> weights @ garden_lot (Intent: sched_leisure_fox_0_1781825883272)
NPC_ASSIGN_ATTEMPT: Wild Fox -> writePoetry @ master_bedroom (Intent: sched_leisure_fox_1_1781825883272)
NPC_ASSIGN_ATTEMPT: Wild Fox -> writePoetry @ master_bedroom (Intent: sched_leisure_fox_2_1781825883272)
NPC_ASSIGN_ATTEMPT: Wild Fox -> writePoetry @ master_bedroom (Intent: sched_leisure_fox_3_1781825883272)
NPC_ASSIGN_ATTEMPT: Wild Fox -> writePoetry @ master_bedroom (Intent: sched_leisure_fox_4_1781825883272)
NPC_ASSIGN_ATTEMPT: Wild Fox -> writePoetry @ master_bedroom (Intent: sched_leisure_fox_0_1781825883272)
NPC_ASSIGN_ATTEMPT: Wild Fox -> writePoetry @ master_bedroom (Intent: sched_leisure_fox_1_1781825883272)
NPC_ASSIGN_ATTEMPT: Wild Fox -> weights @ garden_lot (Intent: sched_leisure_fox_2_1781825883272)
NPC_ASSIGN_ATTEMPT: Wild Fox -> weights @ garden_lot (Intent: sched_leisure_fox_3_1781825883272)
NPC_ASSIGN_ATTEMPT: Wild Fox -> weights @ garden_lot (Intent: sched_leisure_fox_4_1781825883272)
NPC_ASSIGN_ATTEMPT: Wild Fox -> weights @ garden_lot (Intent: sched_leisure_fox_0_1781825883272)
NPC_ASSIGN_ATTEMPT: Wild Fox -> weights @ garden_lot (Intent: sched_leisure_fox_1_1781825883272)
NPC_ASSIGN_ATTEMPT: Wild Fox -> writePoetry @ master_bedroom (Intent: sched_leisure_fox_2_1781825883272)
NPC_ASSIGN_ATTEMPT: Wild Fox -> writePoetry @ master_bedroom (Intent: sched_leisure_fox_3_1781825883272)
NPC_ASSIGN_ATTEMPT: Wild Fox -> writePoetry @ master_bedroom (Intent: sched_leisure_fox_4_1781825883272)
NPC_ASSIGN_ATTEMPT: Wild Fox -> goForWalk @ garden_lot (Intent: sched_leisure_fox_0_1781825883272)
NPC_ASSIGN_ATTEMPT: Wild Fox -> readBook @ vegetable_garden (Intent: sched_leisure_fox_1_1781825883272)
NPC_ASSIGN_ATTEMPT: Wild Fox -> weights @ garden_lot (Intent: sched_leisure_fox_2_1781825883272)
NPC_ASSIGN_ATTEMPT: Wild Fox -> weights @ garden_lot (Intent: sched_leisure_fox_3_1781825883272)
NPC_ASSIGN_ATTEMPT: Wild Fox -> washHands @ bathroom_down (Intent: wash_hands_pre_sched_leisure_fox_4_1781825883272)
NPC_ASSIGN_ATTEMPT: Wild Fox -> writePoetry @ master_bedroom (Intent: sched_leisure_fox_0_1781825883272)
NPC_ASSIGN_ATTEMPT: Wild Fox -> weights @ garden_lot (Intent: sched_leisure_fox_1_1781825883272)
NPC_ASSIGN_ATTEMPT: Wild Fox -> cardio @ garden_lot (Intent: sched_leisure_fox_2_1781825883272)
NPC_ASSIGN_ATTEMPT: Wild Fox -> cardio @ garden_lot (Intent: sched_leisure_fox_3_1781825883272)
NPC_ASSIGN_ATTEMPT: Wild Fox -> weights @ garden_lot (Intent: sched_leisure_fox_4_1781825883272)
NPC_ASSIGN_ATTEMPT: Wild Fox -> weights @ garden_lot (Intent: sched_leisure_fox_0_1781825883272)
NPC_ASSIGN_ATTEMPT: Wild Fox -> weights @ garden_lot (Intent: sched_leisure_fox_1_1781825883272)
NPC_ASSIGN_ATTEMPT: Wild Fox -> writePoetry @ master_bedroom (Intent: sched_leisure_fox_2_1781825883272)
NPC_ASSIGN_ATTEMPT: Wild Fox -> weights @ garden_lot (Intent: sched_leisure_fox_3_1781825883272)
NPC_ASSIGN_ATTEMPT: Wild Fox -> writePoetry @ master_bedroom (Intent: sched_leisure_fox_4_1781825883272)
NPC_ASSIGN_ATTEMPT: Wild Fox -> writePoetry @ master_bedroom (Intent: sched_leisure_fox_0_1781825883272)
NPC_ASSIGN_ATTEMPT: Wild Fox -> writePoetry @ master_bedroom (Intent: sched_leisure_fox_1_1781825883272)
NPC_ASSIGN_ATTEMPT: Wild Fox -> weights @ garden_lot (Intent: sched_leisure_fox_2_1781825883272)
NPC_ASSIGN_ATTEMPT: Wild Fox -> writePoetry @ master_bedroom (Intent: sched_leisure_fox_3_1781825883272)
NPC_ASSIGN_ATTEMPT: Wild Fox -> weights @ garden_lot (Intent: sched_leisure_fox_4_1781825883272)
NPC_ASSIGN_ATTEMPT: Wild Fox -> weights @ garden_lot (Intent: sched_leisure_fox_0_1781825883272)
NPC_ASSIGN_ATTEMPT: Wild Fox -> weights @ garden_lot (Intent: sched_leisure_fox_1_1781825883272)
NPC_ASSIGN_ATTEMPT: Wild Fox -> writePoetry @ master_bedroom (Intent: sched_leisure_fox_2_1781825883272)
NPC_ASSIGN_ATTEMPT: Wild Fox -> weights @ garden_lot (Intent: sched_leisure_fox_3_1781825883272)
NPC_ASSIGN_ATTEMPT: Wild Fox -> writePoetry @ master_bedroom (Intent: sched_leisure_fox_4_1781825883272)
NPC_ASSIGN_ATTEMPT: Wild Fox -> writePoetry @ master_bedroom (Intent: sched_leisure_fox_0_1781825883272)
NPC_ASSIGN_ATTEMPT: Wild Fox -> writePoetry @ master_bedroom (Intent: sched_leisure_fox_1_1781825883272)
NPC_ASSIGN_ATTEMPT: Wild Fox -> writePoetry @ master_bedroom (Intent: sched_leisure_fox_2_1781825883272)
NPC_ASSIGN_ATTEMPT: Wild Fox -> washHands @ bathroom_down (Intent: wash_hands_pre_sched_leisure_fox_3_1781825883272)
NPC_ASSIGN_ATTEMPT: Wild Fox -> weights @ garden_lot (Intent: sched_leisure_fox_4_1781825883272)
NPC_ASSIGN_ATTEMPT: Wild Fox -> writePoetry @ master_bedroom (Intent: sched_leisure_fox_0_1781825883272)
NPC_ASSIGN_ATTEMPT: Wild Fox -> weights @ garden_lot (Intent: sched_leisure_fox_1_1781825883272)
NPC_ASSIGN_ATTEMPT: Wild Fox -> goForWalk @ garden_lot (Intent: sched_leisure_fox_2_1781825883272)
NPC_ASSIGN_ATTEMPT: Wild Fox -> weights @ garden_lot (Intent: sched_leisure_fox_3_1781825883272)
NPC_ASSIGN_ATTEMPT: Wild Fox -> writePoetry @ master_bedroom (Intent: sched_leisure_fox_4_1781825883272)
NPC_ASSIGN_ATTEMPT: Wild Fox -> weights @ garden_lot (Intent: sched_leisure_fox_0_1781825883272)
NPC_ASSIGN_ATTEMPT: Wild Fox -> writePoetry @ master_bedroom (Intent: sched_leisure_fox_1_1781825883272)
NPC_ASSIGN_ATTEMPT: Wild Fox -> weights @ garden_lot (Intent: sched_leisure_fox_2_1781825883272)
NPC_ASSIGN_ATTEMPT: Wild Fox -> writePoetry @ master_bedroom (Intent: sched_leisure_fox_3_1781825883272)
NPC_ASSIGN_ATTEMPT: Wild Fox -> weights @ garden_lot (Intent: sched_leisure_fox_4_1781825883272)
NPC_ASSIGN_ATTEMPT: Wild Fox -> writePoetry @ master_bedroom (Intent: sched_leisure_fox_0_1781825883272)
NPC_ASSIGN_ATTEMPT: Wild Fox -> weights @ garden_lot (Intent: sched_leisure_fox_1_1781825883272)
NPC_ASSIGN_ATTEMPT: Wild Fox -> writePoetry @ master_bedroom (Intent: sched_leisure_fox_2_1781825883272)
NPC_ASSIGN_ATTEMPT: Wild Fox -> weights @ garden_lot (Intent: sched_leisure_fox_3_1781825883272)
NPC_ASSIGN_ATTEMPT: Wild Fox -> writePoetry @ master_bedroom (Intent: sched_leisure_fox_4_1781825883272)
NPC_ASSIGN_ATTEMPT: Wild Fox -> weights @ garden_lot (Intent: sched_leisure_fox_0_1781825883272)
NPC_ASSIGN_ATTEMPT: Wild Fox -> cardio @ garden_lot (Intent: sched_leisure_fox_1_1781825883272)
NPC_ASSIGN_ATTEMPT: Wild Fox -> weights @ garden_lot (Intent: sched_leisure_fox_2_1781825883272)
NPC_ASSIGN_ATTEMPT: Wild Fox -> weights @ garden_lot (Intent: sched_leisure_fox_3_1781825883272)
NPC_ASSIGN_ATTEMPT: Wild Fox -> weights @ garden_lot (Intent: sched_leisure_fox_4_1781825883272)
NPC_ASSIGN_ATTEMPT: Wild Fox -> weights @ garden_lot (Intent: sched_leisure_fox_0_1781825883272)
NPC_ASSIGN_ATTEMPT: Wild Fox -> goForWalk @ garden_lot (Intent: sched_leisure_fox_1_1781825883272)
NPC_ASSIGN_ATTEMPT: Wild Fox -> readBook @ vegetable_garden (Intent: sched_leisure_fox_2_1781825883272)
NPC_ASSIGN_ATTEMPT: Wild Fox -> writePoetry @ master_bedroom (Intent: sched_leisure_fox_3_1781825883272)
NPC_ASSIGN_ATTEMPT: Wild Fox -> paint @ study (Intent: sched_leisure_fox_4_1781825883272)
NPC_ASSIGN_ATTEMPT: Wild Fox -> weights @ garden_lot (Intent: sched_leisure_fox_0_1781825883272)
NPC_ASSIGN_ATTEMPT: Wild Fox -> weights @ garden_lot (Intent: sched_leisure_fox_1_1781825883272)
NPC_ASSIGN_ATTEMPT: Wild Fox -> writePoetry @ master_bedroom (Intent: sched_leisure_fox_2_1781825883272)
NPC_ASSIGN_ATTEMPT: Wild Fox -> weights @ garden_lot (Intent: sched_leisure_fox_3_1781825883272)
NPC_ASSIGN_ATTEMPT: Wild Fox -> weights @ garden_lot (Intent: sched_leisure_fox_4_1781825883272)
NPC_ASSIGN_ATTEMPT: Wild Fox -> cardio @ garden_lot (Intent: sched_leisure_fox_0_1781825883272)
NPC_ASSIGN_ATTEMPT: Wild Fox -> writePoetry @ master_bedroom (Intent: sched_leisure_fox_1_1781825883272)
NPC_ASSIGN_ATTEMPT: Wild Fox -> weights @ garden_lot (Intent: sched_leisure_fox_2_1781825883272)
NPC_ASSIGN_ATTEMPT: Wild Fox -> weights @ garden_lot (Intent: sched_leisure_fox_3_1781825883272)
NPC_ASSIGN_ATTEMPT: Wild Fox -> writePoetry @ master_bedroom (Intent: sched_leisure_fox_4_1781825883272)
NPC_ASSIGN_ATTEMPT: Wild Fox -> weights @ garden_lot (Intent: sched_leisure_fox_0_1781825883272)
NPC_ASSIGN_ATTEMPT: Wild Fox -> paint @ study (Intent: sched_leisure_fox_1_1781825883272)
NPC_ASSIGN_ATTEMPT: Wild Fox -> writePoetry @ master_bedroom (Intent: sched_leisure_fox_2_1781825883272)
NPC_ASSIGN_ATTEMPT: Wild Fox -> writePoetry @ master_bedroom (Intent: sched_leisure_fox_3_1781825883272)
NPC_ASSIGN_ATTEMPT: Wild Fox -> weights @ garden_lot (Intent: sched_leisure_fox_4_1781825883272)
NPC_ASSIGN_ATTEMPT: Wild Fox -> writePoetry @ master_bedroom (Intent: sched_leisure_fox_0_1781825883272)
NPC_ASSIGN_ATTEMPT: Wild Fox -> weights @ garden_lot (Intent: sched_leisure_fox_1_1781825883272)
NPC_ASSIGN_ATTEMPT: Wild Fox -> weights @ garden_lot (Intent: sched_leisure_fox_2_1781825883272)
NPC_ASSIGN_ATTEMPT: Wild Fox -> weights @ garden_lot (Intent: sched_leisure_fox_3_1781825883272)
NPC_ASSIGN_ATTEMPT: Wild Fox -> washHands @ bathroom_down (Intent: wash_hands_pre_sched_leisure_fox_4_1781825883272)
NPC_ASSIGN_ATTEMPT: Wild Fox -> weights @ garden_lot (Intent: sched_leisure_fox_0_1781825883272)
NPC_ASSIGN_ATTEMPT: Wild Fox -> writePoetry @ master_bedroom (Intent: sched_leisure_fox_1_1781825883272)
NPC_ASSIGN_ATTEMPT: Wild Fox -> writePoetry @ master_bedroom (Intent: sched_leisure_fox_2_1781825883272)
NPC_ASSIGN_ATTEMPT: Wild Fox -> washHands @ bathroom_down (Intent: wash_hands_pre_sched_leisure_fox_3_1781825883272)
NPC_ASSIGN_ATTEMPT: Wild Fox -> weights @ garden_lot (Intent: sched_leisure_fox_4_1781825883272)
NPC_ASSIGN_ATTEMPT: Wild Fox -> writePoetry @ master_bedroom (Intent: sched_leisure_fox_0_1781825883272)
NPC_ASSIGN_ATTEMPT: Wild Fox -> weights @ garden_lot (Intent: sched_leisure_fox_1_1781825883272)
NPC_ASSIGN_ATTEMPT: Wild Fox -> weights @ garden_lot (Intent: sched_leisure_fox_2_1781825883272)
NPC_ASSIGN_ATTEMPT: Wild Fox -> weights @ garden_lot (Intent: sched_leisure_fox_3_1781825883272)
NPC_ASSIGN_ATTEMPT: Wild Fox -> writePoetry @ master_bedroom (Intent: sched_leisure_fox_4_1781825883272)
NPC_ASSIGN_ATTEMPT: Wild Fox -> weights @ garden_lot (Intent: sched_leisure_fox_0_1781825883272)
NPC_ASSIGN_ATTEMPT: Wild Fox -> writePoetry @ master_bedroom (Intent: sched_leisure_fox_1_1781825883272)
NPC_ASSIGN_ATTEMPT: Wild Fox -> writePoetry @ master_bedroom (Intent: sched_leisure_fox_2_1781825883272)
NPC_ASSIGN_ATTEMPT: Wild Fox -> writePoetry @ master_bedroom (Intent: sched_leisure_fox_3_1781825883272)
NPC_ASSIGN_ATTEMPT: Wild Fox -> weights @ garden_lot (Intent: sched_leisure_fox_4_1781825883272)
NPC_ASSIGN_ATTEMPT: Wild Fox -> readBook @ vegetable_garden (Intent: sched_leisure_fox_0_1781825883272)
NPC_ASSIGN_ATTEMPT: Wild Fox -> weights @ garden_lot (Intent: sched_leisure_fox_1_1781825883272)
NPC_ASSIGN_ATTEMPT: Wild Fox -> weights @ garden_lot (Intent: sched_leisure_fox_2_1781825883272)
NPC_ASSIGN_ATTEMPT: Wild Fox -> paint @ study (Intent: sched_leisure_fox_3_1781825883272)
NPC_ASSIGN_ATTEMPT: Wild Fox -> writePoetry @ master_bedroom (Intent: sched_leisure_fox_4_1781825883272)
NPC_ASSIGN_ATTEMPT: Wild Fox -> writePoetry @ master_bedroom (Intent: sched_leisure_fox_0_1781825883272)
NPC_ASSIGN_ATTEMPT: Wild Fox -> writePoetry @ master_bedroom (Intent: sched_leisure_fox_1_1781825883272)
NPC_ASSIGN_ATTEMPT: Wild Fox -> readBook @ vegetable_garden (Intent: sched_leisure_fox_2_1781825883272)
NPC_ASSIGN_ATTEMPT: Wild Fox -> weights @ garden_lot (Intent: sched_leisure_fox_3_1781825883272)
NPC_ASSIGN_ATTEMPT: Wild Fox -> readBook @ vegetable_garden (Intent: sched_leisure_fox_4_1781825883272)
NPC_ASSIGN_ATTEMPT: Wild Fox -> weights @ garden_lot (Intent: sched_leisure_fox_0_1781825883272)
NPC_ASSIGN_ATTEMPT: Wild Fox -> weights @ garden_lot (Intent: sched_leisure_fox_1_1781825883272)
NPC_ASSIGN_ATTEMPT: Wild Fox -> writePoetry @ master_bedroom (Intent: sched_leisure_fox_2_1781825883272)
NPC_ASSIGN_ATTEMPT: Wild Fox -> writePoetry @ master_bedroom (Intent: sched_leisure_fox_3_1781825883272)
NPC_ASSIGN_ATTEMPT: Wild Fox -> writePoetry @ master_bedroom (Intent: sched_leisure_fox_4_1781825883272)
NPC_ASSIGN_ATTEMPT: Wild Fox -> writePoetry @ master_bedroom (Intent: sched_leisure_fox_0_1781825883272)
NPC_ASSIGN_ATTEMPT: Wild Fox -> goForWalk @ garden_lot (Intent: sched_leisure_fox_1_1781825883272)
NPC_ASSIGN_ATTEMPT: Wild Fox -> readBook @ vegetable_garden (Intent: sched_leisure_fox_2_1781825883272)
NPC_ASSIGN_ATTEMPT: Wild Fox -> weights @ garden_lot (Intent: sched_leisure_fox_3_1781825883272)
NPC_ASSIGN_ATTEMPT: Wild Fox -> weights @ garden_lot (Intent: sched_leisure_fox_4_1781825883272)
NPC_ASSIGN_ATTEMPT: Wild Fox -> weights @ garden_lot (Intent: sched_leisure_fox_0_1781825883272)
NPC_ASSIGN_ATTEMPT: Wild Fox -> writePoetry @ master_bedroom (Intent: sched_leisure_fox_1_1781825883272)
NPC_ASSIGN_ATTEMPT: Wild Fox -> weights @ garden_lot (Intent: sched_leisure_fox_2_1781825883272)
NPC_ASSIGN_ATTEMPT: Wild Fox -> cardio @ garden_lot (Intent: sched_leisure_fox_3_1781825883272)
NPC_ASSIGN_ATTEMPT: Wild Fox -> writePoetry @ master_bedroom (Intent: sched_leisure_fox_4_1781825883272)
NPC_ASSIGN_ATTEMPT: Wild Fox -> washHands @ bathroom_down (Intent: wash_hands_pre_sched_leisure_fox_0_1781825883272)
NPC_ASSIGN_ATTEMPT: Wild Fox -> weights @ garden_lot (Intent: sched_leisure_fox_1_1781825883272)
NPC_ASSIGN_ATTEMPT: Wild Fox -> cardio @ garden_lot (Intent: sched_leisure_fox_2_1781825883272)
NPC_ASSIGN_ATTEMPT: Wild Fox -> writePoetry @ master_bedroom (Intent: sched_leisure_fox_3_1781825883272)
NPC_ASSIGN_ATTEMPT: Wild Fox -> weights @ garden_lot (Intent: sched_leisure_fox_4_1781825883272)
NPC_ASSIGN_ATTEMPT: Wild Fox -> writePoetry @ master_bedroom (Intent: sched_leisure_fox_0_1781825883272)
NPC_ASSIGN_ATTEMPT: Wild Fox -> goForWalk @ garden_lot (Intent: sched_leisure_fox_1_1781825883272)
NPC_ASSIGN_ATTEMPT: Wild Fox -> weights @ garden_lot (Intent: sched_leisure_fox_2_1781825883272)
NPC_ASSIGN_ATTEMPT: Wild Fox -> weights @ garden_lot (Intent: sched_leisure_fox_3_1781825883272)
NPC_ASSIGN_ATTEMPT: Wild Fox -> washHands @ bathroom_down (Intent: wash_hands_pre_sched_leisure_fox_4_1781825883272)
NPC_ASSIGN_ATTEMPT: Wild Fox -> weights @ garden_lot (Intent: sched_leisure_fox_0_1781825883272)
NPC_ASSIGN_ATTEMPT: Wild Fox -> weights @ garden_lot (Intent: sched_leisure_fox_1_1781825883272)
NPC_ASSIGN_ATTEMPT: Wild Fox -> writePoetry @ master_bedroom (Intent: sched_leisure_fox_2_1781825883272)
NPC_ASSIGN_ATTEMPT: Wild Fox -> writePoetry @ master_bedroom (Intent: sched_leisure_fox_3_1781825883272)
NPC_ASSIGN_ATTEMPT: Wild Fox -> writePoetry @ master_bedroom (Intent: sched_leisure_fox_4_1781825883272)
NPC_ASSIGN_ATTEMPT: Wild Fox -> cardio @ garden_lot (Intent: sched_leisure_fox_0_1781825883272)
NPC_ASSIGN_ATTEMPT: Wild Fox -> writePoetry @ master_bedroom (Intent: sched_leisure_fox_1_1781825883272)
NPC_ASSIGN_ATTEMPT: Wild Fox -> weights @ garden_lot (Intent: sched_leisure_fox_2_1781825883272)
NPC_ASSIGN_ATTEMPT: Wild Fox -> weights @ garden_lot (Intent: sched_leisure_fox_3_1781825883272)
NPC_ASSIGN_ATTEMPT: Wild Fox -> readBook @ vegetable_garden (Intent: sched_leisure_fox_4_1781825883272)
NPC_ASSIGN_ATTEMPT: Wild Fox -> writePoetry @ master_bedroom (Intent: sched_leisure_fox_0_1781825883272)
NPC_ASSIGN_ATTEMPT: Wild Fox -> weights @ garden_lot (Intent: sched_leisure_fox_1_1781825883272)
NPC_ASSIGN_ATTEMPT: Wild Fox -> writePoetry @ master_bedroom (Intent: sched_leisure_fox_2_1781825883272)
NPC_ASSIGN_ATTEMPT: Wild Fox -> readBook @ vegetable_garden (Intent: sched_leisure_fox_3_1781825883272)
NPC_ASSIGN_ATTEMPT: Wild Fox -> writePoetry @ master_bedroom (Intent: sched_leisure_fox_4_1781825883272)
NPC_ASSIGN_ATTEMPT: Wild Fox -> weights @ garden_lot (Intent: sched_leisure_fox_0_1781825883272)
NPC_ASSIGN_ATTEMPT: Wild Fox -> weights @ garden_lot (Intent: sched_leisure_fox_1_1781825883272)
NPC_ASSIGN_ATTEMPT: Wild Fox -> weights @ garden_lot (Intent: sched_leisure_fox_2_1781825883272)
NPC_ASSIGN_ATTEMPT: Wild Fox -> weights @ garden_lot (Intent: sched_leisure_fox_3_1781825883272)
NPC_ASSIGN_ATTEMPT: Wild Fox -> weights @ garden_lot (Intent: sched_leisure_fox_4_1781825883272)
NPC_ASSIGN_ATTEMPT: Wild Fox -> writePoetry @ master_bedroom (Intent: sched_leisure_fox_0_1781825883272)
NPC_ASSIGN_ATTEMPT: Wild Fox -> writePoetry @ master_bedroom (Intent: sched_leisure_fox_1_1781825883272)
NPC_ASSIGN_ATTEMPT: Wild Fox -> writePoetry @ master_bedroom (Intent: sched_leisure_fox_2_1781825883272)
NPC_ASSIGN_ATTEMPT: Wild Fox -> writePoetry @ master_bedroom (Intent: sched_leisure_fox_3_1781825883272)
NPC_ASSIGN_ATTEMPT: Wild Fox -> writePoetry @ master_bedroom (Intent: sched_leisure_fox_4_1781825883272)
NPC_ASSIGN_ATTEMPT: Wild Fox -> weights @ garden_lot (Intent: sched_leisure_fox_0_1781825883272)
NPC_ASSIGN_ATTEMPT: Wild Fox -> weights @ garden_lot (Intent: sched_leisure_fox_1_1781825883272)
NPC_ASSIGN_ATTEMPT: Wild Fox -> weights @ garden_lot (Intent: sched_leisure_fox_2_1781825883272)
NPC_ASSIGN_ATTEMPT: Wild Fox -> writePoetry @ master_bedroom (Intent: sched_leisure_fox_3_1781825883272)
NPC_ASSIGN_ATTEMPT: Wild Fox -> weights @ garden_lot (Intent: sched_leisure_fox_4_1781825883272)
NPC_ASSIGN_ATTEMPT: Wild Fox -> writePoetry @ master_bedroom (Intent: sched_leisure_fox_0_1781825883272)
NPC_ASSIGN_ATTEMPT: Wild Fox -> weights @ garden_lot (Intent: sched_leisure_fox_1_1781825883272)
NPC_ASSIGN_ATTEMPT: Wild Fox -> writePoetry @ master_bedroom (Intent: sched_leisure_fox_2_1781825883272)
NPC_ASSIGN_ATTEMPT: Wild Fox -> weights @ garden_lot (Intent: sched_leisure_fox_3_1781825883272)
NPC_ASSIGN_ATTEMPT: Wild Fox -> readBook @ vegetable_garden (Intent: sched_leisure_fox_4_1781825883272)
NPC_ASSIGN_ATTEMPT: Wild Fox -> weights @ garden_lot (Intent: sched_leisure_fox_0_1781825883272)
NPC_ASSIGN_ATTEMPT: Wild Fox -> writePoetry @ master_bedroom (Intent: sched_leisure_fox_1_1781825883272)
NPC_ASSIGN_ATTEMPT: Wild Fox -> washHands @ bathroom_down (Intent: wash_hands_pre_sched_leisure_fox_2_1781825883272)
NPC_ASSIGN_ATTEMPT: Wild Fox -> cardio @ garden_lot (Intent: sched_leisure_fox_3_1781825883272)
NPC_ASSIGN_ATTEMPT: Wild Fox -> weights @ garden_lot (Intent: sched_leisure_fox_4_1781825883272)
NPC_ASSIGN_ATTEMPT: Wild Fox -> writePoetry @ master_bedroom (Intent: sched_leisure_fox_0_1781825883272)
NPC_ASSIGN_ATTEMPT: Wild Fox -> weights @ garden_lot (Intent: sched_leisure_fox_1_1781825883272)
NPC_ASSIGN_ATTEMPT: Wild Fox -> weights @ garden_lot (Intent: sched_leisure_fox_2_1781825883272)
NPC_ASSIGN_ATTEMPT: Wild Fox -> weights @ garden_lot (Intent: sched_leisure_fox_3_1781825883272)
NPC_ASSIGN_ATTEMPT: Wild Fox -> writePoetry @ master_bedroom (Intent: sched_leisure_fox_4_1781825883272)
NPC_ASSIGN_ATTEMPT: Flaubert Giles -> cleanRoom @ kitchen (Intent: low_pri_butler_cleanRoom_kitchen)
NPC_ASSIGN_ATTEMPT: Wild Fox -> weights @ garden_lot (Intent: sched_leisure_fox_0_1781825883272)
NPC_ASSIGN_ATTEMPT: Wild Fox -> writePoetry @ master_bedroom (Intent: sched_leisure_fox_1_1781825883272)
NPC_ASSIGN_ATTEMPT: Wild Fox -> writePoetry @ master_bedroom (Intent: sched_leisure_fox_2_1781825883272)
NPC_ASSIGN_ATTEMPT: Wild Fox -> writePoetry @ master_bedroom (Intent: sched_leisure_fox_3_1781825883272)
NPC_ASSIGN_ATTEMPT: Wild Fox -> paint @ study (Intent: sched_leisure_fox_4_1781825883272)
NPC_ASSIGN_ATTEMPT: Wild Fox -> weights @ garden_lot (Intent: sched_leisure_fox_0_1781825883272)
NPC_ASSIGN_ATTEMPT: Wild Fox -> goForWalk @ garden_lot (Intent: sched_leisure_fox_1_1781825883272)
NPC_ASSIGN_ATTEMPT: Wild Fox -> weights @ garden_lot (Intent: sched_leisure_fox_2_1781825883272)
NPC_ASSIGN_ATTEMPT: Wild Fox -> weights @ garden_lot (Intent: sched_leisure_fox_3_1781825883272)
NPC_ASSIGN_ATTEMPT: Wild Fox -> writePoetry @ master_bedroom (Intent: sched_leisure_fox_4_1781825883272)
NPC_ASSIGN_ATTEMPT: Wild Fox -> goForWalk @ garden_lot (Intent: sched_leisure_fox_0_1781825883272)
NPC_ASSIGN_ATTEMPT: Wild Fox -> weights @ garden_lot (Intent: sched_leisure_fox_1_1781825883272)
NPC_ASSIGN_ATTEMPT: Wild Fox -> paint @ study (Intent: sched_leisure_fox_2_1781825883272)
NPC_ASSIGN_ATTEMPT: Wild Fox -> paint @ study (Intent: sched_leisure_fox_3_1781825883272)
NPC_ASSIGN_ATTEMPT: Wild Fox -> weights @ garden_lot (Intent: sched_leisure_fox_4_1781825883272)
NPC_ASSIGN_ATTEMPT: Wild Fox -> weights @ garden_lot (Intent: sched_leisure_fox_0_1781825883272)
NPC_ASSIGN_ATTEMPT: Wild Fox -> writePoetry @ master_bedroom (Intent: sched_leisure_fox_1_1781825883272)
NPC_ASSIGN_ATTEMPT: Wild Fox -> weights @ garden_lot (Intent: sched_leisure_fox_2_1781825883272)
NPC_ASSIGN_ATTEMPT: Wild Fox -> weights @ garden_lot (Intent: sched_leisure_fox_3_1781825883272)
NPC_ASSIGN_ATTEMPT: Wild Fox -> writePoetry @ master_bedroom (Intent: sched_leisure_fox_4_1781825883272)
NPC_ASSIGN_ATTEMPT: Wild Fox -> writePoetry @ master_bedroom (Intent: sched_leisure_fox_0_1781825883272)
NPC_ASSIGN_ATTEMPT: Wild Fox -> weights @ garden_lot (Intent: sched_leisure_fox_1_1781825883272)
NPC_ASSIGN_ATTEMPT: Wild Fox -> writePoetry @ master_bedroom (Intent: sched_leisure_fox_2_1781825883272)
NPC_ASSIGN_ATTEMPT: Wild Fox -> writePoetry @ master_bedroom (Intent: sched_leisure_fox_3_1781825883272)
NPC_ASSIGN_ATTEMPT: Wild Fox -> writePoetry @ master_bedroom (Intent: sched_leisure_fox_4_1781825883272)
NPC_ASSIGN_ATTEMPT: Wild Fox -> cardio @ garden_lot (Intent: sched_leisure_fox_0_1781825883272)
NPC_ASSIGN_ATTEMPT: Wild Fox -> writePoetry @ master_bedroom (Intent: sched_leisure_fox_1_1781825883272)
NPC_ASSIGN_ATTEMPT: Wild Fox -> paint @ study (Intent: sched_leisure_fox_2_1781825883272)
NPC_ASSIGN_ATTEMPT: Wild Fox -> weights @ garden_lot (Intent: sched_leisure_fox_3_1781825883272)
NPC_ASSIGN_ATTEMPT: Wild Fox -> weights @ garden_lot (Intent: sched_leisure_fox_4_1781825883272)
NPC_ASSIGN_ATTEMPT: Flaubert Giles -> hunt @ entryway (Intent: low_pri_butler_hunt_entryway)
NPC_ASSIGN_ATTEMPT: Partner -> idle @ bathroom_down (Intent: sched_idle_w_partner)
NPC_ASSIGN_ATTEMPT: Flaubert Giles -> cleanRoom @ entryway (Intent: low_pri_butler_cleanRoom_entryway)
NPC_ASSIGN_ATTEMPT: Flaubert Giles -> cleanRoom @ bedroom_2 (Intent: low_pri_butler_cleanRoom_bedroom_2)
NPC_ASSIGN_ATTEMPT: Flaubert Giles -> cleanRoom @ bathroom_down (Intent: low_pri_butler_cleanRoom_bathroom_down)
NPC_ASSIGN_ATTEMPT: Flaubert Giles -> tillSoil @ field_4 (Intent: low_pri_player_tillSoil_field_4)
NPC_ASSIGN_ATTEMPT: Flaubert Giles -> hunt @ entryway (Intent: low_pri_butler_hunt_entryway)
NPC_ASSIGN_ATTEMPT: Partner -> idle @ entryway (Intent: sched_idle_w_partner)
NPC_ASSIGN_ATTEMPT: Flaubert Giles -> eat @ kitchen (Intent: sched_eat_player_19)
NPC_ASSIGN_ATTEMPT: Flaubert Giles -> eat @ kitchen (Intent: sched_eat_butler_19)
NPC_ASSIGN_ATTEMPT: Partner -> eat @ kitchen (Intent: sched_eat_partner_19)
NPC_ASSIGN_ATTEMPT: Flaubert Giles -> writePoetry @ master_bedroom (Intent: sched_leisure_player)
NPC_ASSIGN_ATTEMPT: Flaubert Giles -> readBook @ vegetable_garden (Intent: sched_leisure_butler)
NPC_ASSIGN_ATTEMPT: Partner -> goForWalk @ garden_lot (Intent: sched_leisure_partner)
ERROR: assignNpcToTask called with non-existent room ID: garden_lot
NPC_ASSIGN_ATTEMPT: Partner -> weights @ garden_lot (Intent: sched_leisure_partner)
ERROR: assignNpcToTask called with non-existent room ID: garden_lot
NPC_ASSIGN_ATTEMPT: Partner -> paint @ study (Intent: sched_leisure_partner)
NPC_ASSIGN_ATTEMPT: Flaubert Giles -> goForWalk @ garden_lot (Intent: sched_leisure_butler)
ERROR: assignNpcToTask called with non-existent room ID: garden_lot
NPC_ASSIGN_ATTEMPT: Flaubert Giles -> writePoetry @ master_bedroom (Intent: sched_leisure_butler)
NPC_ASSIGN_ATTEMPT: Flaubert Giles -> paint @ study (Intent: sched_leisure_player)
NPC_ASSIGN_ATTEMPT: Flaubert Giles -> rest @ master_bedroom (Intent: sched_sleep_player_23)
NPC_ASSIGN_ATTEMPT: Flaubert Giles -> rest @ butler_quarters (Intent: sched_sleep_butler_23)
NPC_ASSIGN_ATTEMPT: Partner -> rest @ master_bedroom (Intent: sched_sleep_partner_23)
NPC_ASSIGN_ATTEMPT: Partner -> rest @ master_bedroom (Intent: sched_sleep_partner_25)
NPC_ASSIGN_ATTEMPT: Partner -> rest @ master_bedroom (Intent: sched_sleep_partner_25)
NPC_ASSIGN_SKIP_ROOM: partner already in queue for rest with intent sched_sleep_partner_25
NPC_ASSIGN_ATTEMPT: Partner -> rest @ master_bedroom (Intent: sched_sleep_partner_25)
NPC_ASSIGN_SKIP_ROOM: partner already in queue for rest with intent sched_sleep_partner_25
NPC_ASSIGN_ATTEMPT: Partner -> rest @ master_bedroom (Intent: sched_sleep_partner_25)
NPC_ASSIGN_SKIP_ROOM: partner already in queue for rest with intent sched_sleep_partner_25
NPC_ASSIGN_ATTEMPT: Partner -> rest @ master_bedroom (Intent: sched_sleep_partner_25)
NPC_ASSIGN_SKIP_ROOM: partner already in queue for rest with intent sched_sleep_partner_25
NPC_ASSIGN_ATTEMPT: Partner -> rest @ master_bedroom (Intent: sched_sleep_partner_25)
NPC_ASSIGN_SKIP_ROOM: partner already in queue for rest with intent sched_sleep_partner_25
NPC_ASSIGN_ATTEMPT: Partner -> rest @ master_bedroom (Intent: sched_sleep_partner_25)
NPC_ASSIGN_SKIP_ROOM: partner already in queue for rest with intent sched_sleep_partner_25
NPC_ASSIGN_ATTEMPT: Partner -> rest @ master_bedroom (Intent: sched_sleep_partner_25)
NPC_ASSIGN_SKIP_ROOM: partner already in queue for rest with intent sched_sleep_partner_25
NPC_ASSIGN_ATTEMPT: Partner -> rest @ master_bedroom (Intent: sched_sleep_partner_25)
NPC_ASSIGN_SKIP_ROOM: partner already in queue for rest with intent sched_sleep_partner_25
NPC_ASSIGN_ATTEMPT: Partner -> rest @ master_bedroom (Intent: sched_sleep_partner_25)
NPC_ASSIGN_SKIP_ROOM: partner already in queue for rest with intent sched_sleep_partner_25
NPC_ASSIGN_ATTEMPT: Partner -> rest @ master_bedroom (Intent: sched_sleep_partner_25)
NPC_ASSIGN_SKIP_ROOM: partner already in queue for rest with intent sched_sleep_partner_25
NPC_ASSIGN_ATTEMPT: Partner -> rest @ master_bedroom (Intent: sched_sleep_partner_25)
NPC_ASSIGN_SKIP_ROOM: partner already in queue for rest with intent sched_sleep_partner_25
NPC_ASSIGN_ATTEMPT: Flaubert Giles -> rest @ butler_quarters (Intent: sched_sleep_butler_25)
NPC_ASSIGN_ATTEMPT: Partner -> rest @ master_bedroom (Intent: sched_sleep_partner_25)
NPC_ASSIGN_SKIP_ROOM: partner already in queue for rest with intent sched_sleep_partner_25
NPC_ASSIGN_ATTEMPT: Flaubert Giles -> rest @ butler_quarters (Intent: sched_sleep_butler_25)
NPC_ASSIGN_SKIP_ROOM: butler already in queue for rest with intent sched_sleep_butler_25
NPC_ASSIGN_ATTEMPT: Partner -> rest @ master_bedroom (Intent: sched_sleep_partner_25)
NPC_ASSIGN_SKIP_ROOM: partner already in queue for rest with intent sched_sleep_partner_25
NPC_ASSIGN_ATTEMPT: Flaubert Giles -> rest @ butler_quarters (Intent: sched_sleep_butler_25)
NPC_ASSIGN_SKIP_ROOM: butler already in queue for rest with intent sched_sleep_butler_25
NPC_ASSIGN_ATTEMPT: Partner -> rest @ master_bedroom (Intent: sched_sleep_partner_25)
NPC_ASSIGN_SKIP_ROOM: partner already in queue for rest with intent sched_sleep_partner_25
NPC_ASSIGN_ATTEMPT: Flaubert Giles -> rest @ butler_quarters (Intent: sched_sleep_butler_25)
NPC_ASSIGN_SKIP_ROOM: butler already in queue for rest with intent sched_sleep_butler_25
NPC_ASSIGN_ATTEMPT: Partner -> rest @ master_bedroom (Intent: sched_sleep_partner_25)
NPC_ASSIGN_SKIP_ROOM: partner already in queue for rest with intent sched_sleep_partner_25
NPC_ASSIGN_ATTEMPT: Flaubert Giles -> rest @ butler_quarters (Intent: sched_sleep_butler_25)
NPC_ASSIGN_SKIP_ROOM: butler already in queue for rest with intent sched_sleep_butler_25
NPC_ASSIGN_ATTEMPT: Partner -> rest @ master_bedroom (Intent: sched_sleep_partner_25)
NPC_ASSIGN_SKIP_ROOM: partner already in queue for rest with intent sched_sleep_partner_25
NPC_ASSIGN_ATTEMPT: Flaubert Giles -> rest @ butler_quarters (Intent: sched_sleep_butler_25)
NPC_ASSIGN_SKIP_ROOM: butler already in queue for rest with intent sched_sleep_butler_25
NPC_ASSIGN_ATTEMPT: Partner -> rest @ master_bedroom (Intent: sched_sleep_partner_25)
NPC_ASSIGN_SKIP_ROOM: partner already in queue for rest with intent sched_sleep_partner_25
NPC_ASSIGN_ATTEMPT: Flaubert Giles -> rest @ butler_quarters (Intent: sched_sleep_butler_25)
NPC_ASSIGN_SKIP_ROOM: butler already in queue for rest with intent sched_sleep_butler_25
NPC_ASSIGN_ATTEMPT: Partner -> rest @ master_bedroom (Intent: sched_sleep_partner_25)
NPC_ASSIGN_SKIP_ROOM: partner already in queue for rest with intent sched_sleep_partner_25
NPC_ASSIGN_ATTEMPT: Flaubert Giles -> rest @ butler_quarters (Intent: sched_sleep_butler_25)
NPC_ASSIGN_SKIP_ROOM: butler already in queue for rest with intent sched_sleep_butler_25
NPC_ASSIGN_ATTEMPT: Partner -> rest @ master_bedroom (Intent: sched_sleep_partner_25)
NPC_ASSIGN_SKIP_ROOM: partner already in queue for rest with intent sched_sleep_partner_25
NPC_ASSIGN_ATTEMPT: Flaubert Giles -> rest @ butler_quarters (Intent: sched_sleep_butler_25)
NPC_ASSIGN_SKIP_ROOM: butler already in queue for rest with intent sched_sleep_butler_25
NPC_ASSIGN_ATTEMPT: Partner -> rest @ master_bedroom (Intent: sched_sleep_partner_25)
NPC_ASSIGN_SKIP_ROOM: partner already in queue for rest with intent sched_sleep_partner_25
NPC_ASSIGN_ATTEMPT: Flaubert Giles -> rest @ butler_quarters (Intent: sched_sleep_butler_25)
NPC_ASSIGN_SKIP_ROOM: butler already in queue for rest with intent sched_sleep_butler_25
NPC_ASSIGN_ATTEMPT: Partner -> rest @ master_bedroom (Intent: sched_sleep_partner_25)
NPC_ASSIGN_SKIP_ROOM: partner already in queue for rest with intent sched_sleep_partner_25
NPC_ASSIGN_ATTEMPT: Flaubert Giles -> rest @ butler_quarters (Intent: sched_sleep_butler_25)
NPC_ASSIGN_SKIP_ROOM: butler already in queue for rest with intent sched_sleep_butler_25
NPC_ASSIGN_ATTEMPT: Partner -> rest @ master_bedroom (Intent: sched_sleep_partner_25)
NPC_ASSIGN_SKIP_ROOM: partner already in queue for rest with intent sched_sleep_partner_25
NPC_ASSIGN_ATTEMPT: Flaubert Giles -> rest @ butler_quarters (Intent: sched_sleep_butler_25)
NPC_ASSIGN_SKIP_ROOM: butler already in queue for rest with intent sched_sleep_butler_25
NPC_ASSIGN_ATTEMPT: Partner -> rest @ master_bedroom (Intent: sched_sleep_partner_25)
NPC_ASSIGN_SKIP_ROOM: partner already in queue for rest with intent sched_sleep_partner_25
NPC_ASSIGN_ATTEMPT: Flaubert Giles -> rest @ butler_quarters (Intent: sched_sleep_butler_25)
NPC_ASSIGN_SKIP_ROOM: butler already in queue for rest with intent sched_sleep_butler_25
NPC_ASSIGN_ATTEMPT: Partner -> rest @ master_bedroom (Intent: sched_sleep_partner_25)
NPC_ASSIGN_SKIP_ROOM: partner already in queue for rest with intent sched_sleep_partner_25
NPC_ASSIGN_ATTEMPT: Flaubert Giles -> rest @ butler_quarters (Intent: sched_sleep_butler_25)
NPC_ASSIGN_SKIP_ROOM: butler already in queue for rest with intent sched_sleep_butler_25
NPC_ASSIGN_ATTEMPT: Partner -> rest @ master_bedroom (Intent: sched_sleep_partner_25)
NPC_ASSIGN_SKIP_ROOM: partner already in queue for rest with intent sched_sleep_partner_25
NPC_ASSIGN_ATTEMPT: Flaubert Giles -> rest @ butler_quarters (Intent: sched_sleep_butler_25)
NPC_ASSIGN_SKIP_ROOM: butler already in queue for rest with intent sched_sleep_butler_25
NPC_ASSIGN_ATTEMPT: Partner -> rest @ master_bedroom (Intent: sched_sleep_partner_25)
NPC_ASSIGN_SKIP_ROOM: partner already in queue for rest with intent sched_sleep_partner_25
NPC_ASSIGN_ATTEMPT: Flaubert Giles -> rest @ butler_quarters (Intent: sched_sleep_butler_25)
NPC_ASSIGN_SKIP_ROOM: butler already in queue for rest with intent sched_sleep_butler_25
NPC_ASSIGN_ATTEMPT: Partner -> rest @ master_bedroom (Intent: sched_sleep_partner_25)
NPC_ASSIGN_SKIP_ROOM: partner already in queue for rest with intent sched_sleep_partner_25
NPC_ASSIGN_ATTEMPT: Flaubert Giles -> rest @ butler_quarters (Intent: sched_sleep_butler_25)
NPC_ASSIGN_SKIP_ROOM: butler already in queue for rest with intent sched_sleep_butler_25
NPC_ASSIGN_ATTEMPT: Partner -> rest @ master_bedroom (Intent: sched_sleep_partner_25)
NPC_ASSIGN_SKIP_ROOM: partner already in queue for rest with intent sched_sleep_partner_25
NPC_ASSIGN_ATTEMPT: Flaubert Giles -> rest @ butler_quarters (Intent: sched_sleep_butler_25)
NPC_ASSIGN_SKIP_ROOM: butler already in queue for rest with intent sched_sleep_butler_25
NPC_ASSIGN_ATTEMPT: Partner -> rest @ master_bedroom (Intent: sched_sleep_partner_25)
NPC_ASSIGN_SKIP_ROOM: partner already in queue for rest with intent sched_sleep_partner_25
NPC_ASSIGN_ATTEMPT: Flaubert Giles -> rest @ butler_quarters (Intent: sched_sleep_butler_25)
NPC_ASSIGN_SKIP_ROOM: butler already in queue for rest with intent sched_sleep_butler_25
NPC_ASSIGN_ATTEMPT: Partner -> rest @ master_bedroom (Intent: sched_sleep_partner_25)
NPC_ASSIGN_SKIP_ROOM: partner already in queue for rest with intent sched_sleep_partner_25
NPC_ASSIGN_ATTEMPT: Flaubert Giles -> rest @ butler_quarters (Intent: sched_sleep_butler_25)
NPC_ASSIGN_SKIP_ROOM: butler already in queue for rest with intent sched_sleep_butler_25
NPC_ASSIGN_ATTEMPT: Partner -> rest @ master_bedroom (Intent: sched_sleep_partner_25)
NPC_ASSIGN_SKIP_ROOM: partner already in queue for rest with intent sched_sleep_partner_25
NPC_ASSIGN_ATTEMPT: Flaubert Giles -> rest @ butler_quarters (Intent: sched_sleep_butler_25)
NPC_ASSIGN_SKIP_ROOM: butler already in queue for rest with intent sched_sleep_butler_25
NPC_ASSIGN_ATTEMPT: Partner -> rest @ master_bedroom (Intent: sched_sleep_partner_25)
NPC_ASSIGN_SKIP_ROOM: partner already in queue for rest with intent sched_sleep_partner_25
NPC_ASSIGN_ATTEMPT: Flaubert Giles -> rest @ butler_quarters (Intent: sched_sleep_butler_25)
NPC_ASSIGN_SKIP_ROOM: butler already in queue for rest with intent sched_sleep_butler_25
NPC_ASSIGN_ATTEMPT: Partner -> rest @ master_bedroom (Intent: sched_sleep_partner_25)
NPC_ASSIGN_SKIP_ROOM: partner already in queue for rest with intent sched_sleep_partner_25
NPC_ASSIGN_ATTEMPT: Flaubert Giles -> rest @ butler_quarters (Intent: sched_sleep_butler_25)
NPC_ASSIGN_SKIP_ROOM: butler already in queue for rest with intent sched_sleep_butler_25
NPC_ASSIGN_ATTEMPT: Partner -> rest @ master_bedroom (Intent: sched_sleep_partner_25)
NPC_ASSIGN_SKIP_ROOM: partner already in queue for rest with intent sched_sleep_partner_25
NPC_ASSIGN_ATTEMPT: Flaubert Giles -> rest @ butler_quarters (Intent: sched_sleep_butler_26)
NPC_ASSIGN_ATTEMPT: Partner -> rest @ master_bedroom (Intent: sched_sleep_partner_26)
NPC_ASSIGN_ATTEMPT: Flaubert Giles -> rest @ butler_quarters (Intent: sched_sleep_butler_26)
NPC_ASSIGN_SKIP_ROOM: butler already in queue for rest with intent sched_sleep_butler_26
NPC_ASSIGN_ATTEMPT: Partner -> rest @ master_bedroom (Intent: sched_sleep_partner_26)
NPC_ASSIGN_SKIP_ROOM: partner already in queue for rest with intent sched_sleep_partner_26
NPC_ASSIGN_ATTEMPT: Flaubert Giles -> rest @ butler_quarters (Intent: sched_sleep_butler_26)
NPC_ASSIGN_SKIP_ROOM: butler already in queue for rest with intent sched_sleep_butler_26
NPC_ASSIGN_ATTEMPT: Partner -> rest @ master_bedroom (Intent: sched_sleep_partner_26)
NPC_ASSIGN_SKIP_ROOM: partner already in queue for rest with intent sched_sleep_partner_26
NPC_ASSIGN_ATTEMPT: Flaubert Giles -> rest @ butler_quarters (Intent: sched_sleep_butler_26)
NPC_ASSIGN_SKIP_ROOM: butler already in queue for rest with intent sched_sleep_butler_26
NPC_ASSIGN_ATTEMPT: Partner -> rest @ master_bedroom (Intent: sched_sleep_partner_26)
NPC_ASSIGN_SKIP_ROOM: partner already in queue for rest with intent sched_sleep_partner_26
NPC_ASSIGN_ATTEMPT: Flaubert Giles -> rest @ butler_quarters (Intent: sched_sleep_butler_26)
NPC_ASSIGN_SKIP_ROOM: butler already in queue for rest with intent sched_sleep_butler_26
NPC_ASSIGN_ATTEMPT: Partner -> rest @ master_bedroom (Intent: sched_sleep_partner_26)
NPC_ASSIGN_SKIP_ROOM: partner already in queue for rest with intent sched_sleep_partner_26
NPC_ASSIGN_ATTEMPT: Flaubert Giles -> rest @ butler_quarters (Intent: sched_sleep_butler_26)
NPC_ASSIGN_SKIP_ROOM: butler already in queue for rest with intent sched_sleep_butler_26
NPC_ASSIGN_ATTEMPT: Partner -> rest @ master_bedroom (Intent: sched_sleep_partner_26)
NPC_ASSIGN_SKIP_ROOM: partner already in queue for rest with intent sched_sleep_partner_26
NPC_ASSIGN_ATTEMPT: Flaubert Giles -> rest @ butler_quarters (Intent: sched_sleep_butler_26)
NPC_ASSIGN_SKIP_ROOM: butler already in queue for rest with intent sched_sleep_butler_26
NPC_ASSIGN_ATTEMPT: Partner -> rest @ master_bedroom (Intent: sched_sleep_partner_26)
NPC_ASSIGN_SKIP_ROOM: partner already in queue for rest with intent sched_sleep_partner_26
NPC_ASSIGN_ATTEMPT: Flaubert Giles -> rest @ butler_quarters (Intent: sched_sleep_butler_26)
NPC_ASSIGN_SKIP_ROOM: butler already in queue for rest with intent sched_sleep_butler_26
NPC_ASSIGN_ATTEMPT: Partner -> rest @ master_bedroom (Intent: sched_sleep_partner_26)
NPC_ASSIGN_SKIP_ROOM: partner already in queue for rest with intent sched_sleep_partner_26
NPC_ASSIGN_ATTEMPT: Flaubert Giles -> rest @ butler_quarters (Intent: sched_sleep_butler_26)
NPC_ASSIGN_SKIP_ROOM: butler already in queue for rest with intent sched_sleep_butler_26
NPC_ASSIGN_ATTEMPT: Partner -> rest @ master_bedroom (Intent: sched_sleep_partner_26)
NPC_ASSIGN_SKIP_ROOM: partner already in queue for rest with intent sched_sleep_partner_26
NPC_ASSIGN_ATTEMPT: Flaubert Giles -> rest @ butler_quarters (Intent: sched_sleep_butler_26)
NPC_ASSIGN_SKIP_ROOM: butler already in queue for rest with intent sched_sleep_butler_26
NPC_ASSIGN_ATTEMPT: Partner -> rest @ master_bedroom (Intent: sched_sleep_partner_26)
NPC_ASSIGN_SKIP_ROOM: partner already in queue for rest with intent sched_sleep_partner_26
NPC_ASSIGN_ATTEMPT: Flaubert Giles -> rest @ butler_quarters (Intent: sched_sleep_butler_26)
NPC_ASSIGN_SKIP_ROOM: butler already in queue for rest with intent sched_sleep_butler_26
NPC_ASSIGN_ATTEMPT: Partner -> rest @ master_bedroom (Intent: sched_sleep_partner_26)
NPC_ASSIGN_SKIP_ROOM: partner already in queue for rest with intent sched_sleep_partner_26
NPC_ASSIGN_ATTEMPT: Flaubert Giles -> rest @ butler_quarters (Intent: sched_sleep_butler_26)
NPC_ASSIGN_SKIP_ROOM: butler already in queue for rest with intent sched_sleep_butler_26
NPC_ASSIGN_ATTEMPT: Partner -> rest @ master_bedroom (Intent: sched_sleep_partner_26)
NPC_ASSIGN_SKIP_ROOM: partner already in queue for rest with intent sched_sleep_partner_26
NPC_ASSIGN_ATTEMPT: Flaubert Giles -> rest @ butler_quarters (Intent: sched_sleep_butler_26)
NPC_ASSIGN_SKIP_ROOM: butler already in queue for rest with intent sched_sleep_butler_26
NPC_ASSIGN_ATTEMPT: Partner -> rest @ master_bedroom (Intent: sched_sleep_partner_26)
NPC_ASSIGN_SKIP_ROOM: partner already in queue for rest with intent sched_sleep_partner_26
NPC_ASSIGN_ATTEMPT: Flaubert Giles -> rest @ butler_quarters (Intent: sched_sleep_butler_26)
NPC_ASSIGN_SKIP_ROOM: butler already in queue for rest with intent sched_sleep_butler_26
NPC_ASSIGN_ATTEMPT: Partner -> rest @ master_bedroom (Intent: sched_sleep_partner_26)
NPC_ASSIGN_SKIP_ROOM: partner already in queue for rest with intent sched_sleep_partner_26
NPC_ASSIGN_ATTEMPT: Flaubert Giles -> rest @ butler_quarters (Intent: sched_sleep_butler_26)
NPC_ASSIGN_SKIP_ROOM: butler already in queue for rest with intent sched_sleep_butler_26
NPC_ASSIGN_ATTEMPT: Partner -> rest @ master_bedroom (Intent: sched_sleep_partner_26)
NPC_ASSIGN_SKIP_ROOM: partner already in queue for rest with intent sched_sleep_partner_26
NPC_ASSIGN_ATTEMPT: Flaubert Giles -> rest @ butler_quarters (Intent: sched_sleep_butler_26)
NPC_ASSIGN_SKIP_ROOM: butler already in queue for rest with intent sched_sleep_butler_26
NPC_ASSIGN_ATTEMPT: Partner -> rest @ master_bedroom (Intent: sched_sleep_partner_26)
NPC_ASSIGN_SKIP_ROOM: partner already in queue for rest with intent sched_sleep_partner_26
NPC_ASSIGN_ATTEMPT: Flaubert Giles -> rest @ butler_quarters (Intent: sched_sleep_butler_26)
NPC_ASSIGN_SKIP_ROOM: butler already in queue for rest with intent sched_sleep_butler_26
NPC_ASSIGN_ATTEMPT: Partner -> rest @ master_bedroom (Intent: sched_sleep_partner_26)
NPC_ASSIGN_SKIP_ROOM: partner already in queue for rest with intent sched_sleep_partner_26
NPC_ASSIGN_ATTEMPT: Flaubert Giles -> rest @ butler_quarters (Intent: sched_sleep_butler_26)
NPC_ASSIGN_SKIP_ROOM: butler already in queue for rest with intent sched_sleep_butler_26
NPC_ASSIGN_ATTEMPT: Partner -> rest @ master_bedroom (Intent: sched_sleep_partner_26)
NPC_ASSIGN_SKIP_ROOM: partner already in queue for rest with intent sched_sleep_partner_26
NPC_ASSIGN_ATTEMPT: Flaubert Giles -> rest @ butler_quarters (Intent: sched_sleep_butler_26)
NPC_ASSIGN_SKIP_ROOM: butler already in queue for rest with intent sched_sleep_butler_26
NPC_ASSIGN_ATTEMPT: Partner -> rest @ master_bedroom (Intent: sched_sleep_partner_26)
NPC_ASSIGN_SKIP_ROOM: partner already in queue for rest with intent sched_sleep_partner_26
NPC_ASSIGN_ATTEMPT: Flaubert Giles -> rest @ butler_quarters (Intent: sched_sleep_butler_26)
NPC_ASSIGN_SKIP_ROOM: butler already in queue for rest with intent sched_sleep_butler_26
NPC_ASSIGN_ATTEMPT: Partner -> rest @ master_bedroom (Intent: sched_sleep_partner_26)
NPC_ASSIGN_SKIP_ROOM: partner already in queue for rest with intent sched_sleep_partner_26
NPC_ASSIGN_ATTEMPT: Flaubert Giles -> rest @ butler_quarters (Intent: sched_sleep_butler_26)
NPC_ASSIGN_SKIP_ROOM: butler already in queue for rest with intent sched_sleep_butler_26
NPC_ASSIGN_ATTEMPT: Partner -> rest @ master_bedroom (Intent: sched_sleep_partner_26)
NPC_ASSIGN_SKIP_ROOM: partner already in queue for rest with intent sched_sleep_partner_26
NPC_ASSIGN_ATTEMPT: Flaubert Giles -> rest @ butler_quarters (Intent: sched_sleep_butler_26)
NPC_ASSIGN_SKIP_ROOM: butler already in queue for rest with intent sched_sleep_butler_26
NPC_ASSIGN_ATTEMPT: Partner -> rest @ master_bedroom (Intent: sched_sleep_partner_26)
NPC_ASSIGN_SKIP_ROOM: partner already in queue for rest with intent sched_sleep_partner_26
NPC_ASSIGN_ATTEMPT: Flaubert Giles -> rest @ butler_quarters (Intent: sched_sleep_butler_26)
NPC_ASSIGN_SKIP_ROOM: butler already in queue for rest with intent sched_sleep_butler_26
NPC_ASSIGN_ATTEMPT: Partner -> rest @ master_bedroom (Intent: sched_sleep_partner_26)
NPC_ASSIGN_SKIP_ROOM: partner already in queue for rest with intent sched_sleep_partner_26
NPC_ASSIGN_ATTEMPT: Flaubert Giles -> rest @ butler_quarters (Intent: sched_sleep_butler_26)
NPC_ASSIGN_SKIP_ROOM: butler already in queue for rest with intent sched_sleep_butler_26
NPC_ASSIGN_ATTEMPT: Partner -> rest @ master_bedroom (Intent: sched_sleep_partner_26)
NPC_ASSIGN_SKIP_ROOM: partner already in queue for rest with intent sched_sleep_partner_26
NPC_ASSIGN_ATTEMPT: Flaubert Giles -> rest @ butler_quarters (Intent: sched_sleep_butler_26)
NPC_ASSIGN_SKIP_ROOM: butler already in queue for rest with intent sched_sleep_butler_26
NPC_ASSIGN_ATTEMPT: Partner -> rest @ master_bedroom (Intent: sched_sleep_partner_26)
NPC_ASSIGN_SKIP_ROOM: partner already in queue for rest with intent sched_sleep_partner_26
NPC_ASSIGN_ATTEMPT: Flaubert Giles -> rest @ butler_quarters (Intent: sched_sleep_butler_26)
NPC_ASSIGN_SKIP_ROOM: butler already in queue for rest with intent sched_sleep_butler_26
NPC_ASSIGN_ATTEMPT: Partner -> rest @ master_bedroom (Intent: sched_sleep_partner_26)
NPC_ASSIGN_SKIP_ROOM: partner already in queue for rest with intent sched_sleep_partner_26
NPC_ASSIGN_ATTEMPT: Flaubert Giles -> rest @ butler_quarters (Intent: sched_sleep_butler_26)
NPC_ASSIGN_SKIP_ROOM: butler already in queue for rest with intent sched_sleep_butler_26
NPC_ASSIGN_ATTEMPT: Partner -> rest @ master_bedroom (Intent: sched_sleep_partner_26)
NPC_ASSIGN_SKIP_ROOM: partner already in queue for rest with intent sched_sleep_partner_26
NPC_ASSIGN_ATTEMPT: Flaubert Giles -> rest @ butler_quarters (Intent: sched_sleep_butler_26)
NPC_ASSIGN_SKIP_ROOM: butler already in queue for rest with intent sched_sleep_butler_26
NPC_ASSIGN_ATTEMPT: Partner -> rest @ master_bedroom (Intent: sched_sleep_partner_26)
NPC_ASSIGN_SKIP_ROOM: partner already in queue for rest with intent sched_sleep_partner_26
NPC_ASSIGN_ATTEMPT: Flaubert Giles -> rest @ butler_quarters (Intent: sched_sleep_butler_26)
NPC_ASSIGN_SKIP_ROOM: butler already in queue for rest with intent sched_sleep_butler_26
NPC_ASSIGN_ATTEMPT: Partner -> rest @ master_bedroom (Intent: sched_sleep_partner_26)
NPC_ASSIGN_SKIP_ROOM: partner already in queue for rest with intent sched_sleep_partner_26
NPC_ASSIGN_ATTEMPT: Flaubert Giles -> rest @ butler_quarters (Intent: sched_sleep_butler_26)
NPC_ASSIGN_SKIP_ROOM: butler already in queue for rest with intent sched_sleep_butler_26
NPC_ASSIGN_ATTEMPT: Partner -> rest @ master_bedroom (Intent: sched_sleep_partner_26)
NPC_ASSIGN_SKIP_ROOM: partner already in queue for rest with intent sched_sleep_partner_26
NPC_ASSIGN_ATTEMPT: Flaubert Giles -> rest @ butler_quarters (Intent: sched_sleep_butler_26)
NPC_ASSIGN_SKIP_ROOM: butler already in queue for rest with intent sched_sleep_butler_26
NPC_ASSIGN_ATTEMPT: Partner -> rest @ master_bedroom (Intent: sched_sleep_partner_26)
NPC_ASSIGN_SKIP_ROOM: partner already in queue for rest with intent sched_sleep_partner_26
NPC_ASSIGN_ATTEMPT: Flaubert Giles -> rest @ butler_quarters (Intent: sched_sleep_butler_26)
NPC_ASSIGN_SKIP_ROOM: butler already in queue for rest with intent sched_sleep_butler_26
NPC_ASSIGN_ATTEMPT: Partner -> rest @ master_bedroom (Intent: sched_sleep_partner_26)
NPC_ASSIGN_SKIP_ROOM: partner already in queue for rest with intent sched_sleep_partner_26
NPC_ASSIGN_ATTEMPT: Flaubert Giles -> rest @ butler_quarters (Intent: sched_sleep_butler_26)
NPC_ASSIGN_SKIP_ROOM: butler already in queue for rest with intent sched_sleep_butler_26
NPC_ASSIGN_ATTEMPT: Partner -> rest @ master_bedroom (Intent: sched_sleep_partner_26)
NPC_ASSIGN_SKIP_ROOM: partner already in queue for rest with intent sched_sleep_partner_26
NPC_ASSIGN_ATTEMPT: Flaubert Giles -> rest @ butler_quarters (Intent: sched_sleep_butler_26)
NPC_ASSIGN_SKIP_ROOM: butler already in queue for rest with intent sched_sleep_butler_26
NPC_ASSIGN_ATTEMPT: Partner -> rest @ master_bedroom (Intent: sched_sleep_partner_26)
NPC_ASSIGN_SKIP_ROOM: partner already in queue for rest with intent sched_sleep_partner_26
NPC_ASSIGN_ATTEMPT: Flaubert Giles -> rest @ butler_quarters (Intent: sched_sleep_butler_26)
NPC_ASSIGN_SKIP_ROOM: butler already in queue for rest with intent sched_sleep_butler_26
NPC_ASSIGN_ATTEMPT: Partner -> rest @ master_bedroom (Intent: sched_sleep_partner_26)
NPC_ASSIGN_SKIP_ROOM: partner already in queue for rest with intent sched_sleep_partner_26
NPC_ASSIGN_ATTEMPT: Flaubert Giles -> rest @ butler_quarters (Intent: sched_sleep_butler_26)
NPC_ASSIGN_SKIP_ROOM: butler already in queue for rest with intent sched_sleep_butler_26
NPC_ASSIGN_ATTEMPT: Partner -> rest @ master_bedroom (Intent: sched_sleep_partner_26)
NPC_ASSIGN_SKIP_ROOM: partner already in queue for rest with intent sched_sleep_partner_26
NPC_ASSIGN_ATTEMPT: Flaubert Giles -> rest @ butler_quarters (Intent: sched_sleep_butler_26)
NPC_ASSIGN_SKIP_ROOM: butler already in queue for rest with intent sched_sleep_butler_26
NPC_ASSIGN_ATTEMPT: Partner -> rest @ master_bedroom (Intent: sched_sleep_partner_26)
NPC_ASSIGN_SKIP_ROOM: partner already in queue for rest with intent sched_sleep_partner_26
NPC_ASSIGN_ATTEMPT: Flaubert Giles -> rest @ butler_quarters (Intent: sched_sleep_butler_26)
NPC_ASSIGN_SKIP_ROOM: butler already in queue for rest with intent sched_sleep_butler_26
NPC_ASSIGN_ATTEMPT: Partner -> rest @ master_bedroom (Intent: sched_sleep_partner_26)
NPC_ASSIGN_SKIP_ROOM: partner already in queue for rest with intent sched_sleep_partner_26
NPC_ASSIGN_ATTEMPT: Flaubert Giles -> rest @ butler_quarters (Intent: sched_sleep_butler_26)
NPC_ASSIGN_SKIP_ROOM: butler already in queue for rest with intent sched_sleep_butler_26
NPC_ASSIGN_ATTEMPT: Partner -> rest @ master_bedroom (Intent: sched_sleep_partner_26)
NPC_ASSIGN_SKIP_ROOM: partner already in queue for rest with intent sched_sleep_partner_26
NPC_ASSIGN_ATTEMPT: Flaubert Giles -> rest @ butler_quarters (Intent: sched_sleep_butler_26)
NPC_ASSIGN_SKIP_ROOM: butler already in queue for rest with intent sched_sleep_butler_26
NPC_ASSIGN_ATTEMPT: Partner -> rest @ master_bedroom (Intent: sched_sleep_partner_26)
NPC_ASSIGN_SKIP_ROOM: partner already in queue for rest with intent sched_sleep_partner_26
NPC_ASSIGN_ATTEMPT: Flaubert Giles -> rest @ butler_quarters (Intent: sched_sleep_butler_26)
NPC_ASSIGN_SKIP_ROOM: butler already in queue for rest with intent sched_sleep_butler_26
NPC_ASSIGN_ATTEMPT: Partner -> rest @ master_bedroom (Intent: sched_sleep_partner_26)
NPC_ASSIGN_SKIP_ROOM: partner already in queue for rest with intent sched_sleep_partner_26
NPC_ASSIGN_ATTEMPT: Flaubert Giles -> rest @ butler_quarters (Intent: sched_sleep_butler_26)
NPC_ASSIGN_SKIP_ROOM: butler already in queue for rest with intent sched_sleep_butler_26
NPC_ASSIGN_ATTEMPT: Partner -> rest @ master_bedroom (Intent: sched_sleep_partner_26)
NPC_ASSIGN_SKIP_ROOM: partner already in queue for rest with intent sched_sleep_partner_26
NPC_ASSIGN_ATTEMPT: Flaubert Giles -> rest @ butler_quarters (Intent: sched_sleep_butler_26)
NPC_ASSIGN_SKIP_ROOM: butler already in queue for rest with intent sched_sleep_butler_26
NPC_ASSIGN_ATTEMPT: Partner -> rest @ master_bedroom (Intent: sched_sleep_partner_26)
NPC_ASSIGN_SKIP_ROOM: partner already in queue for rest with intent sched_sleep_partner_26
NPC_ASSIGN_ATTEMPT: Flaubert Giles -> rest @ butler_quarters (Intent: sched_sleep_butler_26)
NPC_ASSIGN_SKIP_ROOM: butler already in queue for rest with intent sched_sleep_butler_26
NPC_ASSIGN_ATTEMPT: Partner -> rest @ master_bedroom (Intent: sched_sleep_partner_26)
NPC_ASSIGN_SKIP_ROOM: partner already in queue for rest with intent sched_sleep_partner_26
NPC_ASSIGN_ATTEMPT: Flaubert Giles -> rest @ butler_quarters (Intent: sched_sleep_butler_26)
NPC_ASSIGN_SKIP_ROOM: butler already in queue for rest with intent sched_sleep_butler_26
NPC_ASSIGN_ATTEMPT: Partner -> rest @ master_bedroom (Intent: sched_sleep_partner_26)
NPC_ASSIGN_SKIP_ROOM: partner already in queue for rest with intent sched_sleep_partner_26
NPC_ASSIGN_ATTEMPT: Flaubert Giles -> rest @ butler_quarters (Intent: sched_sleep_butler_26)
NPC_ASSIGN_SKIP_ROOM: butler already in queue for rest with intent sched_sleep_butler_26
NPC_ASSIGN_ATTEMPT: Partner -> rest @ master_bedroom (Intent: sched_sleep_partner_26)
NPC_ASSIGN_SKIP_ROOM: partner already in queue for rest with intent sched_sleep_partner_26
NPC_ASSIGN_ATTEMPT: Flaubert Giles -> rest @ butler_quarters (Intent: sched_sleep_butler_26)
NPC_ASSIGN_SKIP_ROOM: butler already in queue for rest with intent sched_sleep_butler_26
NPC_ASSIGN_ATTEMPT: Partner -> rest @ master_bedroom (Intent: sched_sleep_partner_26)
NPC_ASSIGN_SKIP_ROOM: partner already in queue for rest with intent sched_sleep_partner_26
NPC_ASSIGN_ATTEMPT: Flaubert Giles -> rest @ butler_quarters (Intent: sched_sleep_butler_26)
NPC_ASSIGN_SKIP_ROOM: butler already in queue for rest with intent sched_sleep_butler_26
NPC_ASSIGN_ATTEMPT: Partner -> rest @ master_bedroom (Intent: sched_sleep_partner_26)
NPC_ASSIGN_SKIP_ROOM: partner already in queue for rest with intent sched_sleep_partner_26
NPC_ASSIGN_ATTEMPT: Flaubert Giles -> rest @ butler_quarters (Intent: sched_sleep_butler_26)
NPC_ASSIGN_SKIP_ROOM: butler already in queue for rest with intent sched_sleep_butler_26
NPC_ASSIGN_ATTEMPT: Partner -> rest @ master_bedroom (Intent: sched_sleep_partner_26)
NPC_ASSIGN_SKIP_ROOM: partner already in queue for rest with intent sched_sleep_partner_26
NPC_ASSIGN_ATTEMPT: Flaubert Giles -> rest @ butler_quarters (Intent: sched_sleep_butler_26)
NPC_ASSIGN_SKIP_ROOM: butler already in queue for rest with intent sched_sleep_butler_26
NPC_ASSIGN_ATTEMPT: Partner -> rest @ master_bedroom (Intent: sched_sleep_partner_26)
NPC_ASSIGN_SKIP_ROOM: partner already in queue for rest with intent sched_sleep_partner_26
NPC_ASSIGN_ATTEMPT: Flaubert Giles -> rest @ butler_quarters (Intent: sched_sleep_butler_26)
NPC_ASSIGN_SKIP_ROOM: butler already in queue for rest with intent sched_sleep_butler_26
NPC_ASSIGN_ATTEMPT: Partner -> rest @ master_bedroom (Intent: sched_sleep_partner_26)
NPC_ASSIGN_SKIP_ROOM: partner already in queue for rest with intent sched_sleep_partner_26
NPC_ASSIGN_ATTEMPT: Flaubert Giles -> rest @ butler_quarters (Intent: sched_sleep_butler_26)
NPC_ASSIGN_SKIP_ROOM: butler already in queue for rest with intent sched_sleep_butler_26
NPC_ASSIGN_ATTEMPT: Partner -> rest @ master_bedroom (Intent: sched_sleep_partner_26)
NPC_ASSIGN_SKIP_ROOM: partner already in queue for rest with intent sched_sleep_partner_26
NPC_ASSIGN_ATTEMPT: Flaubert Giles -> rest @ butler_quarters (Intent: sched_sleep_butler_26)
NPC_ASSIGN_SKIP_ROOM: butler already in queue for rest with intent sched_sleep_butler_26
NPC_ASSIGN_ATTEMPT: Partner -> rest @ master_bedroom (Intent: sched_sleep_partner_26)
NPC_ASSIGN_SKIP_ROOM: partner already in queue for rest with intent sched_sleep_partner_26
NPC_ASSIGN_ATTEMPT: Flaubert Giles -> rest @ butler_quarters (Intent: sched_sleep_butler_26)
NPC_ASSIGN_SKIP_ROOM: butler already in queue for rest with intent sched_sleep_butler_26
NPC_ASSIGN_ATTEMPT: Partner -> rest @ master_bedroom (Intent: sched_sleep_partner_26)
NPC_ASSIGN_SKIP_ROOM: partner already in queue for rest with intent sched_sleep_partner_26
NPC_ASSIGN_ATTEMPT: Flaubert Giles -> rest @ butler_quarters (Intent: sched_sleep_butler_26)
NPC_ASSIGN_SKIP_ROOM: butler already in queue for rest with intent sched_sleep_butler_26
NPC_ASSIGN_ATTEMPT: Partner -> rest @ master_bedroom (Intent: sched_sleep_partner_26)
NPC_ASSIGN_SKIP_ROOM: partner already in queue for rest with intent sched_sleep_partner_26
NPC_ASSIGN_ATTEMPT: Flaubert Giles -> rest @ butler_quarters (Intent: sched_sleep_butler_26)
NPC_ASSIGN_SKIP_ROOM: butler already in queue for rest with intent sched_sleep_butler_26
NPC_ASSIGN_ATTEMPT: Partner -> rest @ master_bedroom (Intent: sched_sleep_partner_26)
NPC_ASSIGN_SKIP_ROOM: partner already in queue for rest with intent sched_sleep_partner_26
NPC_ASSIGN_ATTEMPT: Flaubert Giles -> rest @ butler_quarters (Intent: sched_sleep_butler_26)
NPC_ASSIGN_SKIP_ROOM: butler already in queue for rest with intent sched_sleep_butler_26
NPC_ASSIGN_ATTEMPT: Partner -> rest @ master_bedroom (Intent: sched_sleep_partner_26)
NPC_ASSIGN_SKIP_ROOM: partner already in queue for rest with intent sched_sleep_partner_26
NPC_ASSIGN_ATTEMPT: Flaubert Giles -> rest @ butler_quarters (Intent: sched_sleep_butler_26)
NPC_ASSIGN_SKIP_ROOM: butler already in queue for rest with intent sched_sleep_butler_26
NPC_ASSIGN_ATTEMPT: Partner -> rest @ master_bedroom (Intent: sched_sleep_partner_26)
NPC_ASSIGN_SKIP_ROOM: partner already in queue for rest with intent sched_sleep_partner_26
NPC_ASSIGN_ATTEMPT: Flaubert Giles -> rest @ butler_quarters (Intent: sched_sleep_butler_26)
NPC_ASSIGN_SKIP_ROOM: butler already in queue for rest with intent sched_sleep_butler_26
NPC_ASSIGN_ATTEMPT: Partner -> rest @ master_bedroom (Intent: sched_sleep_partner_26)
NPC_ASSIGN_SKIP_ROOM: partner already in queue for rest with intent sched_sleep_partner_26
NPC_ASSIGN_ATTEMPT: Flaubert Giles -> rest @ butler_quarters (Intent: sched_sleep_butler_26)
NPC_ASSIGN_SKIP_ROOM: butler already in queue for rest with intent sched_sleep_butler_26
NPC_ASSIGN_ATTEMPT: Partner -> rest @ master_bedroom (Intent: sched_sleep_partner_26)
NPC_ASSIGN_SKIP_ROOM: partner already in queue for rest with intent sched_sleep_partner_26
NPC_ASSIGN_ATTEMPT: Flaubert Giles -> rest @ butler_quarters (Intent: sched_sleep_butler_27)
NPC_ASSIGN_ATTEMPT: Partner -> rest @ master_bedroom (Intent: sched_sleep_partner_27)
NPC_ASSIGN_ATTEMPT: Flaubert Giles -> rest @ butler_quarters (Intent: sched_sleep_butler_27)
NPC_ASSIGN_SKIP_ROOM: butler already in queue for rest with intent sched_sleep_butler_27
NPC_ASSIGN_ATTEMPT: Partner -> rest @ master_bedroom (Intent: sched_sleep_partner_27)
NPC_ASSIGN_SKIP_ROOM: partner already in queue for rest with intent sched_sleep_partner_27
NPC_ASSIGN_ATTEMPT: Flaubert Giles -> rest @ butler_quarters (Intent: sched_sleep_butler_27)
NPC_ASSIGN_SKIP_ROOM: butler already in queue for rest with intent sched_sleep_butler_27
NPC_ASSIGN_ATTEMPT: Partner -> rest @ master_bedroom (Intent: sched_sleep_partner_27)
NPC_ASSIGN_SKIP_ROOM: partner already in queue for rest with intent sched_sleep_partner_27
NPC_ASSIGN_ATTEMPT: Flaubert Giles -> rest @ butler_quarters (Intent: sched_sleep_butler_27)
NPC_ASSIGN_SKIP_ROOM: butler already in queue for rest with intent sched_sleep_butler_27
NPC_ASSIGN_ATTEMPT: Partner -> rest @ master_bedroom (Intent: sched_sleep_partner_27)
NPC_ASSIGN_SKIP_ROOM: partner already in queue for rest with intent sched_sleep_partner_27
NPC_ASSIGN_ATTEMPT: Flaubert Giles -> rest @ butler_quarters (Intent: sched_sleep_butler_27)
NPC_ASSIGN_SKIP_ROOM: butler already in queue for rest with intent sched_sleep_butler_27
NPC_ASSIGN_ATTEMPT: Partner -> rest @ master_bedroom (Intent: sched_sleep_partner_27)
NPC_ASSIGN_SKIP_ROOM: partner already in queue for rest with intent sched_sleep_partner_27
NPC_ASSIGN_ATTEMPT: Flaubert Giles -> rest @ butler_quarters (Intent: sched_sleep_butler_27)
NPC_ASSIGN_SKIP_ROOM: butler already in queue for rest with intent sched_sleep_butler_27
NPC_ASSIGN_ATTEMPT: Partner -> rest @ master_bedroom (Intent: sched_sleep_partner_27)
NPC_ASSIGN_SKIP_ROOM: partner already in queue for rest with intent sched_sleep_partner_27
NPC_ASSIGN_ATTEMPT: Flaubert Giles -> rest @ butler_quarters (Intent: sched_sleep_butler_27)
NPC_ASSIGN_SKIP_ROOM: butler already in queue for rest with intent sched_sleep_butler_27
NPC_ASSIGN_ATTEMPT: Partner -> rest @ master_bedroom (Intent: sched_sleep_partner_27)
NPC_ASSIGN_SKIP_ROOM: partner already in queue for rest with intent sched_sleep_partner_27
NPC_ASSIGN_ATTEMPT: Flaubert Giles -> rest @ butler_quarters (Intent: sched_sleep_butler_27)
NPC_ASSIGN_SKIP_ROOM: butler already in queue for rest with intent sched_sleep_butler_27
NPC_ASSIGN_ATTEMPT: Partner -> rest @ master_bedroom (Intent: sched_sleep_partner_27)
NPC_ASSIGN_SKIP_ROOM: partner already in queue for rest with intent sched_sleep_partner_27
NPC_ASSIGN_ATTEMPT: Flaubert Giles -> rest @ butler_quarters (Intent: sched_sleep_butler_27)
NPC_ASSIGN_SKIP_ROOM: butler already in queue for rest with intent sched_sleep_butler_27
NPC_ASSIGN_ATTEMPT: Partner -> rest @ master_bedroom (Intent: sched_sleep_partner_27)
NPC_ASSIGN_SKIP_ROOM: partner already in queue for rest with intent sched_sleep_partner_27
NPC_ASSIGN_ATTEMPT: Flaubert Giles -> rest @ butler_quarters (Intent: sched_sleep_butler_27)
NPC_ASSIGN_SKIP_ROOM: butler already in queue for rest with intent sched_sleep_butler_27
NPC_ASSIGN_ATTEMPT: Partner -> rest @ master_bedroom (Intent: sched_sleep_partner_27)
NPC_ASSIGN_SKIP_ROOM: partner already in queue for rest with intent sched_sleep_partner_27
NPC_ASSIGN_ATTEMPT: Flaubert Giles -> rest @ butler_quarters (Intent: sched_sleep_butler_27)
NPC_ASSIGN_SKIP_ROOM: butler already in queue for rest with intent sched_sleep_butler_27
NPC_ASSIGN_ATTEMPT: Partner -> rest @ master_bedroom (Intent: sched_sleep_partner_27)
NPC_ASSIGN_SKIP_ROOM: partner already in queue for rest with intent sched_sleep_partner_27
NPC_ASSIGN_ATTEMPT: Flaubert Giles -> rest @ butler_quarters (Intent: sched_sleep_butler_27)
NPC_ASSIGN_SKIP_ROOM: butler already in queue for rest with intent sched_sleep_butler_27
NPC_ASSIGN_ATTEMPT: Partner -> rest @ master_bedroom (Intent: sched_sleep_partner_27)
NPC_ASSIGN_SKIP_ROOM: partner already in queue for rest with intent sched_sleep_partner_27
NPC_ASSIGN_ATTEMPT: Flaubert Giles -> rest @ butler_quarters (Intent: sched_sleep_butler_27)
NPC_ASSIGN_SKIP_ROOM: butler already in queue for rest with intent sched_sleep_butler_27
NPC_ASSIGN_ATTEMPT: Partner -> rest @ master_bedroom (Intent: sched_sleep_partner_27)
NPC_ASSIGN_SKIP_ROOM: partner already in queue for rest with intent sched_sleep_partner_27
NPC_ASSIGN_ATTEMPT: Flaubert Giles -> rest @ butler_quarters (Intent: sched_sleep_butler_27)
NPC_ASSIGN_SKIP_ROOM: butler already in queue for rest with intent sched_sleep_butler_27
NPC_ASSIGN_ATTEMPT: Partner -> rest @ master_bedroom (Intent: sched_sleep_partner_27)
NPC_ASSIGN_SKIP_ROOM: partner already in queue for rest with intent sched_sleep_partner_27
NPC_ASSIGN_ATTEMPT: Flaubert Giles -> rest @ butler_quarters (Intent: sched_sleep_butler_27)
NPC_ASSIGN_SKIP_ROOM: butler already in queue for rest with intent sched_sleep_butler_27
NPC_ASSIGN_ATTEMPT: Partner -> rest @ master_bedroom (Intent: sched_sleep_partner_27)
NPC_ASSIGN_SKIP_ROOM: partner already in queue for rest with intent sched_sleep_partner_27
NPC_ASSIGN_ATTEMPT: Flaubert Giles -> rest @ butler_quarters (Intent: sched_sleep_butler_27)
NPC_ASSIGN_SKIP_ROOM: butler already in queue for rest with intent sched_sleep_butler_27
NPC_ASSIGN_ATTEMPT: Partner -> rest @ master_bedroom (Intent: sched_sleep_partner_27)
NPC_ASSIGN_SKIP_ROOM: partner already in queue for rest with intent sched_sleep_partner_27
NPC_ASSIGN_ATTEMPT: Flaubert Giles -> rest @ butler_quarters (Intent: sched_sleep_butler_27)
NPC_ASSIGN_SKIP_ROOM: butler already in queue for rest with intent sched_sleep_butler_27
NPC_ASSIGN_ATTEMPT: Partner -> rest @ master_bedroom (Intent: sched_sleep_partner_27)
NPC_ASSIGN_SKIP_ROOM: partner already in queue for rest with intent sched_sleep_partner_27
NPC_ASSIGN_ATTEMPT: Flaubert Giles -> rest @ butler_quarters (Intent: sched_sleep_butler_27)
NPC_ASSIGN_SKIP_ROOM: butler already in queue for rest with intent sched_sleep_butler_27
NPC_ASSIGN_ATTEMPT: Partner -> rest @ master_bedroom (Intent: sched_sleep_partner_27)
NPC_ASSIGN_SKIP_ROOM: partner already in queue for rest with intent sched_sleep_partner_27
NPC_ASSIGN_ATTEMPT: Flaubert Giles -> rest @ butler_quarters (Intent: sched_sleep_butler_27)
NPC_ASSIGN_SKIP_ROOM: butler already in queue for rest with intent sched_sleep_butler_27
NPC_ASSIGN_ATTEMPT: Partner -> rest @ master_bedroom (Intent: sched_sleep_partner_27)
NPC_ASSIGN_SKIP_ROOM: partner already in queue for rest with intent sched_sleep_partner_27
NPC_ASSIGN_ATTEMPT: Flaubert Giles -> rest @ butler_quarters (Intent: sched_sleep_butler_27)
NPC_ASSIGN_SKIP_ROOM: butler already in queue for rest with intent sched_sleep_butler_27
NPC_ASSIGN_ATTEMPT: Partner -> rest @ master_bedroom (Intent: sched_sleep_partner_27)
NPC_ASSIGN_SKIP_ROOM: partner already in queue for rest with intent sched_sleep_partner_27
NPC_ASSIGN_ATTEMPT: Flaubert Giles -> rest @ butler_quarters (Intent: sched_sleep_butler_27)
NPC_ASSIGN_SKIP_ROOM: butler already in queue for rest with intent sched_sleep_butler_27
NPC_ASSIGN_ATTEMPT: Partner -> rest @ master_bedroom (Intent: sched_sleep_partner_27)
NPC_ASSIGN_SKIP_ROOM: partner already in queue for rest with intent sched_sleep_partner_27
NPC_ASSIGN_ATTEMPT: Flaubert Giles -> rest @ butler_quarters (Intent: sched_sleep_butler_27)
NPC_ASSIGN_SKIP_ROOM: butler already in queue for rest with intent sched_sleep_butler_27
NPC_ASSIGN_ATTEMPT: Partner -> rest @ master_bedroom (Intent: sched_sleep_partner_27)
NPC_ASSIGN_SKIP_ROOM: partner already in queue for rest with intent sched_sleep_partner_27
NPC_ASSIGN_ATTEMPT: Flaubert Giles -> rest @ butler_quarters (Intent: sched_sleep_butler_27)
NPC_ASSIGN_SKIP_ROOM: butler already in queue for rest with intent sched_sleep_butler_27
NPC_ASSIGN_ATTEMPT: Partner -> rest @ master_bedroom (Intent: sched_sleep_partner_27)
NPC_ASSIGN_SKIP_ROOM: partner already in queue for rest with intent sched_sleep_partner_27
NPC_ASSIGN_ATTEMPT: Flaubert Giles -> rest @ butler_quarters (Intent: sched_sleep_butler_27)
NPC_ASSIGN_SKIP_ROOM: butler already in queue for rest with intent sched_sleep_butler_27
NPC_ASSIGN_ATTEMPT: Partner -> rest @ master_bedroom (Intent: sched_sleep_partner_27)
NPC_ASSIGN_SKIP_ROOM: partner already in queue for rest with intent sched_sleep_partner_27
NPC_ASSIGN_ATTEMPT: Flaubert Giles -> rest @ butler_quarters (Intent: sched_sleep_butler_27)
NPC_ASSIGN_SKIP_ROOM: butler already in queue for rest with intent sched_sleep_butler_27
NPC_ASSIGN_ATTEMPT: Partner -> rest @ master_bedroom (Intent: sched_sleep_partner_27)
NPC_ASSIGN_SKIP_ROOM: partner already in queue for rest with intent sched_sleep_partner_27
NPC_ASSIGN_ATTEMPT: Flaubert Giles -> rest @ butler_quarters (Intent: sched_sleep_butler_27)
NPC_ASSIGN_SKIP_ROOM: butler already in queue for rest with intent sched_sleep_butler_27
NPC_ASSIGN_ATTEMPT: Partner -> rest @ master_bedroom (Intent: sched_sleep_partner_27)
NPC_ASSIGN_SKIP_ROOM: partner already in queue for rest with intent sched_sleep_partner_27
NPC_ASSIGN_ATTEMPT: Flaubert Giles -> rest @ butler_quarters (Intent: sched_sleep_butler_27)
NPC_ASSIGN_SKIP_ROOM: butler already in queue for rest with intent sched_sleep_butler_27
NPC_ASSIGN_ATTEMPT: Partner -> rest @ master_bedroom (Intent: sched_sleep_partner_27)
NPC_ASSIGN_SKIP_ROOM: partner already in queue for rest with intent sched_sleep_partner_27
NPC_ASSIGN_ATTEMPT: Flaubert Giles -> rest @ butler_quarters (Intent: sched_sleep_butler_27)
NPC_ASSIGN_SKIP_ROOM: butler already in queue for rest with intent sched_sleep_butler_27
NPC_ASSIGN_ATTEMPT: Partner -> rest @ master_bedroom (Intent: sched_sleep_partner_27)
NPC_ASSIGN_SKIP_ROOM: partner already in queue for rest with intent sched_sleep_partner_27
NPC_ASSIGN_ATTEMPT: Flaubert Giles -> rest @ butler_quarters (Intent: sched_sleep_butler_27)
NPC_ASSIGN_SKIP_ROOM: butler already in queue for rest with intent sched_sleep_butler_27
NPC_ASSIGN_ATTEMPT: Partner -> rest @ master_bedroom (Intent: sched_sleep_partner_27)
NPC_ASSIGN_SKIP_ROOM: partner already in queue for rest with intent sched_sleep_partner_27
NPC_ASSIGN_ATTEMPT: Flaubert Giles -> rest @ butler_quarters (Intent: sched_sleep_butler_27)
NPC_ASSIGN_SKIP_ROOM: butler already in queue for rest with intent sched_sleep_butler_27
NPC_ASSIGN_ATTEMPT: Partner -> rest @ master_bedroom (Intent: sched_sleep_partner_27)
NPC_ASSIGN_SKIP_ROOM: partner already in queue for rest with intent sched_sleep_partner_27
NPC_ASSIGN_ATTEMPT: Flaubert Giles -> rest @ butler_quarters (Intent: sched_sleep_butler_27)
NPC_ASSIGN_SKIP_ROOM: butler already in queue for rest with intent sched_sleep_butler_27
NPC_ASSIGN_ATTEMPT: Partner -> rest @ master_bedroom (Intent: sched_sleep_partner_27)
NPC_ASSIGN_SKIP_ROOM: partner already in queue for rest with intent sched_sleep_partner_27
NPC_ASSIGN_ATTEMPT: Flaubert Giles -> rest @ butler_quarters (Intent: sched_sleep_butler_27)
NPC_ASSIGN_SKIP_ROOM: butler already in queue for rest with intent sched_sleep_butler_27
NPC_ASSIGN_ATTEMPT: Partner -> rest @ master_bedroom (Intent: sched_sleep_partner_27)
NPC_ASSIGN_SKIP_ROOM: partner already in queue for rest with intent sched_sleep_partner_27
NPC_ASSIGN_ATTEMPT: Flaubert Giles -> rest @ butler_quarters (Intent: sched_sleep_butler_27)
NPC_ASSIGN_SKIP_ROOM: butler already in queue for rest with intent sched_sleep_butler_27
NPC_ASSIGN_ATTEMPT: Partner -> rest @ master_bedroom (Intent: sched_sleep_partner_27)
NPC_ASSIGN_SKIP_ROOM: partner already in queue for rest with intent sched_sleep_partner_27
NPC_ASSIGN_ATTEMPT: Flaubert Giles -> rest @ butler_quarters (Intent: sched_sleep_butler_27)
NPC_ASSIGN_SKIP_ROOM: butler already in queue for rest with intent sched_sleep_butler_27
NPC_ASSIGN_ATTEMPT: Partner -> rest @ master_bedroom (Intent: sched_sleep_partner_27)
NPC_ASSIGN_SKIP_ROOM: partner already in queue for rest with intent sched_sleep_partner_27
NPC_ASSIGN_ATTEMPT: Flaubert Giles -> rest @ butler_quarters (Intent: sched_sleep_butler_27)
NPC_ASSIGN_SKIP_ROOM: butler already in queue for rest with intent sched_sleep_butler_27
NPC_ASSIGN_ATTEMPT: Partner -> rest @ master_bedroom (Intent: sched_sleep_partner_27)
NPC_ASSIGN_SKIP_ROOM: partner already in queue for rest with intent sched_sleep_partner_27
NPC_ASSIGN_ATTEMPT: Flaubert Giles -> rest @ butler_quarters (Intent: sched_sleep_butler_27)
NPC_ASSIGN_SKIP_ROOM: butler already in queue for rest with intent sched_sleep_butler_27
NPC_ASSIGN_ATTEMPT: Partner -> rest @ master_bedroom (Intent: sched_sleep_partner_27)
NPC_ASSIGN_SKIP_ROOM: partner already in queue for rest with intent sched_sleep_partner_27
NPC_ASSIGN_ATTEMPT: Flaubert Giles -> rest @ butler_quarters (Intent: sched_sleep_butler_27)
NPC_ASSIGN_SKIP_ROOM: butler already in queue for rest with intent sched_sleep_butler_27
NPC_ASSIGN_ATTEMPT: Partner -> rest @ master_bedroom (Intent: sched_sleep_partner_27)
NPC_ASSIGN_SKIP_ROOM: partner already in queue for rest with intent sched_sleep_partner_27
NPC_ASSIGN_ATTEMPT: Flaubert Giles -> rest @ master_bedroom (Intent: sched_sleep_player_27)
NPC_ASSIGN_ATTEMPT: Flaubert Giles -> rest @ butler_quarters (Intent: sched_sleep_butler_27)
NPC_ASSIGN_SKIP_ROOM: butler already in queue for rest with intent sched_sleep_butler_27
NPC_ASSIGN_ATTEMPT: Partner -> rest @ master_bedroom (Intent: sched_sleep_partner_27)
NPC_ASSIGN_SKIP_ROOM: partner already in queue for rest with intent sched_sleep_partner_27
NPC_ASSIGN_ATTEMPT: Flaubert Giles -> rest @ master_bedroom (Intent: sched_sleep_player_27)
NPC_ASSIGN_SKIP_ROOM: player already in queue for rest with intent sched_sleep_player_27
NPC_ASSIGN_ATTEMPT: Flaubert Giles -> rest @ butler_quarters (Intent: sched_sleep_butler_27)
NPC_ASSIGN_SKIP_ROOM: butler already in queue for rest with intent sched_sleep_butler_27
NPC_ASSIGN_ATTEMPT: Partner -> rest @ master_bedroom (Intent: sched_sleep_partner_27)
NPC_ASSIGN_SKIP_ROOM: partner already in queue for rest with intent sched_sleep_partner_27
NPC_ASSIGN_ATTEMPT: Flaubert Giles -> rest @ master_bedroom (Intent: sched_sleep_player_27)
NPC_ASSIGN_SKIP_ROOM: player already in queue for rest with intent sched_sleep_player_27
NPC_ASSIGN_ATTEMPT: Flaubert Giles -> rest @ butler_quarters (Intent: sched_sleep_butler_27)
NPC_ASSIGN_SKIP_ROOM: butler already in queue for rest with intent sched_sleep_butler_27
NPC_ASSIGN_ATTEMPT: Partner -> rest @ master_bedroom (Intent: sched_sleep_partner_27)
NPC_ASSIGN_SKIP_ROOM: partner already in queue for rest with intent sched_sleep_partner_27
NPC_ASSIGN_ATTEMPT: Flaubert Giles -> rest @ master_bedroom (Intent: sched_sleep_player_27)
NPC_ASSIGN_SKIP_ROOM: player already in queue for rest with intent sched_sleep_player_27
NPC_ASSIGN_ATTEMPT: Flaubert Giles -> rest @ butler_quarters (Intent: sched_sleep_butler_27)
NPC_ASSIGN_SKIP_ROOM: butler already in queue for rest with intent sched_sleep_butler_27
NPC_ASSIGN_ATTEMPT: Partner -> rest @ master_bedroom (Intent: sched_sleep_partner_27)
NPC_ASSIGN_SKIP_ROOM: partner already in queue for rest with intent sched_sleep_partner_27
NPC_ASSIGN_ATTEMPT: Flaubert Giles -> rest @ master_bedroom (Intent: sched_sleep_player_27)
NPC_ASSIGN_SKIP_ROOM: player already in queue for rest with intent sched_sleep_player_27
NPC_ASSIGN_ATTEMPT: Flaubert Giles -> rest @ butler_quarters (Intent: sched_sleep_butler_27)
NPC_ASSIGN_SKIP_ROOM: butler already in queue for rest with intent sched_sleep_butler_27
NPC_ASSIGN_ATTEMPT: Partner -> rest @ master_bedroom (Intent: sched_sleep_partner_27)
NPC_ASSIGN_SKIP_ROOM: partner already in queue for rest with intent sched_sleep_partner_27
NPC_ASSIGN_ATTEMPT: Flaubert Giles -> rest @ master_bedroom (Intent: sched_sleep_player_27)
NPC_ASSIGN_SKIP_ROOM: player already in queue for rest with intent sched_sleep_player_27
NPC_ASSIGN_ATTEMPT: Flaubert Giles -> rest @ butler_quarters (Intent: sched_sleep_butler_27)
NPC_ASSIGN_SKIP_ROOM: butler already in queue for rest with intent sched_sleep_butler_27
NPC_ASSIGN_ATTEMPT: Partner -> rest @ master_bedroom (Intent: sched_sleep_partner_27)
NPC_ASSIGN_SKIP_ROOM: partner already in queue for rest with intent sched_sleep_partner_27
NPC_ASSIGN_ATTEMPT: Flaubert Giles -> rest @ master_bedroom (Intent: sched_sleep_player_27)
NPC_ASSIGN_SKIP_ROOM: player already in queue for rest with intent sched_sleep_player_27
NPC_ASSIGN_ATTEMPT: Flaubert Giles -> rest @ butler_quarters (Intent: sched_sleep_butler_27)
NPC_ASSIGN_SKIP_ROOM: butler already in queue for rest with intent sched_sleep_butler_27
NPC_ASSIGN_ATTEMPT: Partner -> rest @ master_bedroom (Intent: sched_sleep_partner_27)
NPC_ASSIGN_SKIP_ROOM: partner already in queue for rest with intent sched_sleep_partner_27
NPC_ASSIGN_ATTEMPT: Flaubert Giles -> rest @ master_bedroom (Intent: sched_sleep_player_27)
NPC_ASSIGN_SKIP_ROOM: player already in queue for rest with intent sched_sleep_player_27
NPC_ASSIGN_ATTEMPT: Flaubert Giles -> rest @ butler_quarters (Intent: sched_sleep_butler_27)
NPC_ASSIGN_SKIP_ROOM: butler already in queue for rest with intent sched_sleep_butler_27
NPC_ASSIGN_ATTEMPT: Partner -> rest @ master_bedroom (Intent: sched_sleep_partner_27)
NPC_ASSIGN_SKIP_ROOM: partner already in queue for rest with intent sched_sleep_partner_27
NPC_ASSIGN_ATTEMPT: Flaubert Giles -> rest @ master_bedroom (Intent: sched_sleep_player_27)
NPC_ASSIGN_SKIP_ROOM: player already in queue for rest with intent sched_sleep_player_27
NPC_ASSIGN_ATTEMPT: Flaubert Giles -> rest @ butler_quarters (Intent: sched_sleep_butler_27)
NPC_ASSIGN_SKIP_ROOM: butler already in queue for rest with intent sched_sleep_butler_27
NPC_ASSIGN_ATTEMPT: Partner -> rest @ master_bedroom (Intent: sched_sleep_partner_27)
NPC_ASSIGN_SKIP_ROOM: partner already in queue for rest with intent sched_sleep_partner_27
NPC_ASSIGN_ATTEMPT: Flaubert Giles -> rest @ master_bedroom (Intent: sched_sleep_player_27)
NPC_ASSIGN_SKIP_ROOM: player already in queue for rest with intent sched_sleep_player_27
NPC_ASSIGN_ATTEMPT: Flaubert Giles -> rest @ butler_quarters (Intent: sched_sleep_butler_27)
NPC_ASSIGN_SKIP_ROOM: butler already in queue for rest with intent sched_sleep_butler_27
NPC_ASSIGN_ATTEMPT: Partner -> rest @ master_bedroom (Intent: sched_sleep_partner_27)
NPC_ASSIGN_SKIP_ROOM: partner already in queue for rest with intent sched_sleep_partner_27
NPC_ASSIGN_ATTEMPT: Flaubert Giles -> rest @ master_bedroom (Intent: sched_sleep_player_27)
NPC_ASSIGN_SKIP_ROOM: player already in queue for rest with intent sched_sleep_player_27
NPC_ASSIGN_ATTEMPT: Flaubert Giles -> rest @ butler_quarters (Intent: sched_sleep_butler_27)
NPC_ASSIGN_SKIP_ROOM: butler already in queue for rest with intent sched_sleep_butler_27
NPC_ASSIGN_ATTEMPT: Partner -> rest @ master_bedroom (Intent: sched_sleep_partner_27)
NPC_ASSIGN_SKIP_ROOM: partner already in queue for rest with intent sched_sleep_partner_27
NPC_ASSIGN_ATTEMPT: Flaubert Giles -> rest @ master_bedroom (Intent: sched_sleep_player_27)
NPC_ASSIGN_SKIP_ROOM: player already in queue for rest with intent sched_sleep_player_27
NPC_ASSIGN_ATTEMPT: Flaubert Giles -> rest @ butler_quarters (Intent: sched_sleep_butler_27)
NPC_ASSIGN_SKIP_ROOM: butler already in queue for rest with intent sched_sleep_butler_27
NPC_ASSIGN_ATTEMPT: Partner -> rest @ master_bedroom (Intent: sched_sleep_partner_27)
NPC_ASSIGN_SKIP_ROOM: partner already in queue for rest with intent sched_sleep_partner_27
NPC_ASSIGN_ATTEMPT: Flaubert Giles -> rest @ master_bedroom (Intent: sched_sleep_player_27)
NPC_ASSIGN_SKIP_ROOM: player already in queue for rest with intent sched_sleep_player_27
NPC_ASSIGN_ATTEMPT: Flaubert Giles -> rest @ butler_quarters (Intent: sched_sleep_butler_27)
NPC_ASSIGN_SKIP_ROOM: butler already in queue for rest with intent sched_sleep_butler_27
NPC_ASSIGN_ATTEMPT: Partner -> rest @ master_bedroom (Intent: sched_sleep_partner_27)
NPC_ASSIGN_SKIP_ROOM: partner already in queue for rest with intent sched_sleep_partner_27
NPC_ASSIGN_ATTEMPT: Flaubert Giles -> rest @ master_bedroom (Intent: sched_sleep_player_27)
NPC_ASSIGN_SKIP_ROOM: player already in queue for rest with intent sched_sleep_player_27
NPC_ASSIGN_ATTEMPT: Flaubert Giles -> rest @ butler_quarters (Intent: sched_sleep_butler_27)
NPC_ASSIGN_SKIP_ROOM: butler already in queue for rest with intent sched_sleep_butler_27
NPC_ASSIGN_ATTEMPT: Partner -> rest @ master_bedroom (Intent: sched_sleep_partner_27)
NPC_ASSIGN_SKIP_ROOM: partner already in queue for rest with intent sched_sleep_partner_27
NPC_ASSIGN_ATTEMPT: Flaubert Giles -> rest @ master_bedroom (Intent: sched_sleep_player_27)
NPC_ASSIGN_SKIP_ROOM: player already in queue for rest with intent sched_sleep_player_27
NPC_ASSIGN_ATTEMPT: Flaubert Giles -> rest @ butler_quarters (Intent: sched_sleep_butler_27)
NPC_ASSIGN_SKIP_ROOM: butler already in queue for rest with intent sched_sleep_butler_27
NPC_ASSIGN_ATTEMPT: Partner -> rest @ master_bedroom (Intent: sched_sleep_partner_27)
NPC_ASSIGN_SKIP_ROOM: partner already in queue for rest with intent sched_sleep_partner_27
NPC_ASSIGN_ATTEMPT: Flaubert Giles -> rest @ master_bedroom (Intent: sched_sleep_player_27)
NPC_ASSIGN_SKIP_ROOM: player already in queue for rest with intent sched_sleep_player_27
NPC_ASSIGN_ATTEMPT: Flaubert Giles -> rest @ butler_quarters (Intent: sched_sleep_butler_27)
NPC_ASSIGN_SKIP_ROOM: butler already in queue for rest with intent sched_sleep_butler_27
NPC_ASSIGN_ATTEMPT: Partner -> rest @ master_bedroom (Intent: sched_sleep_partner_27)
NPC_ASSIGN_SKIP_ROOM: partner already in queue for rest with intent sched_sleep_partner_27
NPC_ASSIGN_ATTEMPT: Flaubert Giles -> rest @ master_bedroom (Intent: sched_sleep_player_27)
NPC_ASSIGN_SKIP_ROOM: player already in queue for rest with intent sched_sleep_player_27
NPC_ASSIGN_ATTEMPT: Flaubert Giles -> rest @ butler_quarters (Intent: sched_sleep_butler_27)
NPC_ASSIGN_SKIP_ROOM: butler already in queue for rest with intent sched_sleep_butler_27
NPC_ASSIGN_ATTEMPT: Partner -> rest @ master_bedroom (Intent: sched_sleep_partner_27)
NPC_ASSIGN_SKIP_ROOM: partner already in queue for rest with intent sched_sleep_partner_27
NPC_ASSIGN_ATTEMPT: Flaubert Giles -> rest @ master_bedroom (Intent: sched_sleep_player_27)
NPC_ASSIGN_SKIP_ROOM: player already in queue for rest with intent sched_sleep_player_27
NPC_ASSIGN_ATTEMPT: Flaubert Giles -> rest @ butler_quarters (Intent: sched_sleep_butler_27)
NPC_ASSIGN_SKIP_ROOM: butler already in queue for rest with intent sched_sleep_butler_27
NPC_ASSIGN_ATTEMPT: Partner -> rest @ master_bedroom (Intent: sched_sleep_partner_27)
NPC_ASSIGN_SKIP_ROOM: partner already in queue for rest with intent sched_sleep_partner_27
NPC_ASSIGN_ATTEMPT: Flaubert Giles -> rest @ master_bedroom (Intent: sched_sleep_player_27)
NPC_ASSIGN_SKIP_ROOM: player already in queue for rest with intent sched_sleep_player_27
NPC_ASSIGN_ATTEMPT: Flaubert Giles -> rest @ butler_quarters (Intent: sched_sleep_butler_27)
NPC_ASSIGN_SKIP_ROOM: butler already in queue for rest with intent sched_sleep_butler_27
NPC_ASSIGN_ATTEMPT: Partner -> rest @ master_bedroom (Intent: sched_sleep_partner_27)
NPC_ASSIGN_SKIP_ROOM: partner already in queue for rest with intent sched_sleep_partner_27
NPC_ASSIGN_ATTEMPT: Flaubert Giles -> rest @ master_bedroom (Intent: sched_sleep_player_27)
NPC_ASSIGN_SKIP_ROOM: player already in queue for rest with intent sched_sleep_player_27
NPC_ASSIGN_ATTEMPT: Flaubert Giles -> rest @ butler_quarters (Intent: sched_sleep_butler_27)
NPC_ASSIGN_SKIP_ROOM: butler already in queue for rest with intent sched_sleep_butler_27
NPC_ASSIGN_ATTEMPT: Partner -> rest @ master_bedroom (Intent: sched_sleep_partner_27)
NPC_ASSIGN_SKIP_ROOM: partner already in queue for rest with intent sched_sleep_partner_27
NPC_ASSIGN_ATTEMPT: Flaubert Giles -> rest @ master_bedroom (Intent: sched_sleep_player_27)
NPC_ASSIGN_SKIP_ROOM: player already in queue for rest with intent sched_sleep_player_27
NPC_ASSIGN_ATTEMPT: Flaubert Giles -> rest @ butler_quarters (Intent: sched_sleep_butler_27)
NPC_ASSIGN_SKIP_ROOM: butler already in queue for rest with intent sched_sleep_butler_27
NPC_ASSIGN_ATTEMPT: Partner -> rest @ master_bedroom (Intent: sched_sleep_partner_27)
NPC_ASSIGN_SKIP_ROOM: partner already in queue for rest with intent sched_sleep_partner_27
NPC_ASSIGN_ATTEMPT: Flaubert Giles -> rest @ master_bedroom (Intent: sched_sleep_player_27)
NPC_ASSIGN_SKIP_ROOM: player already in queue for rest with intent sched_sleep_player_27
NPC_ASSIGN_ATTEMPT: Flaubert Giles -> rest @ butler_quarters (Intent: sched_sleep_butler_27)
NPC_ASSIGN_SKIP_ROOM: butler already in queue for rest with intent sched_sleep_butler_27
NPC_ASSIGN_ATTEMPT: Partner -> rest @ master_bedroom (Intent: sched_sleep_partner_27)
NPC_ASSIGN_SKIP_ROOM: partner already in queue for rest with intent sched_sleep_partner_27
NPC_ASSIGN_ATTEMPT: Flaubert Giles -> rest @ master_bedroom (Intent: sched_sleep_player_27)
NPC_ASSIGN_SKIP_ROOM: player already in queue for rest with intent sched_sleep_player_27
NPC_ASSIGN_ATTEMPT: Flaubert Giles -> rest @ butler_quarters (Intent: sched_sleep_butler_27)
NPC_ASSIGN_SKIP_ROOM: butler already in queue for rest with intent sched_sleep_butler_27
NPC_ASSIGN_ATTEMPT: Partner -> rest @ master_bedroom (Intent: sched_sleep_partner_27)
NPC_ASSIGN_SKIP_ROOM: partner already in queue for rest with intent sched_sleep_partner_27
NPC_ASSIGN_ATTEMPT: Flaubert Giles -> rest @ master_bedroom (Intent: sched_sleep_player_28)
NPC_ASSIGN_ATTEMPT: Flaubert Giles -> rest @ butler_quarters (Intent: sched_sleep_butler_28)
NPC_ASSIGN_ATTEMPT: Partner -> rest @ master_bedroom (Intent: sched_sleep_partner_28)
NPC_ASSIGN_ATTEMPT: Flaubert Giles -> rest @ master_bedroom (Intent: sched_sleep_player_28)
NPC_ASSIGN_SKIP_ROOM: player already in queue for rest with intent sched_sleep_player_28
NPC_ASSIGN_ATTEMPT: Flaubert Giles -> rest @ butler_quarters (Intent: sched_sleep_butler_28)
NPC_ASSIGN_SKIP_ROOM: butler already in queue for rest with intent sched_sleep_butler_28
NPC_ASSIGN_ATTEMPT: Partner -> rest @ master_bedroom (Intent: sched_sleep_partner_28)
NPC_ASSIGN_SKIP_ROOM: partner already in queue for rest with intent sched_sleep_partner_28
NPC_ASSIGN_ATTEMPT: Flaubert Giles -> rest @ master_bedroom (Intent: sched_sleep_player_28)
NPC_ASSIGN_SKIP_ROOM: player already in queue for rest with intent sched_sleep_player_28
NPC_ASSIGN_ATTEMPT: Flaubert Giles -> rest @ butler_quarters (Intent: sched_sleep_butler_28)
NPC_ASSIGN_SKIP_ROOM: butler already in queue for rest with intent sched_sleep_butler_28
NPC_ASSIGN_ATTEMPT: Partner -> rest @ master_bedroom (Intent: sched_sleep_partner_28)
NPC_ASSIGN_SKIP_ROOM: partner already in queue for rest with intent sched_sleep_partner_28
NPC_ASSIGN_ATTEMPT: Flaubert Giles -> rest @ master_bedroom (Intent: sched_sleep_player_28)
NPC_ASSIGN_SKIP_ROOM: player already in queue for rest with intent sched_sleep_player_28
NPC_ASSIGN_ATTEMPT: Flaubert Giles -> rest @ butler_quarters (Intent: sched_sleep_butler_28)
NPC_ASSIGN_SKIP_ROOM: butler already in queue for rest with intent sched_sleep_butler_28
NPC_ASSIGN_ATTEMPT: Partner -> rest @ master_bedroom (Intent: sched_sleep_partner_28)
NPC_ASSIGN_SKIP_ROOM: partner already in queue for rest with intent sched_sleep_partner_28
NPC_ASSIGN_ATTEMPT: Flaubert Giles -> rest @ master_bedroom (Intent: sched_sleep_player_28)
NPC_ASSIGN_SKIP_ROOM: player already in queue for rest with intent sched_sleep_player_28
NPC_ASSIGN_ATTEMPT: Flaubert Giles -> rest @ butler_quarters (Intent: sched_sleep_butler_28)
NPC_ASSIGN_SKIP_ROOM: butler already in queue for rest with intent sched_sleep_butler_28
NPC_ASSIGN_ATTEMPT: Partner -> rest @ master_bedroom (Intent: sched_sleep_partner_28)
NPC_ASSIGN_SKIP_ROOM: partner already in queue for rest with intent sched_sleep_partner_28
NPC_ASSIGN_ATTEMPT: Flaubert Giles -> rest @ master_bedroom (Intent: sched_sleep_player_28)
NPC_ASSIGN_SKIP_ROOM: player already in queue for rest with intent sched_sleep_player_28
NPC_ASSIGN_ATTEMPT: Flaubert Giles -> rest @ butler_quarters (Intent: sched_sleep_butler_28)
NPC_ASSIGN_SKIP_ROOM: butler already in queue for rest with intent sched_sleep_butler_28
NPC_ASSIGN_ATTEMPT: Partner -> rest @ master_bedroom (Intent: sched_sleep_partner_28)
NPC_ASSIGN_SKIP_ROOM: partner already in queue for rest with intent sched_sleep_partner_28
NPC_ASSIGN_ATTEMPT: Flaubert Giles -> rest @ master_bedroom (Intent: sched_sleep_player_28)
NPC_ASSIGN_SKIP_ROOM: player already in queue for rest with intent sched_sleep_player_28
NPC_ASSIGN_ATTEMPT: Flaubert Giles -> rest @ butler_quarters (Intent: sched_sleep_butler_28)
NPC_ASSIGN_SKIP_ROOM: butler already in queue for rest with intent sched_sleep_butler_28
NPC_ASSIGN_ATTEMPT: Partner -> rest @ master_bedroom (Intent: sched_sleep_partner_28)
NPC_ASSIGN_SKIP_ROOM: partner already in queue for rest with intent sched_sleep_partner_28
NPC_ASSIGN_ATTEMPT: Flaubert Giles -> rest @ master_bedroom (Intent: sched_sleep_player_28)
NPC_ASSIGN_SKIP_ROOM: player already in queue for rest with intent sched_sleep_player_28
NPC_ASSIGN_ATTEMPT: Flaubert Giles -> rest @ butler_quarters (Intent: sched_sleep_butler_28)
NPC_ASSIGN_SKIP_ROOM: butler already in queue for rest with intent sched_sleep_butler_28
NPC_ASSIGN_ATTEMPT: Partner -> rest @ master_bedroom (Intent: sched_sleep_partner_28)
NPC_ASSIGN_SKIP_ROOM: partner already in queue for rest with intent sched_sleep_partner_28
NPC_ASSIGN_ATTEMPT: Flaubert Giles -> rest @ master_bedroom (Intent: sched_sleep_player_28)
NPC_ASSIGN_SKIP_ROOM: player already in queue for rest with intent sched_sleep_player_28
NPC_ASSIGN_ATTEMPT: Flaubert Giles -> rest @ butler_quarters (Intent: sched_sleep_butler_28)
NPC_ASSIGN_SKIP_ROOM: butler already in queue for rest with intent sched_sleep_butler_28
NPC_ASSIGN_ATTEMPT: Partner -> rest @ master_bedroom (Intent: sched_sleep_partner_28)
NPC_ASSIGN_SKIP_ROOM: partner already in queue for rest with intent sched_sleep_partner_28
NPC_ASSIGN_ATTEMPT: Flaubert Giles -> rest @ master_bedroom (Intent: sched_sleep_player_28)
NPC_ASSIGN_SKIP_ROOM: player already in queue for rest with intent sched_sleep_player_28
NPC_ASSIGN_ATTEMPT: Flaubert Giles -> rest @ butler_quarters (Intent: sched_sleep_butler_28)
NPC_ASSIGN_SKIP_ROOM: butler already in queue for rest with intent sched_sleep_butler_28
NPC_ASSIGN_ATTEMPT: Partner -> rest @ master_bedroom (Intent: sched_sleep_partner_28)
NPC_ASSIGN_SKIP_ROOM: partner already in queue for rest with intent sched_sleep_partner_28
NPC_ASSIGN_ATTEMPT: Flaubert Giles -> rest @ master_bedroom (Intent: sched_sleep_player_28)
NPC_ASSIGN_SKIP_ROOM: player already in queue for rest with intent sched_sleep_player_28
NPC_ASSIGN_ATTEMPT: Flaubert Giles -> rest @ butler_quarters (Intent: sched_sleep_butler_28)
NPC_ASSIGN_SKIP_ROOM: butler already in queue for rest with intent sched_sleep_butler_28
NPC_ASSIGN_ATTEMPT: Partner -> rest @ master_bedroom (Intent: sched_sleep_partner_28)
NPC_ASSIGN_SKIP_ROOM: partner already in queue for rest with intent sched_sleep_partner_28
NPC_ASSIGN_ATTEMPT: Flaubert Giles -> useToilet @ bathroom_up (Intent: high_priority_toilet_player)
NPC_ASSIGN_ATTEMPT: Flaubert Giles -> useToilet @ bathroom_down (Intent: high_priority_toilet_butler)
NPC_ASSIGN_ATTEMPT: Partner -> useToilet @ bathroom_up (Intent: high_priority_toilet_partner)
NPC_ASSIGN_ATTEMPT: Flaubert Giles -> washHands @ bathroom_down (Intent: wash_hands_post_toilet_task_butler_1781825883975514_useToilet)
NPC_ASSIGN_ATTEMPT: Flaubert Giles -> washHands @ bathroom_up (Intent: wash_hands_post_toilet_task_player_1781825883975064_useToilet)
NPC_ASSIGN_ATTEMPT: Partner -> washHands @ bathroom_up (Intent: wash_hands_post_toilet_task_partner_1781825883975684_useToilet)
NPC_ASSIGN_ATTEMPT: Flaubert Giles -> rest @ butler_quarters (Intent: sched_sleep_butler_28)
NPC_ASSIGN_SKIP_ROOM: butler already in queue for rest with intent sched_sleep_butler_28
NPC_ASSIGN_ATTEMPT: Flaubert Giles -> rest @ master_bedroom (Intent: sched_sleep_player_28)
NPC_ASSIGN_SKIP_ROOM: player already in queue for rest with intent sched_sleep_player_28
NPC_ASSIGN_ATTEMPT: Partner -> rest @ master_bedroom (Intent: sched_sleep_partner_28)
NPC_ASSIGN_SKIP_ROOM: partner already in queue for rest with intent sched_sleep_partner_28
NPC_ASSIGN_ATTEMPT: Flaubert Giles -> rest @ butler_quarters (Intent: sched_sleep_butler_28)
NPC_ASSIGN_SKIP_ROOM: butler already in queue for rest with intent sched_sleep_butler_28
NPC_ASSIGN_ATTEMPT: Flaubert Giles -> rest @ butler_quarters (Intent: sched_sleep_butler_28)
NPC_ASSIGN_SKIP_ROOM: butler already in queue for rest with intent sched_sleep_butler_28
NPC_ASSIGN_ATTEMPT: Flaubert Giles -> rest @ butler_quarters (Intent: sched_sleep_butler_28)
NPC_ASSIGN_SKIP_ROOM: butler already in queue for rest with intent sched_sleep_butler_28
NPC_ASSIGN_ATTEMPT: Flaubert Giles -> rest @ butler_quarters (Intent: sched_sleep_butler_28)
NPC_ASSIGN_SKIP_ROOM: butler already in queue for rest with intent sched_sleep_butler_28
NPC_ASSIGN_ATTEMPT: Flaubert Giles -> rest @ butler_quarters (Intent: sched_sleep_butler_28)
NPC_ASSIGN_SKIP_ROOM: butler already in queue for rest with intent sched_sleep_butler_28
NPC_ASSIGN_ATTEMPT: Flaubert Giles -> rest @ butler_quarters (Intent: sched_sleep_butler_28)
NPC_ASSIGN_SKIP_ROOM: butler already in queue for rest with intent sched_sleep_butler_28
NPC_ASSIGN_ATTEMPT: Flaubert Giles -> rest @ butler_quarters (Intent: sched_sleep_butler_28)
NPC_ASSIGN_SKIP_ROOM: butler already in queue for rest with intent sched_sleep_butler_28
NPC_ASSIGN_ATTEMPT: Flaubert Giles -> rest @ butler_quarters (Intent: sched_sleep_butler_28)
NPC_ASSIGN_SKIP_ROOM: butler already in queue for rest with intent sched_sleep_butler_28
NPC_ASSIGN_ATTEMPT: Flaubert Giles -> rest @ master_bedroom (Intent: sched_sleep_player_28)
NPC_ASSIGN_SKIP_ROOM: player already in queue for rest with intent sched_sleep_player_28
NPC_ASSIGN_ATTEMPT: Flaubert Giles -> rest @ butler_quarters (Intent: sched_sleep_butler_28)
NPC_ASSIGN_SKIP_ROOM: butler already in queue for rest with intent sched_sleep_butler_28
NPC_ASSIGN_ATTEMPT: Flaubert Giles -> rest @ master_bedroom (Intent: sched_sleep_player_28)
NPC_ASSIGN_SKIP_ROOM: player already in queue for rest with intent sched_sleep_player_28
NPC_ASSIGN_ATTEMPT: Flaubert Giles -> rest @ butler_quarters (Intent: sched_sleep_butler_28)
NPC_ASSIGN_SKIP_ROOM: butler already in queue for rest with intent sched_sleep_butler_28
NPC_ASSIGN_ATTEMPT: Flaubert Giles -> rest @ master_bedroom (Intent: sched_sleep_player_28)
NPC_ASSIGN_SKIP_ROOM: player already in queue for rest with intent sched_sleep_player_28
NPC_ASSIGN_ATTEMPT: Flaubert Giles -> rest @ butler_quarters (Intent: sched_sleep_butler_28)
NPC_ASSIGN_SKIP_ROOM: butler already in queue for rest with intent sched_sleep_butler_28
NPC_ASSIGN_ATTEMPT: Flaubert Giles -> rest @ master_bedroom (Intent: sched_sleep_player_29)
NPC_ASSIGN_ATTEMPT: Flaubert Giles -> rest @ butler_quarters (Intent: sched_sleep_butler_29)
NPC_ASSIGN_ATTEMPT: Partner -> rest @ master_bedroom (Intent: sched_sleep_partner_29)
NPC_ASSIGN_ATTEMPT: Flaubert Giles -> rest @ master_bedroom (Intent: sched_sleep_player_29)
NPC_ASSIGN_SKIP_ROOM: player already in queue for rest with intent sched_sleep_player_29
NPC_ASSIGN_ATTEMPT: Flaubert Giles -> rest @ butler_quarters (Intent: sched_sleep_butler_29)
NPC_ASSIGN_SKIP_ROOM: butler already in queue for rest with intent sched_sleep_butler_29
NPC_ASSIGN_ATTEMPT: Partner -> rest @ master_bedroom (Intent: sched_sleep_partner_29)
NPC_ASSIGN_SKIP_ROOM: partner already in queue for rest with intent sched_sleep_partner_29
NPC_ASSIGN_ATTEMPT: Flaubert Giles -> rest @ master_bedroom (Intent: sched_sleep_player_29)
NPC_ASSIGN_SKIP_ROOM: player already in queue for rest with intent sched_sleep_player_29
NPC_ASSIGN_ATTEMPT: Flaubert Giles -> rest @ butler_quarters (Intent: sched_sleep_butler_29)
NPC_ASSIGN_SKIP_ROOM: butler already in queue for rest with intent sched_sleep_butler_29
NPC_ASSIGN_ATTEMPT: Partner -> rest @ master_bedroom (Intent: sched_sleep_partner_29)
NPC_ASSIGN_SKIP_ROOM: partner already in queue for rest with intent sched_sleep_partner_29
NPC_ASSIGN_ATTEMPT: Flaubert Giles -> rest @ master_bedroom (Intent: sched_sleep_player_29)
NPC_ASSIGN_SKIP_ROOM: player already in queue for rest with intent sched_sleep_player_29
NPC_ASSIGN_ATTEMPT: Flaubert Giles -> rest @ butler_quarters (Intent: sched_sleep_butler_29)
NPC_ASSIGN_SKIP_ROOM: butler already in queue for rest with intent sched_sleep_butler_29
NPC_ASSIGN_ATTEMPT: Partner -> rest @ master_bedroom (Intent: sched_sleep_partner_29)
NPC_ASSIGN_SKIP_ROOM: partner already in queue for rest with intent sched_sleep_partner_29
NPC_ASSIGN_ATTEMPT: Flaubert Giles -> rest @ master_bedroom (Intent: sched_sleep_player_29)
NPC_ASSIGN_SKIP_ROOM: player already in queue for rest with intent sched_sleep_player_29
NPC_ASSIGN_ATTEMPT: Flaubert Giles -> rest @ butler_quarters (Intent: sched_sleep_butler_29)
NPC_ASSIGN_SKIP_ROOM: butler already in queue for rest with intent sched_sleep_butler_29
NPC_ASSIGN_ATTEMPT: Partner -> rest @ master_bedroom (Intent: sched_sleep_partner_29)
NPC_ASSIGN_SKIP_ROOM: partner already in queue for rest with intent sched_sleep_partner_29
NPC_ASSIGN_ATTEMPT: Flaubert Giles -> rest @ master_bedroom (Intent: sched_sleep_player_29)
NPC_ASSIGN_SKIP_ROOM: player already in queue for rest with intent sched_sleep_player_29
NPC_ASSIGN_ATTEMPT: Flaubert Giles -> rest @ butler_quarters (Intent: sched_sleep_butler_29)
NPC_ASSIGN_SKIP_ROOM: butler already in queue for rest with intent sched_sleep_butler_29
NPC_ASSIGN_ATTEMPT: Partner -> rest @ master_bedroom (Intent: sched_sleep_partner_29)
NPC_ASSIGN_SKIP_ROOM: partner already in queue for rest with intent sched_sleep_partner_29
NPC_ASSIGN_ATTEMPT: Flaubert Giles -> rest @ master_bedroom (Intent: sched_sleep_player_29)
NPC_ASSIGN_SKIP_ROOM: player already in queue for rest with intent sched_sleep_player_29
NPC_ASSIGN_ATTEMPT: Flaubert Giles -> rest @ butler_quarters (Intent: sched_sleep_butler_29)
NPC_ASSIGN_SKIP_ROOM: butler already in queue for rest with intent sched_sleep_butler_29
NPC_ASSIGN_ATTEMPT: Partner -> rest @ master_bedroom (Intent: sched_sleep_partner_29)
NPC_ASSIGN_SKIP_ROOM: partner already in queue for rest with intent sched_sleep_partner_29
NPC_ASSIGN_ATTEMPT: Flaubert Giles -> rest @ master_bedroom (Intent: sched_sleep_player_29)
NPC_ASSIGN_SKIP_ROOM: player already in queue for rest with intent sched_sleep_player_29
NPC_ASSIGN_ATTEMPT: Flaubert Giles -> rest @ butler_quarters (Intent: sched_sleep_butler_29)
NPC_ASSIGN_SKIP_ROOM: butler already in queue for rest with intent sched_sleep_butler_29
NPC_ASSIGN_ATTEMPT: Partner -> rest @ master_bedroom (Intent: sched_sleep_partner_29)
NPC_ASSIGN_SKIP_ROOM: partner already in queue for rest with intent sched_sleep_partner_29
NPC_ASSIGN_ATTEMPT: Flaubert Giles -> rest @ master_bedroom (Intent: sched_sleep_player_29)
NPC_ASSIGN_SKIP_ROOM: player already in queue for rest with intent sched_sleep_player_29
NPC_ASSIGN_ATTEMPT: Flaubert Giles -> rest @ butler_quarters (Intent: sched_sleep_butler_29)
NPC_ASSIGN_SKIP_ROOM: butler already in queue for rest with intent sched_sleep_butler_29
NPC_ASSIGN_ATTEMPT: Partner -> rest @ master_bedroom (Intent: sched_sleep_partner_29)
NPC_ASSIGN_SKIP_ROOM: partner already in queue for rest with intent sched_sleep_partner_29
NPC_ASSIGN_ATTEMPT: Flaubert Giles -> rest @ master_bedroom (Intent: sched_sleep_player_29)
NPC_ASSIGN_SKIP_ROOM: player already in queue for rest with intent sched_sleep_player_29
NPC_ASSIGN_ATTEMPT: Flaubert Giles -> rest @ butler_quarters (Intent: sched_sleep_butler_29)
NPC_ASSIGN_SKIP_ROOM: butler already in queue for rest with intent sched_sleep_butler_29
NPC_ASSIGN_ATTEMPT: Partner -> rest @ master_bedroom (Intent: sched_sleep_partner_29)
NPC_ASSIGN_SKIP_ROOM: partner already in queue for rest with intent sched_sleep_partner_29
NPC_ASSIGN_ATTEMPT: Flaubert Giles -> rest @ master_bedroom (Intent: sched_sleep_player_29)
NPC_ASSIGN_SKIP_ROOM: player already in queue for rest with intent sched_sleep_player_29
NPC_ASSIGN_ATTEMPT: Flaubert Giles -> rest @ butler_quarters (Intent: sched_sleep_butler_29)
NPC_ASSIGN_SKIP_ROOM: butler already in queue for rest with intent sched_sleep_butler_29
NPC_ASSIGN_ATTEMPT: Partner -> rest @ master_bedroom (Intent: sched_sleep_partner_29)
NPC_ASSIGN_SKIP_ROOM: partner already in queue for rest with intent sched_sleep_partner_29
NPC_ASSIGN_ATTEMPT: Flaubert Giles -> rest @ master_bedroom (Intent: sched_sleep_player_29)
NPC_ASSIGN_SKIP_ROOM: player already in queue for rest with intent sched_sleep_player_29
NPC_ASSIGN_ATTEMPT: Flaubert Giles -> rest @ butler_quarters (Intent: sched_sleep_butler_29)
NPC_ASSIGN_SKIP_ROOM: butler already in queue for rest with intent sched_sleep_butler_29
NPC_ASSIGN_ATTEMPT: Partner -> rest @ master_bedroom (Intent: sched_sleep_partner_29)
NPC_ASSIGN_SKIP_ROOM: partner already in queue for rest with intent sched_sleep_partner_29
NPC_ASSIGN_ATTEMPT: Flaubert Giles -> rest @ master_bedroom (Intent: sched_sleep_player_29)
NPC_ASSIGN_SKIP_ROOM: player already in queue for rest with intent sched_sleep_player_29
NPC_ASSIGN_ATTEMPT: Flaubert Giles -> rest @ butler_quarters (Intent: sched_sleep_butler_29)
NPC_ASSIGN_SKIP_ROOM: butler already in queue for rest with intent sched_sleep_butler_29
NPC_ASSIGN_ATTEMPT: Partner -> rest @ master_bedroom (Intent: sched_sleep_partner_29)
NPC_ASSIGN_SKIP_ROOM: partner already in queue for rest with intent sched_sleep_partner_29
NPC_ASSIGN_ATTEMPT: Flaubert Giles -> rest @ master_bedroom (Intent: sched_sleep_player_29)
NPC_ASSIGN_SKIP_ROOM: player already in queue for rest with intent sched_sleep_player_29
NPC_ASSIGN_ATTEMPT: Flaubert Giles -> rest @ butler_quarters (Intent: sched_sleep_butler_29)
NPC_ASSIGN_SKIP_ROOM: butler already in queue for rest with intent sched_sleep_butler_29
NPC_ASSIGN_ATTEMPT: Partner -> rest @ master_bedroom (Intent: sched_sleep_partner_29)
NPC_ASSIGN_SKIP_ROOM: partner already in queue for rest with intent sched_sleep_partner_29
NPC_ASSIGN_ATTEMPT: Flaubert Giles -> rest @ master_bedroom (Intent: sched_sleep_player_29)
NPC_ASSIGN_SKIP_ROOM: player already in queue for rest with intent sched_sleep_player_29
NPC_ASSIGN_ATTEMPT: Flaubert Giles -> rest @ butler_quarters (Intent: sched_sleep_butler_29)
NPC_ASSIGN_SKIP_ROOM: butler already in queue for rest with intent sched_sleep_butler_29
NPC_ASSIGN_ATTEMPT: Partner -> rest @ master_bedroom (Intent: sched_sleep_partner_29)
NPC_ASSIGN_SKIP_ROOM: partner already in queue for rest with intent sched_sleep_partner_29
NPC_ASSIGN_ATTEMPT: Flaubert Giles -> rest @ master_bedroom (Intent: sched_sleep_player_29)
NPC_ASSIGN_SKIP_ROOM: player already in queue for rest with intent sched_sleep_player_29
NPC_ASSIGN_ATTEMPT: Flaubert Giles -> rest @ butler_quarters (Intent: sched_sleep_butler_29)
NPC_ASSIGN_SKIP_ROOM: butler already in queue for rest with intent sched_sleep_butler_29
NPC_ASSIGN_ATTEMPT: Partner -> rest @ master_bedroom (Intent: sched_sleep_partner_29)
NPC_ASSIGN_SKIP_ROOM: partner already in queue for rest with intent sched_sleep_partner_29
NPC_ASSIGN_ATTEMPT: Flaubert Giles -> rest @ master_bedroom (Intent: sched_sleep_player_29)
NPC_ASSIGN_SKIP_ROOM: player already in queue for rest with intent sched_sleep_player_29
NPC_ASSIGN_ATTEMPT: Flaubert Giles -> rest @ butler_quarters (Intent: sched_sleep_butler_29)
NPC_ASSIGN_SKIP_ROOM: butler already in queue for rest with intent sched_sleep_butler_29
NPC_ASSIGN_ATTEMPT: Partner -> rest @ master_bedroom (Intent: sched_sleep_partner_29)
NPC_ASSIGN_SKIP_ROOM: partner already in queue for rest with intent sched_sleep_partner_29
NPC_ASSIGN_ATTEMPT: Flaubert Giles -> rest @ master_bedroom (Intent: sched_sleep_player_29)
NPC_ASSIGN_SKIP_ROOM: player already in queue for rest with intent sched_sleep_player_29
NPC_ASSIGN_ATTEMPT: Flaubert Giles -> rest @ butler_quarters (Intent: sched_sleep_butler_29)
NPC_ASSIGN_SKIP_ROOM: butler already in queue for rest with intent sched_sleep_butler_29
NPC_ASSIGN_ATTEMPT: Partner -> rest @ master_bedroom (Intent: sched_sleep_partner_29)
NPC_ASSIGN_SKIP_ROOM: partner already in queue for rest with intent sched_sleep_partner_29
NPC_ASSIGN_ATTEMPT: Flaubert Giles -> rest @ master_bedroom (Intent: sched_sleep_player_29)
NPC_ASSIGN_SKIP_ROOM: player already in queue for rest with intent sched_sleep_player_29
NPC_ASSIGN_ATTEMPT: Flaubert Giles -> rest @ butler_quarters (Intent: sched_sleep_butler_29)
NPC_ASSIGN_SKIP_ROOM: butler already in queue for rest with intent sched_sleep_butler_29
NPC_ASSIGN_ATTEMPT: Partner -> rest @ master_bedroom (Intent: sched_sleep_partner_29)
NPC_ASSIGN_SKIP_ROOM: partner already in queue for rest with intent sched_sleep_partner_29
NPC_ASSIGN_ATTEMPT: Flaubert Giles -> rest @ master_bedroom (Intent: sched_sleep_player_29)
NPC_ASSIGN_SKIP_ROOM: player already in queue for rest with intent sched_sleep_player_29
NPC_ASSIGN_ATTEMPT: Flaubert Giles -> rest @ butler_quarters (Intent: sched_sleep_butler_29)
NPC_ASSIGN_SKIP_ROOM: butler already in queue for rest with intent sched_sleep_butler_29
NPC_ASSIGN_ATTEMPT: Partner -> rest @ master_bedroom (Intent: sched_sleep_partner_29)
NPC_ASSIGN_SKIP_ROOM: partner already in queue for rest with intent sched_sleep_partner_29
NPC_ASSIGN_ATTEMPT: Flaubert Giles -> rest @ master_bedroom (Intent: sched_sleep_player_29)
NPC_ASSIGN_SKIP_ROOM: player already in queue for rest with intent sched_sleep_player_29
NPC_ASSIGN_ATTEMPT: Flaubert Giles -> rest @ butler_quarters (Intent: sched_sleep_butler_29)
NPC_ASSIGN_SKIP_ROOM: butler already in queue for rest with intent sched_sleep_butler_29
NPC_ASSIGN_ATTEMPT: Partner -> rest @ master_bedroom (Intent: sched_sleep_partner_29)
NPC_ASSIGN_SKIP_ROOM: partner already in queue for rest with intent sched_sleep_partner_29
NPC_ASSIGN_ATTEMPT: Flaubert Giles -> rest @ master_bedroom (Intent: sched_sleep_player_29)
NPC_ASSIGN_SKIP_ROOM: player already in queue for rest with intent sched_sleep_player_29
NPC_ASSIGN_ATTEMPT: Flaubert Giles -> rest @ butler_quarters (Intent: sched_sleep_butler_29)
NPC_ASSIGN_SKIP_ROOM: butler already in queue for rest with intent sched_sleep_butler_29
NPC_ASSIGN_ATTEMPT: Partner -> rest @ master_bedroom (Intent: sched_sleep_partner_29)
NPC_ASSIGN_SKIP_ROOM: partner already in queue for rest with intent sched_sleep_partner_29
NPC_ASSIGN_ATTEMPT: Flaubert Giles -> rest @ master_bedroom (Intent: sched_sleep_player_29)
NPC_ASSIGN_SKIP_ROOM: player already in queue for rest with intent sched_sleep_player_29
NPC_ASSIGN_ATTEMPT: Flaubert Giles -> rest @ butler_quarters (Intent: sched_sleep_butler_29)
NPC_ASSIGN_SKIP_ROOM: butler already in queue for rest with intent sched_sleep_butler_29
NPC_ASSIGN_ATTEMPT: Partner -> rest @ master_bedroom (Intent: sched_sleep_partner_29)
NPC_ASSIGN_SKIP_ROOM: partner already in queue for rest with intent sched_sleep_partner_29
NPC_ASSIGN_ATTEMPT: Flaubert Giles -> rest @ master_bedroom (Intent: sched_sleep_player_29)
NPC_ASSIGN_SKIP_ROOM: player already in queue for rest with intent sched_sleep_player_29
NPC_ASSIGN_ATTEMPT: Flaubert Giles -> rest @ butler_quarters (Intent: sched_sleep_butler_29)
NPC_ASSIGN_SKIP_ROOM: butler already in queue for rest with intent sched_sleep_butler_29
NPC_ASSIGN_ATTEMPT: Partner -> rest @ master_bedroom (Intent: sched_sleep_partner_29)
NPC_ASSIGN_SKIP_ROOM: partner already in queue for rest with intent sched_sleep_partner_29
NPC_ASSIGN_ATTEMPT: Flaubert Giles -> rest @ master_bedroom (Intent: sched_sleep_player_29)
NPC_ASSIGN_SKIP_ROOM: player already in queue for rest with intent sched_sleep_player_29
NPC_ASSIGN_ATTEMPT: Flaubert Giles -> rest @ butler_quarters (Intent: sched_sleep_butler_29)
NPC_ASSIGN_SKIP_ROOM: butler already in queue for rest with intent sched_sleep_butler_29
NPC_ASSIGN_ATTEMPT: Partner -> rest @ master_bedroom (Intent: sched_sleep_partner_29)
NPC_ASSIGN_SKIP_ROOM: partner already in queue for rest with intent sched_sleep_partner_29
NPC_ASSIGN_ATTEMPT: Flaubert Giles -> rest @ master_bedroom (Intent: sched_sleep_player_29)
NPC_ASSIGN_SKIP_ROOM: player already in queue for rest with intent sched_sleep_player_29
NPC_ASSIGN_ATTEMPT: Flaubert Giles -> rest @ butler_quarters (Intent: sched_sleep_butler_29)
NPC_ASSIGN_SKIP_ROOM: butler already in queue for rest with intent sched_sleep_butler_29
NPC_ASSIGN_ATTEMPT: Partner -> rest @ master_bedroom (Intent: sched_sleep_partner_29)
NPC_ASSIGN_SKIP_ROOM: partner already in queue for rest with intent sched_sleep_partner_29
NPC_ASSIGN_ATTEMPT: Flaubert Giles -> rest @ master_bedroom (Intent: sched_sleep_player_29)
NPC_ASSIGN_SKIP_ROOM: player already in queue for rest with intent sched_sleep_player_29
NPC_ASSIGN_ATTEMPT: Flaubert Giles -> rest @ butler_quarters (Intent: sched_sleep_butler_29)
NPC_ASSIGN_SKIP_ROOM: butler already in queue for rest with intent sched_sleep_butler_29
NPC_ASSIGN_ATTEMPT: Partner -> rest @ master_bedroom (Intent: sched_sleep_partner_29)
NPC_ASSIGN_SKIP_ROOM: partner already in queue for rest with intent sched_sleep_partner_29
NPC_ASSIGN_ATTEMPT: Flaubert Giles -> rest @ master_bedroom (Intent: sched_sleep_player_29)
NPC_ASSIGN_SKIP_ROOM: player already in queue for rest with intent sched_sleep_player_29
NPC_ASSIGN_ATTEMPT: Flaubert Giles -> rest @ butler_quarters (Intent: sched_sleep_butler_29)
NPC_ASSIGN_SKIP_ROOM: butler already in queue for rest with intent sched_sleep_butler_29
NPC_ASSIGN_ATTEMPT: Partner -> rest @ master_bedroom (Intent: sched_sleep_partner_29)
NPC_ASSIGN_SKIP_ROOM: partner already in queue for rest with intent sched_sleep_partner_29
NPC_ASSIGN_ATTEMPT: Flaubert Giles -> rest @ master_bedroom (Intent: sched_sleep_player_29)
NPC_ASSIGN_SKIP_ROOM: player already in queue for rest with intent sched_sleep_player_29
NPC_ASSIGN_ATTEMPT: Flaubert Giles -> rest @ butler_quarters (Intent: sched_sleep_butler_29)
NPC_ASSIGN_SKIP_ROOM: butler already in queue for rest with intent sched_sleep_butler_29
NPC_ASSIGN_ATTEMPT: Partner -> rest @ master_bedroom (Intent: sched_sleep_partner_29)
NPC_ASSIGN_SKIP_ROOM: partner already in queue for rest with intent sched_sleep_partner_29
NPC_ASSIGN_ATTEMPT: Flaubert Giles -> rest @ master_bedroom (Intent: sched_sleep_player_29)
NPC_ASSIGN_SKIP_ROOM: player already in queue for rest with intent sched_sleep_player_29
NPC_ASSIGN_ATTEMPT: Flaubert Giles -> rest @ butler_quarters (Intent: sched_sleep_butler_29)
NPC_ASSIGN_SKIP_ROOM: butler already in queue for rest with intent sched_sleep_butler_29
NPC_ASSIGN_ATTEMPT: Partner -> rest @ master_bedroom (Intent: sched_sleep_partner_29)
NPC_ASSIGN_SKIP_ROOM: partner already in queue for rest with intent sched_sleep_partner_29
NPC_ASSIGN_ATTEMPT: Flaubert Giles -> rest @ master_bedroom (Intent: sched_sleep_player_29)
NPC_ASSIGN_SKIP_ROOM: player already in queue for rest with intent sched_sleep_player_29
NPC_ASSIGN_ATTEMPT: Flaubert Giles -> rest @ butler_quarters (Intent: sched_sleep_butler_29)
NPC_ASSIGN_SKIP_ROOM: butler already in queue for rest with intent sched_sleep_butler_29
NPC_ASSIGN_ATTEMPT: Partner -> rest @ master_bedroom (Intent: sched_sleep_partner_29)
NPC_ASSIGN_SKIP_ROOM: partner already in queue for rest with intent sched_sleep_partner_29
NPC_ASSIGN_ATTEMPT: Flaubert Giles -> rest @ master_bedroom (Intent: sched_sleep_player_29)
NPC_ASSIGN_SKIP_ROOM: player already in queue for rest with intent sched_sleep_player_29
NPC_ASSIGN_ATTEMPT: Flaubert Giles -> rest @ butler_quarters (Intent: sched_sleep_butler_29)
NPC_ASSIGN_SKIP_ROOM: butler already in queue for rest with intent sched_sleep_butler_29
NPC_ASSIGN_ATTEMPT: Partner -> rest @ master_bedroom (Intent: sched_sleep_partner_29)
NPC_ASSIGN_SKIP_ROOM: partner already in queue for rest with intent sched_sleep_partner_29
NPC_ASSIGN_ATTEMPT: Flaubert Giles -> rest @ master_bedroom (Intent: sched_sleep_player_29)
NPC_ASSIGN_SKIP_ROOM: player already in queue for rest with intent sched_sleep_player_29
NPC_ASSIGN_ATTEMPT: Flaubert Giles -> rest @ butler_quarters (Intent: sched_sleep_butler_29)
NPC_ASSIGN_SKIP_ROOM: butler already in queue for rest with intent sched_sleep_butler_29
NPC_ASSIGN_ATTEMPT: Partner -> rest @ master_bedroom (Intent: sched_sleep_partner_29)
NPC_ASSIGN_SKIP_ROOM: partner already in queue for rest with intent sched_sleep_partner_29
NPC_ASSIGN_ATTEMPT: Flaubert Giles -> rest @ master_bedroom (Intent: sched_sleep_player_29)
NPC_ASSIGN_SKIP_ROOM: player already in queue for rest with intent sched_sleep_player_29
NPC_ASSIGN_ATTEMPT: Flaubert Giles -> rest @ butler_quarters (Intent: sched_sleep_butler_29)
NPC_ASSIGN_SKIP_ROOM: butler already in queue for rest with intent sched_sleep_butler_29
NPC_ASSIGN_ATTEMPT: Partner -> rest @ master_bedroom (Intent: sched_sleep_partner_29)
NPC_ASSIGN_SKIP_ROOM: partner already in queue for rest with intent sched_sleep_partner_29
NPC_ASSIGN_ATTEMPT: Flaubert Giles -> rest @ master_bedroom (Intent: sched_sleep_player_29)
NPC_ASSIGN_SKIP_ROOM: player already in queue for rest with intent sched_sleep_player_29
NPC_ASSIGN_ATTEMPT: Flaubert Giles -> rest @ butler_quarters (Intent: sched_sleep_butler_29)
NPC_ASSIGN_SKIP_ROOM: butler already in queue for rest with intent sched_sleep_butler_29
NPC_ASSIGN_ATTEMPT: Partner -> rest @ master_bedroom (Intent: sched_sleep_partner_29)
NPC_ASSIGN_SKIP_ROOM: partner already in queue for rest with intent sched_sleep_partner_29
NPC_ASSIGN_ATTEMPT: Flaubert Giles -> rest @ master_bedroom (Intent: sched_sleep_player_29)
NPC_ASSIGN_SKIP_ROOM: player already in queue for rest with intent sched_sleep_player_29
NPC_ASSIGN_ATTEMPT: Flaubert Giles -> rest @ butler_quarters (Intent: sched_sleep_butler_29)
NPC_ASSIGN_SKIP_ROOM: butler already in queue for rest with intent sched_sleep_butler_29
NPC_ASSIGN_ATTEMPT: Partner -> rest @ master_bedroom (Intent: sched_sleep_partner_29)
NPC_ASSIGN_SKIP_ROOM: partner already in queue for rest with intent sched_sleep_partner_29
NPC_ASSIGN_ATTEMPT: Flaubert Giles -> rest @ master_bedroom (Intent: sched_sleep_player_29)
NPC_ASSIGN_SKIP_ROOM: player already in queue for rest with intent sched_sleep_player_29
NPC_ASSIGN_ATTEMPT: Flaubert Giles -> rest @ butler_quarters (Intent: sched_sleep_butler_29)
NPC_ASSIGN_SKIP_ROOM: butler already in queue for rest with intent sched_sleep_butler_29
NPC_ASSIGN_ATTEMPT: Partner -> rest @ master_bedroom (Intent: sched_sleep_partner_29)
NPC_ASSIGN_SKIP_ROOM: partner already in queue for rest with intent sched_sleep_partner_29
NPC_ASSIGN_ATTEMPT: Flaubert Giles -> rest @ master_bedroom (Intent: sched_sleep_player_29)
NPC_ASSIGN_SKIP_ROOM: player already in queue for rest with intent sched_sleep_player_29
NPC_ASSIGN_ATTEMPT: Flaubert Giles -> rest @ butler_quarters (Intent: sched_sleep_butler_29)
NPC_ASSIGN_SKIP_ROOM: butler already in queue for rest with intent sched_sleep_butler_29
NPC_ASSIGN_ATTEMPT: Partner -> rest @ master_bedroom (Intent: sched_sleep_partner_29)
NPC_ASSIGN_SKIP_ROOM: partner already in queue for rest with intent sched_sleep_partner_29
NPC_ASSIGN_ATTEMPT: Flaubert Giles -> rest @ master_bedroom (Intent: sched_sleep_player_29)
NPC_ASSIGN_SKIP_ROOM: player already in queue for rest with intent sched_sleep_player_29
NPC_ASSIGN_ATTEMPT: Flaubert Giles -> rest @ butler_quarters (Intent: sched_sleep_butler_29)
NPC_ASSIGN_SKIP_ROOM: butler already in queue for rest with intent sched_sleep_butler_29
NPC_ASSIGN_ATTEMPT: Partner -> rest @ master_bedroom (Intent: sched_sleep_partner_29)
NPC_ASSIGN_SKIP_ROOM: partner already in queue for rest with intent sched_sleep_partner_29
NPC_ASSIGN_ATTEMPT: Flaubert Giles -> rest @ master_bedroom (Intent: sched_sleep_player_29)
NPC_ASSIGN_SKIP_ROOM: player already in queue for rest with intent sched_sleep_player_29
NPC_ASSIGN_ATTEMPT: Flaubert Giles -> rest @ butler_quarters (Intent: sched_sleep_butler_29)
NPC_ASSIGN_SKIP_ROOM: butler already in queue for rest with intent sched_sleep_butler_29
NPC_ASSIGN_ATTEMPT: Partner -> rest @ master_bedroom (Intent: sched_sleep_partner_29)
NPC_ASSIGN_SKIP_ROOM: partner already in queue for rest with intent sched_sleep_partner_29
NPC_ASSIGN_ATTEMPT: Flaubert Giles -> rest @ master_bedroom (Intent: sched_sleep_player_29)
NPC_ASSIGN_SKIP_ROOM: player already in queue for rest with intent sched_sleep_player_29
NPC_ASSIGN_ATTEMPT: Flaubert Giles -> rest @ butler_quarters (Intent: sched_sleep_butler_29)
NPC_ASSIGN_SKIP_ROOM: butler already in queue for rest with intent sched_sleep_butler_29
NPC_ASSIGN_ATTEMPT: Partner -> rest @ master_bedroom (Intent: sched_sleep_partner_29)
NPC_ASSIGN_SKIP_ROOM: partner already in queue for rest with intent sched_sleep_partner_29
NPC_ASSIGN_ATTEMPT: Flaubert Giles -> rest @ master_bedroom (Intent: sched_sleep_player_29)
NPC_ASSIGN_SKIP_ROOM: player already in queue for rest with intent sched_sleep_player_29
NPC_ASSIGN_ATTEMPT: Flaubert Giles -> rest @ butler_quarters (Intent: sched_sleep_butler_29)
NPC_ASSIGN_SKIP_ROOM: butler already in queue for rest with intent sched_sleep_butler_29
NPC_ASSIGN_ATTEMPT: Partner -> rest @ master_bedroom (Intent: sched_sleep_partner_29)
NPC_ASSIGN_SKIP_ROOM: partner already in queue for rest with intent sched_sleep_partner_29
NPC_ASSIGN_ATTEMPT: Flaubert Giles -> rest @ master_bedroom (Intent: sched_sleep_player_29)
NPC_ASSIGN_SKIP_ROOM: player already in queue for rest with intent sched_sleep_player_29
NPC_ASSIGN_ATTEMPT: Flaubert Giles -> rest @ butler_quarters (Intent: sched_sleep_butler_29)
NPC_ASSIGN_SKIP_ROOM: butler already in queue for rest with intent sched_sleep_butler_29
NPC_ASSIGN_ATTEMPT: Partner -> rest @ master_bedroom (Intent: sched_sleep_partner_29)
NPC_ASSIGN_SKIP_ROOM: partner already in queue for rest with intent sched_sleep_partner_29
NPC_ASSIGN_ATTEMPT: Flaubert Giles -> rest @ master_bedroom (Intent: sched_sleep_player_29)
NPC_ASSIGN_SKIP_ROOM: player already in queue for rest with intent sched_sleep_player_29
NPC_ASSIGN_ATTEMPT: Flaubert Giles -> rest @ butler_quarters (Intent: sched_sleep_butler_29)
NPC_ASSIGN_SKIP_ROOM: butler already in queue for rest with intent sched_sleep_butler_29
NPC_ASSIGN_ATTEMPT: Partner -> rest @ master_bedroom (Intent: sched_sleep_partner_29)
NPC_ASSIGN_SKIP_ROOM: partner already in queue for rest with intent sched_sleep_partner_29
NPC_ASSIGN_ATTEMPT: Flaubert Giles -> rest @ master_bedroom (Intent: sched_sleep_player_29)
NPC_ASSIGN_SKIP_ROOM: player already in queue for rest with intent sched_sleep_player_29
NPC_ASSIGN_ATTEMPT: Flaubert Giles -> rest @ butler_quarters (Intent: sched_sleep_butler_29)
NPC_ASSIGN_SKIP_ROOM: butler already in queue for rest with intent sched_sleep_butler_29
NPC_ASSIGN_ATTEMPT: Partner -> rest @ master_bedroom (Intent: sched_sleep_partner_29)
NPC_ASSIGN_SKIP_ROOM: partner already in queue for rest with intent sched_sleep_partner_29
NPC_ASSIGN_ATTEMPT: Flaubert Giles -> rest @ master_bedroom (Intent: sched_sleep_player_29)
NPC_ASSIGN_SKIP_ROOM: player already in queue for rest with intent sched_sleep_player_29
NPC_ASSIGN_ATTEMPT: Flaubert Giles -> rest @ butler_quarters (Intent: sched_sleep_butler_29)
NPC_ASSIGN_SKIP_ROOM: butler already in queue for rest with intent sched_sleep_butler_29
NPC_ASSIGN_ATTEMPT: Partner -> rest @ master_bedroom (Intent: sched_sleep_partner_29)
NPC_ASSIGN_SKIP_ROOM: partner already in queue for rest with intent sched_sleep_partner_29
NPC_ASSIGN_ATTEMPT: Flaubert Giles -> rest @ master_bedroom (Intent: sched_sleep_player_29)
NPC_ASSIGN_SKIP_ROOM: player already in queue for rest with intent sched_sleep_player_29
NPC_ASSIGN_ATTEMPT: Flaubert Giles -> rest @ butler_quarters (Intent: sched_sleep_butler_29)
NPC_ASSIGN_SKIP_ROOM: butler already in queue for rest with intent sched_sleep_butler_29
NPC_ASSIGN_ATTEMPT: Partner -> rest @ master_bedroom (Intent: sched_sleep_partner_29)
NPC_ASSIGN_SKIP_ROOM: partner already in queue for rest with intent sched_sleep_partner_29
NPC_ASSIGN_ATTEMPT: Flaubert Giles -> rest @ master_bedroom (Intent: sched_sleep_player_29)
NPC_ASSIGN_SKIP_ROOM: player already in queue for rest with intent sched_sleep_player_29
NPC_ASSIGN_ATTEMPT: Flaubert Giles -> rest @ butler_quarters (Intent: sched_sleep_butler_29)
NPC_ASSIGN_SKIP_ROOM: butler already in queue for rest with intent sched_sleep_butler_29
NPC_ASSIGN_ATTEMPT: Partner -> rest @ master_bedroom (Intent: sched_sleep_partner_29)
NPC_ASSIGN_SKIP_ROOM: partner already in queue for rest with intent sched_sleep_partner_29
NPC_ASSIGN_ATTEMPT: Flaubert Giles -> rest @ master_bedroom (Intent: sched_sleep_player_29)
NPC_ASSIGN_SKIP_ROOM: player already in queue for rest with intent sched_sleep_player_29
NPC_ASSIGN_ATTEMPT: Flaubert Giles -> rest @ butler_quarters (Intent: sched_sleep_butler_29)
NPC_ASSIGN_SKIP_ROOM: butler already in queue for rest with intent sched_sleep_butler_29
NPC_ASSIGN_ATTEMPT: Partner -> rest @ master_bedroom (Intent: sched_sleep_partner_29)
NPC_ASSIGN_SKIP_ROOM: partner already in queue for rest with intent sched_sleep_partner_29
NPC_ASSIGN_ATTEMPT: Flaubert Giles -> rest @ master_bedroom (Intent: sched_sleep_player_29)
NPC_ASSIGN_SKIP_ROOM: player already in queue for rest with intent sched_sleep_player_29
NPC_ASSIGN_ATTEMPT: Flaubert Giles -> rest @ butler_quarters (Intent: sched_sleep_butler_29)
NPC_ASSIGN_SKIP_ROOM: butler already in queue for rest with intent sched_sleep_butler_29
NPC_ASSIGN_ATTEMPT: Partner -> rest @ master_bedroom (Intent: sched_sleep_partner_29)
NPC_ASSIGN_SKIP_ROOM: partner already in queue for rest with intent sched_sleep_partner_29
NPC_ASSIGN_ATTEMPT: Flaubert Giles -> rest @ master_bedroom (Intent: sched_sleep_player_29)
NPC_ASSIGN_SKIP_ROOM: player already in queue for rest with intent sched_sleep_player_29
NPC_ASSIGN_ATTEMPT: Flaubert Giles -> rest @ butler_quarters (Intent: sched_sleep_butler_29)
NPC_ASSIGN_SKIP_ROOM: butler already in queue for rest with intent sched_sleep_butler_29
NPC_ASSIGN_ATTEMPT: Partner -> rest @ master_bedroom (Intent: sched_sleep_partner_29)
NPC_ASSIGN_SKIP_ROOM: partner already in queue for rest with intent sched_sleep_partner_29
NPC_ASSIGN_ATTEMPT: Flaubert Giles -> rest @ master_bedroom (Intent: sched_sleep_player_29)
NPC_ASSIGN_SKIP_ROOM: player already in queue for rest with intent sched_sleep_player_29
NPC_ASSIGN_ATTEMPT: Flaubert Giles -> rest @ butler_quarters (Intent: sched_sleep_butler_29)
NPC_ASSIGN_SKIP_ROOM: butler already in queue for rest with intent sched_sleep_butler_29
NPC_ASSIGN_ATTEMPT: Partner -> rest @ master_bedroom (Intent: sched_sleep_partner_29)
NPC_ASSIGN_SKIP_ROOM: partner already in queue for rest with intent sched_sleep_partner_29
NPC_ASSIGN_ATTEMPT: Flaubert Giles -> rest @ master_bedroom (Intent: sched_sleep_player_29)
NPC_ASSIGN_SKIP_ROOM: player already in queue for rest with intent sched_sleep_player_29
NPC_ASSIGN_ATTEMPT: Flaubert Giles -> rest @ butler_quarters (Intent: sched_sleep_butler_29)
NPC_ASSIGN_SKIP_ROOM: butler already in queue for rest with intent sched_sleep_butler_29
NPC_ASSIGN_ATTEMPT: Partner -> rest @ master_bedroom (Intent: sched_sleep_partner_29)
NPC_ASSIGN_SKIP_ROOM: partner already in queue for rest with intent sched_sleep_partner_29
NPC_ASSIGN_ATTEMPT: Flaubert Giles -> rest @ master_bedroom (Intent: sched_sleep_player_29)
NPC_ASSIGN_SKIP_ROOM: player already in queue for rest with intent sched_sleep_player_29
NPC_ASSIGN_ATTEMPT: Flaubert Giles -> rest @ butler_quarters (Intent: sched_sleep_butler_29)
NPC_ASSIGN_SKIP_ROOM: butler already in queue for rest with intent sched_sleep_butler_29
NPC_ASSIGN_ATTEMPT: Partner -> rest @ master_bedroom (Intent: sched_sleep_partner_29)
NPC_ASSIGN_SKIP_ROOM: partner already in queue for rest with intent sched_sleep_partner_29
NPC_ASSIGN_ATTEMPT: Flaubert Giles -> rest @ master_bedroom (Intent: sched_sleep_player_29)
NPC_ASSIGN_SKIP_ROOM: player already in queue for rest with intent sched_sleep_player_29
NPC_ASSIGN_ATTEMPT: Flaubert Giles -> rest @ butler_quarters (Intent: sched_sleep_butler_29)
NPC_ASSIGN_SKIP_ROOM: butler already in queue for rest with intent sched_sleep_butler_29
NPC_ASSIGN_ATTEMPT: Partner -> rest @ master_bedroom (Intent: sched_sleep_partner_29)
NPC_ASSIGN_SKIP_ROOM: partner already in queue for rest with intent sched_sleep_partner_29
NPC_ASSIGN_ATTEMPT: Flaubert Giles -> rest @ master_bedroom (Intent: sched_sleep_player_29)
NPC_ASSIGN_SKIP_ROOM: player already in queue for rest with intent sched_sleep_player_29
NPC_ASSIGN_ATTEMPT: Flaubert Giles -> rest @ butler_quarters (Intent: sched_sleep_butler_29)
NPC_ASSIGN_SKIP_ROOM: butler already in queue for rest with intent sched_sleep_butler_29
NPC_ASSIGN_ATTEMPT: Partner -> rest @ master_bedroom (Intent: sched_sleep_partner_29)
NPC_ASSIGN_SKIP_ROOM: partner already in queue for rest with intent sched_sleep_partner_29
NPC_ASSIGN_ATTEMPT: Flaubert Giles -> rest @ master_bedroom (Intent: sched_sleep_player_29)
NPC_ASSIGN_SKIP_ROOM: player already in queue for rest with intent sched_sleep_player_29
NPC_ASSIGN_ATTEMPT: Flaubert Giles -> rest @ butler_quarters (Intent: sched_sleep_butler_29)
NPC_ASSIGN_SKIP_ROOM: butler already in queue for rest with intent sched_sleep_butler_29
NPC_ASSIGN_ATTEMPT: Partner -> rest @ master_bedroom (Intent: sched_sleep_partner_29)
NPC_ASSIGN_SKIP_ROOM: partner already in queue for rest with intent sched_sleep_partner_29
NPC_ASSIGN_ATTEMPT: Flaubert Giles -> rest @ master_bedroom (Intent: sched_sleep_player_29)
NPC_ASSIGN_SKIP_ROOM: player already in queue for rest with intent sched_sleep_player_29
NPC_ASSIGN_ATTEMPT: Flaubert Giles -> rest @ butler_quarters (Intent: sched_sleep_butler_29)
NPC_ASSIGN_SKIP_ROOM: butler already in queue for rest with intent sched_sleep_butler_29
NPC_ASSIGN_ATTEMPT: Partner -> rest @ master_bedroom (Intent: sched_sleep_partner_29)
NPC_ASSIGN_SKIP_ROOM: partner already in queue for rest with intent sched_sleep_partner_29
NPC_ASSIGN_ATTEMPT: Flaubert Giles -> rest @ master_bedroom (Intent: sched_sleep_player_29)
NPC_ASSIGN_SKIP_ROOM: player already in queue for rest with intent sched_sleep_player_29
NPC_ASSIGN_ATTEMPT: Flaubert Giles -> rest @ butler_quarters (Intent: sched_sleep_butler_29)
NPC_ASSIGN_SKIP_ROOM: butler already in queue for rest with intent sched_sleep_butler_29
NPC_ASSIGN_ATTEMPT: Partner -> rest @ master_bedroom (Intent: sched_sleep_partner_29)
NPC_ASSIGN_SKIP_ROOM: partner already in queue for rest with intent sched_sleep_partner_29
NPC_ASSIGN_ATTEMPT: Flaubert Giles -> rest @ master_bedroom (Intent: sched_sleep_player_29)
NPC_ASSIGN_SKIP_ROOM: player already in queue for rest with intent sched_sleep_player_29
NPC_ASSIGN_ATTEMPT: Flaubert Giles -> rest @ butler_quarters (Intent: sched_sleep_butler_29)
NPC_ASSIGN_SKIP_ROOM: butler already in queue for rest with intent sched_sleep_butler_29
NPC_ASSIGN_ATTEMPT: Partner -> rest @ master_bedroom (Intent: sched_sleep_partner_29)
NPC_ASSIGN_SKIP_ROOM: partner already in queue for rest with intent sched_sleep_partner_29
NPC_ASSIGN_ATTEMPT: Flaubert Giles -> cleanDish @ kitchen (Intent: cleanish_player_1781825883808)
NPC_ASSIGN_ATTEMPT: Flaubert Giles -> cleanDish @ kitchen (Intent: cleanish_butler_1781825883808)
NPC_ASSIGN_ATTEMPT: Partner -> cleanDish @ kitchen (Intent: cleanish_partner_1781825883808)
NPC_ASSIGN_ATTEMPT: Flaubert Giles -> hunt @ entryway (Intent: low_pri_butler_hunt_entryway)
NPC_ASSIGN_SKIP_ROOM: butler already in queue for hunt with intent low_pri_butler_hunt_entryway
NPC_ASSIGN_ATTEMPT: Flaubert Giles -> tillSoil @ field_4 (Intent: low_pri_player_tillSoil_field_4)
NPC_ASSIGN_SKIP_ROOM: player already in queue for tillSoil with intent low_pri_player_tillSoil_field_4
NPC_ASSIGN_ATTEMPT: Partner -> idle @ field_2 (Intent: sched_idle_w_partner)
NPC_ASSIGN_ATTEMPT: Flaubert Giles -> cleanRoom @ master_bedroom (Intent: low_pri_butler_cleanRoom_master_bedroom)
NPC_ASSIGN_ATTEMPT: Flaubert Giles -> hauling @ study (Intent: haul_discovery_1781825884062)
NPC_ASSIGN_ATTEMPT: Partner -> idle @ field_2 (Intent: sched_idle_w_partner)
NPC_ASSIGN_ATTEMPT: Flaubert Giles -> cleanRoom @ butler_quarters (Intent: low_pri_butler_cleanRoom_butler_quarters)
NPC_ASSIGN_ATTEMPT: Flaubert Giles -> hauling @ study (Intent: haul_discovery_1781825884068)
NPC_ASSIGN_ATTEMPT: Flaubert Giles -> cleanRoom @ study (Intent: low_pri_butler_cleanRoom_study)
NPC_ASSIGN_ATTEMPT: Flaubert Giles -> cleanRoom @ kitchen (Intent: low_pri_butler_cleanRoom_kitchen)
NPC_ASSIGN_ATTEMPT: Flaubert Giles -> tillSoil @ field_2 (Intent: low_pri_player_tillSoil_field_2)
NPC_ASSIGN_ATTEMPT: Flaubert Giles -> tillSoil @ field_2 (Intent: low_pri_player_tillSoil_field_2)
NPC_ASSIGN_ATTEMPT: Flaubert Giles -> tillSoil @ field_2 (Intent: low_pri_player_tillSoil_field_2)
NPC_ASSIGN_ATTEMPT: Flaubert Giles -> tillSoil @ field_2 (Intent: low_pri_player_tillSoil_field_2)
NPC_ASSIGN_ATTEMPT: Flaubert Giles -> tillSoil @ field_2 (Intent: low_pri_player_tillSoil_field_2)
NPC_ASSIGN_ATTEMPT: Flaubert Giles -> tillSoil @ field_2 (Intent: low_pri_player_tillSoil_field_2)
NPC_ASSIGN_ATTEMPT: Flaubert Giles -> tillSoil @ field_2 (Intent: low_pri_player_tillSoil_field_2)
NPC_ASSIGN_ATTEMPT: Flaubert Giles -> tillSoil @ field_2 (Intent: low_pri_player_tillSoil_field_2)
NPC_ASSIGN_ATTEMPT: Flaubert Giles -> tillSoil @ field_2 (Intent: low_pri_player_tillSoil_field_2)
NPC_ASSIGN_ATTEMPT: Flaubert Giles -> tillSoil @ field_2 (Intent: low_pri_player_tillSoil_field_2)
NPC_ASSIGN_ATTEMPT: Flaubert Giles -> tillSoil @ field_2 (Intent: low_pri_player_tillSoil_field_2)
NPC_ASSIGN_ATTEMPT: Flaubert Giles -> tillSoil @ field_2 (Intent: low_pri_player_tillSoil_field_2)
NPC_ASSIGN_ATTEMPT: Flaubert Giles -> tillSoil @ field_2 (Intent: low_pri_player_tillSoil_field_2)
NPC_ASSIGN_ATTEMPT: Flaubert Giles -> tillSoil @ field_2 (Intent: low_pri_player_tillSoil_field_2)
NPC_ASSIGN_ATTEMPT: Flaubert Giles -> tillSoil @ field_2 (Intent: low_pri_player_tillSoil_field_2)
NPC_ASSIGN_ATTEMPT: Flaubert Giles -> tillSoil @ field_2 (Intent: low_pri_player_tillSoil_field_2)
NPC_ASSIGN_ATTEMPT: Flaubert Giles -> tillSoil @ field_2 (Intent: low_pri_player_tillSoil_field_2)
NPC_ASSIGN_ATTEMPT: Flaubert Giles -> tillSoil @ field_2 (Intent: low_pri_player_tillSoil_field_2)
NPC_ASSIGN_ATTEMPT: Flaubert Giles -> tillSoil @ field_2 (Intent: low_pri_player_tillSoil_field_2)
NPC_ASSIGN_ATTEMPT: Flaubert Giles -> cleanRoom @ bathroom_up (Intent: low_pri_butler_cleanRoom_bathroom_up)
NPC_ASSIGN_ATTEMPT: Flaubert Giles -> tillSoil @ field_2 (Intent: low_pri_player_tillSoil_field_2)
NPC_ASSIGN_ATTEMPT: Flaubert Giles -> tillSoil @ field_2 (Intent: low_pri_player_tillSoil_field_2)
NPC_ASSIGN_ATTEMPT: Flaubert Giles -> tillSoil @ field_2 (Intent: low_pri_player_tillSoil_field_2)
NPC_ASSIGN_ATTEMPT: Flaubert Giles -> tillSoil @ field_2 (Intent: low_pri_player_tillSoil_field_2)
NPC_ASSIGN_ATTEMPT: Flaubert Giles -> tillSoil @ field_2 (Intent: low_pri_player_tillSoil_field_2)
NPC_ASSIGN_ATTEMPT: Flaubert Giles -> tillSoil @ field_2 (Intent: low_pri_player_tillSoil_field_2)
NPC_ASSIGN_ATTEMPT: Flaubert Giles -> tillSoil @ field_2 (Intent: low_pri_player_tillSoil_field_2)
NPC_ASSIGN_ATTEMPT: Flaubert Giles -> tillSoil @ field_2 (Intent: low_pri_player_tillSoil_field_2)
NPC_ASSIGN_ATTEMPT: Flaubert Giles -> tillSoil @ field_2 (Intent: low_pri_player_tillSoil_field_2)
NPC_ASSIGN_ATTEMPT: Flaubert Giles -> tillSoil @ field_2 (Intent: low_pri_player_tillSoil_field_2)
NPC_ASSIGN_ATTEMPT: Flaubert Giles -> tillSoil @ field_2 (Intent: low_pri_player_tillSoil_field_2)
NPC_ASSIGN_ATTEMPT: Flaubert Giles -> tillSoil @ field_2 (Intent: low_pri_player_tillSoil_field_2)
NPC_ASSIGN_ATTEMPT: Flaubert Giles -> tillSoil @ field_2 (Intent: low_pri_player_tillSoil_field_2)
NPC_ASSIGN_ATTEMPT: Flaubert Giles -> tillSoil @ field_2 (Intent: low_pri_player_tillSoil_field_2)
NPC_ASSIGN_ATTEMPT: Flaubert Giles -> tillSoil @ field_2 (Intent: low_pri_player_tillSoil_field_2)
NPC_ASSIGN_ATTEMPT: Flaubert Giles -> tillSoil @ field_2 (Intent: low_pri_player_tillSoil_field_2)
NPC_ASSIGN_ATTEMPT: Partner -> idle @ field_3 (Intent: sched_idle_w_partner)
NPC_ASSIGN_ATTEMPT: Flaubert Giles -> tillSoil @ field_2 (Intent: low_pri_player_tillSoil_field_2)
NPC_ASSIGN_ATTEMPT: Flaubert Giles -> tillSoil @ field_2 (Intent: low_pri_player_tillSoil_field_2)
NPC_ASSIGN_ATTEMPT: Flaubert Giles -> tillSoil @ field_2 (Intent: low_pri_player_tillSoil_field_2)
NPC_ASSIGN_ATTEMPT: Flaubert Giles -> tillSoil @ field_2 (Intent: low_pri_player_tillSoil_field_2)
NPC_ASSIGN_ATTEMPT: Flaubert Giles -> tillSoil @ field_2 (Intent: low_pri_player_tillSoil_field_2)
NPC_ASSIGN_ATTEMPT: Flaubert Giles -> tillSoil @ field_2 (Intent: low_pri_player_tillSoil_field_2)
NPC_ASSIGN_ATTEMPT: Flaubert Giles -> hauling @ study (Intent: haul_discovery_1781825884081)
NPC_ASSIGN_ATTEMPT: Flaubert Giles -> tillSoil @ field_2 (Intent: low_pri_player_tillSoil_field_2)
NPC_ASSIGN_ATTEMPT: Flaubert Giles -> tillSoil @ field_2 (Intent: low_pri_player_tillSoil_field_2)
NPC_ASSIGN_ATTEMPT: Flaubert Giles -> tillSoil @ field_2 (Intent: low_pri_player_tillSoil_field_2)
NPC_ASSIGN_ATTEMPT: Flaubert Giles -> tillSoil @ field_2 (Intent: low_pri_player_tillSoil_field_2)
NPC_ASSIGN_ATTEMPT: Flaubert Giles -> tillSoil @ field_2 (Intent: low_pri_player_tillSoil_field_2)
NPC_ASSIGN_ATTEMPT: Flaubert Giles -> tillSoil @ field_2 (Intent: low_pri_player_tillSoil_field_2)
NPC_ASSIGN_ATTEMPT: Flaubert Giles -> tillSoil @ field_2 (Intent: low_pri_player_tillSoil_field_2)
NPC_ASSIGN_ATTEMPT: Flaubert Giles -> tillSoil @ field_2 (Intent: low_pri_player_tillSoil_field_2)
NPC_ASSIGN_ATTEMPT: Flaubert Giles -> tillSoil @ field_2 (Intent: low_pri_player_tillSoil_field_2)
NPC_ASSIGN_ATTEMPT: Flaubert Giles -> tillSoil @ field_2 (Intent: low_pri_player_tillSoil_field_2)
NPC_ASSIGN_ATTEMPT: Flaubert Giles -> tillSoil @ field_2 (Intent: low_pri_player_tillSoil_field_2)
NPC_ASSIGN_ATTEMPT: Flaubert Giles -> tillSoil @ field_2 (Intent: low_pri_player_tillSoil_field_2)
NPC_ASSIGN_ATTEMPT: Flaubert Giles -> tillSoil @ field_2 (Intent: low_pri_player_tillSoil_field_2)
NPC_ASSIGN_ATTEMPT: Flaubert Giles -> tillSoil @ field_2 (Intent: low_pri_player_tillSoil_field_2)
NPC_ASSIGN_ATTEMPT: Flaubert Giles -> tillSoil @ field_2 (Intent: low_pri_player_tillSoil_field_2)
NPC_ASSIGN_ATTEMPT: Flaubert Giles -> tillSoil @ field_2 (Intent: low_pri_player_tillSoil_field_2)
NPC_ASSIGN_ATTEMPT: Flaubert Giles -> tillSoil @ field_2 (Intent: low_pri_player_tillSoil_field_2)
NPC_ASSIGN_ATTEMPT: Flaubert Giles -> tillSoil @ field_2 (Intent: low_pri_player_tillSoil_field_2)
NPC_ASSIGN_ATTEMPT: Flaubert Giles -> tillSoil @ field_2 (Intent: low_pri_player_tillSoil_field_2)
NPC_ASSIGN_ATTEMPT: Flaubert Giles -> tillSoil @ field_2 (Intent: low_pri_player_tillSoil_field_2)
NPC_ASSIGN_ATTEMPT: Flaubert Giles -> tillSoil @ field_2 (Intent: low_pri_player_tillSoil_field_2)
NPC_ASSIGN_ATTEMPT: Flaubert Giles -> tillSoil @ field_2 (Intent: low_pri_player_tillSoil_field_2)
NPC_ASSIGN_ATTEMPT: Flaubert Giles -> tillSoil @ field_2 (Intent: low_pri_player_tillSoil_field_2)
NPC_ASSIGN_ATTEMPT: Flaubert Giles -> tillSoil @ field_2 (Intent: low_pri_player_tillSoil_field_2)
NPC_ASSIGN_ATTEMPT: Flaubert Giles -> tillSoil @ field_2 (Intent: low_pri_player_tillSoil_field_2)
NPC_ASSIGN_ATTEMPT: Flaubert Giles -> tillSoil @ field_2 (Intent: low_pri_player_tillSoil_field_2)
NPC_ASSIGN_ATTEMPT: Flaubert Giles -> tillSoil @ field_2 (Intent: low_pri_player_tillSoil_field_2)
NPC_ASSIGN_ATTEMPT: Flaubert Giles -> tillSoil @ field_2 (Intent: low_pri_player_tillSoil_field_2)
NPC_ASSIGN_ATTEMPT: Flaubert Giles -> tillSoil @ field_2 (Intent: low_pri_player_tillSoil_field_2)
NPC_ASSIGN_ATTEMPT: Flaubert Giles -> tillSoil @ field_2 (Intent: low_pri_player_tillSoil_field_2)
NPC_ASSIGN_ATTEMPT: Flaubert Giles -> cleanRoom @ entryway (Intent: low_pri_butler_cleanRoom_entryway)
NPC_ASSIGN_ATTEMPT: Flaubert Giles -> tillSoil @ field_2 (Intent: low_pri_player_tillSoil_field_2)
NPC_ASSIGN_ATTEMPT: Flaubert Giles -> tillSoil @ field_2 (Intent: low_pri_player_tillSoil_field_2)
NPC_ASSIGN_ATTEMPT: Flaubert Giles -> tillSoil @ field_2 (Intent: low_pri_player_tillSoil_field_2)
NPC_ASSIGN_ATTEMPT: Flaubert Giles -> tillSoil @ field_2 (Intent: low_pri_player_tillSoil_field_2)
NPC_ASSIGN_ATTEMPT: Flaubert Giles -> tillSoil @ field_2 (Intent: low_pri_player_tillSoil_field_2)
NPC_ASSIGN_ATTEMPT: Flaubert Giles -> tillSoil @ field_2 (Intent: low_pri_player_tillSoil_field_2)
NPC_ASSIGN_ATTEMPT: Flaubert Giles -> tillSoil @ field_2 (Intent: low_pri_player_tillSoil_field_2)
NPC_ASSIGN_ATTEMPT: Flaubert Giles -> tillSoil @ field_2 (Intent: low_pri_player_tillSoil_field_2)
NPC_ASSIGN_ATTEMPT: Flaubert Giles -> tillSoil @ field_2 (Intent: low_pri_player_tillSoil_field_2)
NPC_ASSIGN_ATTEMPT: Flaubert Giles -> tillSoil @ field_2 (Intent: low_pri_player_tillSoil_field_2)
NPC_ASSIGN_ATTEMPT: Flaubert Giles -> tillSoil @ field_2 (Intent: low_pri_player_tillSoil_field_2)
NPC_ASSIGN_ATTEMPT: Flaubert Giles -> tillSoil @ field_2 (Intent: low_pri_player_tillSoil_field_2)
NPC_ASSIGN_ATTEMPT: Flaubert Giles -> tillSoil @ field_2 (Intent: low_pri_player_tillSoil_field_2)
NPC_ASSIGN_ATTEMPT: Flaubert Giles -> tillSoil @ field_2 (Intent: low_pri_player_tillSoil_field_2)
NPC_ASSIGN_ATTEMPT: Flaubert Giles -> tillSoil @ field_2 (Intent: low_pri_player_tillSoil_field_2)
NPC_ASSIGN_ATTEMPT: Flaubert Giles -> tillSoil @ field_2 (Intent: low_pri_player_tillSoil_field_2)
NPC_ASSIGN_ATTEMPT: Flaubert Giles -> tillSoil @ field_2 (Intent: low_pri_player_tillSoil_field_2)
NPC_ASSIGN_ATTEMPT: Flaubert Giles -> tillSoil @ field_2 (Intent: low_pri_player_tillSoil_field_2)
NPC_ASSIGN_ATTEMPT: Flaubert Giles -> tillSoil @ field_2 (Intent: low_pri_player_tillSoil_field_2)
NPC_ASSIGN_ATTEMPT: Flaubert Giles -> tillSoil @ field_2 (Intent: low_pri_player_tillSoil_field_2)
NPC_ASSIGN_ATTEMPT: Flaubert Giles -> cleanRoom @ bedroom_3 (Intent: low_pri_butler_cleanRoom_bedroom_3)
NPC_ASSIGN_ATTEMPT: Flaubert Giles -> tillSoil @ field_2 (Intent: low_pri_player_tillSoil_field_2)
NPC_ASSIGN_ATTEMPT: Flaubert Giles -> tillSoil @ field_2 (Intent: low_pri_player_tillSoil_field_2)
NPC_ASSIGN_ATTEMPT: Flaubert Giles -> tillSoil @ field_2 (Intent: low_pri_player_tillSoil_field_2)
NPC_ASSIGN_ATTEMPT: Flaubert Giles -> tillSoil @ field_2 (Intent: low_pri_player_tillSoil_field_2)
NPC_ASSIGN_ATTEMPT: Flaubert Giles -> tillSoil @ field_2 (Intent: low_pri_player_tillSoil_field_2)
NPC_ASSIGN_ATTEMPT: Flaubert Giles -> tillSoil @ field_2 (Intent: low_pri_player_tillSoil_field_2)
NPC_ASSIGN_ATTEMPT: Flaubert Giles -> tillSoil @ field_2 (Intent: low_pri_player_tillSoil_field_2)
NPC_ASSIGN_ATTEMPT: Flaubert Giles -> tillSoil @ field_2 (Intent: low_pri_player_tillSoil_field_2)
NPC_ASSIGN_ATTEMPT: Flaubert Giles -> tillSoil @ field_2 (Intent: low_pri_player_tillSoil_field_2)
NPC_ASSIGN_ATTEMPT: Flaubert Giles -> tillSoil @ field_2 (Intent: low_pri_player_tillSoil_field_2)
NPC_ASSIGN_ATTEMPT: Flaubert Giles -> tillSoil @ field_2 (Intent: low_pri_player_tillSoil_field_2)
NPC_ASSIGN_ATTEMPT: Flaubert Giles -> tillSoil @ field_2 (Intent: low_pri_player_tillSoil_field_2)
NPC_ASSIGN_ATTEMPT: Flaubert Giles -> tillSoil @ field_2 (Intent: low_pri_player_tillSoil_field_2)
NPC_ASSIGN_ATTEMPT: Flaubert Giles -> tillSoil @ field_2 (Intent: low_pri_player_tillSoil_field_2)
NPC_ASSIGN_ATTEMPT: Flaubert Giles -> tillSoil @ field_2 (Intent: low_pri_player_tillSoil_field_2)
NPC_ASSIGN_ATTEMPT: Flaubert Giles -> tillSoil @ field_2 (Intent: low_pri_player_tillSoil_field_2)
NPC_ASSIGN_ATTEMPT: Flaubert Giles -> tillSoil @ field_2 (Intent: low_pri_player_tillSoil_field_2)
NPC_ASSIGN_ATTEMPT: Flaubert Giles -> tillSoil @ field_2 (Intent: low_pri_player_tillSoil_field_2)
NPC_ASSIGN_ATTEMPT: Flaubert Giles -> tillSoil @ field_2 (Intent: low_pri_player_tillSoil_field_2)
NPC_ASSIGN_ATTEMPT: Flaubert Giles -> tillSoil @ field_2 (Intent: low_pri_player_tillSoil_field_2)
NPC_ASSIGN_ATTEMPT: Flaubert Giles -> tillSoil @ field_2 (Intent: low_pri_player_tillSoil_field_2)
NPC_ASSIGN_ATTEMPT: Flaubert Giles -> tillSoil @ field_2 (Intent: low_pri_player_tillSoil_field_2)
NPC_ASSIGN_ATTEMPT: Flaubert Giles -> cleanRoom @ dining_hall (Intent: low_pri_butler_cleanRoom_dining_hall)
NPC_ASSIGN_ATTEMPT: Flaubert Giles -> tillSoil @ field_2 (Intent: low_pri_player_tillSoil_field_2)
NPC_ASSIGN_ATTEMPT: Flaubert Giles -> tillSoil @ field_2 (Intent: low_pri_player_tillSoil_field_2)
NPC_ASSIGN_ATTEMPT: Flaubert Giles -> tillSoil @ field_2 (Intent: low_pri_player_tillSoil_field_2)
NPC_ASSIGN_ATTEMPT: Flaubert Giles -> tillSoil @ field_2 (Intent: low_pri_player_tillSoil_field_2)
NPC_ASSIGN_ATTEMPT: Flaubert Giles -> tillSoil @ field_2 (Intent: low_pri_player_tillSoil_field_2)
NPC_ASSIGN_ATTEMPT: Flaubert Giles -> tillSoil @ field_2 (Intent: low_pri_player_tillSoil_field_2)
NPC_ASSIGN_ATTEMPT: Flaubert Giles -> tillSoil @ field_2 (Intent: low_pri_player_tillSoil_field_2)
NPC_ASSIGN_ATTEMPT: Flaubert Giles -> tillSoil @ field_2 (Intent: low_pri_player_tillSoil_field_2)
NPC_ASSIGN_ATTEMPT: Flaubert Giles -> tillSoil @ field_2 (Intent: low_pri_player_tillSoil_field_2)
NPC_ASSIGN_ATTEMPT: Flaubert Giles -> tillSoil @ field_2 (Intent: low_pri_player_tillSoil_field_2)
NPC_ASSIGN_ATTEMPT: Flaubert Giles -> tillSoil @ field_2 (Intent: low_pri_player_tillSoil_field_2)
NPC_ASSIGN_ATTEMPT: Flaubert Giles -> tillSoil @ field_2 (Intent: low_pri_player_tillSoil_field_2)
NPC_ASSIGN_ATTEMPT: Flaubert Giles -> tillSoil @ field_2 (Intent: low_pri_player_tillSoil_field_2)
NPC_ASSIGN_ATTEMPT: Flaubert Giles -> tillSoil @ field_2 (Intent: low_pri_player_tillSoil_field_2)
NPC_ASSIGN_ATTEMPT: Flaubert Giles -> tillSoil @ field_2 (Intent: low_pri_player_tillSoil_field_2)
NPC_ASSIGN_ATTEMPT: Flaubert Giles -> tillSoil @ field_2 (Intent: low_pri_player_tillSoil_field_2)
NPC_ASSIGN_ATTEMPT: Flaubert Giles -> tillSoil @ field_2 (Intent: low_pri_player_tillSoil_field_2)
NPC_ASSIGN_ATTEMPT: Flaubert Giles -> tillSoil @ field_2 (Intent: low_pri_player_tillSoil_field_2)
NPC_ASSIGN_ATTEMPT: Flaubert Giles -> tillSoil @ field_2 (Intent: low_pri_player_tillSoil_field_2)
NPC_ASSIGN_ATTEMPT: Flaubert Giles -> tillSoil @ field_2 (Intent: low_pri_player_tillSoil_field_2)
NPC_ASSIGN_ATTEMPT: Flaubert Giles -> tillSoil @ field_2 (Intent: low_pri_player_tillSoil_field_2)
NPC_ASSIGN_ATTEMPT: Flaubert Giles -> tillSoil @ field_2 (Intent: low_pri_player_tillSoil_field_2)
NPC_ASSIGN_ATTEMPT: Flaubert Giles -> tillSoil @ field_2 (Intent: low_pri_player_tillSoil_field_2)
NPC_ASSIGN_ATTEMPT: Flaubert Giles -> tillSoil @ field_2 (Intent: low_pri_player_tillSoil_field_2)
NPC_ASSIGN_ATTEMPT: Flaubert Giles -> cleanRoom @ bathroom_down (Intent: low_pri_butler_cleanRoom_bathroom_down)
NPC_ASSIGN_ATTEMPT: Flaubert Giles -> tillSoil @ field_2 (Intent: low_pri_player_tillSoil_field_2)
NPC_ASSIGN_ATTEMPT: Flaubert Giles -> tillSoil @ field_2 (Intent: low_pri_player_tillSoil_field_2)
NPC_ASSIGN_ATTEMPT: Flaubert Giles -> tillSoil @ field_2 (Intent: low_pri_player_tillSoil_field_2)
NPC_ASSIGN_ATTEMPT: Flaubert Giles -> tillSoil @ field_2 (Intent: low_pri_player_tillSoil_field_2)
NPC_ASSIGN_ATTEMPT: Flaubert Giles -> tillSoil @ field_2 (Intent: low_pri_player_tillSoil_field_2)
NPC_ASSIGN_ATTEMPT: Flaubert Giles -> tillSoil @ field_2 (Intent: low_pri_player_tillSoil_field_2)
NPC_ASSIGN_ATTEMPT: Flaubert Giles -> tillSoil @ field_2 (Intent: low_pri_player_tillSoil_field_2)
NPC_ASSIGN_ATTEMPT: Flaubert Giles -> tillSoil @ field_2 (Intent: low_pri_player_tillSoil_field_2)
NPC_ASSIGN_ATTEMPT: Flaubert Giles -> tillSoil @ field_2 (Intent: low_pri_player_tillSoil_field_2)
NPC_ASSIGN_ATTEMPT: Flaubert Giles -> tillSoil @ field_2 (Intent: low_pri_player_tillSoil_field_2)
NPC_ASSIGN_ATTEMPT: Flaubert Giles -> tillSoil @ field_2 (Intent: low_pri_player_tillSoil_field_2)
NPC_ASSIGN_ATTEMPT: Flaubert Giles -> tillSoil @ field_2 (Intent: low_pri_player_tillSoil_field_2)
NPC_ASSIGN_ATTEMPT: Flaubert Giles -> tillSoil @ field_2 (Intent: low_pri_player_tillSoil_field_2)
NPC_ASSIGN_ATTEMPT: Flaubert Giles -> tillSoil @ field_2 (Intent: low_pri_player_tillSoil_field_2)
NPC_ASSIGN_ATTEMPT: Flaubert Giles -> tillSoil @ field_2 (Intent: low_pri_player_tillSoil_field_2)
NPC_ASSIGN_ATTEMPT: Flaubert Giles -> tillSoil @ field_2 (Intent: low_pri_player_tillSoil_field_2)
NPC_ASSIGN_ATTEMPT: Flaubert Giles -> tillSoil @ field_2 (Intent: low_pri_player_tillSoil_field_2)
NPC_ASSIGN_ATTEMPT: Flaubert Giles -> tillSoil @ field_2 (Intent: low_pri_player_tillSoil_field_2)
NPC_ASSIGN_ATTEMPT: Flaubert Giles -> tillSoil @ field_2 (Intent: low_pri_player_tillSoil_field_2)
NPC_ASSIGN_ATTEMPT: Flaubert Giles -> tillSoil @ field_2 (Intent: low_pri_player_tillSoil_field_2)
NPC_ASSIGN_ATTEMPT: Flaubert Giles -> eat @ kitchen (Intent: sched_eat_player_36)
NPC_ASSIGN_ATTEMPT: Flaubert Giles -> eat @ kitchen (Intent: sched_eat_butler_36)
NPC_ASSIGN_ATTEMPT: Partner -> eat @ kitchen (Intent: sched_eat_partner_36)
NPC_ASSIGN_ATTEMPT: Flaubert Giles -> cleanDish @ kitchen (Intent: cleanish_player_1781825884107)
NPC_ASSIGN_ATTEMPT: Flaubert Giles -> cleanDish @ kitchen (Intent: cleanish_butler_1781825884108)
NPC_ASSIGN_ATTEMPT: Partner -> cleanDish @ kitchen (Intent: cleanish_partner_1781825884108)
NPC_ASSIGN_ATTEMPT: Flaubert Giles -> tillSoil @ field_2 (Intent: low_pri_player_tillSoil_field_2)
NPC_ASSIGN_ATTEMPT: Flaubert Giles -> tillSoil @ field_2 (Intent: low_pri_player_tillSoil_field_2)
NPC_ASSIGN_ATTEMPT: Flaubert Giles -> cleanRoom @ bathroom_down (Intent: low_pri_butler_cleanRoom_bathroom_down)
NPC_ASSIGN_SKIP_ROOM: butler already in queue for cleanRoom with intent low_pri_butler_cleanRoom_bathroom_down
NPC_ASSIGN_ATTEMPT: Partner -> idle @ toolshed (Intent: sched_idle_w_partner)
NPC_ASSIGN_ATTEMPT: Flaubert Giles -> tillSoil @ field_2 (Intent: low_pri_player_tillSoil_field_2)
NPC_ASSIGN_ATTEMPT: Flaubert Giles -> tillSoil @ field_2 (Intent: low_pri_player_tillSoil_field_2)
NPC_ASSIGN_ATTEMPT: Flaubert Giles -> tillSoil @ field_2 (Intent: low_pri_player_tillSoil_field_2)
NPC_ASSIGN_ATTEMPT: Flaubert Giles -> cleanRoom @ kitchen (Intent: low_pri_butler_cleanRoom_kitchen)
NPC_ASSIGN_ATTEMPT: Flaubert Giles -> tillSoil @ field_2 (Intent: low_pri_player_tillSoil_field_2)
NPC_ASSIGN_ATTEMPT: Flaubert Giles -> tillSoil @ field_2 (Intent: low_pri_player_tillSoil_field_2)
NPC_ASSIGN_ATTEMPT: Flaubert Giles -> tillSoil @ field_2 (Intent: low_pri_player_tillSoil_field_2)
NPC_ASSIGN_ATTEMPT: Flaubert Giles -> tillSoil @ field_2 (Intent: low_pri_player_tillSoil_field_2)
NPC_ASSIGN_ATTEMPT: Flaubert Giles -> tillSoil @ field_2 (Intent: low_pri_player_tillSoil_field_2)
NPC_ASSIGN_ATTEMPT: Partner -> idle @ bedroom_2 (Intent: sched_idle_w_partner)
NPC_ASSIGN_SKIP_ROOM: partner already in queue for idle with intent sched_idle_w_partner
NPC_ASSIGN_ATTEMPT: Flaubert Giles -> tillSoil @ field_2 (Intent: low_pri_player_tillSoil_field_2)
NPC_ASSIGN_ATTEMPT: Flaubert Giles -> tillSoil @ field_2 (Intent: low_pri_player_tillSoil_field_2)
NPC_ASSIGN_ATTEMPT: Flaubert Giles -> tillSoil @ field_2 (Intent: low_pri_player_tillSoil_field_2)
NPC_ASSIGN_ATTEMPT: Flaubert Giles -> tillSoil @ field_2 (Intent: low_pri_player_tillSoil_field_2)
NPC_ASSIGN_ATTEMPT: Flaubert Giles -> tillSoil @ field_2 (Intent: low_pri_player_tillSoil_field_2)
NPC_ASSIGN_ATTEMPT: Flaubert Giles -> tillSoil @ field_2 (Intent: low_pri_player_tillSoil_field_2)
NPC_ASSIGN_ATTEMPT: Flaubert Giles -> tillSoil @ field_2 (Intent: low_pri_player_tillSoil_field_2)
NPC_ASSIGN_ATTEMPT: Flaubert Giles -> tillSoil @ field_2 (Intent: low_pri_player_tillSoil_field_2)
NPC_ASSIGN_ATTEMPT: Flaubert Giles -> tillSoil @ field_2 (Intent: low_pri_player_tillSoil_field_2)
NPC_ASSIGN_ATTEMPT: Flaubert Giles -> tillSoil @ field_2 (Intent: low_pri_player_tillSoil_field_2)
NPC_ASSIGN_ATTEMPT: Flaubert Giles -> tillSoil @ field_2 (Intent: low_pri_player_tillSoil_field_2)
NPC_ASSIGN_ATTEMPT: Flaubert Giles -> tillSoil @ field_2 (Intent: low_pri_player_tillSoil_field_2)
NPC_ASSIGN_ATTEMPT: Flaubert Giles -> tillSoil @ field_2 (Intent: low_pri_player_tillSoil_field_2)
NPC_ASSIGN_ATTEMPT: Flaubert Giles -> tillSoil @ field_2 (Intent: low_pri_player_tillSoil_field_2)
NPC_ASSIGN_ATTEMPT: Flaubert Giles -> tillSoil @ field_2 (Intent: low_pri_player_tillSoil_field_2)
NPC_ASSIGN_ATTEMPT: Flaubert Giles -> tillSoil @ field_2 (Intent: low_pri_player_tillSoil_field_2)
NPC_ASSIGN_ATTEMPT: Flaubert Giles -> tillSoil @ field_2 (Intent: low_pri_player_tillSoil_field_2)
NPC_ASSIGN_ATTEMPT: Flaubert Giles -> cleanRoom @ bedroom_2 (Intent: low_pri_butler_cleanRoom_bedroom_2)
NPC_ASSIGN_ATTEMPT: Flaubert Giles -> tillSoil @ field_2 (Intent: low_pri_player_tillSoil_field_2)
NPC_ASSIGN_ATTEMPT: Flaubert Giles -> tillSoil @ field_2 (Intent: low_pri_player_tillSoil_field_2)
NPC_ASSIGN_ATTEMPT: Flaubert Giles -> tillSoil @ field_2 (Intent: low_pri_player_tillSoil_field_2)
NPC_ASSIGN_ATTEMPT: Flaubert Giles -> tillSoil @ field_2 (Intent: low_pri_player_tillSoil_field_2)
NPC_ASSIGN_ATTEMPT: Flaubert Giles -> tillSoil @ field_2 (Intent: low_pri_player_tillSoil_field_2)
NPC_ASSIGN_ATTEMPT: Flaubert Giles -> tillSoil @ field_2 (Intent: low_pri_player_tillSoil_field_2)
NPC_ASSIGN_ATTEMPT: Flaubert Giles -> tillSoil @ field_2 (Intent: low_pri_player_tillSoil_field_2)
NPC_ASSIGN_ATTEMPT: Flaubert Giles -> tillSoil @ field_2 (Intent: low_pri_player_tillSoil_field_2)
NPC_ASSIGN_ATTEMPT: Flaubert Giles -> tillSoil @ field_2 (Intent: low_pri_player_tillSoil_field_2)
NPC_ASSIGN_ATTEMPT: Flaubert Giles -> tillSoil @ field_2 (Intent: low_pri_player_tillSoil_field_2)
NPC_ASSIGN_ATTEMPT: Flaubert Giles -> tillSoil @ field_2 (Intent: low_pri_player_tillSoil_field_2)
NPC_ASSIGN_ATTEMPT: Flaubert Giles -> tillSoil @ field_2 (Intent: low_pri_player_tillSoil_field_2)
NPC_ASSIGN_ATTEMPT: Flaubert Giles -> tillSoil @ field_2 (Intent: low_pri_player_tillSoil_field_2)
NPC_ASSIGN_ATTEMPT: Flaubert Giles -> tillSoil @ field_2 (Intent: low_pri_player_tillSoil_field_2)
NPC_ASSIGN_ATTEMPT: Flaubert Giles -> tillSoil @ field_2 (Intent: low_pri_player_tillSoil_field_2)
NPC_ASSIGN_ATTEMPT: Flaubert Giles -> tillSoil @ field_2 (Intent: low_pri_player_tillSoil_field_2)
NPC_ASSIGN_ATTEMPT: Flaubert Giles -> tillSoil @ field_2 (Intent: low_pri_player_tillSoil_field_2)
NPC_ASSIGN_ATTEMPT: Flaubert Giles -> tillSoil @ field_2 (Intent: low_pri_player_tillSoil_field_2)
NPC_ASSIGN_ATTEMPT: Flaubert Giles -> tillSoil @ field_2 (Intent: low_pri_player_tillSoil_field_2)
NPC_ASSIGN_ATTEMPT: Flaubert Giles -> tillSoil @ field_2 (Intent: low_pri_player_tillSoil_field_2)
NPC_ASSIGN_ATTEMPT: Flaubert Giles -> tillSoil @ field_2 (Intent: low_pri_player_tillSoil_field_2)
NPC_ASSIGN_ATTEMPT: Flaubert Giles -> tillSoil @ field_2 (Intent: low_pri_player_tillSoil_field_2)
NPC_ASSIGN_ATTEMPT: Flaubert Giles -> tillSoil @ field_2 (Intent: low_pri_player_tillSoil_field_2)
NPC_ASSIGN_ATTEMPT: Flaubert Giles -> tillSoil @ field_2 (Intent: low_pri_player_tillSoil_field_2)
NPC_ASSIGN_ATTEMPT: Flaubert Giles -> tillSoil @ field_2 (Intent: low_pri_player_tillSoil_field_2)
NPC_ASSIGN_ATTEMPT: Flaubert Giles -> tillSoil @ field_2 (Intent: low_pri_player_tillSoil_field_2)
NPC_ASSIGN_ATTEMPT: Flaubert Giles -> hunt @ entryway (Intent: low_pri_butler_hunt_entryway)
NPC_ASSIGN_ATTEMPT: Flaubert Giles -> tillSoil @ field_2 (Intent: low_pri_player_tillSoil_field_2)
NPC_ASSIGN_ATTEMPT: Flaubert Giles -> tillSoil @ field_2 (Intent: low_pri_player_tillSoil_field_2)
NPC_ASSIGN_ATTEMPT: Flaubert Giles -> tillSoil @ field_2 (Intent: low_pri_player_tillSoil_field_2)
NPC_ASSIGN_ATTEMPT: Flaubert Giles -> tillSoil @ field_2 (Intent: low_pri_player_tillSoil_field_2)
NPC_ASSIGN_ATTEMPT: Flaubert Giles -> tillSoil @ field_2 (Intent: low_pri_player_tillSoil_field_2)
NPC_ASSIGN_ATTEMPT: Flaubert Giles -> tillSoil @ field_2 (Intent: low_pri_player_tillSoil_field_2)
NPC_ASSIGN_ATTEMPT: Flaubert Giles -> tillSoil @ field_2 (Intent: low_pri_player_tillSoil_field_2)
NPC_ASSIGN_ATTEMPT: Flaubert Giles -> tillSoil @ field_2 (Intent: low_pri_player_tillSoil_field_2)
NPC_ASSIGN_ATTEMPT: Flaubert Giles -> tillSoil @ field_2 (Intent: low_pri_player_tillSoil_field_2)
NPC_ASSIGN_ATTEMPT: Flaubert Giles -> tillSoil @ field_2 (Intent: low_pri_player_tillSoil_field_2)
NPC_ASSIGN_ATTEMPT: Flaubert Giles -> tillSoil @ field_2 (Intent: low_pri_player_tillSoil_field_2)
NPC_ASSIGN_ATTEMPT: Flaubert Giles -> tillSoil @ field_2 (Intent: low_pri_player_tillSoil_field_2)
NPC_ASSIGN_ATTEMPT: Flaubert Giles -> tillSoil @ field_2 (Intent: low_pri_player_tillSoil_field_2)
NPC_ASSIGN_ATTEMPT: Flaubert Giles -> tillSoil @ field_2 (Intent: low_pri_player_tillSoil_field_2)
NPC_ASSIGN_ATTEMPT: Flaubert Giles -> tillSoil @ field_2 (Intent: low_pri_player_tillSoil_field_2)
NPC_ASSIGN_ATTEMPT: Flaubert Giles -> tillSoil @ field_2 (Intent: low_pri_player_tillSoil_field_2)
NPC_ASSIGN_ATTEMPT: Flaubert Giles -> tillSoil @ field_2 (Intent: low_pri_player_tillSoil_field_2)
NPC_ASSIGN_ATTEMPT: Flaubert Giles -> tillSoil @ field_2 (Intent: low_pri_player_tillSoil_field_2)
NPC_ASSIGN_ATTEMPT: Flaubert Giles -> tillSoil @ field_2 (Intent: low_pri_player_tillSoil_field_2)
NPC_ASSIGN_ATTEMPT: Flaubert Giles -> tillSoil @ field_2 (Intent: low_pri_player_tillSoil_field_2)
NPC_ASSIGN_ATTEMPT: Flaubert Giles -> tillSoil @ field_2 (Intent: low_pri_player_tillSoil_field_2)
NPC_ASSIGN_ATTEMPT: Flaubert Giles -> tillSoil @ field_2 (Intent: low_pri_player_tillSoil_field_2)
NPC_ASSIGN_ATTEMPT: Flaubert Giles -> tillSoil @ field_2 (Intent: low_pri_player_tillSoil_field_2)
NPC_ASSIGN_ATTEMPT: Flaubert Giles -> tillSoil @ field_2 (Intent: low_pri_player_tillSoil_field_2)
NPC_ASSIGN_ATTEMPT: Flaubert Giles -> tillSoil @ field_2 (Intent: low_pri_player_tillSoil_field_2)
NPC_ASSIGN_ATTEMPT: Flaubert Giles -> tillSoil @ field_2 (Intent: low_pri_player_tillSoil_field_2)
NPC_ASSIGN_ATTEMPT: Flaubert Giles -> tillSoil @ field_2 (Intent: low_pri_player_tillSoil_field_2)
NPC_ASSIGN_ATTEMPT: Flaubert Giles -> tillSoil @ field_2 (Intent: low_pri_player_tillSoil_field_2)
NPC_ASSIGN_ATTEMPT: Flaubert Giles -> tillSoil @ field_2 (Intent: low_pri_player_tillSoil_field_2)
NPC_ASSIGN_ATTEMPT: Flaubert Giles -> tillSoil @ field_2 (Intent: low_pri_player_tillSoil_field_2)
NPC_ASSIGN_ATTEMPT: Flaubert Giles -> tillSoil @ field_2 (Intent: low_pri_player_tillSoil_field_2)
NPC_ASSIGN_ATTEMPT: Flaubert Giles -> tillSoil @ field_2 (Intent: low_pri_player_tillSoil_field_2)
NPC_ASSIGN_ATTEMPT: Flaubert Giles -> tillSoil @ field_2 (Intent: low_pri_player_tillSoil_field_2)
NPC_ASSIGN_ATTEMPT: Flaubert Giles -> tillSoil @ field_2 (Intent: low_pri_player_tillSoil_field_2)
NPC_ASSIGN_ATTEMPT: Flaubert Giles -> tillSoil @ field_2 (Intent: low_pri_player_tillSoil_field_2)
NPC_ASSIGN_ATTEMPT: Flaubert Giles -> tillSoil @ field_2 (Intent: low_pri_player_tillSoil_field_2)
NPC_ASSIGN_ATTEMPT: Flaubert Giles -> tillSoil @ field_2 (Intent: low_pri_player_tillSoil_field_2)
NPC_ASSIGN_ATTEMPT: Flaubert Giles -> tillSoil @ field_2 (Intent: low_pri_player_tillSoil_field_2)
NPC_ASSIGN_ATTEMPT: Flaubert Giles -> tillSoil @ field_2 (Intent: low_pri_player_tillSoil_field_2)
NPC_ASSIGN_ATTEMPT: Flaubert Giles -> tillSoil @ field_2 (Intent: low_pri_player_tillSoil_field_2)
NPC_ASSIGN_ATTEMPT: Flaubert Giles -> tillSoil @ field_2 (Intent: low_pri_player_tillSoil_field_2)
NPC_ASSIGN_ATTEMPT: Flaubert Giles -> tillSoil @ field_2 (Intent: low_pri_player_tillSoil_field_2)
NPC_ASSIGN_ATTEMPT: Flaubert Giles -> tillSoil @ field_2 (Intent: low_pri_player_tillSoil_field_2)
NPC_ASSIGN_ATTEMPT: Flaubert Giles -> tillSoil @ field_2 (Intent: low_pri_player_tillSoil_field_2)
NPC_ASSIGN_ATTEMPT: Flaubert Giles -> tillSoil @ field_2 (Intent: low_pri_player_tillSoil_field_2)
NPC_ASSIGN_ATTEMPT: Flaubert Giles -> tillSoil @ field_2 (Intent: low_pri_player_tillSoil_field_2)
NPC_ASSIGN_ATTEMPT: Flaubert Giles -> tillSoil @ field_2 (Intent: low_pri_player_tillSoil_field_2)
NPC_ASSIGN_ATTEMPT: Flaubert Giles -> tillSoil @ field_2 (Intent: low_pri_player_tillSoil_field_2)
NPC_ASSIGN_ATTEMPT: Flaubert Giles -> tillSoil @ field_2 (Intent: low_pri_player_tillSoil_field_2)
NPC_ASSIGN_ATTEMPT: Flaubert Giles -> tillSoil @ field_2 (Intent: low_pri_player_tillSoil_field_2)
NPC_ASSIGN_ATTEMPT: Flaubert Giles -> tillSoil @ field_2 (Intent: low_pri_player_tillSoil_field_2)
NPC_ASSIGN_ATTEMPT: Flaubert Giles -> tillSoil @ field_2 (Intent: low_pri_player_tillSoil_field_2)
NPC_ASSIGN_ATTEMPT: Flaubert Giles -> tillSoil @ field_2 (Intent: low_pri_player_tillSoil_field_2)
NPC_ASSIGN_ATTEMPT: Flaubert Giles -> tillSoil @ field_2 (Intent: low_pri_player_tillSoil_field_2)
NPC_ASSIGN_ATTEMPT: Flaubert Giles -> tillSoil @ field_2 (Intent: low_pri_player_tillSoil_field_2)
NPC_ASSIGN_ATTEMPT: Flaubert Giles -> tillSoil @ field_2 (Intent: low_pri_player_tillSoil_field_2)
NPC_ASSIGN_ATTEMPT: Flaubert Giles -> tillSoil @ field_2 (Intent: low_pri_player_tillSoil_field_2)
NPC_ASSIGN_ATTEMPT: Flaubert Giles -> tillSoil @ field_2 (Intent: low_pri_player_tillSoil_field_2)
NPC_ASSIGN_ATTEMPT: Flaubert Giles -> tillSoil @ field_2 (Intent: low_pri_player_tillSoil_field_2)
NPC_ASSIGN_ATTEMPT: Flaubert Giles -> tillSoil @ field_2 (Intent: low_pri_player_tillSoil_field_2)
NPC_ASSIGN_ATTEMPT: Flaubert Giles -> tillSoil @ field_2 (Intent: low_pri_player_tillSoil_field_2)
NPC_ASSIGN_ATTEMPT: Flaubert Giles -> tillSoil @ field_2 (Intent: low_pri_player_tillSoil_field_2)
NPC_ASSIGN_ATTEMPT: Flaubert Giles -> tillSoil @ field_2 (Intent: low_pri_player_tillSoil_field_2)
NPC_ASSIGN_ATTEMPT: Flaubert Giles -> tillSoil @ field_2 (Intent: low_pri_player_tillSoil_field_2)
NPC_ASSIGN_ATTEMPT: Flaubert Giles -> tillSoil @ field_2 (Intent: low_pri_player_tillSoil_field_2)
NPC_ASSIGN_ATTEMPT: Flaubert Giles -> tillSoil @ field_2 (Intent: low_pri_player_tillSoil_field_2)
NPC_ASSIGN_ATTEMPT: Flaubert Giles -> tillSoil @ field_2 (Intent: low_pri_player_tillSoil_field_2)
NPC_ASSIGN_ATTEMPT: Flaubert Giles -> tillSoil @ field_2 (Intent: low_pri_player_tillSoil_field_2)
NPC_ASSIGN_ATTEMPT: Flaubert Giles -> tillSoil @ field_2 (Intent: low_pri_player_tillSoil_field_2)
NPC_ASSIGN_ATTEMPT: Flaubert Giles -> tillSoil @ field_2 (Intent: low_pri_player_tillSoil_field_2)
NPC_ASSIGN_ATTEMPT: Flaubert Giles -> tillSoil @ field_2 (Intent: low_pri_player_tillSoil_field_2)
NPC_ASSIGN_ATTEMPT: Flaubert Giles -> tillSoil @ field_2 (Intent: low_pri_player_tillSoil_field_2)
NPC_ASSIGN_ATTEMPT: Flaubert Giles -> tillSoil @ field_2 (Intent: low_pri_player_tillSoil_field_2)
NPC_ASSIGN_ATTEMPT: Flaubert Giles -> tillSoil @ field_2 (Intent: low_pri_player_tillSoil_field_2)
NPC_ASSIGN_ATTEMPT: Flaubert Giles -> tillSoil @ field_2 (Intent: low_pri_player_tillSoil_field_2)
NPC_ASSIGN_ATTEMPT: Flaubert Giles -> tillSoil @ field_2 (Intent: low_pri_player_tillSoil_field_2)
NPC_ASSIGN_ATTEMPT: Flaubert Giles -> tillSoil @ field_2 (Intent: low_pri_player_tillSoil_field_2)
NPC_ASSIGN_ATTEMPT: Flaubert Giles -> tillSoil @ field_2 (Intent: low_pri_player_tillSoil_field_2)
NPC_ASSIGN_ATTEMPT: Flaubert Giles -> tillSoil @ field_2 (Intent: low_pri_player_tillSoil_field_2)
NPC_ASSIGN_ATTEMPT: Flaubert Giles -> tillSoil @ field_2 (Intent: low_pri_player_tillSoil_field_2)
NPC_ASSIGN_ATTEMPT: Flaubert Giles -> tillSoil @ field_2 (Intent: low_pri_player_tillSoil_field_2)
NPC_ASSIGN_ATTEMPT: Flaubert Giles -> tillSoil @ field_2 (Intent: low_pri_player_tillSoil_field_2)
NPC_ASSIGN_ATTEMPT: Flaubert Giles -> tillSoil @ field_2 (Intent: low_pri_player_tillSoil_field_2)
NPC_ASSIGN_ATTEMPT: Flaubert Giles -> tillSoil @ field_2 (Intent: low_pri_player_tillSoil_field_2)
NPC_ASSIGN_ATTEMPT: Flaubert Giles -> tillSoil @ field_2 (Intent: low_pri_player_tillSoil_field_2)
NPC_ASSIGN_ATTEMPT: Flaubert Giles -> tillSoil @ field_2 (Intent: low_pri_player_tillSoil_field_2)
NPC_ASSIGN_ATTEMPT: Flaubert Giles -> tillSoil @ field_2 (Intent: low_pri_player_tillSoil_field_2)
NPC_ASSIGN_ATTEMPT: Flaubert Giles -> tillSoil @ field_2 (Intent: low_pri_player_tillSoil_field_2)
NPC_ASSIGN_ATTEMPT: Flaubert Giles -> tillSoil @ field_2 (Intent: low_pri_player_tillSoil_field_2)
NPC_ASSIGN_ATTEMPT: Flaubert Giles -> tillSoil @ field_2 (Intent: low_pri_player_tillSoil_field_2)
NPC_ASSIGN_ATTEMPT: Partner -> idle @ toolshed (Intent: sched_idle_w_partner)
NPC_ASSIGN_ATTEMPT: Flaubert Giles -> tillSoil @ field_2 (Intent: low_pri_player_tillSoil_field_2)
NPC_ASSIGN_ATTEMPT: Flaubert Giles -> tillSoil @ field_2 (Intent: low_pri_player_tillSoil_field_2)
NPC_ASSIGN_ATTEMPT: Flaubert Giles -> tillSoil @ field_2 (Intent: low_pri_player_tillSoil_field_2)
NPC_ASSIGN_ATTEMPT: Flaubert Giles -> tillSoil @ field_2 (Intent: low_pri_player_tillSoil_field_2)
NPC_ASSIGN_ATTEMPT: Flaubert Giles -> tillSoil @ field_2 (Intent: low_pri_player_tillSoil_field_2)
NPC_ASSIGN_ATTEMPT: Flaubert Giles -> tillSoil @ field_2 (Intent: low_pri_player_tillSoil_field_2)
NPC_ASSIGN_ATTEMPT: Flaubert Giles -> cleanRoom @ entryway (Intent: low_pri_butler_cleanRoom_entryway)
NPC_ASSIGN_ATTEMPT: Flaubert Giles -> tillSoil @ field_2 (Intent: low_pri_player_tillSoil_field_2)
NPC_ASSIGN_ATTEMPT: Flaubert Giles -> tillSoil @ field_2 (Intent: low_pri_player_tillSoil_field_2)
NPC_ASSIGN_ATTEMPT: Flaubert Giles -> tillSoil @ field_2 (Intent: low_pri_player_tillSoil_field_2)
NPC_ASSIGN_ATTEMPT: Flaubert Giles -> tillSoil @ field_2 (Intent: low_pri_player_tillSoil_field_2)
NPC_ASSIGN_ATTEMPT: Flaubert Giles -> tillSoil @ field_2 (Intent: low_pri_player_tillSoil_field_2)
NPC_ASSIGN_ATTEMPT: Flaubert Giles -> tillSoil @ field_2 (Intent: low_pri_player_tillSoil_field_2)
NPC_ASSIGN_ATTEMPT: Flaubert Giles -> tillSoil @ field_2 (Intent: low_pri_player_tillSoil_field_2)
NPC_ASSIGN_ATTEMPT: Flaubert Giles -> tillSoil @ field_2 (Intent: low_pri_player_tillSoil_field_2)
NPC_ASSIGN_ATTEMPT: Flaubert Giles -> tillSoil @ field_2 (Intent: low_pri_player_tillSoil_field_2)
NPC_ASSIGN_ATTEMPT: Flaubert Giles -> tillSoil @ field_2 (Intent: low_pri_player_tillSoil_field_2)
NPC_ASSIGN_ATTEMPT: Flaubert Giles -> tillSoil @ field_2 (Intent: low_pri_player_tillSoil_field_2)
NPC_ASSIGN_ATTEMPT: Flaubert Giles -> tillSoil @ field_2 (Intent: low_pri_player_tillSoil_field_2)
NPC_ASSIGN_ATTEMPT: Flaubert Giles -> tillSoil @ field_2 (Intent: low_pri_player_tillSoil_field_2)
NPC_ASSIGN_ATTEMPT: Flaubert Giles -> tillSoil @ field_2 (Intent: low_pri_player_tillSoil_field_2)
NPC_ASSIGN_ATTEMPT: Flaubert Giles -> tillSoil @ field_2 (Intent: low_pri_player_tillSoil_field_2)
NPC_ASSIGN_ATTEMPT: Flaubert Giles -> tillSoil @ field_2 (Intent: low_pri_player_tillSoil_field_2)
NPC_ASSIGN_ATTEMPT: Flaubert Giles -> tillSoil @ field_2 (Intent: low_pri_player_tillSoil_field_2)
NPC_ASSIGN_ATTEMPT: Flaubert Giles -> tillSoil @ field_2 (Intent: low_pri_player_tillSoil_field_2)
NPC_ASSIGN_ATTEMPT: Flaubert Giles -> tillSoil @ field_2 (Intent: low_pri_player_tillSoil_field_2)
NPC_ASSIGN_ATTEMPT: Flaubert Giles -> tillSoil @ field_2 (Intent: low_pri_player_tillSoil_field_2)
NPC_ASSIGN_ATTEMPT: Flaubert Giles -> hunt @ entryway (Intent: low_pri_butler_hunt_entryway)
NPC_ASSIGN_ATTEMPT: Flaubert Giles -> tillSoil @ field_2 (Intent: low_pri_player_tillSoil_field_2)
NPC_ASSIGN_ATTEMPT: Flaubert Giles -> tillSoil @ field_2 (Intent: low_pri_player_tillSoil_field_2)
NPC_ASSIGN_ATTEMPT: Flaubert Giles -> tillSoil @ field_2 (Intent: low_pri_player_tillSoil_field_2)
NPC_ASSIGN_ATTEMPT: Flaubert Giles -> tillSoil @ field_2 (Intent: low_pri_player_tillSoil_field_2)
NPC_ASSIGN_ATTEMPT: Flaubert Giles -> tillSoil @ field_2 (Intent: low_pri_player_tillSoil_field_2)
NPC_ASSIGN_ATTEMPT: Flaubert Giles -> tillSoil @ field_2 (Intent: low_pri_player_tillSoil_field_2)
NPC_ASSIGN_ATTEMPT: Flaubert Giles -> tillSoil @ field_2 (Intent: low_pri_player_tillSoil_field_2)
NPC_ASSIGN_ATTEMPT: Flaubert Giles -> tillSoil @ field_2 (Intent: low_pri_player_tillSoil_field_2)
NPC_ASSIGN_ATTEMPT: Flaubert Giles -> tillSoil @ field_2 (Intent: low_pri_player_tillSoil_field_2)
NPC_ASSIGN_ATTEMPT: Flaubert Giles -> tillSoil @ field_2 (Intent: low_pri_player_tillSoil_field_2)
NPC_ASSIGN_ATTEMPT: Flaubert Giles -> tillSoil @ field_2 (Intent: low_pri_player_tillSoil_field_2)
NPC_ASSIGN_ATTEMPT: Flaubert Giles -> tillSoil @ field_2 (Intent: low_pri_player_tillSoil_field_2)
NPC_ASSIGN_ATTEMPT: Flaubert Giles -> tillSoil @ field_2 (Intent: low_pri_player_tillSoil_field_2)
NPC_ASSIGN_ATTEMPT: Flaubert Giles -> tillSoil @ field_2 (Intent: low_pri_player_tillSoil_field_2)
NPC_ASSIGN_ATTEMPT: Flaubert Giles -> tillSoil @ field_2 (Intent: low_pri_player_tillSoil_field_2)
NPC_ASSIGN_ATTEMPT: Flaubert Giles -> tillSoil @ field_2 (Intent: low_pri_player_tillSoil_field_2)
NPC_ASSIGN_ATTEMPT: Flaubert Giles -> tillSoil @ field_2 (Intent: low_pri_player_tillSoil_field_2)
NPC_ASSIGN_ATTEMPT: Flaubert Giles -> tillSoil @ field_2 (Intent: low_pri_player_tillSoil_field_2)
NPC_ASSIGN_ATTEMPT: Flaubert Giles -> tillSoil @ field_2 (Intent: low_pri_player_tillSoil_field_2)
NPC_ASSIGN_ATTEMPT: Flaubert Giles -> tillSoil @ field_2 (Intent: low_pri_player_tillSoil_field_2)
NPC_ASSIGN_ATTEMPT: Flaubert Giles -> tillSoil @ field_2 (Intent: low_pri_player_tillSoil_field_2)
NPC_ASSIGN_ATTEMPT: Flaubert Giles -> tillSoil @ field_2 (Intent: low_pri_player_tillSoil_field_2)
NPC_ASSIGN_ATTEMPT: Flaubert Giles -> tillSoil @ field_2 (Intent: low_pri_player_tillSoil_field_2)
NPC_ASSIGN_ATTEMPT: Flaubert Giles -> tillSoil @ field_2 (Intent: low_pri_player_tillSoil_field_2)
NPC_ASSIGN_ATTEMPT: Flaubert Giles -> tillSoil @ field_2 (Intent: low_pri_player_tillSoil_field_2)
NPC_ASSIGN_ATTEMPT: Flaubert Giles -> tillSoil @ field_2 (Intent: low_pri_player_tillSoil_field_2)
NPC_ASSIGN_ATTEMPT: Flaubert Giles -> tillSoil @ field_2 (Intent: low_pri_player_tillSoil_field_2)
NPC_ASSIGN_ATTEMPT: Flaubert Giles -> tillSoil @ field_2 (Intent: low_pri_player_tillSoil_field_2)
NPC_ASSIGN_ATTEMPT: Flaubert Giles -> tillSoil @ field_2 (Intent: low_pri_player_tillSoil_field_2)
NPC_ASSIGN_ATTEMPT: Flaubert Giles -> tillSoil @ field_2 (Intent: low_pri_player_tillSoil_field_2)
NPC_ASSIGN_ATTEMPT: Flaubert Giles -> tillSoil @ field_2 (Intent: low_pri_player_tillSoil_field_2)
NPC_ASSIGN_ATTEMPT: Flaubert Giles -> tillSoil @ field_2 (Intent: low_pri_player_tillSoil_field_2)
NPC_ASSIGN_ATTEMPT: Flaubert Giles -> tillSoil @ field_2 (Intent: low_pri_player_tillSoil_field_2)
NPC_ASSIGN_ATTEMPT: Flaubert Giles -> tillSoil @ field_2 (Intent: low_pri_player_tillSoil_field_2)
NPC_ASSIGN_ATTEMPT: Flaubert Giles -> tillSoil @ field_2 (Intent: low_pri_player_tillSoil_field_2)
NPC_ASSIGN_ATTEMPT: Flaubert Giles -> tillSoil @ field_2 (Intent: low_pri_player_tillSoil_field_2)
NPC_ASSIGN_ATTEMPT: Flaubert Giles -> tillSoil @ field_2 (Intent: low_pri_player_tillSoil_field_2)
NPC_ASSIGN_ATTEMPT: Flaubert Giles -> tillSoil @ field_2 (Intent: low_pri_player_tillSoil_field_2)
NPC_ASSIGN_ATTEMPT: Flaubert Giles -> tillSoil @ field_2 (Intent: low_pri_player_tillSoil_field_2)
NPC_ASSIGN_ATTEMPT: Flaubert Giles -> tillSoil @ field_2 (Intent: low_pri_player_tillSoil_field_2)
NPC_ASSIGN_ATTEMPT: Flaubert Giles -> tillSoil @ field_2 (Intent: low_pri_player_tillSoil_field_2)
NPC_ASSIGN_ATTEMPT: Flaubert Giles -> tillSoil @ field_2 (Intent: low_pri_player_tillSoil_field_2)
NPC_ASSIGN_ATTEMPT: Flaubert Giles -> tillSoil @ field_2 (Intent: low_pri_player_tillSoil_field_2)
NPC_ASSIGN_ATTEMPT: Flaubert Giles -> tillSoil @ field_2 (Intent: low_pri_player_tillSoil_field_2)
NPC_ASSIGN_ATTEMPT: Flaubert Giles -> tillSoil @ field_2 (Intent: low_pri_player_tillSoil_field_2)
NPC_ASSIGN_ATTEMPT: Flaubert Giles -> tillSoil @ field_2 (Intent: low_pri_player_tillSoil_field_2)
NPC_ASSIGN_ATTEMPT: Flaubert Giles -> tillSoil @ field_2 (Intent: low_pri_player_tillSoil_field_2)
NPC_ASSIGN_ATTEMPT: Flaubert Giles -> tillSoil @ field_2 (Intent: low_pri_player_tillSoil_field_2)
NPC_ASSIGN_ATTEMPT: Flaubert Giles -> tillSoil @ field_2 (Intent: low_pri_player_tillSoil_field_2)
NPC_ASSIGN_ATTEMPT: Flaubert Giles -> tillSoil @ field_2 (Intent: low_pri_player_tillSoil_field_2)
NPC_ASSIGN_ATTEMPT: Flaubert Giles -> tillSoil @ field_2 (Intent: low_pri_player_tillSoil_field_2)
NPC_ASSIGN_ATTEMPT: Flaubert Giles -> tillSoil @ field_2 (Intent: low_pri_player_tillSoil_field_2)
NPC_ASSIGN_ATTEMPT: Flaubert Giles -> tillSoil @ field_2 (Intent: low_pri_player_tillSoil_field_2)
NPC_ASSIGN_ATTEMPT: Flaubert Giles -> tillSoil @ field_2 (Intent: low_pri_player_tillSoil_field_2)
NPC_ASSIGN_ATTEMPT: Flaubert Giles -> tillSoil @ field_2 (Intent: low_pri_player_tillSoil_field_2)
NPC_ASSIGN_ATTEMPT: Flaubert Giles -> tillSoil @ field_2 (Intent: low_pri_player_tillSoil_field_2)
NPC_ASSIGN_ATTEMPT: Flaubert Giles -> tillSoil @ field_2 (Intent: low_pri_player_tillSoil_field_2)
NPC_ASSIGN_ATTEMPT: Flaubert Giles -> tillSoil @ field_2 (Intent: low_pri_player_tillSoil_field_2)
NPC_ASSIGN_ATTEMPT: Flaubert Giles -> tillSoil @ field_2 (Intent: low_pri_player_tillSoil_field_2)
NPC_ASSIGN_ATTEMPT: Flaubert Giles -> tillSoil @ field_2 (Intent: low_pri_player_tillSoil_field_2)
NPC_ASSIGN_ATTEMPT: Flaubert Giles -> tillSoil @ field_2 (Intent: low_pri_player_tillSoil_field_2)
NPC_ASSIGN_ATTEMPT: Flaubert Giles -> tillSoil @ field_2 (Intent: low_pri_player_tillSoil_field_2)
NPC_ASSIGN_ATTEMPT: Flaubert Giles -> tillSoil @ field_2 (Intent: low_pri_player_tillSoil_field_2)
NPC_ASSIGN_ATTEMPT: Flaubert Giles -> tillSoil @ field_2 (Intent: low_pri_player_tillSoil_field_2)
NPC_ASSIGN_ATTEMPT: Flaubert Giles -> tillSoil @ field_2 (Intent: low_pri_player_tillSoil_field_2)
NPC_ASSIGN_ATTEMPT: Flaubert Giles -> tillSoil @ field_2 (Intent: low_pri_player_tillSoil_field_2)
NPC_ASSIGN_ATTEMPT: Flaubert Giles -> tillSoil @ field_2 (Intent: low_pri_player_tillSoil_field_2)
NPC_ASSIGN_ATTEMPT: Flaubert Giles -> tillSoil @ field_2 (Intent: low_pri_player_tillSoil_field_2)
NPC_ASSIGN_ATTEMPT: Flaubert Giles -> tillSoil @ field_2 (Intent: low_pri_player_tillSoil_field_2)
NPC_ASSIGN_ATTEMPT: Flaubert Giles -> tillSoil @ field_2 (Intent: low_pri_player_tillSoil_field_2)
NPC_ASSIGN_ATTEMPT: Flaubert Giles -> tillSoil @ field_2 (Intent: low_pri_player_tillSoil_field_2)
NPC_ASSIGN_ATTEMPT: Flaubert Giles -> tillSoil @ field_2 (Intent: low_pri_player_tillSoil_field_2)
NPC_ASSIGN_ATTEMPT: Flaubert Giles -> tillSoil @ field_2 (Intent: low_pri_player_tillSoil_field_2)
NPC_ASSIGN_ATTEMPT: Flaubert Giles -> tillSoil @ field_2 (Intent: low_pri_player_tillSoil_field_2)
NPC_ASSIGN_ATTEMPT: Flaubert Giles -> tillSoil @ field_2 (Intent: low_pri_player_tillSoil_field_2)
NPC_ASSIGN_ATTEMPT: Flaubert Giles -> tillSoil @ field_2 (Intent: low_pri_player_tillSoil_field_2)
NPC_ASSIGN_ATTEMPT: Flaubert Giles -> tillSoil @ field_2 (Intent: low_pri_player_tillSoil_field_2)
NPC_ASSIGN_ATTEMPT: Flaubert Giles -> tillSoil @ field_2 (Intent: low_pri_player_tillSoil_field_2)
NPC_ASSIGN_ATTEMPT: Flaubert Giles -> tillSoil @ field_2 (Intent: low_pri_player_tillSoil_field_2)
NPC_ASSIGN_ATTEMPT: Flaubert Giles -> tillSoil @ field_2 (Intent: low_pri_player_tillSoil_field_2)
NPC_ASSIGN_ATTEMPT: Flaubert Giles -> tillSoil @ field_2 (Intent: low_pri_player_tillSoil_field_2)
NPC_ASSIGN_ATTEMPT: Flaubert Giles -> tillSoil @ field_2 (Intent: low_pri_player_tillSoil_field_2)
NPC_ASSIGN_ATTEMPT: Flaubert Giles -> tillSoil @ field_2 (Intent: low_pri_player_tillSoil_field_2)
NPC_ASSIGN_ATTEMPT: Flaubert Giles -> tillSoil @ field_2 (Intent: low_pri_player_tillSoil_field_2)
NPC_ASSIGN_ATTEMPT: Flaubert Giles -> tillSoil @ field_2 (Intent: low_pri_player_tillSoil_field_2)
NPC_ASSIGN_ATTEMPT: Flaubert Giles -> tillSoil @ field_2 (Intent: low_pri_player_tillSoil_field_2)
NPC_ASSIGN_ATTEMPT: Flaubert Giles -> tillSoil @ field_2 (Intent: low_pri_player_tillSoil_field_2)
NPC_ASSIGN_ATTEMPT: Flaubert Giles -> tillSoil @ field_2 (Intent: low_pri_player_tillSoil_field_2)
NPC_ASSIGN_ATTEMPT: Flaubert Giles -> tillSoil @ field_2 (Intent: low_pri_player_tillSoil_field_2)
NPC_ASSIGN_ATTEMPT: Flaubert Giles -> tillSoil @ field_2 (Intent: low_pri_player_tillSoil_field_2)
NPC_ASSIGN_ATTEMPT: Flaubert Giles -> tillSoil @ field_2 (Intent: low_pri_player_tillSoil_field_2)
NPC_ASSIGN_ATTEMPT: Flaubert Giles -> tillSoil @ field_2 (Intent: low_pri_player_tillSoil_field_2)
NPC_ASSIGN_ATTEMPT: Flaubert Giles -> cleanRoom @ entryway (Intent: low_pri_butler_cleanRoom_entryway)
NPC_ASSIGN_ATTEMPT: Flaubert Giles -> tillSoil @ field_2 (Intent: low_pri_player_tillSoil_field_2)
NPC_ASSIGN_ATTEMPT: Flaubert Giles -> tillSoil @ field_2 (Intent: low_pri_player_tillSoil_field_2)
NPC_ASSIGN_ATTEMPT: Flaubert Giles -> tillSoil @ field_2 (Intent: low_pri_player_tillSoil_field_2)
NPC_ASSIGN_ATTEMPT: Flaubert Giles -> tillSoil @ field_2 (Intent: low_pri_player_tillSoil_field_2)
NPC_ASSIGN_ATTEMPT: Flaubert Giles -> tillSoil @ field_2 (Intent: low_pri_player_tillSoil_field_2)
NPC_ASSIGN_ATTEMPT: Flaubert Giles -> tillSoil @ field_2 (Intent: low_pri_player_tillSoil_field_2)
NPC_ASSIGN_ATTEMPT: Flaubert Giles -> tillSoil @ field_2 (Intent: low_pri_player_tillSoil_field_2)
NPC_ASSIGN_ATTEMPT: Flaubert Giles -> tillSoil @ field_2 (Intent: low_pri_player_tillSoil_field_2)
NPC_ASSIGN_ATTEMPT: Flaubert Giles -> tillSoil @ field_2 (Intent: low_pri_player_tillSoil_field_2)
NPC_ASSIGN_ATTEMPT: Flaubert Giles -> tillSoil @ field_2 (Intent: low_pri_player_tillSoil_field_2)
NPC_ASSIGN_ATTEMPT: Flaubert Giles -> tillSoil @ field_2 (Intent: low_pri_player_tillSoil_field_2)
NPC_ASSIGN_ATTEMPT: Flaubert Giles -> tillSoil @ field_2 (Intent: low_pri_player_tillSoil_field_2)
NPC_ASSIGN_ATTEMPT: Flaubert Giles -> tillSoil @ field_2 (Intent: low_pri_player_tillSoil_field_2)
NPC_ASSIGN_ATTEMPT: Flaubert Giles -> tillSoil @ field_2 (Intent: low_pri_player_tillSoil_field_2)
NPC_ASSIGN_ATTEMPT: Flaubert Giles -> tillSoil @ field_2 (Intent: low_pri_player_tillSoil_field_2)
NPC_ASSIGN_ATTEMPT: Partner -> idle @ field_3 (Intent: sched_idle_w_partner)
NPC_ASSIGN_SKIP_ROOM: partner already in queue for idle with intent sched_idle_w_partner
NPC_ASSIGN_ATTEMPT: Flaubert Giles -> tillSoil @ field_2 (Intent: low_pri_player_tillSoil_field_2)
NPC_ASSIGN_ATTEMPT: Flaubert Giles -> tillSoil @ field_2 (Intent: low_pri_player_tillSoil_field_2)
NPC_ASSIGN_ATTEMPT: Flaubert Giles -> tillSoil @ field_2 (Intent: low_pri_player_tillSoil_field_2)
NPC_ASSIGN_ATTEMPT: Flaubert Giles -> tillSoil @ field_2 (Intent: low_pri_player_tillSoil_field_2)
NPC_ASSIGN_ATTEMPT: Flaubert Giles -> tillSoil @ field_2 (Intent: low_pri_player_tillSoil_field_2)
NPC_ASSIGN_ATTEMPT: Flaubert Giles -> hauling @ study (Intent: haul_discovery_1781825884168)
NPC_ASSIGN_ATTEMPT: Flaubert Giles -> tillSoil @ field_2 (Intent: low_pri_player_tillSoil_field_2)
NPC_ASSIGN_ATTEMPT: Flaubert Giles -> tillSoil @ field_2 (Intent: low_pri_player_tillSoil_field_2)
NPC_ASSIGN_ATTEMPT: Flaubert Giles -> tillSoil @ field_2 (Intent: low_pri_player_tillSoil_field_2)
NPC_ASSIGN_ATTEMPT: Flaubert Giles -> tillSoil @ field_2 (Intent: low_pri_player_tillSoil_field_2)
NPC_ASSIGN_ATTEMPT: Flaubert Giles -> tillSoil @ field_2 (Intent: low_pri_player_tillSoil_field_2)
NPC_ASSIGN_ATTEMPT: Flaubert Giles -> tillSoil @ field_2 (Intent: low_pri_player_tillSoil_field_2)
NPC_ASSIGN_ATTEMPT: Flaubert Giles -> tillSoil @ field_2 (Intent: low_pri_player_tillSoil_field_2)
NPC_ASSIGN_ATTEMPT: Flaubert Giles -> tillSoil @ field_2 (Intent: low_pri_player_tillSoil_field_2)
NPC_ASSIGN_ATTEMPT: Flaubert Giles -> tillSoil @ field_2 (Intent: low_pri_player_tillSoil_field_2)
NPC_ASSIGN_ATTEMPT: Flaubert Giles -> tillSoil @ field_2 (Intent: low_pri_player_tillSoil_field_2)
NPC_ASSIGN_ATTEMPT: Flaubert Giles -> tillSoil @ field_2 (Intent: low_pri_player_tillSoil_field_2)
NPC_ASSIGN_ATTEMPT: Flaubert Giles -> tillSoil @ field_2 (Intent: low_pri_player_tillSoil_field_2)
NPC_ASSIGN_ATTEMPT: Flaubert Giles -> tillSoil @ field_2 (Intent: low_pri_player_tillSoil_field_2)
NPC_ASSIGN_ATTEMPT: Flaubert Giles -> tillSoil @ field_2 (Intent: low_pri_player_tillSoil_field_2)
NPC_ASSIGN_ATTEMPT: Flaubert Giles -> tillSoil @ field_2 (Intent: low_pri_player_tillSoil_field_2)
NPC_ASSIGN_ATTEMPT: Flaubert Giles -> tillSoil @ field_2 (Intent: low_pri_player_tillSoil_field_2)
NPC_ASSIGN_ATTEMPT: Flaubert Giles -> tillSoil @ field_2 (Intent: low_pri_player_tillSoil_field_2)
NPC_ASSIGN_ATTEMPT: Flaubert Giles -> tillSoil @ field_2 (Intent: low_pri_player_tillSoil_field_2)
NPC_ASSIGN_ATTEMPT: Flaubert Giles -> tillSoil @ field_2 (Intent: low_pri_player_tillSoil_field_2)
NPC_ASSIGN_ATTEMPT: Flaubert Giles -> tillSoil @ field_2 (Intent: low_pri_player_tillSoil_field_2)
NPC_ASSIGN_ATTEMPT: Flaubert Giles -> tillSoil @ field_2 (Intent: low_pri_player_tillSoil_field_2)
NPC_ASSIGN_ATTEMPT: Flaubert Giles -> tillSoil @ field_2 (Intent: low_pri_player_tillSoil_field_2)
NPC_ASSIGN_ATTEMPT: Flaubert Giles -> tillSoil @ field_2 (Intent: low_pri_player_tillSoil_field_2)
NPC_ASSIGN_ATTEMPT: Flaubert Giles -> tillSoil @ field_2 (Intent: low_pri_player_tillSoil_field_2)
NPC_ASSIGN_ATTEMPT: Flaubert Giles -> tillSoil @ field_2 (Intent: low_pri_player_tillSoil_field_2)
NPC_ASSIGN_ATTEMPT: Flaubert Giles -> tillSoil @ field_2 (Intent: low_pri_player_tillSoil_field_2)
NPC_ASSIGN_ATTEMPT: Flaubert Giles -> tillSoil @ field_2 (Intent: low_pri_player_tillSoil_field_2)
NPC_ASSIGN_ATTEMPT: Flaubert Giles -> tillSoil @ field_2 (Intent: low_pri_player_tillSoil_field_2)
NPC_ASSIGN_ATTEMPT: Flaubert Giles -> tillSoil @ field_2 (Intent: low_pri_player_tillSoil_field_2)
NPC_ASSIGN_ATTEMPT: Flaubert Giles -> tillSoil @ field_2 (Intent: low_pri_player_tillSoil_field_2)
NPC_ASSIGN_ATTEMPT: Flaubert Giles -> hunt @ entryway (Intent: low_pri_butler_hunt_entryway)
NPC_ASSIGN_ATTEMPT: Flaubert Giles -> tillSoil @ field_2 (Intent: low_pri_player_tillSoil_field_2)
NPC_ASSIGN_ATTEMPT: Flaubert Giles -> tillSoil @ field_2 (Intent: low_pri_player_tillSoil_field_2)
NPC_ASSIGN_ATTEMPT: Flaubert Giles -> tillSoil @ field_2 (Intent: low_pri_player_tillSoil_field_2)
NPC_ASSIGN_ATTEMPT: Flaubert Giles -> tillSoil @ field_2 (Intent: low_pri_player_tillSoil_field_2)
NPC_ASSIGN_ATTEMPT: Flaubert Giles -> tillSoil @ field_2 (Intent: low_pri_player_tillSoil_field_2)
NPC_ASSIGN_ATTEMPT: Flaubert Giles -> tillSoil @ field_2 (Intent: low_pri_player_tillSoil_field_2)
NPC_ASSIGN_ATTEMPT: Flaubert Giles -> tillSoil @ field_2 (Intent: low_pri_player_tillSoil_field_2)
NPC_ASSIGN_ATTEMPT: Flaubert Giles -> tillSoil @ field_2 (Intent: low_pri_player_tillSoil_field_2)
NPC_ASSIGN_ATTEMPT: Flaubert Giles -> tillSoil @ field_2 (Intent: low_pri_player_tillSoil_field_2)
NPC_ASSIGN_ATTEMPT: Flaubert Giles -> tillSoil @ field_2 (Intent: low_pri_player_tillSoil_field_2)
NPC_ASSIGN_ATTEMPT: Flaubert Giles -> tillSoil @ field_2 (Intent: low_pri_player_tillSoil_field_2)
NPC_ASSIGN_ATTEMPT: Flaubert Giles -> tillSoil @ field_2 (Intent: low_pri_player_tillSoil_field_2)
NPC_ASSIGN_ATTEMPT: Flaubert Giles -> tillSoil @ field_2 (Intent: low_pri_player_tillSoil_field_2)
NPC_ASSIGN_ATTEMPT: Flaubert Giles -> tillSoil @ field_2 (Intent: low_pri_player_tillSoil_field_2)
NPC_ASSIGN_ATTEMPT: Flaubert Giles -> tillSoil @ field_2 (Intent: low_pri_player_tillSoil_field_2)
NPC_ASSIGN_ATTEMPT: Flaubert Giles -> tillSoil @ field_2 (Intent: low_pri_player_tillSoil_field_2)
NPC_ASSIGN_ATTEMPT: Flaubert Giles -> tillSoil @ field_2 (Intent: low_pri_player_tillSoil_field_2)
NPC_ASSIGN_ATTEMPT: Flaubert Giles -> tillSoil @ field_2 (Intent: low_pri_player_tillSoil_field_2)
NPC_ASSIGN_ATTEMPT: Flaubert Giles -> tillSoil @ field_2 (Intent: low_pri_player_tillSoil_field_2)
NPC_ASSIGN_ATTEMPT: Flaubert Giles -> tillSoil @ field_2 (Intent: low_pri_player_tillSoil_field_2)
NPC_ASSIGN_ATTEMPT: Flaubert Giles -> eat @ kitchen (Intent: sched_eat_player_43)
NPC_ASSIGN_ATTEMPT: Flaubert Giles -> eat @ kitchen (Intent: sched_eat_butler_43)
NPC_ASSIGN_ATTEMPT: Partner -> eat @ kitchen (Intent: sched_eat_partner_43)
NPC_ASSIGN_ATTEMPT: Flaubert Giles -> paint @ study (Intent: sched_leisure_player)
NPC_ASSIGN_SKIP_ROOM: player already in queue for paint with intent sched_leisure_player
NPC_ASSIGN_ATTEMPT: Flaubert Giles -> goForWalk @ garden_lot (Intent: sched_leisure_butler)
ERROR: assignNpcToTask called with non-existent room ID: garden_lot
NPC_ASSIGN_ATTEMPT: Flaubert Giles -> goForWalk @ garden_lot (Intent: sched_leisure_butler)
ERROR: assignNpcToTask called with non-existent room ID: garden_lot
NPC_ASSIGN_ATTEMPT: Partner -> weights @ garden_lot (Intent: sched_leisure_partner)
ERROR: assignNpcToTask called with non-existent room ID: garden_lot
NPC_ASSIGN_ATTEMPT: Partner -> washHands @ bathroom_down (Intent: wash_hands_pre_sched_leisure_partner)
NPC_ASSIGN_ATTEMPT: Flaubert Giles -> paint @ study (Intent: sched_leisure_butler)
NPC_ASSIGN_ATTEMPT: Partner -> weights @ garden_lot (Intent: sched_leisure_partner)
ERROR: assignNpcToTask called with non-existent room ID: garden_lot
NPC_ASSIGN_ATTEMPT: Partner -> readBook @ vegetable_garden (Intent: sched_leisure_partner)
NPC_ASSIGN_ATTEMPT: Partner -> rest @ master_bedroom (Intent: high_priority_energy_partner)
NPC_ASSIGN_ATTEMPT: Flaubert Giles -> rest @ butler_quarters (Intent: high_priority_energy_butler)
NPC_ASSIGN_ATTEMPT: Flaubert Giles -> rest @ master_bedroom (Intent: sched_sleep_player_47)
NPC_ASSIGN_ATTEMPT: Flaubert Giles -> rest @ butler_quarters (Intent: sched_sleep_butler_47)
NPC_ASSIGN_ATTEMPT: Flaubert Giles -> rest @ butler_quarters (Intent: sched_sleep_butler_47)
NPC_ASSIGN_SKIP_ROOM: butler already in queue for rest with intent sched_sleep_butler_47
NPC_ASSIGN_ATTEMPT: Flaubert Giles -> rest @ butler_quarters (Intent: sched_sleep_butler_47)
NPC_ASSIGN_SKIP_ROOM: butler already in queue for rest with intent sched_sleep_butler_47
NPC_ASSIGN_ATTEMPT: Flaubert Giles -> rest @ butler_quarters (Intent: sched_sleep_butler_47)
NPC_ASSIGN_SKIP_ROOM: butler already in queue for rest with intent sched_sleep_butler_47
NPC_ASSIGN_ATTEMPT: Flaubert Giles -> rest @ butler_quarters (Intent: sched_sleep_butler_47)
NPC_ASSIGN_SKIP_ROOM: butler already in queue for rest with intent sched_sleep_butler_47
NPC_ASSIGN_ATTEMPT: Flaubert Giles -> rest @ butler_quarters (Intent: sched_sleep_butler_47)
NPC_ASSIGN_SKIP_ROOM: butler already in queue for rest with intent sched_sleep_butler_47
NPC_ASSIGN_ATTEMPT: Flaubert Giles -> rest @ butler_quarters (Intent: sched_sleep_butler_47)
NPC_ASSIGN_SKIP_ROOM: butler already in queue for rest with intent sched_sleep_butler_47
NPC_ASSIGN_ATTEMPT: Flaubert Giles -> rest @ butler_quarters (Intent: sched_sleep_butler_47)
NPC_ASSIGN_SKIP_ROOM: butler already in queue for rest with intent sched_sleep_butler_47
NPC_ASSIGN_ATTEMPT: Flaubert Giles -> rest @ butler_quarters (Intent: sched_sleep_butler_47)
NPC_ASSIGN_SKIP_ROOM: butler already in queue for rest with intent sched_sleep_butler_47
NPC_ASSIGN_ATTEMPT: Flaubert Giles -> rest @ butler_quarters (Intent: sched_sleep_butler_47)
NPC_ASSIGN_SKIP_ROOM: butler already in queue for rest with intent sched_sleep_butler_47
NPC_ASSIGN_ATTEMPT: Flaubert Giles -> rest @ butler_quarters (Intent: sched_sleep_butler_47)
NPC_ASSIGN_SKIP_ROOM: butler already in queue for rest with intent sched_sleep_butler_47
NPC_ASSIGN_ATTEMPT: Flaubert Giles -> rest @ butler_quarters (Intent: sched_sleep_butler_47)
NPC_ASSIGN_SKIP_ROOM: butler already in queue for rest with intent sched_sleep_butler_47
NPC_ASSIGN_ATTEMPT: Flaubert Giles -> rest @ butler_quarters (Intent: sched_sleep_butler_47)
NPC_ASSIGN_SKIP_ROOM: butler already in queue for rest with intent sched_sleep_butler_47
NPC_ASSIGN_ATTEMPT: Flaubert Giles -> rest @ butler_quarters (Intent: sched_sleep_butler_47)
NPC_ASSIGN_SKIP_ROOM: butler already in queue for rest with intent sched_sleep_butler_47
NPC_ASSIGN_ATTEMPT: Flaubert Giles -> rest @ butler_quarters (Intent: sched_sleep_butler_47)
NPC_ASSIGN_SKIP_ROOM: butler already in queue for rest with intent sched_sleep_butler_47
NPC_ASSIGN_ATTEMPT: Flaubert Giles -> rest @ butler_quarters (Intent: sched_sleep_butler_47)
NPC_ASSIGN_SKIP_ROOM: butler already in queue for rest with intent sched_sleep_butler_47
NPC_ASSIGN_ATTEMPT: Flaubert Giles -> rest @ butler_quarters (Intent: sched_sleep_butler_48)
NPC_ASSIGN_ATTEMPT: Flaubert Giles -> rest @ butler_quarters (Intent: sched_sleep_butler_48)
NPC_ASSIGN_SKIP_ROOM: butler already in queue for rest with intent sched_sleep_butler_48
NPC_ASSIGN_ATTEMPT: Flaubert Giles -> rest @ butler_quarters (Intent: sched_sleep_butler_48)
NPC_ASSIGN_SKIP_ROOM: butler already in queue for rest with intent sched_sleep_butler_48
NPC_ASSIGN_ATTEMPT: Flaubert Giles -> rest @ butler_quarters (Intent: sched_sleep_butler_48)
NPC_ASSIGN_SKIP_ROOM: butler already in queue for rest with intent sched_sleep_butler_48
NPC_ASSIGN_ATTEMPT: Flaubert Giles -> rest @ butler_quarters (Intent: sched_sleep_butler_48)
NPC_ASSIGN_SKIP_ROOM: butler already in queue for rest with intent sched_sleep_butler_48
NPC_ASSIGN_ATTEMPT: Flaubert Giles -> rest @ butler_quarters (Intent: sched_sleep_butler_48)
NPC_ASSIGN_SKIP_ROOM: butler already in queue for rest with intent sched_sleep_butler_48
NPC_ASSIGN_ATTEMPT: Flaubert Giles -> rest @ butler_quarters (Intent: sched_sleep_butler_48)
NPC_ASSIGN_SKIP_ROOM: butler already in queue for rest with intent sched_sleep_butler_48
NPC_ASSIGN_ATTEMPT: Flaubert Giles -> rest @ butler_quarters (Intent: sched_sleep_butler_48)
NPC_ASSIGN_SKIP_ROOM: butler already in queue for rest with intent sched_sleep_butler_48
NPC_ASSIGN_ATTEMPT: Flaubert Giles -> rest @ butler_quarters (Intent: sched_sleep_butler_48)
NPC_ASSIGN_SKIP_ROOM: butler already in queue for rest with intent sched_sleep_butler_48
NPC_ASSIGN_ATTEMPT: Flaubert Giles -> rest @ butler_quarters (Intent: sched_sleep_butler_48)
NPC_ASSIGN_SKIP_ROOM: butler already in queue for rest with intent sched_sleep_butler_48
NPC_ASSIGN_ATTEMPT: Flaubert Giles -> rest @ butler_quarters (Intent: sched_sleep_butler_48)
NPC_ASSIGN_SKIP_ROOM: butler already in queue for rest with intent sched_sleep_butler_48
NPC_ASSIGN_ATTEMPT: Flaubert Giles -> rest @ butler_quarters (Intent: sched_sleep_butler_48)
NPC_ASSIGN_SKIP_ROOM: butler already in queue for rest with intent sched_sleep_butler_48
NPC_ASSIGN_ATTEMPT: Flaubert Giles -> rest @ butler_quarters (Intent: sched_sleep_butler_48)
NPC_ASSIGN_SKIP_ROOM: butler already in queue for rest with intent sched_sleep_butler_48
NPC_ASSIGN_ATTEMPT: Flaubert Giles -> rest @ butler_quarters (Intent: sched_sleep_butler_48)
NPC_ASSIGN_SKIP_ROOM: butler already in queue for rest with intent sched_sleep_butler_48
NPC_ASSIGN_ATTEMPT: Flaubert Giles -> rest @ butler_quarters (Intent: sched_sleep_butler_48)
NPC_ASSIGN_SKIP_ROOM: butler already in queue for rest with intent sched_sleep_butler_48
NPC_ASSIGN_ATTEMPT: Partner -> rest @ master_bedroom (Intent: sched_sleep_partner_48)
NPC_ASSIGN_ATTEMPT: Flaubert Giles -> rest @ butler_quarters (Intent: sched_sleep_butler_48)
NPC_ASSIGN_SKIP_ROOM: butler already in queue for rest with intent sched_sleep_butler_48
NPC_ASSIGN_ATTEMPT: Partner -> rest @ master_bedroom (Intent: sched_sleep_partner_48)
NPC_ASSIGN_SKIP_ROOM: partner already in queue for rest with intent sched_sleep_partner_48
NPC_ASSIGN_ATTEMPT: Flaubert Giles -> rest @ butler_quarters (Intent: sched_sleep_butler_48)
NPC_ASSIGN_SKIP_ROOM: butler already in queue for rest with intent sched_sleep_butler_48
NPC_ASSIGN_ATTEMPT: Partner -> rest @ master_bedroom (Intent: sched_sleep_partner_48)
NPC_ASSIGN_SKIP_ROOM: partner already in queue for rest with intent sched_sleep_partner_48
NPC_ASSIGN_ATTEMPT: Flaubert Giles -> rest @ butler_quarters (Intent: sched_sleep_butler_48)
NPC_ASSIGN_SKIP_ROOM: butler already in queue for rest with intent sched_sleep_butler_48
NPC_ASSIGN_ATTEMPT: Partner -> rest @ master_bedroom (Intent: sched_sleep_partner_48)
NPC_ASSIGN_SKIP_ROOM: partner already in queue for rest with intent sched_sleep_partner_48
NPC_ASSIGN_ATTEMPT: Flaubert Giles -> rest @ butler_quarters (Intent: sched_sleep_butler_48)
NPC_ASSIGN_SKIP_ROOM: butler already in queue for rest with intent sched_sleep_butler_48
NPC_ASSIGN_ATTEMPT: Partner -> rest @ master_bedroom (Intent: sched_sleep_partner_48)
NPC_ASSIGN_SKIP_ROOM: partner already in queue for rest with intent sched_sleep_partner_48
NPC_ASSIGN_ATTEMPT: Flaubert Giles -> rest @ butler_quarters (Intent: sched_sleep_butler_48)
NPC_ASSIGN_SKIP_ROOM: butler already in queue for rest with intent sched_sleep_butler_48
NPC_ASSIGN_ATTEMPT: Partner -> rest @ master_bedroom (Intent: sched_sleep_partner_48)
NPC_ASSIGN_SKIP_ROOM: partner already in queue for rest with intent sched_sleep_partner_48
NPC_ASSIGN_ATTEMPT: Flaubert Giles -> rest @ butler_quarters (Intent: sched_sleep_butler_48)
NPC_ASSIGN_SKIP_ROOM: butler already in queue for rest with intent sched_sleep_butler_48
NPC_ASSIGN_ATTEMPT: Partner -> rest @ master_bedroom (Intent: sched_sleep_partner_48)
NPC_ASSIGN_SKIP_ROOM: partner already in queue for rest with intent sched_sleep_partner_48
NPC_ASSIGN_ATTEMPT: Flaubert Giles -> rest @ butler_quarters (Intent: sched_sleep_butler_48)
NPC_ASSIGN_SKIP_ROOM: butler already in queue for rest with intent sched_sleep_butler_48
NPC_ASSIGN_ATTEMPT: Partner -> rest @ master_bedroom (Intent: sched_sleep_partner_48)
NPC_ASSIGN_SKIP_ROOM: partner already in queue for rest with intent sched_sleep_partner_48
NPC_ASSIGN_ATTEMPT: Flaubert Giles -> rest @ butler_quarters (Intent: sched_sleep_butler_48)
NPC_ASSIGN_SKIP_ROOM: butler already in queue for rest with intent sched_sleep_butler_48
NPC_ASSIGN_ATTEMPT: Partner -> rest @ master_bedroom (Intent: sched_sleep_partner_48)
NPC_ASSIGN_SKIP_ROOM: partner already in queue for rest with intent sched_sleep_partner_48
NPC_ASSIGN_ATTEMPT: Flaubert Giles -> rest @ butler_quarters (Intent: sched_sleep_butler_48)
NPC_ASSIGN_SKIP_ROOM: butler already in queue for rest with intent sched_sleep_butler_48
NPC_ASSIGN_ATTEMPT: Partner -> rest @ master_bedroom (Intent: sched_sleep_partner_48)
NPC_ASSIGN_SKIP_ROOM: partner already in queue for rest with intent sched_sleep_partner_48
NPC_ASSIGN_ATTEMPT: Flaubert Giles -> rest @ butler_quarters (Intent: sched_sleep_butler_48)
NPC_ASSIGN_SKIP_ROOM: butler already in queue for rest with intent sched_sleep_butler_48
NPC_ASSIGN_ATTEMPT: Partner -> rest @ master_bedroom (Intent: sched_sleep_partner_48)
NPC_ASSIGN_SKIP_ROOM: partner already in queue for rest with intent sched_sleep_partner_48
NPC_ASSIGN_ATTEMPT: Flaubert Giles -> rest @ butler_quarters (Intent: sched_sleep_butler_48)
NPC_ASSIGN_SKIP_ROOM: butler already in queue for rest with intent sched_sleep_butler_48
NPC_ASSIGN_ATTEMPT: Partner -> rest @ master_bedroom (Intent: sched_sleep_partner_48)
NPC_ASSIGN_SKIP_ROOM: partner already in queue for rest with intent sched_sleep_partner_48
NPC_ASSIGN_ATTEMPT: Flaubert Giles -> rest @ butler_quarters (Intent: sched_sleep_butler_48)
NPC_ASSIGN_SKIP_ROOM: butler already in queue for rest with intent sched_sleep_butler_48
NPC_ASSIGN_ATTEMPT: Partner -> rest @ master_bedroom (Intent: sched_sleep_partner_48)
NPC_ASSIGN_SKIP_ROOM: partner already in queue for rest with intent sched_sleep_partner_48
NPC_ASSIGN_ATTEMPT: Flaubert Giles -> rest @ butler_quarters (Intent: sched_sleep_butler_48)
NPC_ASSIGN_SKIP_ROOM: butler already in queue for rest with intent sched_sleep_butler_48
NPC_ASSIGN_ATTEMPT: Partner -> rest @ master_bedroom (Intent: sched_sleep_partner_48)
NPC_ASSIGN_SKIP_ROOM: partner already in queue for rest with intent sched_sleep_partner_48
NPC_ASSIGN_ATTEMPT: Flaubert Giles -> rest @ butler_quarters (Intent: sched_sleep_butler_48)
NPC_ASSIGN_SKIP_ROOM: butler already in queue for rest with intent sched_sleep_butler_48
NPC_ASSIGN_ATTEMPT: Partner -> rest @ master_bedroom (Intent: sched_sleep_partner_48)
NPC_ASSIGN_SKIP_ROOM: partner already in queue for rest with intent sched_sleep_partner_48
NPC_ASSIGN_ATTEMPT: Flaubert Giles -> rest @ butler_quarters (Intent: sched_sleep_butler_48)
NPC_ASSIGN_SKIP_ROOM: butler already in queue for rest with intent sched_sleep_butler_48
NPC_ASSIGN_ATTEMPT: Partner -> rest @ master_bedroom (Intent: sched_sleep_partner_48)
NPC_ASSIGN_SKIP_ROOM: partner already in queue for rest with intent sched_sleep_partner_48
NPC_ASSIGN_ATTEMPT: Flaubert Giles -> rest @ butler_quarters (Intent: sched_sleep_butler_48)
NPC_ASSIGN_SKIP_ROOM: butler already in queue for rest with intent sched_sleep_butler_48
NPC_ASSIGN_ATTEMPT: Partner -> rest @ master_bedroom (Intent: sched_sleep_partner_48)
NPC_ASSIGN_SKIP_ROOM: partner already in queue for rest with intent sched_sleep_partner_48
NPC_ASSIGN_ATTEMPT: Flaubert Giles -> rest @ butler_quarters (Intent: sched_sleep_butler_48)
NPC_ASSIGN_SKIP_ROOM: butler already in queue for rest with intent sched_sleep_butler_48
NPC_ASSIGN_ATTEMPT: Partner -> rest @ master_bedroom (Intent: sched_sleep_partner_48)
NPC_ASSIGN_SKIP_ROOM: partner already in queue for rest with intent sched_sleep_partner_48
NPC_ASSIGN_ATTEMPT: Flaubert Giles -> rest @ butler_quarters (Intent: sched_sleep_butler_48)
NPC_ASSIGN_SKIP_ROOM: butler already in queue for rest with intent sched_sleep_butler_48
NPC_ASSIGN_ATTEMPT: Partner -> rest @ master_bedroom (Intent: sched_sleep_partner_48)
NPC_ASSIGN_SKIP_ROOM: partner already in queue for rest with intent sched_sleep_partner_48
NPC_ASSIGN_ATTEMPT: Flaubert Giles -> rest @ butler_quarters (Intent: sched_sleep_butler_48)
NPC_ASSIGN_SKIP_ROOM: butler already in queue for rest with intent sched_sleep_butler_48
NPC_ASSIGN_ATTEMPT: Partner -> rest @ master_bedroom (Intent: sched_sleep_partner_48)
NPC_ASSIGN_SKIP_ROOM: partner already in queue for rest with intent sched_sleep_partner_48
NPC_ASSIGN_ATTEMPT: Flaubert Giles -> rest @ butler_quarters (Intent: sched_sleep_butler_48)
NPC_ASSIGN_SKIP_ROOM: butler already in queue for rest with intent sched_sleep_butler_48
NPC_ASSIGN_ATTEMPT: Partner -> rest @ master_bedroom (Intent: sched_sleep_partner_48)
NPC_ASSIGN_SKIP_ROOM: partner already in queue for rest with intent sched_sleep_partner_48
NPC_ASSIGN_ATTEMPT: Flaubert Giles -> rest @ butler_quarters (Intent: sched_sleep_butler_48)
NPC_ASSIGN_SKIP_ROOM: butler already in queue for rest with intent sched_sleep_butler_48
NPC_ASSIGN_ATTEMPT: Partner -> rest @ master_bedroom (Intent: sched_sleep_partner_48)
NPC_ASSIGN_SKIP_ROOM: partner already in queue for rest with intent sched_sleep_partner_48
NPC_ASSIGN_ATTEMPT: Flaubert Giles -> rest @ butler_quarters (Intent: sched_sleep_butler_48)
NPC_ASSIGN_SKIP_ROOM: butler already in queue for rest with intent sched_sleep_butler_48
NPC_ASSIGN_ATTEMPT: Partner -> rest @ master_bedroom (Intent: sched_sleep_partner_48)
NPC_ASSIGN_SKIP_ROOM: partner already in queue for rest with intent sched_sleep_partner_48
NPC_ASSIGN_ATTEMPT: Flaubert Giles -> rest @ butler_quarters (Intent: sched_sleep_butler_48)
NPC_ASSIGN_SKIP_ROOM: butler already in queue for rest with intent sched_sleep_butler_48
NPC_ASSIGN_ATTEMPT: Partner -> rest @ master_bedroom (Intent: sched_sleep_partner_48)
NPC_ASSIGN_SKIP_ROOM: partner already in queue for rest with intent sched_sleep_partner_48
NPC_ASSIGN_ATTEMPT: Flaubert Giles -> useToilet @ bathroom_down (Intent: high_priority_toilet_butler)
NPC_ASSIGN_ATTEMPT: Partner -> rest @ master_bedroom (Intent: sched_sleep_partner_48)
NPC_ASSIGN_SKIP_ROOM: partner already in queue for rest with intent sched_sleep_partner_48
NPC_ASSIGN_ATTEMPT: Partner -> rest @ master_bedroom (Intent: sched_sleep_partner_48)
NPC_ASSIGN_SKIP_ROOM: partner already in queue for rest with intent sched_sleep_partner_48
NPC_ASSIGN_ATTEMPT: Flaubert Giles -> useToilet @ bathroom_up (Intent: high_priority_toilet_player)
NPC_ASSIGN_ATTEMPT: Partner -> rest @ master_bedroom (Intent: sched_sleep_partner_48)
NPC_ASSIGN_SKIP_ROOM: partner already in queue for rest with intent sched_sleep_partner_48
NPC_ASSIGN_ATTEMPT: Partner -> rest @ master_bedroom (Intent: sched_sleep_partner_48)
NPC_ASSIGN_SKIP_ROOM: partner already in queue for rest with intent sched_sleep_partner_48
NPC_ASSIGN_ATTEMPT: Partner -> rest @ master_bedroom (Intent: sched_sleep_partner_48)
NPC_ASSIGN_SKIP_ROOM: partner already in queue for rest with intent sched_sleep_partner_48
NPC_ASSIGN_ATTEMPT: Partner -> useToilet @ bathroom_up (Intent: high_priority_toilet_partner)
NPC_ASSIGN_ATTEMPT: Flaubert Giles -> washHands @ bathroom_down (Intent: wash_hands_post_toilet_task_butler_1781825884225897_useToilet)
NPC_ASSIGN_ATTEMPT: Flaubert Giles -> washHands @ bathroom_up (Intent: wash_hands_post_toilet_task_player_1781825884226822_useToilet)
NPC_ASSIGN_ATTEMPT: Partner -> washHands @ bathroom_up (Intent: wash_hands_post_toilet_task_partner_1781825884227626_useToilet)
NPC_ASSIGN_ATTEMPT: Flaubert Giles -> rest @ butler_quarters (Intent: sched_sleep_butler_49)
NPC_ASSIGN_ATTEMPT: Flaubert Giles -> rest @ master_bedroom (Intent: sched_sleep_player_47)
NPC_ASSIGN_SKIP_ROOM: player already in queue for rest with intent sched_sleep_player_47
NPC_ASSIGN_ATTEMPT: Partner -> rest @ master_bedroom (Intent: sched_sleep_partner_49)
NPC_ASSIGN_ATTEMPT: Flaubert Giles -> rest @ butler_quarters (Intent: sched_sleep_butler_49)
NPC_ASSIGN_SKIP_ROOM: butler already in queue for rest with intent sched_sleep_butler_49
NPC_ASSIGN_ATTEMPT: Flaubert Giles -> rest @ butler_quarters (Intent: sched_sleep_butler_49)
NPC_ASSIGN_SKIP_ROOM: butler already in queue for rest with intent sched_sleep_butler_49
NPC_ASSIGN_ATTEMPT: Flaubert Giles -> rest @ butler_quarters (Intent: sched_sleep_butler_49)
NPC_ASSIGN_SKIP_ROOM: butler already in queue for rest with intent sched_sleep_butler_49
NPC_ASSIGN_ATTEMPT: Flaubert Giles -> rest @ butler_quarters (Intent: sched_sleep_butler_49)
NPC_ASSIGN_SKIP_ROOM: butler already in queue for rest with intent sched_sleep_butler_49
NPC_ASSIGN_ATTEMPT: Flaubert Giles -> rest @ butler_quarters (Intent: sched_sleep_butler_49)
NPC_ASSIGN_SKIP_ROOM: butler already in queue for rest with intent sched_sleep_butler_49
NPC_ASSIGN_ATTEMPT: Flaubert Giles -> rest @ butler_quarters (Intent: sched_sleep_butler_49)
NPC_ASSIGN_SKIP_ROOM: butler already in queue for rest with intent sched_sleep_butler_49
NPC_ASSIGN_ATTEMPT: Flaubert Giles -> rest @ butler_quarters (Intent: sched_sleep_butler_49)
NPC_ASSIGN_SKIP_ROOM: butler already in queue for rest with intent sched_sleep_butler_49
NPC_ASSIGN_ATTEMPT: Flaubert Giles -> rest @ butler_quarters (Intent: sched_sleep_butler_49)
NPC_ASSIGN_SKIP_ROOM: butler already in queue for rest with intent sched_sleep_butler_49
NPC_ASSIGN_ATTEMPT: Flaubert Giles -> rest @ butler_quarters (Intent: sched_sleep_butler_49)
NPC_ASSIGN_SKIP_ROOM: butler already in queue for rest with intent sched_sleep_butler_49
NPC_ASSIGN_ATTEMPT: Flaubert Giles -> rest @ butler_quarters (Intent: sched_sleep_butler_49)
NPC_ASSIGN_SKIP_ROOM: butler already in queue for rest with intent sched_sleep_butler_49
NPC_ASSIGN_ATTEMPT: Flaubert Giles -> rest @ butler_quarters (Intent: sched_sleep_butler_49)
NPC_ASSIGN_SKIP_ROOM: butler already in queue for rest with intent sched_sleep_butler_49
NPC_ASSIGN_ATTEMPT: Flaubert Giles -> rest @ butler_quarters (Intent: sched_sleep_butler_49)
NPC_ASSIGN_SKIP_ROOM: butler already in queue for rest with intent sched_sleep_butler_49
NPC_ASSIGN_ATTEMPT: Partner -> rest @ master_bedroom (Intent: sched_sleep_partner_49)
NPC_ASSIGN_SKIP_ROOM: partner already in queue for rest with intent sched_sleep_partner_49
NPC_ASSIGN_ATTEMPT: Flaubert Giles -> rest @ butler_quarters (Intent: sched_sleep_butler_49)
NPC_ASSIGN_SKIP_ROOM: butler already in queue for rest with intent sched_sleep_butler_49
NPC_ASSIGN_ATTEMPT: Partner -> rest @ master_bedroom (Intent: sched_sleep_partner_49)
NPC_ASSIGN_SKIP_ROOM: partner already in queue for rest with intent sched_sleep_partner_49
NPC_ASSIGN_ATTEMPT: Flaubert Giles -> rest @ butler_quarters (Intent: sched_sleep_butler_49)
NPC_ASSIGN_SKIP_ROOM: butler already in queue for rest with intent sched_sleep_butler_49
NPC_ASSIGN_ATTEMPT: Partner -> rest @ master_bedroom (Intent: sched_sleep_partner_49)
NPC_ASSIGN_SKIP_ROOM: partner already in queue for rest with intent sched_sleep_partner_49
NPC_ASSIGN_ATTEMPT: Flaubert Giles -> rest @ butler_quarters (Intent: sched_sleep_butler_49)
NPC_ASSIGN_SKIP_ROOM: butler already in queue for rest with intent sched_sleep_butler_49
NPC_ASSIGN_ATTEMPT: Partner -> rest @ master_bedroom (Intent: sched_sleep_partner_49)
NPC_ASSIGN_SKIP_ROOM: partner already in queue for rest with intent sched_sleep_partner_49
NPC_ASSIGN_ATTEMPT: Flaubert Giles -> rest @ butler_quarters (Intent: sched_sleep_butler_49)
NPC_ASSIGN_SKIP_ROOM: butler already in queue for rest with intent sched_sleep_butler_49
NPC_ASSIGN_ATTEMPT: Partner -> rest @ master_bedroom (Intent: sched_sleep_partner_49)
NPC_ASSIGN_SKIP_ROOM: partner already in queue for rest with intent sched_sleep_partner_49
NPC_ASSIGN_ATTEMPT: Flaubert Giles -> rest @ butler_quarters (Intent: sched_sleep_butler_49)
NPC_ASSIGN_SKIP_ROOM: butler already in queue for rest with intent sched_sleep_butler_49
NPC_ASSIGN_ATTEMPT: Partner -> rest @ master_bedroom (Intent: sched_sleep_partner_49)
NPC_ASSIGN_SKIP_ROOM: partner already in queue for rest with intent sched_sleep_partner_49
NPC_ASSIGN_ATTEMPT: Flaubert Giles -> rest @ butler_quarters (Intent: sched_sleep_butler_49)
NPC_ASSIGN_SKIP_ROOM: butler already in queue for rest with intent sched_sleep_butler_49
NPC_ASSIGN_ATTEMPT: Partner -> rest @ master_bedroom (Intent: sched_sleep_partner_49)
NPC_ASSIGN_SKIP_ROOM: partner already in queue for rest with intent sched_sleep_partner_49
NPC_ASSIGN_ATTEMPT: Flaubert Giles -> rest @ butler_quarters (Intent: sched_sleep_butler_49)
NPC_ASSIGN_SKIP_ROOM: butler already in queue for rest with intent sched_sleep_butler_49
NPC_ASSIGN_ATTEMPT: Partner -> rest @ master_bedroom (Intent: sched_sleep_partner_49)
NPC_ASSIGN_SKIP_ROOM: partner already in queue for rest with intent sched_sleep_partner_49
NPC_ASSIGN_ATTEMPT: Flaubert Giles -> rest @ butler_quarters (Intent: sched_sleep_butler_49)
NPC_ASSIGN_SKIP_ROOM: butler already in queue for rest with intent sched_sleep_butler_49
NPC_ASSIGN_ATTEMPT: Partner -> rest @ master_bedroom (Intent: sched_sleep_partner_49)
NPC_ASSIGN_SKIP_ROOM: partner already in queue for rest with intent sched_sleep_partner_49
NPC_ASSIGN_ATTEMPT: Flaubert Giles -> rest @ butler_quarters (Intent: sched_sleep_butler_49)
NPC_ASSIGN_SKIP_ROOM: butler already in queue for rest with intent sched_sleep_butler_49
NPC_ASSIGN_ATTEMPT: Partner -> rest @ master_bedroom (Intent: sched_sleep_partner_49)
NPC_ASSIGN_SKIP_ROOM: partner already in queue for rest with intent sched_sleep_partner_49
NPC_ASSIGN_ATTEMPT: Flaubert Giles -> rest @ butler_quarters (Intent: sched_sleep_butler_49)
NPC_ASSIGN_SKIP_ROOM: butler already in queue for rest with intent sched_sleep_butler_49
NPC_ASSIGN_ATTEMPT: Partner -> rest @ master_bedroom (Intent: sched_sleep_partner_49)
NPC_ASSIGN_SKIP_ROOM: partner already in queue for rest with intent sched_sleep_partner_49
NPC_ASSIGN_ATTEMPT: Flaubert Giles -> rest @ butler_quarters (Intent: sched_sleep_butler_49)
NPC_ASSIGN_SKIP_ROOM: butler already in queue for rest with intent sched_sleep_butler_49
NPC_ASSIGN_ATTEMPT: Partner -> rest @ master_bedroom (Intent: sched_sleep_partner_49)
NPC_ASSIGN_SKIP_ROOM: partner already in queue for rest with intent sched_sleep_partner_49
NPC_ASSIGN_ATTEMPT: Flaubert Giles -> rest @ butler_quarters (Intent: sched_sleep_butler_49)
NPC_ASSIGN_SKIP_ROOM: butler already in queue for rest with intent sched_sleep_butler_49
NPC_ASSIGN_ATTEMPT: Partner -> rest @ master_bedroom (Intent: sched_sleep_partner_49)
NPC_ASSIGN_SKIP_ROOM: partner already in queue for rest with intent sched_sleep_partner_49
NPC_ASSIGN_ATTEMPT: Flaubert Giles -> rest @ master_bedroom (Intent: sched_sleep_player_49)
NPC_ASSIGN_ATTEMPT: Flaubert Giles -> rest @ butler_quarters (Intent: sched_sleep_butler_49)
NPC_ASSIGN_SKIP_ROOM: butler already in queue for rest with intent sched_sleep_butler_49
NPC_ASSIGN_ATTEMPT: Partner -> rest @ master_bedroom (Intent: sched_sleep_partner_49)
NPC_ASSIGN_SKIP_ROOM: partner already in queue for rest with intent sched_sleep_partner_49
NPC_ASSIGN_ATTEMPT: Flaubert Giles -> rest @ master_bedroom (Intent: sched_sleep_player_49)
NPC_ASSIGN_SKIP_ROOM: player already in queue for rest with intent sched_sleep_player_49
NPC_ASSIGN_ATTEMPT: Flaubert Giles -> rest @ butler_quarters (Intent: sched_sleep_butler_49)
NPC_ASSIGN_SKIP_ROOM: butler already in queue for rest with intent sched_sleep_butler_49
NPC_ASSIGN_ATTEMPT: Partner -> rest @ master_bedroom (Intent: sched_sleep_partner_49)
NPC_ASSIGN_SKIP_ROOM: partner already in queue for rest with intent sched_sleep_partner_49
NPC_ASSIGN_ATTEMPT: Flaubert Giles -> rest @ master_bedroom (Intent: sched_sleep_player_49)
NPC_ASSIGN_SKIP_ROOM: player already in queue for rest with intent sched_sleep_player_49
NPC_ASSIGN_ATTEMPT: Flaubert Giles -> rest @ butler_quarters (Intent: sched_sleep_butler_49)
NPC_ASSIGN_SKIP_ROOM: butler already in queue for rest with intent sched_sleep_butler_49
NPC_ASSIGN_ATTEMPT: Partner -> rest @ master_bedroom (Intent: sched_sleep_partner_49)
NPC_ASSIGN_SKIP_ROOM: partner already in queue for rest with intent sched_sleep_partner_49
NPC_ASSIGN_ATTEMPT: Flaubert Giles -> rest @ master_bedroom (Intent: sched_sleep_player_49)
NPC_ASSIGN_SKIP_ROOM: player already in queue for rest with intent sched_sleep_player_49
NPC_ASSIGN_ATTEMPT: Flaubert Giles -> rest @ butler_quarters (Intent: sched_sleep_butler_49)
NPC_ASSIGN_SKIP_ROOM: butler already in queue for rest with intent sched_sleep_butler_49
NPC_ASSIGN_ATTEMPT: Partner -> rest @ master_bedroom (Intent: sched_sleep_partner_49)
NPC_ASSIGN_SKIP_ROOM: partner already in queue for rest with intent sched_sleep_partner_49
NPC_ASSIGN_ATTEMPT: Flaubert Giles -> rest @ master_bedroom (Intent: sched_sleep_player_49)
NPC_ASSIGN_SKIP_ROOM: player already in queue for rest with intent sched_sleep_player_49
NPC_ASSIGN_ATTEMPT: Flaubert Giles -> rest @ butler_quarters (Intent: sched_sleep_butler_49)
NPC_ASSIGN_SKIP_ROOM: butler already in queue for rest with intent sched_sleep_butler_49
NPC_ASSIGN_ATTEMPT: Partner -> rest @ master_bedroom (Intent: sched_sleep_partner_49)
NPC_ASSIGN_SKIP_ROOM: partner already in queue for rest with intent sched_sleep_partner_49
NPC_ASSIGN_ATTEMPT: Flaubert Giles -> rest @ master_bedroom (Intent: sched_sleep_player_49)
NPC_ASSIGN_SKIP_ROOM: player already in queue for rest with intent sched_sleep_player_49
NPC_ASSIGN_ATTEMPT: Flaubert Giles -> rest @ butler_quarters (Intent: sched_sleep_butler_49)
NPC_ASSIGN_SKIP_ROOM: butler already in queue for rest with intent sched_sleep_butler_49
NPC_ASSIGN_ATTEMPT: Partner -> rest @ master_bedroom (Intent: sched_sleep_partner_49)
NPC_ASSIGN_SKIP_ROOM: partner already in queue for rest with intent sched_sleep_partner_49
NPC_ASSIGN_ATTEMPT: Flaubert Giles -> rest @ master_bedroom (Intent: sched_sleep_player_49)
NPC_ASSIGN_SKIP_ROOM: player already in queue for rest with intent sched_sleep_player_49
NPC_ASSIGN_ATTEMPT: Flaubert Giles -> rest @ butler_quarters (Intent: sched_sleep_butler_49)
NPC_ASSIGN_SKIP_ROOM: butler already in queue for rest with intent sched_sleep_butler_49
NPC_ASSIGN_ATTEMPT: Partner -> rest @ master_bedroom (Intent: sched_sleep_partner_49)
NPC_ASSIGN_SKIP_ROOM: partner already in queue for rest with intent sched_sleep_partner_49
NPC_ASSIGN_ATTEMPT: Flaubert Giles -> rest @ master_bedroom (Intent: sched_sleep_player_49)
NPC_ASSIGN_SKIP_ROOM: player already in queue for rest with intent sched_sleep_player_49
NPC_ASSIGN_ATTEMPT: Flaubert Giles -> rest @ butler_quarters (Intent: sched_sleep_butler_49)
NPC_ASSIGN_SKIP_ROOM: butler already in queue for rest with intent sched_sleep_butler_49
NPC_ASSIGN_ATTEMPT: Partner -> rest @ master_bedroom (Intent: sched_sleep_partner_49)
NPC_ASSIGN_SKIP_ROOM: partner already in queue for rest with intent sched_sleep_partner_49
NPC_ASSIGN_ATTEMPT: Flaubert Giles -> rest @ master_bedroom (Intent: sched_sleep_player_49)
NPC_ASSIGN_SKIP_ROOM: player already in queue for rest with intent sched_sleep_player_49
NPC_ASSIGN_ATTEMPT: Flaubert Giles -> rest @ butler_quarters (Intent: sched_sleep_butler_49)
NPC_ASSIGN_SKIP_ROOM: butler already in queue for rest with intent sched_sleep_butler_49
NPC_ASSIGN_ATTEMPT: Partner -> rest @ master_bedroom (Intent: sched_sleep_partner_49)
NPC_ASSIGN_SKIP_ROOM: partner already in queue for rest with intent sched_sleep_partner_49
NPC_ASSIGN_ATTEMPT: Flaubert Giles -> rest @ master_bedroom (Intent: sched_sleep_player_49)
NPC_ASSIGN_SKIP_ROOM: player already in queue for rest with intent sched_sleep_player_49
NPC_ASSIGN_ATTEMPT: Flaubert Giles -> rest @ butler_quarters (Intent: sched_sleep_butler_49)
NPC_ASSIGN_SKIP_ROOM: butler already in queue for rest with intent sched_sleep_butler_49
NPC_ASSIGN_ATTEMPT: Partner -> rest @ master_bedroom (Intent: sched_sleep_partner_49)
NPC_ASSIGN_SKIP_ROOM: partner already in queue for rest with intent sched_sleep_partner_49
NPC_ASSIGN_ATTEMPT: Flaubert Giles -> rest @ master_bedroom (Intent: sched_sleep_player_49)
NPC_ASSIGN_SKIP_ROOM: player already in queue for rest with intent sched_sleep_player_49
NPC_ASSIGN_ATTEMPT: Flaubert Giles -> rest @ butler_quarters (Intent: sched_sleep_butler_49)
NPC_ASSIGN_SKIP_ROOM: butler already in queue for rest with intent sched_sleep_butler_49
NPC_ASSIGN_ATTEMPT: Partner -> rest @ master_bedroom (Intent: sched_sleep_partner_49)
NPC_ASSIGN_SKIP_ROOM: partner already in queue for rest with intent sched_sleep_partner_49
NPC_ASSIGN_ATTEMPT: Flaubert Giles -> rest @ master_bedroom (Intent: sched_sleep_player_49)
NPC_ASSIGN_SKIP_ROOM: player already in queue for rest with intent sched_sleep_player_49
NPC_ASSIGN_ATTEMPT: Flaubert Giles -> rest @ butler_quarters (Intent: sched_sleep_butler_49)
NPC_ASSIGN_SKIP_ROOM: butler already in queue for rest with intent sched_sleep_butler_49
NPC_ASSIGN_ATTEMPT: Partner -> rest @ master_bedroom (Intent: sched_sleep_partner_49)
NPC_ASSIGN_SKIP_ROOM: partner already in queue for rest with intent sched_sleep_partner_49
NPC_ASSIGN_ATTEMPT: Flaubert Giles -> rest @ master_bedroom (Intent: sched_sleep_player_49)
NPC_ASSIGN_SKIP_ROOM: player already in queue for rest with intent sched_sleep_player_49
NPC_ASSIGN_ATTEMPT: Flaubert Giles -> rest @ butler_quarters (Intent: sched_sleep_butler_49)
NPC_ASSIGN_SKIP_ROOM: butler already in queue for rest with intent sched_sleep_butler_49
NPC_ASSIGN_ATTEMPT: Partner -> rest @ master_bedroom (Intent: sched_sleep_partner_49)
NPC_ASSIGN_SKIP_ROOM: partner already in queue for rest with intent sched_sleep_partner_49
NPC_ASSIGN_ATTEMPT: Flaubert Giles -> rest @ master_bedroom (Intent: sched_sleep_player_49)
NPC_ASSIGN_SKIP_ROOM: player already in queue for rest with intent sched_sleep_player_49
NPC_ASSIGN_ATTEMPT: Flaubert Giles -> rest @ butler_quarters (Intent: sched_sleep_butler_49)
NPC_ASSIGN_SKIP_ROOM: butler already in queue for rest with intent sched_sleep_butler_49
NPC_ASSIGN_ATTEMPT: Partner -> rest @ master_bedroom (Intent: sched_sleep_partner_49)
NPC_ASSIGN_SKIP_ROOM: partner already in queue for rest with intent sched_sleep_partner_49
NPC_ASSIGN_ATTEMPT: Flaubert Giles -> rest @ master_bedroom (Intent: sched_sleep_player_49)
NPC_ASSIGN_SKIP_ROOM: player already in queue for rest with intent sched_sleep_player_49
NPC_ASSIGN_ATTEMPT: Flaubert Giles -> rest @ butler_quarters (Intent: sched_sleep_butler_49)
NPC_ASSIGN_SKIP_ROOM: butler already in queue for rest with intent sched_sleep_butler_49
NPC_ASSIGN_ATTEMPT: Partner -> rest @ master_bedroom (Intent: sched_sleep_partner_49)
NPC_ASSIGN_SKIP_ROOM: partner already in queue for rest with intent sched_sleep_partner_49
NPC_ASSIGN_ATTEMPT: Flaubert Giles -> rest @ master_bedroom (Intent: sched_sleep_player_50)
NPC_ASSIGN_ATTEMPT: Flaubert Giles -> rest @ butler_quarters (Intent: sched_sleep_butler_50)
NPC_ASSIGN_ATTEMPT: Partner -> rest @ master_bedroom (Intent: sched_sleep_partner_50)
NPC_ASSIGN_ATTEMPT: Flaubert Giles -> rest @ master_bedroom (Intent: sched_sleep_player_50)
NPC_ASSIGN_SKIP_ROOM: player already in queue for rest with intent sched_sleep_player_50
NPC_ASSIGN_ATTEMPT: Flaubert Giles -> rest @ butler_quarters (Intent: sched_sleep_butler_50)
NPC_ASSIGN_SKIP_ROOM: butler already in queue for rest with intent sched_sleep_butler_50
NPC_ASSIGN_ATTEMPT: Partner -> rest @ master_bedroom (Intent: sched_sleep_partner_50)
NPC_ASSIGN_SKIP_ROOM: partner already in queue for rest with intent sched_sleep_partner_50
NPC_ASSIGN_ATTEMPT: Flaubert Giles -> rest @ master_bedroom (Intent: sched_sleep_player_50)
NPC_ASSIGN_SKIP_ROOM: player already in queue for rest with intent sched_sleep_player_50
NPC_ASSIGN_ATTEMPT: Flaubert Giles -> rest @ butler_quarters (Intent: sched_sleep_butler_50)
NPC_ASSIGN_SKIP_ROOM: butler already in queue for rest with intent sched_sleep_butler_50
NPC_ASSIGN_ATTEMPT: Partner -> rest @ master_bedroom (Intent: sched_sleep_partner_50)
NPC_ASSIGN_SKIP_ROOM: partner already in queue for rest with intent sched_sleep_partner_50
NPC_ASSIGN_ATTEMPT: Flaubert Giles -> rest @ master_bedroom (Intent: sched_sleep_player_50)
NPC_ASSIGN_SKIP_ROOM: player already in queue for rest with intent sched_sleep_player_50
NPC_ASSIGN_ATTEMPT: Flaubert Giles -> rest @ butler_quarters (Intent: sched_sleep_butler_50)
NPC_ASSIGN_SKIP_ROOM: butler already in queue for rest with intent sched_sleep_butler_50
NPC_ASSIGN_ATTEMPT: Partner -> rest @ master_bedroom (Intent: sched_sleep_partner_50)
NPC_ASSIGN_SKIP_ROOM: partner already in queue for rest with intent sched_sleep_partner_50
NPC_ASSIGN_ATTEMPT: Flaubert Giles -> rest @ master_bedroom (Intent: sched_sleep_player_50)
NPC_ASSIGN_SKIP_ROOM: player already in queue for rest with intent sched_sleep_player_50
NPC_ASSIGN_ATTEMPT: Flaubert Giles -> rest @ butler_quarters (Intent: sched_sleep_butler_50)
NPC_ASSIGN_SKIP_ROOM: butler already in queue for rest with intent sched_sleep_butler_50
NPC_ASSIGN_ATTEMPT: Partner -> rest @ master_bedroom (Intent: sched_sleep_partner_50)
NPC_ASSIGN_SKIP_ROOM: partner already in queue for rest with intent sched_sleep_partner_50
NPC_ASSIGN_ATTEMPT: Flaubert Giles -> rest @ master_bedroom (Intent: sched_sleep_player_50)
NPC_ASSIGN_SKIP_ROOM: player already in queue for rest with intent sched_sleep_player_50
NPC_ASSIGN_ATTEMPT: Flaubert Giles -> rest @ butler_quarters (Intent: sched_sleep_butler_50)
NPC_ASSIGN_SKIP_ROOM: butler already in queue for rest with intent sched_sleep_butler_50
NPC_ASSIGN_ATTEMPT: Partner -> rest @ master_bedroom (Intent: sched_sleep_partner_50)
NPC_ASSIGN_SKIP_ROOM: partner already in queue for rest with intent sched_sleep_partner_50
NPC_ASSIGN_ATTEMPT: Flaubert Giles -> rest @ master_bedroom (Intent: sched_sleep_player_50)
NPC_ASSIGN_SKIP_ROOM: player already in queue for rest with intent sched_sleep_player_50
NPC_ASSIGN_ATTEMPT: Flaubert Giles -> rest @ butler_quarters (Intent: sched_sleep_butler_50)
NPC_ASSIGN_SKIP_ROOM: butler already in queue for rest with intent sched_sleep_butler_50
NPC_ASSIGN_ATTEMPT: Partner -> rest @ master_bedroom (Intent: sched_sleep_partner_50)
NPC_ASSIGN_SKIP_ROOM: partner already in queue for rest with intent sched_sleep_partner_50
NPC_ASSIGN_ATTEMPT: Flaubert Giles -> rest @ master_bedroom (Intent: sched_sleep_player_50)
NPC_ASSIGN_SKIP_ROOM: player already in queue for rest with intent sched_sleep_player_50
NPC_ASSIGN_ATTEMPT: Flaubert Giles -> rest @ butler_quarters (Intent: sched_sleep_butler_50)
NPC_ASSIGN_SKIP_ROOM: butler already in queue for rest with intent sched_sleep_butler_50
NPC_ASSIGN_ATTEMPT: Partner -> rest @ master_bedroom (Intent: sched_sleep_partner_50)
NPC_ASSIGN_SKIP_ROOM: partner already in queue for rest with intent sched_sleep_partner_50
NPC_ASSIGN_ATTEMPT: Flaubert Giles -> rest @ master_bedroom (Intent: sched_sleep_player_50)
NPC_ASSIGN_SKIP_ROOM: player already in queue for rest with intent sched_sleep_player_50
NPC_ASSIGN_ATTEMPT: Flaubert Giles -> rest @ butler_quarters (Intent: sched_sleep_butler_50)
NPC_ASSIGN_SKIP_ROOM: butler already in queue for rest with intent sched_sleep_butler_50
NPC_ASSIGN_ATTEMPT: Partner -> rest @ master_bedroom (Intent: sched_sleep_partner_50)
NPC_ASSIGN_SKIP_ROOM: partner already in queue for rest with intent sched_sleep_partner_50
NPC_ASSIGN_ATTEMPT: Flaubert Giles -> rest @ master_bedroom (Intent: sched_sleep_player_50)
NPC_ASSIGN_SKIP_ROOM: player already in queue for rest with intent sched_sleep_player_50
NPC_ASSIGN_ATTEMPT: Flaubert Giles -> rest @ butler_quarters (Intent: sched_sleep_butler_50)
NPC_ASSIGN_SKIP_ROOM: butler already in queue for rest with intent sched_sleep_butler_50
NPC_ASSIGN_ATTEMPT: Partner -> rest @ master_bedroom (Intent: sched_sleep_partner_50)
NPC_ASSIGN_SKIP_ROOM: partner already in queue for rest with intent sched_sleep_partner_50
NPC_ASSIGN_ATTEMPT: Flaubert Giles -> rest @ master_bedroom (Intent: sched_sleep_player_50)
NPC_ASSIGN_SKIP_ROOM: player already in queue for rest with intent sched_sleep_player_50
NPC_ASSIGN_ATTEMPT: Flaubert Giles -> rest @ butler_quarters (Intent: sched_sleep_butler_50)
NPC_ASSIGN_SKIP_ROOM: butler already in queue for rest with intent sched_sleep_butler_50
NPC_ASSIGN_ATTEMPT: Partner -> rest @ master_bedroom (Intent: sched_sleep_partner_50)
NPC_ASSIGN_SKIP_ROOM: partner already in queue for rest with intent sched_sleep_partner_50
NPC_ASSIGN_ATTEMPT: Flaubert Giles -> rest @ master_bedroom (Intent: sched_sleep_player_50)
NPC_ASSIGN_SKIP_ROOM: player already in queue for rest with intent sched_sleep_player_50
NPC_ASSIGN_ATTEMPT: Flaubert Giles -> rest @ butler_quarters (Intent: sched_sleep_butler_50)
NPC_ASSIGN_SKIP_ROOM: butler already in queue for rest with intent sched_sleep_butler_50
NPC_ASSIGN_ATTEMPT: Partner -> rest @ master_bedroom (Intent: sched_sleep_partner_50)
NPC_ASSIGN_SKIP_ROOM: partner already in queue for rest with intent sched_sleep_partner_50
NPC_ASSIGN_ATTEMPT: Flaubert Giles -> rest @ master_bedroom (Intent: sched_sleep_player_50)
NPC_ASSIGN_SKIP_ROOM: player already in queue for rest with intent sched_sleep_player_50
NPC_ASSIGN_ATTEMPT: Flaubert Giles -> rest @ butler_quarters (Intent: sched_sleep_butler_50)
NPC_ASSIGN_SKIP_ROOM: butler already in queue for rest with intent sched_sleep_butler_50
NPC_ASSIGN_ATTEMPT: Partner -> rest @ master_bedroom (Intent: sched_sleep_partner_50)
NPC_ASSIGN_SKIP_ROOM: partner already in queue for rest with intent sched_sleep_partner_50
NPC_ASSIGN_ATTEMPT: Flaubert Giles -> rest @ master_bedroom (Intent: sched_sleep_player_50)
NPC_ASSIGN_SKIP_ROOM: player already in queue for rest with intent sched_sleep_player_50
NPC_ASSIGN_ATTEMPT: Flaubert Giles -> rest @ butler_quarters (Intent: sched_sleep_butler_50)
NPC_ASSIGN_SKIP_ROOM: butler already in queue for rest with intent sched_sleep_butler_50
NPC_ASSIGN_ATTEMPT: Partner -> rest @ master_bedroom (Intent: sched_sleep_partner_50)
NPC_ASSIGN_SKIP_ROOM: partner already in queue for rest with intent sched_sleep_partner_50
NPC_ASSIGN_ATTEMPT: Flaubert Giles -> rest @ master_bedroom (Intent: sched_sleep_player_50)
NPC_ASSIGN_SKIP_ROOM: player already in queue for rest with intent sched_sleep_player_50
NPC_ASSIGN_ATTEMPT: Flaubert Giles -> rest @ butler_quarters (Intent: sched_sleep_butler_50)
NPC_ASSIGN_SKIP_ROOM: butler already in queue for rest with intent sched_sleep_butler_50
NPC_ASSIGN_ATTEMPT: Partner -> rest @ master_bedroom (Intent: sched_sleep_partner_50)
NPC_ASSIGN_SKIP_ROOM: partner already in queue for rest with intent sched_sleep_partner_50
NPC_ASSIGN_ATTEMPT: Flaubert Giles -> rest @ master_bedroom (Intent: sched_sleep_player_50)
NPC_ASSIGN_SKIP_ROOM: player already in queue for rest with intent sched_sleep_player_50
NPC_ASSIGN_ATTEMPT: Flaubert Giles -> rest @ butler_quarters (Intent: sched_sleep_butler_50)
NPC_ASSIGN_SKIP_ROOM: butler already in queue for rest with intent sched_sleep_butler_50
NPC_ASSIGN_ATTEMPT: Partner -> rest @ master_bedroom (Intent: sched_sleep_partner_50)
NPC_ASSIGN_SKIP_ROOM: partner already in queue for rest with intent sched_sleep_partner_50
NPC_ASSIGN_ATTEMPT: Flaubert Giles -> rest @ master_bedroom (Intent: sched_sleep_player_50)
NPC_ASSIGN_SKIP_ROOM: player already in queue for rest with intent sched_sleep_player_50
NPC_ASSIGN_ATTEMPT: Flaubert Giles -> rest @ butler_quarters (Intent: sched_sleep_butler_50)
NPC_ASSIGN_SKIP_ROOM: butler already in queue for rest with intent sched_sleep_butler_50
NPC_ASSIGN_ATTEMPT: Partner -> rest @ master_bedroom (Intent: sched_sleep_partner_50)
NPC_ASSIGN_SKIP_ROOM: partner already in queue for rest with intent sched_sleep_partner_50
NPC_ASSIGN_ATTEMPT: Flaubert Giles -> rest @ master_bedroom (Intent: sched_sleep_player_50)
NPC_ASSIGN_SKIP_ROOM: player already in queue for rest with intent sched_sleep_player_50
NPC_ASSIGN_ATTEMPT: Flaubert Giles -> rest @ butler_quarters (Intent: sched_sleep_butler_50)
NPC_ASSIGN_SKIP_ROOM: butler already in queue for rest with intent sched_sleep_butler_50
NPC_ASSIGN_ATTEMPT: Partner -> rest @ master_bedroom (Intent: sched_sleep_partner_50)
NPC_ASSIGN_SKIP_ROOM: partner already in queue for rest with intent sched_sleep_partner_50
NPC_ASSIGN_ATTEMPT: Flaubert Giles -> rest @ master_bedroom (Intent: sched_sleep_player_50)
NPC_ASSIGN_SKIP_ROOM: player already in queue for rest with intent sched_sleep_player_50
NPC_ASSIGN_ATTEMPT: Flaubert Giles -> rest @ butler_quarters (Intent: sched_sleep_butler_50)
NPC_ASSIGN_SKIP_ROOM: butler already in queue for rest with intent sched_sleep_butler_50
NPC_ASSIGN_ATTEMPT: Partner -> rest @ master_bedroom (Intent: sched_sleep_partner_50)
NPC_ASSIGN_SKIP_ROOM: partner already in queue for rest with intent sched_sleep_partner_50
NPC_ASSIGN_ATTEMPT: Flaubert Giles -> rest @ master_bedroom (Intent: sched_sleep_player_50)
NPC_ASSIGN_SKIP_ROOM: player already in queue for rest with intent sched_sleep_player_50
NPC_ASSIGN_ATTEMPT: Flaubert Giles -> rest @ butler_quarters (Intent: sched_sleep_butler_50)
NPC_ASSIGN_SKIP_ROOM: butler already in queue for rest with intent sched_sleep_butler_50
NPC_ASSIGN_ATTEMPT: Partner -> rest @ master_bedroom (Intent: sched_sleep_partner_50)
NPC_ASSIGN_SKIP_ROOM: partner already in queue for rest with intent sched_sleep_partner_50
NPC_ASSIGN_ATTEMPT: Flaubert Giles -> rest @ master_bedroom (Intent: sched_sleep_player_50)
NPC_ASSIGN_SKIP_ROOM: player already in queue for rest with intent sched_sleep_player_50
NPC_ASSIGN_ATTEMPT: Flaubert Giles -> rest @ butler_quarters (Intent: sched_sleep_butler_50)
NPC_ASSIGN_SKIP_ROOM: butler already in queue for rest with intent sched_sleep_butler_50
NPC_ASSIGN_ATTEMPT: Partner -> rest @ master_bedroom (Intent: sched_sleep_partner_50)
NPC_ASSIGN_SKIP_ROOM: partner already in queue for rest with intent sched_sleep_partner_50
NPC_ASSIGN_ATTEMPT: Flaubert Giles -> rest @ master_bedroom (Intent: sched_sleep_player_50)
NPC_ASSIGN_SKIP_ROOM: player already in queue for rest with intent sched_sleep_player_50
NPC_ASSIGN_ATTEMPT: Flaubert Giles -> rest @ butler_quarters (Intent: sched_sleep_butler_50)
NPC_ASSIGN_SKIP_ROOM: butler already in queue for rest with intent sched_sleep_butler_50
NPC_ASSIGN_ATTEMPT: Partner -> rest @ master_bedroom (Intent: sched_sleep_partner_50)
NPC_ASSIGN_SKIP_ROOM: partner already in queue for rest with intent sched_sleep_partner_50
NPC_ASSIGN_ATTEMPT: Flaubert Giles -> rest @ master_bedroom (Intent: sched_sleep_player_50)
NPC_ASSIGN_SKIP_ROOM: player already in queue for rest with intent sched_sleep_player_50
NPC_ASSIGN_ATTEMPT: Flaubert Giles -> rest @ butler_quarters (Intent: sched_sleep_butler_50)
NPC_ASSIGN_SKIP_ROOM: butler already in queue for rest with intent sched_sleep_butler_50
NPC_ASSIGN_ATTEMPT: Partner -> rest @ master_bedroom (Intent: sched_sleep_partner_50)
NPC_ASSIGN_SKIP_ROOM: partner already in queue for rest with intent sched_sleep_partner_50
NPC_ASSIGN_ATTEMPT: Flaubert Giles -> rest @ master_bedroom (Intent: sched_sleep_player_50)
NPC_ASSIGN_SKIP_ROOM: player already in queue for rest with intent sched_sleep_player_50
NPC_ASSIGN_ATTEMPT: Flaubert Giles -> rest @ butler_quarters (Intent: sched_sleep_butler_50)
NPC_ASSIGN_SKIP_ROOM: butler already in queue for rest with intent sched_sleep_butler_50
NPC_ASSIGN_ATTEMPT: Partner -> rest @ master_bedroom (Intent: sched_sleep_partner_50)
NPC_ASSIGN_SKIP_ROOM: partner already in queue for rest with intent sched_sleep_partner_50
NPC_ASSIGN_ATTEMPT: Flaubert Giles -> rest @ master_bedroom (Intent: sched_sleep_player_50)
NPC_ASSIGN_SKIP_ROOM: player already in queue for rest with intent sched_sleep_player_50
NPC_ASSIGN_ATTEMPT: Flaubert Giles -> rest @ butler_quarters (Intent: sched_sleep_butler_50)
NPC_ASSIGN_SKIP_ROOM: butler already in queue for rest with intent sched_sleep_butler_50
NPC_ASSIGN_ATTEMPT: Partner -> rest @ master_bedroom (Intent: sched_sleep_partner_50)
NPC_ASSIGN_SKIP_ROOM: partner already in queue for rest with intent sched_sleep_partner_50
NPC_ASSIGN_ATTEMPT: Flaubert Giles -> rest @ master_bedroom (Intent: sched_sleep_player_50)
NPC_ASSIGN_SKIP_ROOM: player already in queue for rest with intent sched_sleep_player_50
NPC_ASSIGN_ATTEMPT: Flaubert Giles -> rest @ butler_quarters (Intent: sched_sleep_butler_50)
NPC_ASSIGN_SKIP_ROOM: butler already in queue for rest with intent sched_sleep_butler_50
NPC_ASSIGN_ATTEMPT: Partner -> rest @ master_bedroom (Intent: sched_sleep_partner_50)
NPC_ASSIGN_SKIP_ROOM: partner already in queue for rest with intent sched_sleep_partner_50
NPC_ASSIGN_ATTEMPT: Flaubert Giles -> rest @ master_bedroom (Intent: sched_sleep_player_50)
NPC_ASSIGN_SKIP_ROOM: player already in queue for rest with intent sched_sleep_player_50
NPC_ASSIGN_ATTEMPT: Flaubert Giles -> rest @ butler_quarters (Intent: sched_sleep_butler_50)
NPC_ASSIGN_SKIP_ROOM: butler already in queue for rest with intent sched_sleep_butler_50
NPC_ASSIGN_ATTEMPT: Partner -> rest @ master_bedroom (Intent: sched_sleep_partner_50)
NPC_ASSIGN_SKIP_ROOM: partner already in queue for rest with intent sched_sleep_partner_50
NPC_ASSIGN_ATTEMPT: Flaubert Giles -> rest @ master_bedroom (Intent: sched_sleep_player_50)
NPC_ASSIGN_SKIP_ROOM: player already in queue for rest with intent sched_sleep_player_50
NPC_ASSIGN_ATTEMPT: Flaubert Giles -> rest @ butler_quarters (Intent: sched_sleep_butler_50)
NPC_ASSIGN_SKIP_ROOM: butler already in queue for rest with intent sched_sleep_butler_50
NPC_ASSIGN_ATTEMPT: Partner -> rest @ master_bedroom (Intent: sched_sleep_partner_50)
NPC_ASSIGN_SKIP_ROOM: partner already in queue for rest with intent sched_sleep_partner_50
NPC_ASSIGN_ATTEMPT: Flaubert Giles -> rest @ master_bedroom (Intent: sched_sleep_player_50)
NPC_ASSIGN_SKIP_ROOM: player already in queue for rest with intent sched_sleep_player_50
NPC_ASSIGN_ATTEMPT: Flaubert Giles -> rest @ butler_quarters (Intent: sched_sleep_butler_50)
NPC_ASSIGN_SKIP_ROOM: butler already in queue for rest with intent sched_sleep_butler_50
NPC_ASSIGN_ATTEMPT: Partner -> rest @ master_bedroom (Intent: sched_sleep_partner_50)
NPC_ASSIGN_SKIP_ROOM: partner already in queue for rest with intent sched_sleep_partner_50
NPC_ASSIGN_ATTEMPT: Flaubert Giles -> rest @ master_bedroom (Intent: sched_sleep_player_50)
NPC_ASSIGN_SKIP_ROOM: player already in queue for rest with intent sched_sleep_player_50
NPC_ASSIGN_ATTEMPT: Flaubert Giles -> rest @ butler_quarters (Intent: sched_sleep_butler_50)
NPC_ASSIGN_SKIP_ROOM: butler already in queue for rest with intent sched_sleep_butler_50
NPC_ASSIGN_ATTEMPT: Partner -> rest @ master_bedroom (Intent: sched_sleep_partner_50)
NPC_ASSIGN_SKIP_ROOM: partner already in queue for rest with intent sched_sleep_partner_50
NPC_ASSIGN_ATTEMPT: Flaubert Giles -> rest @ master_bedroom (Intent: sched_sleep_player_50)
NPC_ASSIGN_SKIP_ROOM: player already in queue for rest with intent sched_sleep_player_50
NPC_ASSIGN_ATTEMPT: Flaubert Giles -> rest @ butler_quarters (Intent: sched_sleep_butler_50)
NPC_ASSIGN_SKIP_ROOM: butler already in queue for rest with intent sched_sleep_butler_50
NPC_ASSIGN_ATTEMPT: Partner -> rest @ master_bedroom (Intent: sched_sleep_partner_50)
NPC_ASSIGN_SKIP_ROOM: partner already in queue for rest with intent sched_sleep_partner_50
NPC_ASSIGN_ATTEMPT: Flaubert Giles -> rest @ master_bedroom (Intent: sched_sleep_player_50)
NPC_ASSIGN_SKIP_ROOM: player already in queue for rest with intent sched_sleep_player_50
NPC_ASSIGN_ATTEMPT: Flaubert Giles -> rest @ butler_quarters (Intent: sched_sleep_butler_50)
NPC_ASSIGN_SKIP_ROOM: butler already in queue for rest with intent sched_sleep_butler_50
NPC_ASSIGN_ATTEMPT: Partner -> rest @ master_bedroom (Intent: sched_sleep_partner_50)
NPC_ASSIGN_SKIP_ROOM: partner already in queue for rest with intent sched_sleep_partner_50
NPC_ASSIGN_ATTEMPT: Flaubert Giles -> rest @ master_bedroom (Intent: sched_sleep_player_50)
NPC_ASSIGN_SKIP_ROOM: player already in queue for rest with intent sched_sleep_player_50
NPC_ASSIGN_ATTEMPT: Flaubert Giles -> rest @ butler_quarters (Intent: sched_sleep_butler_50)
NPC_ASSIGN_SKIP_ROOM: butler already in queue for rest with intent sched_sleep_butler_50
NPC_ASSIGN_ATTEMPT: Partner -> rest @ master_bedroom (Intent: sched_sleep_partner_50)
NPC_ASSIGN_SKIP_ROOM: partner already in queue for rest with intent sched_sleep_partner_50
NPC_ASSIGN_ATTEMPT: Flaubert Giles -> rest @ master_bedroom (Intent: sched_sleep_player_50)
NPC_ASSIGN_SKIP_ROOM: player already in queue for rest with intent sched_sleep_player_50
NPC_ASSIGN_ATTEMPT: Flaubert Giles -> rest @ butler_quarters (Intent: sched_sleep_butler_50)
NPC_ASSIGN_SKIP_ROOM: butler already in queue for rest with intent sched_sleep_butler_50
NPC_ASSIGN_ATTEMPT: Partner -> rest @ master_bedroom (Intent: sched_sleep_partner_50)
NPC_ASSIGN_SKIP_ROOM: partner already in queue for rest with intent sched_sleep_partner_50
NPC_ASSIGN_ATTEMPT: Flaubert Giles -> rest @ master_bedroom (Intent: sched_sleep_player_50)
NPC_ASSIGN_SKIP_ROOM: player already in queue for rest with intent sched_sleep_player_50
NPC_ASSIGN_ATTEMPT: Flaubert Giles -> rest @ butler_quarters (Intent: sched_sleep_butler_50)
NPC_ASSIGN_SKIP_ROOM: butler already in queue for rest with intent sched_sleep_butler_50
NPC_ASSIGN_ATTEMPT: Partner -> rest @ master_bedroom (Intent: sched_sleep_partner_50)
NPC_ASSIGN_SKIP_ROOM: partner already in queue for rest with intent sched_sleep_partner_50
NPC_ASSIGN_ATTEMPT: Flaubert Giles -> rest @ master_bedroom (Intent: sched_sleep_player_50)
NPC_ASSIGN_SKIP_ROOM: player already in queue for rest with intent sched_sleep_player_50
NPC_ASSIGN_ATTEMPT: Flaubert Giles -> rest @ butler_quarters (Intent: sched_sleep_butler_50)
NPC_ASSIGN_SKIP_ROOM: butler already in queue for rest with intent sched_sleep_butler_50
NPC_ASSIGN_ATTEMPT: Partner -> rest @ master_bedroom (Intent: sched_sleep_partner_50)
NPC_ASSIGN_SKIP_ROOM: partner already in queue for rest with intent sched_sleep_partner_50
NPC_ASSIGN_ATTEMPT: Flaubert Giles -> rest @ master_bedroom (Intent: sched_sleep_player_50)
NPC_ASSIGN_SKIP_ROOM: player already in queue for rest with intent sched_sleep_player_50
NPC_ASSIGN_ATTEMPT: Flaubert Giles -> rest @ butler_quarters (Intent: sched_sleep_butler_50)
NPC_ASSIGN_SKIP_ROOM: butler already in queue for rest with intent sched_sleep_butler_50
NPC_ASSIGN_ATTEMPT: Partner -> rest @ master_bedroom (Intent: sched_sleep_partner_50)
NPC_ASSIGN_SKIP_ROOM: partner already in queue for rest with intent sched_sleep_partner_50
NPC_ASSIGN_ATTEMPT: Flaubert Giles -> rest @ master_bedroom (Intent: sched_sleep_player_50)
NPC_ASSIGN_SKIP_ROOM: player already in queue for rest with intent sched_sleep_player_50
NPC_ASSIGN_ATTEMPT: Flaubert Giles -> rest @ butler_quarters (Intent: sched_sleep_butler_50)
NPC_ASSIGN_SKIP_ROOM: butler already in queue for rest with intent sched_sleep_butler_50
NPC_ASSIGN_ATTEMPT: Partner -> rest @ master_bedroom (Intent: sched_sleep_partner_50)
NPC_ASSIGN_SKIP_ROOM: partner already in queue for rest with intent sched_sleep_partner_50
NPC_ASSIGN_ATTEMPT: Flaubert Giles -> rest @ master_bedroom (Intent: sched_sleep_player_50)
NPC_ASSIGN_SKIP_ROOM: player already in queue for rest with intent sched_sleep_player_50
NPC_ASSIGN_ATTEMPT: Flaubert Giles -> rest @ butler_quarters (Intent: sched_sleep_butler_50)
NPC_ASSIGN_SKIP_ROOM: butler already in queue for rest with intent sched_sleep_butler_50
NPC_ASSIGN_ATTEMPT: Partner -> rest @ master_bedroom (Intent: sched_sleep_partner_50)
NPC_ASSIGN_SKIP_ROOM: partner already in queue for rest with intent sched_sleep_partner_50
NPC_ASSIGN_ATTEMPT: Flaubert Giles -> rest @ master_bedroom (Intent: sched_sleep_player_50)
NPC_ASSIGN_SKIP_ROOM: player already in queue for rest with intent sched_sleep_player_50
NPC_ASSIGN_ATTEMPT: Flaubert Giles -> rest @ butler_quarters (Intent: sched_sleep_butler_50)
NPC_ASSIGN_SKIP_ROOM: butler already in queue for rest with intent sched_sleep_butler_50
NPC_ASSIGN_ATTEMPT: Partner -> rest @ master_bedroom (Intent: sched_sleep_partner_50)
NPC_ASSIGN_SKIP_ROOM: partner already in queue for rest with intent sched_sleep_partner_50
NPC_ASSIGN_ATTEMPT: Flaubert Giles -> rest @ master_bedroom (Intent: sched_sleep_player_50)
NPC_ASSIGN_SKIP_ROOM: player already in queue for rest with intent sched_sleep_player_50
NPC_ASSIGN_ATTEMPT: Flaubert Giles -> rest @ butler_quarters (Intent: sched_sleep_butler_50)
NPC_ASSIGN_SKIP_ROOM: butler already in queue for rest with intent sched_sleep_butler_50
NPC_ASSIGN_ATTEMPT: Partner -> rest @ master_bedroom (Intent: sched_sleep_partner_50)
NPC_ASSIGN_SKIP_ROOM: partner already in queue for rest with intent sched_sleep_partner_50
NPC_ASSIGN_ATTEMPT: Flaubert Giles -> rest @ master_bedroom (Intent: sched_sleep_player_50)
NPC_ASSIGN_SKIP_ROOM: player already in queue for rest with intent sched_sleep_player_50
NPC_ASSIGN_ATTEMPT: Flaubert Giles -> rest @ butler_quarters (Intent: sched_sleep_butler_50)
NPC_ASSIGN_SKIP_ROOM: butler already in queue for rest with intent sched_sleep_butler_50
NPC_ASSIGN_ATTEMPT: Partner -> rest @ master_bedroom (Intent: sched_sleep_partner_50)
NPC_ASSIGN_SKIP_ROOM: partner already in queue for rest with intent sched_sleep_partner_50
NPC_ASSIGN_ATTEMPT: Flaubert Giles -> rest @ master_bedroom (Intent: sched_sleep_player_50)
NPC_ASSIGN_SKIP_ROOM: player already in queue for rest with intent sched_sleep_player_50
NPC_ASSIGN_ATTEMPT: Flaubert Giles -> rest @ butler_quarters (Intent: sched_sleep_butler_50)
NPC_ASSIGN_SKIP_ROOM: butler already in queue for rest with intent sched_sleep_butler_50
NPC_ASSIGN_ATTEMPT: Partner -> rest @ master_bedroom (Intent: sched_sleep_partner_50)
NPC_ASSIGN_SKIP_ROOM: partner already in queue for rest with intent sched_sleep_partner_50
NPC_ASSIGN_ATTEMPT: Flaubert Giles -> rest @ master_bedroom (Intent: sched_sleep_player_50)
NPC_ASSIGN_SKIP_ROOM: player already in queue for rest with intent sched_sleep_player_50
NPC_ASSIGN_ATTEMPT: Flaubert Giles -> rest @ butler_quarters (Intent: sched_sleep_butler_50)
NPC_ASSIGN_SKIP_ROOM: butler already in queue for rest with intent sched_sleep_butler_50
NPC_ASSIGN_ATTEMPT: Partner -> rest @ master_bedroom (Intent: sched_sleep_partner_50)
NPC_ASSIGN_SKIP_ROOM: partner already in queue for rest with intent sched_sleep_partner_50
NPC_ASSIGN_ATTEMPT: Flaubert Giles -> rest @ master_bedroom (Intent: sched_sleep_player_50)
NPC_ASSIGN_SKIP_ROOM: player already in queue for rest with intent sched_sleep_player_50
NPC_ASSIGN_ATTEMPT: Flaubert Giles -> rest @ butler_quarters (Intent: sched_sleep_butler_50)
NPC_ASSIGN_SKIP_ROOM: butler already in queue for rest with intent sched_sleep_butler_50
NPC_ASSIGN_ATTEMPT: Partner -> rest @ master_bedroom (Intent: sched_sleep_partner_50)
NPC_ASSIGN_SKIP_ROOM: partner already in queue for rest with intent sched_sleep_partner_50
NPC_ASSIGN_ATTEMPT: Flaubert Giles -> rest @ master_bedroom (Intent: sched_sleep_player_50)
NPC_ASSIGN_SKIP_ROOM: player already in queue for rest with intent sched_sleep_player_50
NPC_ASSIGN_ATTEMPT: Flaubert Giles -> rest @ butler_quarters (Intent: sched_sleep_butler_50)
NPC_ASSIGN_SKIP_ROOM: butler already in queue for rest with intent sched_sleep_butler_50
NPC_ASSIGN_ATTEMPT: Partner -> rest @ master_bedroom (Intent: sched_sleep_partner_50)
NPC_ASSIGN_SKIP_ROOM: partner already in queue for rest with intent sched_sleep_partner_50
NPC_ASSIGN_ATTEMPT: Flaubert Giles -> rest @ master_bedroom (Intent: sched_sleep_player_50)
NPC_ASSIGN_SKIP_ROOM: player already in queue for rest with intent sched_sleep_player_50
NPC_ASSIGN_ATTEMPT: Flaubert Giles -> rest @ butler_quarters (Intent: sched_sleep_butler_50)
NPC_ASSIGN_SKIP_ROOM: butler already in queue for rest with intent sched_sleep_butler_50
NPC_ASSIGN_ATTEMPT: Partner -> rest @ master_bedroom (Intent: sched_sleep_partner_50)
NPC_ASSIGN_SKIP_ROOM: partner already in queue for rest with intent sched_sleep_partner_50
NPC_ASSIGN_ATTEMPT: Flaubert Giles -> rest @ master_bedroom (Intent: sched_sleep_player_50)
NPC_ASSIGN_SKIP_ROOM: player already in queue for rest with intent sched_sleep_player_50
NPC_ASSIGN_ATTEMPT: Flaubert Giles -> rest @ butler_quarters (Intent: sched_sleep_butler_50)
NPC_ASSIGN_SKIP_ROOM: butler already in queue for rest with intent sched_sleep_butler_50
NPC_ASSIGN_ATTEMPT: Partner -> rest @ master_bedroom (Intent: sched_sleep_partner_50)
NPC_ASSIGN_SKIP_ROOM: partner already in queue for rest with intent sched_sleep_partner_50
NPC_ASSIGN_ATTEMPT: Flaubert Giles -> rest @ master_bedroom (Intent: sched_sleep_player_50)
NPC_ASSIGN_SKIP_ROOM: player already in queue for rest with intent sched_sleep_player_50
NPC_ASSIGN_ATTEMPT: Flaubert Giles -> rest @ butler_quarters (Intent: sched_sleep_butler_50)
NPC_ASSIGN_SKIP_ROOM: butler already in queue for rest with intent sched_sleep_butler_50
NPC_ASSIGN_ATTEMPT: Partner -> rest @ master_bedroom (Intent: sched_sleep_partner_50)
NPC_ASSIGN_SKIP_ROOM: partner already in queue for rest with intent sched_sleep_partner_50
NPC_ASSIGN_ATTEMPT: Flaubert Giles -> rest @ master_bedroom (Intent: sched_sleep_player_50)
NPC_ASSIGN_SKIP_ROOM: player already in queue for rest with intent sched_sleep_player_50
NPC_ASSIGN_ATTEMPT: Flaubert Giles -> rest @ butler_quarters (Intent: sched_sleep_butler_50)
NPC_ASSIGN_SKIP_ROOM: butler already in queue for rest with intent sched_sleep_butler_50
NPC_ASSIGN_ATTEMPT: Partner -> rest @ master_bedroom (Intent: sched_sleep_partner_50)
NPC_ASSIGN_SKIP_ROOM: partner already in queue for rest with intent sched_sleep_partner_50
NPC_ASSIGN_ATTEMPT: Flaubert Giles -> rest @ master_bedroom (Intent: sched_sleep_player_50)
NPC_ASSIGN_SKIP_ROOM: player already in queue for rest with intent sched_sleep_player_50
NPC_ASSIGN_ATTEMPT: Flaubert Giles -> rest @ butler_quarters (Intent: sched_sleep_butler_50)
NPC_ASSIGN_SKIP_ROOM: butler already in queue for rest with intent sched_sleep_butler_50
NPC_ASSIGN_ATTEMPT: Partner -> rest @ master_bedroom (Intent: sched_sleep_partner_50)
NPC_ASSIGN_SKIP_ROOM: partner already in queue for rest with intent sched_sleep_partner_50
NPC_ASSIGN_ATTEMPT: Flaubert Giles -> rest @ master_bedroom (Intent: sched_sleep_player_50)
NPC_ASSIGN_SKIP_ROOM: player already in queue for rest with intent sched_sleep_player_50
NPC_ASSIGN_ATTEMPT: Flaubert Giles -> rest @ butler_quarters (Intent: sched_sleep_butler_50)
NPC_ASSIGN_SKIP_ROOM: butler already in queue for rest with intent sched_sleep_butler_50
NPC_ASSIGN_ATTEMPT: Partner -> rest @ master_bedroom (Intent: sched_sleep_partner_50)
NPC_ASSIGN_SKIP_ROOM: partner already in queue for rest with intent sched_sleep_partner_50
NPC_ASSIGN_ATTEMPT: Flaubert Giles -> rest @ master_bedroom (Intent: sched_sleep_player_50)
NPC_ASSIGN_SKIP_ROOM: player already in queue for rest with intent sched_sleep_player_50
NPC_ASSIGN_ATTEMPT: Flaubert Giles -> rest @ butler_quarters (Intent: sched_sleep_butler_50)
NPC_ASSIGN_SKIP_ROOM: butler already in queue for rest with intent sched_sleep_butler_50
NPC_ASSIGN_ATTEMPT: Partner -> rest @ master_bedroom (Intent: sched_sleep_partner_50)
NPC_ASSIGN_SKIP_ROOM: partner already in queue for rest with intent sched_sleep_partner_50
NPC_ASSIGN_ATTEMPT: Flaubert Giles -> rest @ master_bedroom (Intent: sched_sleep_player_50)
NPC_ASSIGN_SKIP_ROOM: player already in queue for rest with intent sched_sleep_player_50
NPC_ASSIGN_ATTEMPT: Flaubert Giles -> rest @ butler_quarters (Intent: sched_sleep_butler_50)
NPC_ASSIGN_SKIP_ROOM: butler already in queue for rest with intent sched_sleep_butler_50
NPC_ASSIGN_ATTEMPT: Partner -> rest @ master_bedroom (Intent: sched_sleep_partner_50)
NPC_ASSIGN_SKIP_ROOM: partner already in queue for rest with intent sched_sleep_partner_50
NPC_ASSIGN_ATTEMPT: Flaubert Giles -> rest @ master_bedroom (Intent: sched_sleep_player_50)
NPC_ASSIGN_SKIP_ROOM: player already in queue for rest with intent sched_sleep_player_50
NPC_ASSIGN_ATTEMPT: Flaubert Giles -> rest @ butler_quarters (Intent: sched_sleep_butler_50)
NPC_ASSIGN_SKIP_ROOM: butler already in queue for rest with intent sched_sleep_butler_50
NPC_ASSIGN_ATTEMPT: Partner -> rest @ master_bedroom (Intent: sched_sleep_partner_50)
NPC_ASSIGN_SKIP_ROOM: partner already in queue for rest with intent sched_sleep_partner_50
NPC_ASSIGN_ATTEMPT: Flaubert Giles -> rest @ master_bedroom (Intent: sched_sleep_player_50)
NPC_ASSIGN_SKIP_ROOM: player already in queue for rest with intent sched_sleep_player_50
NPC_ASSIGN_ATTEMPT: Flaubert Giles -> rest @ butler_quarters (Intent: sched_sleep_butler_50)
NPC_ASSIGN_SKIP_ROOM: butler already in queue for rest with intent sched_sleep_butler_50
NPC_ASSIGN_ATTEMPT: Partner -> rest @ master_bedroom (Intent: sched_sleep_partner_50)
NPC_ASSIGN_SKIP_ROOM: partner already in queue for rest with intent sched_sleep_partner_50
NPC_ASSIGN_ATTEMPT: Flaubert Giles -> rest @ master_bedroom (Intent: sched_sleep_player_50)
NPC_ASSIGN_SKIP_ROOM: player already in queue for rest with intent sched_sleep_player_50
NPC_ASSIGN_ATTEMPT: Flaubert Giles -> rest @ butler_quarters (Intent: sched_sleep_butler_50)
NPC_ASSIGN_SKIP_ROOM: butler already in queue for rest with intent sched_sleep_butler_50
NPC_ASSIGN_ATTEMPT: Partner -> rest @ master_bedroom (Intent: sched_sleep_partner_50)
NPC_ASSIGN_SKIP_ROOM: partner already in queue for rest with intent sched_sleep_partner_50
NPC_ASSIGN_ATTEMPT: Flaubert Giles -> rest @ master_bedroom (Intent: sched_sleep_player_50)
NPC_ASSIGN_SKIP_ROOM: player already in queue for rest with intent sched_sleep_player_50
NPC_ASSIGN_ATTEMPT: Flaubert Giles -> rest @ butler_quarters (Intent: sched_sleep_butler_50)
NPC_ASSIGN_SKIP_ROOM: butler already in queue for rest with intent sched_sleep_butler_50
NPC_ASSIGN_ATTEMPT: Partner -> rest @ master_bedroom (Intent: sched_sleep_partner_50)
NPC_ASSIGN_SKIP_ROOM: partner already in queue for rest with intent sched_sleep_partner_50
NPC_ASSIGN_ATTEMPT: Flaubert Giles -> rest @ master_bedroom (Intent: sched_sleep_player_50)
NPC_ASSIGN_SKIP_ROOM: player already in queue for rest with intent sched_sleep_player_50
NPC_ASSIGN_ATTEMPT: Flaubert Giles -> rest @ butler_quarters (Intent: sched_sleep_butler_50)
NPC_ASSIGN_SKIP_ROOM: butler already in queue for rest with intent sched_sleep_butler_50
NPC_ASSIGN_ATTEMPT: Partner -> rest @ master_bedroom (Intent: sched_sleep_partner_50)
NPC_ASSIGN_SKIP_ROOM: partner already in queue for rest with intent sched_sleep_partner_50
NPC_ASSIGN_ATTEMPT: Flaubert Giles -> rest @ master_bedroom (Intent: sched_sleep_player_50)
NPC_ASSIGN_SKIP_ROOM: player already in queue for rest with intent sched_sleep_player_50
NPC_ASSIGN_ATTEMPT: Flaubert Giles -> rest @ butler_quarters (Intent: sched_sleep_butler_50)
NPC_ASSIGN_SKIP_ROOM: butler already in queue for rest with intent sched_sleep_butler_50
NPC_ASSIGN_ATTEMPT: Partner -> rest @ master_bedroom (Intent: sched_sleep_partner_50)
NPC_ASSIGN_SKIP_ROOM: partner already in queue for rest with intent sched_sleep_partner_50
NPC_ASSIGN_ATTEMPT: Flaubert Giles -> rest @ master_bedroom (Intent: sched_sleep_player_51)
NPC_ASSIGN_ATTEMPT: Flaubert Giles -> rest @ butler_quarters (Intent: sched_sleep_butler_51)
NPC_ASSIGN_ATTEMPT: Partner -> rest @ master_bedroom (Intent: sched_sleep_partner_51)
NPC_ASSIGN_ATTEMPT: Flaubert Giles -> rest @ master_bedroom (Intent: sched_sleep_player_51)
NPC_ASSIGN_SKIP_ROOM: player already in queue for rest with intent sched_sleep_player_51
NPC_ASSIGN_ATTEMPT: Flaubert Giles -> rest @ butler_quarters (Intent: sched_sleep_butler_51)
NPC_ASSIGN_SKIP_ROOM: butler already in queue for rest with intent sched_sleep_butler_51
NPC_ASSIGN_ATTEMPT: Partner -> rest @ master_bedroom (Intent: sched_sleep_partner_51)
NPC_ASSIGN_SKIP_ROOM: partner already in queue for rest with intent sched_sleep_partner_51
NPC_ASSIGN_ATTEMPT: Flaubert Giles -> rest @ master_bedroom (Intent: sched_sleep_player_51)
NPC_ASSIGN_SKIP_ROOM: player already in queue for rest with intent sched_sleep_player_51
NPC_ASSIGN_ATTEMPT: Flaubert Giles -> rest @ butler_quarters (Intent: sched_sleep_butler_51)
NPC_ASSIGN_SKIP_ROOM: butler already in queue for rest with intent sched_sleep_butler_51
NPC_ASSIGN_ATTEMPT: Partner -> rest @ master_bedroom (Intent: sched_sleep_partner_51)
NPC_ASSIGN_SKIP_ROOM: partner already in queue for rest with intent sched_sleep_partner_51
NPC_ASSIGN_ATTEMPT: Flaubert Giles -> rest @ master_bedroom (Intent: sched_sleep_player_51)
NPC_ASSIGN_SKIP_ROOM: player already in queue for rest with intent sched_sleep_player_51
NPC_ASSIGN_ATTEMPT: Flaubert Giles -> rest @ butler_quarters (Intent: sched_sleep_butler_51)
NPC_ASSIGN_SKIP_ROOM: butler already in queue for rest with intent sched_sleep_butler_51
NPC_ASSIGN_ATTEMPT: Partner -> rest @ master_bedroom (Intent: sched_sleep_partner_51)
NPC_ASSIGN_SKIP_ROOM: partner already in queue for rest with intent sched_sleep_partner_51
NPC_ASSIGN_ATTEMPT: Flaubert Giles -> rest @ master_bedroom (Intent: sched_sleep_player_51)
NPC_ASSIGN_SKIP_ROOM: player already in queue for rest with intent sched_sleep_player_51
NPC_ASSIGN_ATTEMPT: Flaubert Giles -> rest @ butler_quarters (Intent: sched_sleep_butler_51)
NPC_ASSIGN_SKIP_ROOM: butler already in queue for rest with intent sched_sleep_butler_51
NPC_ASSIGN_ATTEMPT: Partner -> rest @ master_bedroom (Intent: sched_sleep_partner_51)
NPC_ASSIGN_SKIP_ROOM: partner already in queue for rest with intent sched_sleep_partner_51
NPC_ASSIGN_ATTEMPT: Flaubert Giles -> rest @ master_bedroom (Intent: sched_sleep_player_51)
NPC_ASSIGN_SKIP_ROOM: player already in queue for rest with intent sched_sleep_player_51
NPC_ASSIGN_ATTEMPT: Flaubert Giles -> rest @ butler_quarters (Intent: sched_sleep_butler_51)
NPC_ASSIGN_SKIP_ROOM: butler already in queue for rest with intent sched_sleep_butler_51
NPC_ASSIGN_ATTEMPT: Partner -> rest @ master_bedroom (Intent: sched_sleep_partner_51)
NPC_ASSIGN_SKIP_ROOM: partner already in queue for rest with intent sched_sleep_partner_51
NPC_ASSIGN_ATTEMPT: Flaubert Giles -> rest @ master_bedroom (Intent: sched_sleep_player_51)
NPC_ASSIGN_SKIP_ROOM: player already in queue for rest with intent sched_sleep_player_51
NPC_ASSIGN_ATTEMPT: Flaubert Giles -> rest @ butler_quarters (Intent: sched_sleep_butler_51)
NPC_ASSIGN_SKIP_ROOM: butler already in queue for rest with intent sched_sleep_butler_51
NPC_ASSIGN_ATTEMPT: Partner -> rest @ master_bedroom (Intent: sched_sleep_partner_51)
NPC_ASSIGN_SKIP_ROOM: partner already in queue for rest with intent sched_sleep_partner_51
NPC_ASSIGN_ATTEMPT: Flaubert Giles -> rest @ master_bedroom (Intent: sched_sleep_player_51)
NPC_ASSIGN_SKIP_ROOM: player already in queue for rest with intent sched_sleep_player_51
NPC_ASSIGN_ATTEMPT: Flaubert Giles -> rest @ butler_quarters (Intent: sched_sleep_butler_51)
NPC_ASSIGN_SKIP_ROOM: butler already in queue for rest with intent sched_sleep_butler_51
NPC_ASSIGN_ATTEMPT: Partner -> rest @ master_bedroom (Intent: sched_sleep_partner_51)
NPC_ASSIGN_SKIP_ROOM: partner already in queue for rest with intent sched_sleep_partner_51
NPC_ASSIGN_ATTEMPT: Flaubert Giles -> rest @ master_bedroom (Intent: sched_sleep_player_51)
NPC_ASSIGN_SKIP_ROOM: player already in queue for rest with intent sched_sleep_player_51
NPC_ASSIGN_ATTEMPT: Flaubert Giles -> rest @ butler_quarters (Intent: sched_sleep_butler_51)
NPC_ASSIGN_SKIP_ROOM: butler already in queue for rest with intent sched_sleep_butler_51
NPC_ASSIGN_ATTEMPT: Partner -> rest @ master_bedroom (Intent: sched_sleep_partner_51)
NPC_ASSIGN_SKIP_ROOM: partner already in queue for rest with intent sched_sleep_partner_51
NPC_ASSIGN_ATTEMPT: Flaubert Giles -> rest @ master_bedroom (Intent: sched_sleep_player_51)
NPC_ASSIGN_SKIP_ROOM: player already in queue for rest with intent sched_sleep_player_51
NPC_ASSIGN_ATTEMPT: Flaubert Giles -> rest @ butler_quarters (Intent: sched_sleep_butler_51)
NPC_ASSIGN_SKIP_ROOM: butler already in queue for rest with intent sched_sleep_butler_51
NPC_ASSIGN_ATTEMPT: Partner -> rest @ master_bedroom (Intent: sched_sleep_partner_51)
NPC_ASSIGN_SKIP_ROOM: partner already in queue for rest with intent sched_sleep_partner_51
NPC_ASSIGN_ATTEMPT: Flaubert Giles -> rest @ master_bedroom (Intent: sched_sleep_player_51)
NPC_ASSIGN_SKIP_ROOM: player already in queue for rest with intent sched_sleep_player_51
NPC_ASSIGN_ATTEMPT: Flaubert Giles -> rest @ butler_quarters (Intent: sched_sleep_butler_51)
NPC_ASSIGN_SKIP_ROOM: butler already in queue for rest with intent sched_sleep_butler_51
NPC_ASSIGN_ATTEMPT: Partner -> rest @ master_bedroom (Intent: sched_sleep_partner_51)
NPC_ASSIGN_SKIP_ROOM: partner already in queue for rest with intent sched_sleep_partner_51
NPC_ASSIGN_ATTEMPT: Flaubert Giles -> rest @ master_bedroom (Intent: sched_sleep_player_51)
NPC_ASSIGN_SKIP_ROOM: player already in queue for rest with intent sched_sleep_player_51
NPC_ASSIGN_ATTEMPT: Flaubert Giles -> rest @ butler_quarters (Intent: sched_sleep_butler_51)
NPC_ASSIGN_SKIP_ROOM: butler already in queue for rest with intent sched_sleep_butler_51
NPC_ASSIGN_ATTEMPT: Partner -> rest @ master_bedroom (Intent: sched_sleep_partner_51)
NPC_ASSIGN_SKIP_ROOM: partner already in queue for rest with intent sched_sleep_partner_51
NPC_ASSIGN_ATTEMPT: Flaubert Giles -> rest @ master_bedroom (Intent: sched_sleep_player_51)
NPC_ASSIGN_SKIP_ROOM: player already in queue for rest with intent sched_sleep_player_51
NPC_ASSIGN_ATTEMPT: Flaubert Giles -> rest @ butler_quarters (Intent: sched_sleep_butler_51)
NPC_ASSIGN_SKIP_ROOM: butler already in queue for rest with intent sched_sleep_butler_51
NPC_ASSIGN_ATTEMPT: Partner -> rest @ master_bedroom (Intent: sched_sleep_partner_51)
NPC_ASSIGN_SKIP_ROOM: partner already in queue for rest with intent sched_sleep_partner_51
NPC_ASSIGN_ATTEMPT: Flaubert Giles -> rest @ master_bedroom (Intent: sched_sleep_player_51)
NPC_ASSIGN_SKIP_ROOM: player already in queue for rest with intent sched_sleep_player_51
NPC_ASSIGN_ATTEMPT: Flaubert Giles -> rest @ butler_quarters (Intent: sched_sleep_butler_51)
NPC_ASSIGN_SKIP_ROOM: butler already in queue for rest with intent sched_sleep_butler_51
NPC_ASSIGN_ATTEMPT: Partner -> rest @ master_bedroom (Intent: sched_sleep_partner_51)
NPC_ASSIGN_SKIP_ROOM: partner already in queue for rest with intent sched_sleep_partner_51
NPC_ASSIGN_ATTEMPT: Flaubert Giles -> rest @ master_bedroom (Intent: sched_sleep_player_51)
NPC_ASSIGN_SKIP_ROOM: player already in queue for rest with intent sched_sleep_player_51
NPC_ASSIGN_ATTEMPT: Flaubert Giles -> rest @ butler_quarters (Intent: sched_sleep_butler_51)
NPC_ASSIGN_SKIP_ROOM: butler already in queue for rest with intent sched_sleep_butler_51
NPC_ASSIGN_ATTEMPT: Partner -> rest @ master_bedroom (Intent: sched_sleep_partner_51)
NPC_ASSIGN_SKIP_ROOM: partner already in queue for rest with intent sched_sleep_partner_51
NPC_ASSIGN_ATTEMPT: Flaubert Giles -> rest @ master_bedroom (Intent: sched_sleep_player_51)
NPC_ASSIGN_SKIP_ROOM: player already in queue for rest with intent sched_sleep_player_51
NPC_ASSIGN_ATTEMPT: Flaubert Giles -> rest @ butler_quarters (Intent: sched_sleep_butler_51)
NPC_ASSIGN_SKIP_ROOM: butler already in queue for rest with intent sched_sleep_butler_51
NPC_ASSIGN_ATTEMPT: Partner -> rest @ master_bedroom (Intent: sched_sleep_partner_51)
NPC_ASSIGN_SKIP_ROOM: partner already in queue for rest with intent sched_sleep_partner_51
NPC_ASSIGN_ATTEMPT: Flaubert Giles -> rest @ master_bedroom (Intent: sched_sleep_player_51)
NPC_ASSIGN_SKIP_ROOM: player already in queue for rest with intent sched_sleep_player_51
NPC_ASSIGN_ATTEMPT: Flaubert Giles -> rest @ butler_quarters (Intent: sched_sleep_butler_51)
NPC_ASSIGN_SKIP_ROOM: butler already in queue for rest with intent sched_sleep_butler_51
NPC_ASSIGN_ATTEMPT: Partner -> rest @ master_bedroom (Intent: sched_sleep_partner_51)
NPC_ASSIGN_SKIP_ROOM: partner already in queue for rest with intent sched_sleep_partner_51
NPC_ASSIGN_ATTEMPT: Flaubert Giles -> rest @ master_bedroom (Intent: sched_sleep_player_51)
NPC_ASSIGN_SKIP_ROOM: player already in queue for rest with intent sched_sleep_player_51
NPC_ASSIGN_ATTEMPT: Flaubert Giles -> rest @ butler_quarters (Intent: sched_sleep_butler_51)
NPC_ASSIGN_SKIP_ROOM: butler already in queue for rest with intent sched_sleep_butler_51
NPC_ASSIGN_ATTEMPT: Partner -> rest @ master_bedroom (Intent: sched_sleep_partner_51)
NPC_ASSIGN_SKIP_ROOM: partner already in queue for rest with intent sched_sleep_partner_51
NPC_ASSIGN_ATTEMPT: Flaubert Giles -> rest @ master_bedroom (Intent: sched_sleep_player_51)
NPC_ASSIGN_SKIP_ROOM: player already in queue for rest with intent sched_sleep_player_51
NPC_ASSIGN_ATTEMPT: Flaubert Giles -> rest @ butler_quarters (Intent: sched_sleep_butler_51)
NPC_ASSIGN_SKIP_ROOM: butler already in queue for rest with intent sched_sleep_butler_51
NPC_ASSIGN_ATTEMPT: Partner -> rest @ master_bedroom (Intent: sched_sleep_partner_51)
NPC_ASSIGN_SKIP_ROOM: partner already in queue for rest with intent sched_sleep_partner_51
NPC_ASSIGN_ATTEMPT: Flaubert Giles -> rest @ master_bedroom (Intent: sched_sleep_player_51)
NPC_ASSIGN_SKIP_ROOM: player already in queue for rest with intent sched_sleep_player_51
NPC_ASSIGN_ATTEMPT: Flaubert Giles -> rest @ butler_quarters (Intent: sched_sleep_butler_51)
NPC_ASSIGN_SKIP_ROOM: butler already in queue for rest with intent sched_sleep_butler_51
NPC_ASSIGN_ATTEMPT: Partner -> rest @ master_bedroom (Intent: sched_sleep_partner_51)
NPC_ASSIGN_SKIP_ROOM: partner already in queue for rest with intent sched_sleep_partner_51
NPC_ASSIGN_ATTEMPT: Flaubert Giles -> rest @ master_bedroom (Intent: sched_sleep_player_51)
NPC_ASSIGN_SKIP_ROOM: player already in queue for rest with intent sched_sleep_player_51
NPC_ASSIGN_ATTEMPT: Flaubert Giles -> rest @ butler_quarters (Intent: sched_sleep_butler_51)
NPC_ASSIGN_SKIP_ROOM: butler already in queue for rest with intent sched_sleep_butler_51
NPC_ASSIGN_ATTEMPT: Partner -> rest @ master_bedroom (Intent: sched_sleep_partner_51)
NPC_ASSIGN_SKIP_ROOM: partner already in queue for rest with intent sched_sleep_partner_51
NPC_ASSIGN_ATTEMPT: Flaubert Giles -> rest @ master_bedroom (Intent: sched_sleep_player_51)
NPC_ASSIGN_SKIP_ROOM: player already in queue for rest with intent sched_sleep_player_51
NPC_ASSIGN_ATTEMPT: Flaubert Giles -> rest @ butler_quarters (Intent: sched_sleep_butler_51)
NPC_ASSIGN_SKIP_ROOM: butler already in queue for rest with intent sched_sleep_butler_51
NPC_ASSIGN_ATTEMPT: Partner -> rest @ master_bedroom (Intent: sched_sleep_partner_51)
NPC_ASSIGN_SKIP_ROOM: partner already in queue for rest with intent sched_sleep_partner_51
NPC_ASSIGN_ATTEMPT: Flaubert Giles -> rest @ master_bedroom (Intent: sched_sleep_player_51)
NPC_ASSIGN_SKIP_ROOM: player already in queue for rest with intent sched_sleep_player_51
NPC_ASSIGN_ATTEMPT: Flaubert Giles -> rest @ butler_quarters (Intent: sched_sleep_butler_51)
NPC_ASSIGN_SKIP_ROOM: butler already in queue for rest with intent sched_sleep_butler_51
NPC_ASSIGN_ATTEMPT: Partner -> rest @ master_bedroom (Intent: sched_sleep_partner_51)
NPC_ASSIGN_SKIP_ROOM: partner already in queue for rest with intent sched_sleep_partner_51
NPC_ASSIGN_ATTEMPT: Flaubert Giles -> rest @ master_bedroom (Intent: sched_sleep_player_51)
NPC_ASSIGN_SKIP_ROOM: player already in queue for rest with intent sched_sleep_player_51
NPC_ASSIGN_ATTEMPT: Flaubert Giles -> rest @ butler_quarters (Intent: sched_sleep_butler_51)
NPC_ASSIGN_SKIP_ROOM: butler already in queue for rest with intent sched_sleep_butler_51
NPC_ASSIGN_ATTEMPT: Partner -> rest @ master_bedroom (Intent: sched_sleep_partner_51)
NPC_ASSIGN_SKIP_ROOM: partner already in queue for rest with intent sched_sleep_partner_51
NPC_ASSIGN_ATTEMPT: Flaubert Giles -> rest @ master_bedroom (Intent: sched_sleep_player_51)
NPC_ASSIGN_SKIP_ROOM: player already in queue for rest with intent sched_sleep_player_51
NPC_ASSIGN_ATTEMPT: Flaubert Giles -> rest @ butler_quarters (Intent: sched_sleep_butler_51)
NPC_ASSIGN_SKIP_ROOM: butler already in queue for rest with intent sched_sleep_butler_51
NPC_ASSIGN_ATTEMPT: Partner -> rest @ master_bedroom (Intent: sched_sleep_partner_51)
NPC_ASSIGN_SKIP_ROOM: partner already in queue for rest with intent sched_sleep_partner_51
NPC_ASSIGN_ATTEMPT: Flaubert Giles -> rest @ master_bedroom (Intent: sched_sleep_player_51)
NPC_ASSIGN_SKIP_ROOM: player already in queue for rest with intent sched_sleep_player_51
NPC_ASSIGN_ATTEMPT: Flaubert Giles -> rest @ butler_quarters (Intent: sched_sleep_butler_51)
NPC_ASSIGN_SKIP_ROOM: butler already in queue for rest with intent sched_sleep_butler_51
NPC_ASSIGN_ATTEMPT: Partner -> rest @ master_bedroom (Intent: sched_sleep_partner_51)
NPC_ASSIGN_SKIP_ROOM: partner already in queue for rest with intent sched_sleep_partner_51
NPC_ASSIGN_ATTEMPT: Flaubert Giles -> rest @ master_bedroom (Intent: sched_sleep_player_51)
NPC_ASSIGN_SKIP_ROOM: player already in queue for rest with intent sched_sleep_player_51
NPC_ASSIGN_ATTEMPT: Flaubert Giles -> rest @ butler_quarters (Intent: sched_sleep_butler_51)
NPC_ASSIGN_SKIP_ROOM: butler already in queue for rest with intent sched_sleep_butler_51
NPC_ASSIGN_ATTEMPT: Partner -> rest @ master_bedroom (Intent: sched_sleep_partner_51)
NPC_ASSIGN_SKIP_ROOM: partner already in queue for rest with intent sched_sleep_partner_51
NPC_ASSIGN_ATTEMPT: Flaubert Giles -> rest @ master_bedroom (Intent: sched_sleep_player_51)
NPC_ASSIGN_SKIP_ROOM: player already in queue for rest with intent sched_sleep_player_51
NPC_ASSIGN_ATTEMPT: Flaubert Giles -> rest @ butler_quarters (Intent: sched_sleep_butler_51)
NPC_ASSIGN_SKIP_ROOM: butler already in queue for rest with intent sched_sleep_butler_51
NPC_ASSIGN_ATTEMPT: Partner -> rest @ master_bedroom (Intent: sched_sleep_partner_51)
NPC_ASSIGN_SKIP_ROOM: partner already in queue for rest with intent sched_sleep_partner_51
NPC_ASSIGN_ATTEMPT: Flaubert Giles -> rest @ master_bedroom (Intent: sched_sleep_player_51)
NPC_ASSIGN_SKIP_ROOM: player already in queue for rest with intent sched_sleep_player_51
NPC_ASSIGN_ATTEMPT: Flaubert Giles -> rest @ butler_quarters (Intent: sched_sleep_butler_51)
NPC_ASSIGN_SKIP_ROOM: butler already in queue for rest with intent sched_sleep_butler_51
NPC_ASSIGN_ATTEMPT: Partner -> rest @ master_bedroom (Intent: sched_sleep_partner_51)
NPC_ASSIGN_SKIP_ROOM: partner already in queue for rest with intent sched_sleep_partner_51
NPC_ASSIGN_ATTEMPT: Flaubert Giles -> rest @ master_bedroom (Intent: sched_sleep_player_51)
NPC_ASSIGN_SKIP_ROOM: player already in queue for rest with intent sched_sleep_player_51
NPC_ASSIGN_ATTEMPT: Flaubert Giles -> rest @ butler_quarters (Intent: sched_sleep_butler_51)
NPC_ASSIGN_SKIP_ROOM: butler already in queue for rest with intent sched_sleep_butler_51
NPC_ASSIGN_ATTEMPT: Partner -> rest @ master_bedroom (Intent: sched_sleep_partner_51)
NPC_ASSIGN_SKIP_ROOM: partner already in queue for rest with intent sched_sleep_partner_51
NPC_ASSIGN_ATTEMPT: Flaubert Giles -> rest @ master_bedroom (Intent: sched_sleep_player_51)
NPC_ASSIGN_SKIP_ROOM: player already in queue for rest with intent sched_sleep_player_51
NPC_ASSIGN_ATTEMPT: Flaubert Giles -> rest @ butler_quarters (Intent: sched_sleep_butler_51)
NPC_ASSIGN_SKIP_ROOM: butler already in queue for rest with intent sched_sleep_butler_51
NPC_ASSIGN_ATTEMPT: Partner -> rest @ master_bedroom (Intent: sched_sleep_partner_51)
NPC_ASSIGN_SKIP_ROOM: partner already in queue for rest with intent sched_sleep_partner_51
NPC_ASSIGN_ATTEMPT: Flaubert Giles -> rest @ master_bedroom (Intent: sched_sleep_player_51)
NPC_ASSIGN_SKIP_ROOM: player already in queue for rest with intent sched_sleep_player_51
NPC_ASSIGN_ATTEMPT: Flaubert Giles -> rest @ butler_quarters (Intent: sched_sleep_butler_51)
NPC_ASSIGN_SKIP_ROOM: butler already in queue for rest with intent sched_sleep_butler_51
NPC_ASSIGN_ATTEMPT: Partner -> rest @ master_bedroom (Intent: sched_sleep_partner_51)
NPC_ASSIGN_SKIP_ROOM: partner already in queue for rest with intent sched_sleep_partner_51
NPC_ASSIGN_ATTEMPT: Flaubert Giles -> rest @ master_bedroom (Intent: sched_sleep_player_51)
NPC_ASSIGN_SKIP_ROOM: player already in queue for rest with intent sched_sleep_player_51
NPC_ASSIGN_ATTEMPT: Flaubert Giles -> rest @ butler_quarters (Intent: sched_sleep_butler_51)
NPC_ASSIGN_SKIP_ROOM: butler already in queue for rest with intent sched_sleep_butler_51
NPC_ASSIGN_ATTEMPT: Partner -> rest @ master_bedroom (Intent: sched_sleep_partner_51)
NPC_ASSIGN_SKIP_ROOM: partner already in queue for rest with intent sched_sleep_partner_51
NPC_ASSIGN_ATTEMPT: Flaubert Giles -> rest @ master_bedroom (Intent: sched_sleep_player_51)
NPC_ASSIGN_SKIP_ROOM: player already in queue for rest with intent sched_sleep_player_51
NPC_ASSIGN_ATTEMPT: Flaubert Giles -> rest @ butler_quarters (Intent: sched_sleep_butler_51)
NPC_ASSIGN_SKIP_ROOM: butler already in queue for rest with intent sched_sleep_butler_51
NPC_ASSIGN_ATTEMPT: Partner -> rest @ master_bedroom (Intent: sched_sleep_partner_51)
NPC_ASSIGN_SKIP_ROOM: partner already in queue for rest with intent sched_sleep_partner_51
NPC_ASSIGN_ATTEMPT: Flaubert Giles -> rest @ master_bedroom (Intent: sched_sleep_player_51)
NPC_ASSIGN_SKIP_ROOM: player already in queue for rest with intent sched_sleep_player_51
NPC_ASSIGN_ATTEMPT: Flaubert Giles -> rest @ butler_quarters (Intent: sched_sleep_butler_51)
NPC_ASSIGN_SKIP_ROOM: butler already in queue for rest with intent sched_sleep_butler_51
NPC_ASSIGN_ATTEMPT: Partner -> rest @ master_bedroom (Intent: sched_sleep_partner_51)
NPC_ASSIGN_SKIP_ROOM: partner already in queue for rest with intent sched_sleep_partner_51
NPC_ASSIGN_ATTEMPT: Flaubert Giles -> rest @ master_bedroom (Intent: sched_sleep_player_51)
NPC_ASSIGN_SKIP_ROOM: player already in queue for rest with intent sched_sleep_player_51
NPC_ASSIGN_ATTEMPT: Flaubert Giles -> rest @ butler_quarters (Intent: sched_sleep_butler_51)
NPC_ASSIGN_SKIP_ROOM: butler already in queue for rest with intent sched_sleep_butler_51
NPC_ASSIGN_ATTEMPT: Partner -> rest @ master_bedroom (Intent: sched_sleep_partner_51)
NPC_ASSIGN_SKIP_ROOM: partner already in queue for rest with intent sched_sleep_partner_51
NPC_ASSIGN_ATTEMPT: Flaubert Giles -> rest @ master_bedroom (Intent: sched_sleep_player_51)
NPC_ASSIGN_SKIP_ROOM: player already in queue for rest with intent sched_sleep_player_51
NPC_ASSIGN_ATTEMPT: Flaubert Giles -> rest @ butler_quarters (Intent: sched_sleep_butler_51)
NPC_ASSIGN_SKIP_ROOM: butler already in queue for rest with intent sched_sleep_butler_51
NPC_ASSIGN_ATTEMPT: Partner -> rest @ master_bedroom (Intent: sched_sleep_partner_51)
NPC_ASSIGN_SKIP_ROOM: partner already in queue for rest with intent sched_sleep_partner_51
NPC_ASSIGN_ATTEMPT: Flaubert Giles -> rest @ master_bedroom (Intent: sched_sleep_player_51)
NPC_ASSIGN_SKIP_ROOM: player already in queue for rest with intent sched_sleep_player_51
NPC_ASSIGN_ATTEMPT: Flaubert Giles -> rest @ butler_quarters (Intent: sched_sleep_butler_51)
NPC_ASSIGN_SKIP_ROOM: butler already in queue for rest with intent sched_sleep_butler_51
NPC_ASSIGN_ATTEMPT: Partner -> rest @ master_bedroom (Intent: sched_sleep_partner_51)
NPC_ASSIGN_SKIP_ROOM: partner already in queue for rest with intent sched_sleep_partner_51
NPC_ASSIGN_ATTEMPT: Flaubert Giles -> rest @ master_bedroom (Intent: sched_sleep_player_51)
NPC_ASSIGN_SKIP_ROOM: player already in queue for rest with intent sched_sleep_player_51
NPC_ASSIGN_ATTEMPT: Flaubert Giles -> rest @ butler_quarters (Intent: sched_sleep_butler_51)
NPC_ASSIGN_SKIP_ROOM: butler already in queue for rest with intent sched_sleep_butler_51
NPC_ASSIGN_ATTEMPT: Partner -> rest @ master_bedroom (Intent: sched_sleep_partner_51)
NPC_ASSIGN_SKIP_ROOM: partner already in queue for rest with intent sched_sleep_partner_51
NPC_ASSIGN_ATTEMPT: Flaubert Giles -> rest @ master_bedroom (Intent: sched_sleep_player_51)
NPC_ASSIGN_SKIP_ROOM: player already in queue for rest with intent sched_sleep_player_51
NPC_ASSIGN_ATTEMPT: Flaubert Giles -> rest @ butler_quarters (Intent: sched_sleep_butler_51)
NPC_ASSIGN_SKIP_ROOM: butler already in queue for rest with intent sched_sleep_butler_51
NPC_ASSIGN_ATTEMPT: Partner -> rest @ master_bedroom (Intent: sched_sleep_partner_51)
NPC_ASSIGN_SKIP_ROOM: partner already in queue for rest with intent sched_sleep_partner_51
NPC_ASSIGN_ATTEMPT: Flaubert Giles -> rest @ master_bedroom (Intent: sched_sleep_player_51)
NPC_ASSIGN_SKIP_ROOM: player already in queue for rest with intent sched_sleep_player_51
NPC_ASSIGN_ATTEMPT: Flaubert Giles -> rest @ butler_quarters (Intent: sched_sleep_butler_51)
NPC_ASSIGN_SKIP_ROOM: butler already in queue for rest with intent sched_sleep_butler_51
NPC_ASSIGN_ATTEMPT: Partner -> rest @ master_bedroom (Intent: sched_sleep_partner_51)
NPC_ASSIGN_SKIP_ROOM: partner already in queue for rest with intent sched_sleep_partner_51
NPC_ASSIGN_ATTEMPT: Flaubert Giles -> rest @ master_bedroom (Intent: sched_sleep_player_51)
NPC_ASSIGN_SKIP_ROOM: player already in queue for rest with intent sched_sleep_player_51
NPC_ASSIGN_ATTEMPT: Flaubert Giles -> rest @ butler_quarters (Intent: sched_sleep_butler_51)
NPC_ASSIGN_SKIP_ROOM: butler already in queue for rest with intent sched_sleep_butler_51
NPC_ASSIGN_ATTEMPT: Partner -> rest @ master_bedroom (Intent: sched_sleep_partner_51)
NPC_ASSIGN_SKIP_ROOM: partner already in queue for rest with intent sched_sleep_partner_51
NPC_ASSIGN_ATTEMPT: Flaubert Giles -> rest @ master_bedroom (Intent: sched_sleep_player_51)
NPC_ASSIGN_SKIP_ROOM: player already in queue for rest with intent sched_sleep_player_51
NPC_ASSIGN_ATTEMPT: Flaubert Giles -> rest @ butler_quarters (Intent: sched_sleep_butler_51)
NPC_ASSIGN_SKIP_ROOM: butler already in queue for rest with intent sched_sleep_butler_51
NPC_ASSIGN_ATTEMPT: Partner -> rest @ master_bedroom (Intent: sched_sleep_partner_51)
NPC_ASSIGN_SKIP_ROOM: partner already in queue for rest with intent sched_sleep_partner_51
NPC_ASSIGN_ATTEMPT: Flaubert Giles -> rest @ master_bedroom (Intent: sched_sleep_player_51)
NPC_ASSIGN_SKIP_ROOM: player already in queue for rest with intent sched_sleep_player_51
NPC_ASSIGN_ATTEMPT: Flaubert Giles -> rest @ butler_quarters (Intent: sched_sleep_butler_51)
NPC_ASSIGN_SKIP_ROOM: butler already in queue for rest with intent sched_sleep_butler_51
NPC_ASSIGN_ATTEMPT: Partner -> rest @ master_bedroom (Intent: sched_sleep_partner_51)
NPC_ASSIGN_SKIP_ROOM: partner already in queue for rest with intent sched_sleep_partner_51
NPC_ASSIGN_ATTEMPT: Flaubert Giles -> rest @ master_bedroom (Intent: sched_sleep_player_51)
NPC_ASSIGN_SKIP_ROOM: player already in queue for rest with intent sched_sleep_player_51
NPC_ASSIGN_ATTEMPT: Flaubert Giles -> rest @ butler_quarters (Intent: sched_sleep_butler_51)
NPC_ASSIGN_SKIP_ROOM: butler already in queue for rest with intent sched_sleep_butler_51
NPC_ASSIGN_ATTEMPT: Partner -> rest @ master_bedroom (Intent: sched_sleep_partner_51)
NPC_ASSIGN_SKIP_ROOM: partner already in queue for rest with intent sched_sleep_partner_51
NPC_ASSIGN_ATTEMPT: Flaubert Giles -> rest @ master_bedroom (Intent: sched_sleep_player_51)
NPC_ASSIGN_SKIP_ROOM: player already in queue for rest with intent sched_sleep_player_51
NPC_ASSIGN_ATTEMPT: Flaubert Giles -> rest @ butler_quarters (Intent: sched_sleep_butler_51)
NPC_ASSIGN_SKIP_ROOM: butler already in queue for rest with intent sched_sleep_butler_51
NPC_ASSIGN_ATTEMPT: Partner -> rest @ master_bedroom (Intent: sched_sleep_partner_51)
NPC_ASSIGN_SKIP_ROOM: partner already in queue for rest with intent sched_sleep_partner_51
NPC_ASSIGN_ATTEMPT: Flaubert Giles -> rest @ master_bedroom (Intent: sched_sleep_player_51)
NPC_ASSIGN_SKIP_ROOM: player already in queue for rest with intent sched_sleep_player_51
NPC_ASSIGN_ATTEMPT: Flaubert Giles -> rest @ butler_quarters (Intent: sched_sleep_butler_51)
NPC_ASSIGN_SKIP_ROOM: butler already in queue for rest with intent sched_sleep_butler_51
NPC_ASSIGN_ATTEMPT: Partner -> rest @ master_bedroom (Intent: sched_sleep_partner_51)
NPC_ASSIGN_SKIP_ROOM: partner already in queue for rest with intent sched_sleep_partner_51
NPC_ASSIGN_ATTEMPT: Flaubert Giles -> rest @ master_bedroom (Intent: sched_sleep_player_51)
NPC_ASSIGN_SKIP_ROOM: player already in queue for rest with intent sched_sleep_player_51
NPC_ASSIGN_ATTEMPT: Flaubert Giles -> rest @ butler_quarters (Intent: sched_sleep_butler_51)
NPC_ASSIGN_SKIP_ROOM: butler already in queue for rest with intent sched_sleep_butler_51
NPC_ASSIGN_ATTEMPT: Partner -> rest @ master_bedroom (Intent: sched_sleep_partner_51)
NPC_ASSIGN_SKIP_ROOM: partner already in queue for rest with intent sched_sleep_partner_51
NPC_ASSIGN_ATTEMPT: Flaubert Giles -> rest @ master_bedroom (Intent: sched_sleep_player_51)
NPC_ASSIGN_SKIP_ROOM: player already in queue for rest with intent sched_sleep_player_51
NPC_ASSIGN_ATTEMPT: Flaubert Giles -> rest @ butler_quarters (Intent: sched_sleep_butler_51)
NPC_ASSIGN_SKIP_ROOM: butler already in queue for rest with intent sched_sleep_butler_51
NPC_ASSIGN_ATTEMPT: Partner -> rest @ master_bedroom (Intent: sched_sleep_partner_51)
NPC_ASSIGN_SKIP_ROOM: partner already in queue for rest with intent sched_sleep_partner_51
NPC_ASSIGN_ATTEMPT: Flaubert Giles -> rest @ master_bedroom (Intent: sched_sleep_player_51)
NPC_ASSIGN_SKIP_ROOM: player already in queue for rest with intent sched_sleep_player_51
NPC_ASSIGN_ATTEMPT: Flaubert Giles -> rest @ butler_quarters (Intent: sched_sleep_butler_51)
NPC_ASSIGN_SKIP_ROOM: butler already in queue for rest with intent sched_sleep_butler_51
NPC_ASSIGN_ATTEMPT: Partner -> rest @ master_bedroom (Intent: sched_sleep_partner_51)
NPC_ASSIGN_SKIP_ROOM: partner already in queue for rest with intent sched_sleep_partner_51
NPC_ASSIGN_ATTEMPT: Flaubert Giles -> rest @ master_bedroom (Intent: sched_sleep_player_51)
NPC_ASSIGN_SKIP_ROOM: player already in queue for rest with intent sched_sleep_player_51
NPC_ASSIGN_ATTEMPT: Flaubert Giles -> rest @ butler_quarters (Intent: sched_sleep_butler_51)
NPC_ASSIGN_SKIP_ROOM: butler already in queue for rest with intent sched_sleep_butler_51
NPC_ASSIGN_ATTEMPT: Partner -> rest @ master_bedroom (Intent: sched_sleep_partner_51)
NPC_ASSIGN_SKIP_ROOM: partner already in queue for rest with intent sched_sleep_partner_51
NPC_ASSIGN_ATTEMPT: Flaubert Giles -> rest @ master_bedroom (Intent: sched_sleep_player_51)
NPC_ASSIGN_SKIP_ROOM: player already in queue for rest with intent sched_sleep_player_51
NPC_ASSIGN_ATTEMPT: Flaubert Giles -> rest @ butler_quarters (Intent: sched_sleep_butler_51)
NPC_ASSIGN_SKIP_ROOM: butler already in queue for rest with intent sched_sleep_butler_51
NPC_ASSIGN_ATTEMPT: Partner -> rest @ master_bedroom (Intent: sched_sleep_partner_51)
NPC_ASSIGN_SKIP_ROOM: partner already in queue for rest with intent sched_sleep_partner_51
NPC_ASSIGN_ATTEMPT: Flaubert Giles -> rest @ master_bedroom (Intent: sched_sleep_player_51)
NPC_ASSIGN_SKIP_ROOM: player already in queue for rest with intent sched_sleep_player_51
NPC_ASSIGN_ATTEMPT: Flaubert Giles -> rest @ butler_quarters (Intent: sched_sleep_butler_51)
NPC_ASSIGN_SKIP_ROOM: butler already in queue for rest with intent sched_sleep_butler_51
NPC_ASSIGN_ATTEMPT: Partner -> rest @ master_bedroom (Intent: sched_sleep_partner_51)
NPC_ASSIGN_SKIP_ROOM: partner already in queue for rest with intent sched_sleep_partner_51
NPC_ASSIGN_ATTEMPT: Flaubert Giles -> rest @ master_bedroom (Intent: sched_sleep_player_51)
NPC_ASSIGN_SKIP_ROOM: player already in queue for rest with intent sched_sleep_player_51
NPC_ASSIGN_ATTEMPT: Flaubert Giles -> rest @ butler_quarters (Intent: sched_sleep_butler_51)
NPC_ASSIGN_SKIP_ROOM: butler already in queue for rest with intent sched_sleep_butler_51
NPC_ASSIGN_ATTEMPT: Partner -> rest @ master_bedroom (Intent: sched_sleep_partner_51)
NPC_ASSIGN_SKIP_ROOM: partner already in queue for rest with intent sched_sleep_partner_51
NPC_ASSIGN_ATTEMPT: Flaubert Giles -> rest @ master_bedroom (Intent: sched_sleep_player_51)
NPC_ASSIGN_SKIP_ROOM: player already in queue for rest with intent sched_sleep_player_51
NPC_ASSIGN_ATTEMPT: Flaubert Giles -> rest @ butler_quarters (Intent: sched_sleep_butler_51)
NPC_ASSIGN_SKIP_ROOM: butler already in queue for rest with intent sched_sleep_butler_51
NPC_ASSIGN_ATTEMPT: Partner -> rest @ master_bedroom (Intent: sched_sleep_partner_51)
NPC_ASSIGN_SKIP_ROOM: partner already in queue for rest with intent sched_sleep_partner_51
NPC_ASSIGN_ATTEMPT: Flaubert Giles -> rest @ master_bedroom (Intent: sched_sleep_player_51)
NPC_ASSIGN_SKIP_ROOM: player already in queue for rest with intent sched_sleep_player_51
NPC_ASSIGN_ATTEMPT: Flaubert Giles -> rest @ butler_quarters (Intent: sched_sleep_butler_51)
NPC_ASSIGN_SKIP_ROOM: butler already in queue for rest with intent sched_sleep_butler_51
NPC_ASSIGN_ATTEMPT: Partner -> rest @ master_bedroom (Intent: sched_sleep_partner_51)
NPC_ASSIGN_SKIP_ROOM: partner already in queue for rest with intent sched_sleep_partner_51
NPC_ASSIGN_ATTEMPT: Flaubert Giles -> rest @ master_bedroom (Intent: sched_sleep_player_51)
NPC_ASSIGN_SKIP_ROOM: player already in queue for rest with intent sched_sleep_player_51
NPC_ASSIGN_ATTEMPT: Flaubert Giles -> rest @ butler_quarters (Intent: sched_sleep_butler_51)
NPC_ASSIGN_SKIP_ROOM: butler already in queue for rest with intent sched_sleep_butler_51
NPC_ASSIGN_ATTEMPT: Partner -> rest @ master_bedroom (Intent: sched_sleep_partner_51)
NPC_ASSIGN_SKIP_ROOM: partner already in queue for rest with intent sched_sleep_partner_51
NPC_ASSIGN_ATTEMPT: Flaubert Giles -> rest @ master_bedroom (Intent: sched_sleep_player_51)
NPC_ASSIGN_SKIP_ROOM: player already in queue for rest with intent sched_sleep_player_51
NPC_ASSIGN_ATTEMPT: Flaubert Giles -> rest @ butler_quarters (Intent: sched_sleep_butler_51)
NPC_ASSIGN_SKIP_ROOM: butler already in queue for rest with intent sched_sleep_butler_51
NPC_ASSIGN_ATTEMPT: Partner -> rest @ master_bedroom (Intent: sched_sleep_partner_51)
NPC_ASSIGN_SKIP_ROOM: partner already in queue for rest with intent sched_sleep_partner_51
NPC_ASSIGN_ATTEMPT: Flaubert Giles -> rest @ master_bedroom (Intent: sched_sleep_player_51)
NPC_ASSIGN_SKIP_ROOM: player already in queue for rest with intent sched_sleep_player_51
NPC_ASSIGN_ATTEMPT: Flaubert Giles -> rest @ butler_quarters (Intent: sched_sleep_butler_51)
NPC_ASSIGN_SKIP_ROOM: butler already in queue for rest with intent sched_sleep_butler_51
NPC_ASSIGN_ATTEMPT: Partner -> rest @ master_bedroom (Intent: sched_sleep_partner_51)
NPC_ASSIGN_SKIP_ROOM: partner already in queue for rest with intent sched_sleep_partner_51
NPC_ASSIGN_ATTEMPT: Flaubert Giles -> rest @ master_bedroom (Intent: sched_sleep_player_51)
NPC_ASSIGN_SKIP_ROOM: player already in queue for rest with intent sched_sleep_player_51
NPC_ASSIGN_ATTEMPT: Flaubert Giles -> rest @ butler_quarters (Intent: sched_sleep_butler_51)
NPC_ASSIGN_SKIP_ROOM: butler already in queue for rest with intent sched_sleep_butler_51
NPC_ASSIGN_ATTEMPT: Partner -> rest @ master_bedroom (Intent: sched_sleep_partner_51)
NPC_ASSIGN_SKIP_ROOM: partner already in queue for rest with intent sched_sleep_partner_51
NPC_ASSIGN_ATTEMPT: Flaubert Giles -> rest @ master_bedroom (Intent: sched_sleep_player_52)
NPC_ASSIGN_ATTEMPT: Flaubert Giles -> rest @ butler_quarters (Intent: sched_sleep_butler_52)
NPC_ASSIGN_ATTEMPT: Partner -> rest @ master_bedroom (Intent: sched_sleep_partner_52)
NPC_ASSIGN_ATTEMPT: Flaubert Giles -> rest @ master_bedroom (Intent: sched_sleep_player_52)
NPC_ASSIGN_SKIP_ROOM: player already in queue for rest with intent sched_sleep_player_52
NPC_ASSIGN_ATTEMPT: Flaubert Giles -> rest @ butler_quarters (Intent: sched_sleep_butler_52)
NPC_ASSIGN_SKIP_ROOM: butler already in queue for rest with intent sched_sleep_butler_52
NPC_ASSIGN_ATTEMPT: Partner -> rest @ master_bedroom (Intent: sched_sleep_partner_52)
NPC_ASSIGN_SKIP_ROOM: partner already in queue for rest with intent sched_sleep_partner_52
NPC_ASSIGN_ATTEMPT: Flaubert Giles -> rest @ master_bedroom (Intent: sched_sleep_player_52)
NPC_ASSIGN_SKIP_ROOM: player already in queue for rest with intent sched_sleep_player_52
NPC_ASSIGN_ATTEMPT: Flaubert Giles -> rest @ butler_quarters (Intent: sched_sleep_butler_52)
NPC_ASSIGN_SKIP_ROOM: butler already in queue for rest with intent sched_sleep_butler_52
NPC_ASSIGN_ATTEMPT: Partner -> rest @ master_bedroom (Intent: sched_sleep_partner_52)
NPC_ASSIGN_SKIP_ROOM: partner already in queue for rest with intent sched_sleep_partner_52
NPC_ASSIGN_ATTEMPT: Flaubert Giles -> rest @ master_bedroom (Intent: sched_sleep_player_52)
NPC_ASSIGN_SKIP_ROOM: player already in queue for rest with intent sched_sleep_player_52
NPC_ASSIGN_ATTEMPT: Flaubert Giles -> rest @ butler_quarters (Intent: sched_sleep_butler_52)
NPC_ASSIGN_SKIP_ROOM: butler already in queue for rest with intent sched_sleep_butler_52
NPC_ASSIGN_ATTEMPT: Partner -> rest @ master_bedroom (Intent: sched_sleep_partner_52)
NPC_ASSIGN_SKIP_ROOM: partner already in queue for rest with intent sched_sleep_partner_52
NPC_ASSIGN_ATTEMPT: Flaubert Giles -> rest @ master_bedroom (Intent: sched_sleep_player_52)
NPC_ASSIGN_SKIP_ROOM: player already in queue for rest with intent sched_sleep_player_52
NPC_ASSIGN_ATTEMPT: Flaubert Giles -> rest @ butler_quarters (Intent: sched_sleep_butler_52)
NPC_ASSIGN_SKIP_ROOM: butler already in queue for rest with intent sched_sleep_butler_52
NPC_ASSIGN_ATTEMPT: Partner -> rest @ master_bedroom (Intent: sched_sleep_partner_52)
NPC_ASSIGN_SKIP_ROOM: partner already in queue for rest with intent sched_sleep_partner_52
NPC_ASSIGN_ATTEMPT: Flaubert Giles -> rest @ master_bedroom (Intent: sched_sleep_player_52)
NPC_ASSIGN_SKIP_ROOM: player already in queue for rest with intent sched_sleep_player_52
NPC_ASSIGN_ATTEMPT: Flaubert Giles -> rest @ butler_quarters (Intent: sched_sleep_butler_52)
NPC_ASSIGN_SKIP_ROOM: butler already in queue for rest with intent sched_sleep_butler_52
NPC_ASSIGN_ATTEMPT: Partner -> rest @ master_bedroom (Intent: sched_sleep_partner_52)
NPC_ASSIGN_SKIP_ROOM: partner already in queue for rest with intent sched_sleep_partner_52
NPC_ASSIGN_ATTEMPT: Flaubert Giles -> rest @ master_bedroom (Intent: sched_sleep_player_52)
NPC_ASSIGN_SKIP_ROOM: player already in queue for rest with intent sched_sleep_player_52
NPC_ASSIGN_ATTEMPT: Flaubert Giles -> rest @ butler_quarters (Intent: sched_sleep_butler_52)
NPC_ASSIGN_SKIP_ROOM: butler already in queue for rest with intent sched_sleep_butler_52
NPC_ASSIGN_ATTEMPT: Partner -> rest @ master_bedroom (Intent: sched_sleep_partner_52)
NPC_ASSIGN_SKIP_ROOM: partner already in queue for rest with intent sched_sleep_partner_52
NPC_ASSIGN_ATTEMPT: Flaubert Giles -> rest @ master_bedroom (Intent: sched_sleep_player_52)
NPC_ASSIGN_SKIP_ROOM: player already in queue for rest with intent sched_sleep_player_52
NPC_ASSIGN_ATTEMPT: Flaubert Giles -> rest @ butler_quarters (Intent: sched_sleep_butler_52)
NPC_ASSIGN_SKIP_ROOM: butler already in queue for rest with intent sched_sleep_butler_52
NPC_ASSIGN_ATTEMPT: Partner -> rest @ master_bedroom (Intent: sched_sleep_partner_52)
NPC_ASSIGN_SKIP_ROOM: partner already in queue for rest with intent sched_sleep_partner_52
NPC_ASSIGN_ATTEMPT: Flaubert Giles -> rest @ master_bedroom (Intent: sched_sleep_player_52)
NPC_ASSIGN_SKIP_ROOM: player already in queue for rest with intent sched_sleep_player_52
NPC_ASSIGN_ATTEMPT: Flaubert Giles -> rest @ butler_quarters (Intent: sched_sleep_butler_52)
NPC_ASSIGN_SKIP_ROOM: butler already in queue for rest with intent sched_sleep_butler_52
NPC_ASSIGN_ATTEMPT: Partner -> rest @ master_bedroom (Intent: sched_sleep_partner_52)
NPC_ASSIGN_SKIP_ROOM: partner already in queue for rest with intent sched_sleep_partner_52
NPC_ASSIGN_ATTEMPT: Flaubert Giles -> rest @ master_bedroom (Intent: sched_sleep_player_52)
NPC_ASSIGN_SKIP_ROOM: player already in queue for rest with intent sched_sleep_player_52
NPC_ASSIGN_ATTEMPT: Flaubert Giles -> rest @ butler_quarters (Intent: sched_sleep_butler_52)
NPC_ASSIGN_SKIP_ROOM: butler already in queue for rest with intent sched_sleep_butler_52
NPC_ASSIGN_ATTEMPT: Partner -> rest @ master_bedroom (Intent: sched_sleep_partner_52)
NPC_ASSIGN_SKIP_ROOM: partner already in queue for rest with intent sched_sleep_partner_52
NPC_ASSIGN_ATTEMPT: Flaubert Giles -> rest @ master_bedroom (Intent: sched_sleep_player_52)
NPC_ASSIGN_SKIP_ROOM: player already in queue for rest with intent sched_sleep_player_52
NPC_ASSIGN_ATTEMPT: Flaubert Giles -> rest @ butler_quarters (Intent: sched_sleep_butler_52)
NPC_ASSIGN_SKIP_ROOM: butler already in queue for rest with intent sched_sleep_butler_52
NPC_ASSIGN_ATTEMPT: Partner -> rest @ master_bedroom (Intent: sched_sleep_partner_52)
NPC_ASSIGN_SKIP_ROOM: partner already in queue for rest with intent sched_sleep_partner_52
NPC_ASSIGN_ATTEMPT: Flaubert Giles -> rest @ master_bedroom (Intent: sched_sleep_player_52)
NPC_ASSIGN_SKIP_ROOM: player already in queue for rest with intent sched_sleep_player_52
NPC_ASSIGN_ATTEMPT: Flaubert Giles -> rest @ butler_quarters (Intent: sched_sleep_butler_52)
NPC_ASSIGN_SKIP_ROOM: butler already in queue for rest with intent sched_sleep_butler_52
NPC_ASSIGN_ATTEMPT: Partner -> rest @ master_bedroom (Intent: sched_sleep_partner_52)
NPC_ASSIGN_SKIP_ROOM: partner already in queue for rest with intent sched_sleep_partner_52
NPC_ASSIGN_ATTEMPT: Flaubert Giles -> rest @ master_bedroom (Intent: sched_sleep_player_52)
NPC_ASSIGN_SKIP_ROOM: player already in queue for rest with intent sched_sleep_player_52
NPC_ASSIGN_ATTEMPT: Flaubert Giles -> rest @ butler_quarters (Intent: sched_sleep_butler_52)
NPC_ASSIGN_SKIP_ROOM: butler already in queue for rest with intent sched_sleep_butler_52
NPC_ASSIGN_ATTEMPT: Partner -> rest @ master_bedroom (Intent: sched_sleep_partner_52)
NPC_ASSIGN_SKIP_ROOM: partner already in queue for rest with intent sched_sleep_partner_52
NPC_ASSIGN_ATTEMPT: Flaubert Giles -> rest @ master_bedroom (Intent: sched_sleep_player_52)
NPC_ASSIGN_SKIP_ROOM: player already in queue for rest with intent sched_sleep_player_52
NPC_ASSIGN_ATTEMPT: Flaubert Giles -> rest @ butler_quarters (Intent: sched_sleep_butler_52)
NPC_ASSIGN_SKIP_ROOM: butler already in queue for rest with intent sched_sleep_butler_52
NPC_ASSIGN_ATTEMPT: Partner -> rest @ master_bedroom (Intent: sched_sleep_partner_52)
NPC_ASSIGN_SKIP_ROOM: partner already in queue for rest with intent sched_sleep_partner_52
NPC_ASSIGN_ATTEMPT: Flaubert Giles -> rest @ master_bedroom (Intent: sched_sleep_player_52)
NPC_ASSIGN_SKIP_ROOM: player already in queue for rest with intent sched_sleep_player_52
NPC_ASSIGN_ATTEMPT: Flaubert Giles -> rest @ butler_quarters (Intent: sched_sleep_butler_52)
NPC_ASSIGN_SKIP_ROOM: butler already in queue for rest with intent sched_sleep_butler_52
NPC_ASSIGN_ATTEMPT: Partner -> rest @ master_bedroom (Intent: sched_sleep_partner_52)
NPC_ASSIGN_SKIP_ROOM: partner already in queue for rest with intent sched_sleep_partner_52
NPC_ASSIGN_ATTEMPT: Flaubert Giles -> rest @ master_bedroom (Intent: sched_sleep_player_52)
NPC_ASSIGN_SKIP_ROOM: player already in queue for rest with intent sched_sleep_player_52
NPC_ASSIGN_ATTEMPT: Flaubert Giles -> rest @ butler_quarters (Intent: sched_sleep_butler_52)
NPC_ASSIGN_SKIP_ROOM: butler already in queue for rest with intent sched_sleep_butler_52
NPC_ASSIGN_ATTEMPT: Partner -> rest @ master_bedroom (Intent: sched_sleep_partner_52)
NPC_ASSIGN_SKIP_ROOM: partner already in queue for rest with intent sched_sleep_partner_52
NPC_ASSIGN_ATTEMPT: Flaubert Giles -> rest @ master_bedroom (Intent: sched_sleep_player_52)
NPC_ASSIGN_SKIP_ROOM: player already in queue for rest with intent sched_sleep_player_52
NPC_ASSIGN_ATTEMPT: Flaubert Giles -> rest @ butler_quarters (Intent: sched_sleep_butler_52)
NPC_ASSIGN_SKIP_ROOM: butler already in queue for rest with intent sched_sleep_butler_52
NPC_ASSIGN_ATTEMPT: Partner -> rest @ master_bedroom (Intent: sched_sleep_partner_52)
NPC_ASSIGN_SKIP_ROOM: partner already in queue for rest with intent sched_sleep_partner_52
NPC_ASSIGN_ATTEMPT: Flaubert Giles -> rest @ master_bedroom (Intent: sched_sleep_player_52)
NPC_ASSIGN_SKIP_ROOM: player already in queue for rest with intent sched_sleep_player_52
NPC_ASSIGN_ATTEMPT: Flaubert Giles -> rest @ butler_quarters (Intent: sched_sleep_butler_52)
NPC_ASSIGN_SKIP_ROOM: butler already in queue for rest with intent sched_sleep_butler_52
NPC_ASSIGN_ATTEMPT: Partner -> rest @ master_bedroom (Intent: sched_sleep_partner_52)
NPC_ASSIGN_SKIP_ROOM: partner already in queue for rest with intent sched_sleep_partner_52
NPC_ASSIGN_ATTEMPT: Flaubert Giles -> rest @ master_bedroom (Intent: sched_sleep_player_52)
NPC_ASSIGN_SKIP_ROOM: player already in queue for rest with intent sched_sleep_player_52
NPC_ASSIGN_ATTEMPT: Flaubert Giles -> rest @ butler_quarters (Intent: sched_sleep_butler_52)
NPC_ASSIGN_SKIP_ROOM: butler already in queue for rest with intent sched_sleep_butler_52
NPC_ASSIGN_ATTEMPT: Partner -> rest @ master_bedroom (Intent: sched_sleep_partner_52)
NPC_ASSIGN_SKIP_ROOM: partner already in queue for rest with intent sched_sleep_partner_52
NPC_ASSIGN_ATTEMPT: Flaubert Giles -> rest @ master_bedroom (Intent: sched_sleep_player_52)
NPC_ASSIGN_SKIP_ROOM: player already in queue for rest with intent sched_sleep_player_52
NPC_ASSIGN_ATTEMPT: Flaubert Giles -> rest @ butler_quarters (Intent: sched_sleep_butler_52)
NPC_ASSIGN_SKIP_ROOM: butler already in queue for rest with intent sched_sleep_butler_52
NPC_ASSIGN_ATTEMPT: Partner -> rest @ master_bedroom (Intent: sched_sleep_partner_52)
NPC_ASSIGN_SKIP_ROOM: partner already in queue for rest with intent sched_sleep_partner_52
NPC_ASSIGN_ATTEMPT: Flaubert Giles -> rest @ master_bedroom (Intent: sched_sleep_player_52)
NPC_ASSIGN_SKIP_ROOM: player already in queue for rest with intent sched_sleep_player_52
NPC_ASSIGN_ATTEMPT: Flaubert Giles -> rest @ butler_quarters (Intent: sched_sleep_butler_52)
NPC_ASSIGN_SKIP_ROOM: butler already in queue for rest with intent sched_sleep_butler_52
NPC_ASSIGN_ATTEMPT: Partner -> rest @ master_bedroom (Intent: sched_sleep_partner_52)
NPC_ASSIGN_SKIP_ROOM: partner already in queue for rest with intent sched_sleep_partner_52
NPC_ASSIGN_ATTEMPT: Flaubert Giles -> rest @ master_bedroom (Intent: sched_sleep_player_52)
NPC_ASSIGN_SKIP_ROOM: player already in queue for rest with intent sched_sleep_player_52
NPC_ASSIGN_ATTEMPT: Flaubert Giles -> rest @ butler_quarters (Intent: sched_sleep_butler_52)
NPC_ASSIGN_SKIP_ROOM: butler already in queue for rest with intent sched_sleep_butler_52
NPC_ASSIGN_ATTEMPT: Partner -> rest @ master_bedroom (Intent: sched_sleep_partner_52)
NPC_ASSIGN_SKIP_ROOM: partner already in queue for rest with intent sched_sleep_partner_52
NPC_ASSIGN_ATTEMPT: Flaubert Giles -> rest @ master_bedroom (Intent: sched_sleep_player_52)
NPC_ASSIGN_SKIP_ROOM: player already in queue for rest with intent sched_sleep_player_52
NPC_ASSIGN_ATTEMPT: Flaubert Giles -> rest @ butler_quarters (Intent: sched_sleep_butler_52)
NPC_ASSIGN_SKIP_ROOM: butler already in queue for rest with intent sched_sleep_butler_52
NPC_ASSIGN_ATTEMPT: Partner -> rest @ master_bedroom (Intent: sched_sleep_partner_52)
NPC_ASSIGN_SKIP_ROOM: partner already in queue for rest with intent sched_sleep_partner_52
NPC_ASSIGN_ATTEMPT: Flaubert Giles -> rest @ master_bedroom (Intent: sched_sleep_player_52)
NPC_ASSIGN_SKIP_ROOM: player already in queue for rest with intent sched_sleep_player_52
NPC_ASSIGN_ATTEMPT: Flaubert Giles -> rest @ butler_quarters (Intent: sched_sleep_butler_52)
NPC_ASSIGN_SKIP_ROOM: butler already in queue for rest with intent sched_sleep_butler_52
NPC_ASSIGN_ATTEMPT: Partner -> rest @ master_bedroom (Intent: sched_sleep_partner_52)
NPC_ASSIGN_SKIP_ROOM: partner already in queue for rest with intent sched_sleep_partner_52
NPC_ASSIGN_ATTEMPT: Flaubert Giles -> rest @ master_bedroom (Intent: sched_sleep_player_52)
NPC_ASSIGN_SKIP_ROOM: player already in queue for rest with intent sched_sleep_player_52
NPC_ASSIGN_ATTEMPT: Flaubert Giles -> rest @ butler_quarters (Intent: sched_sleep_butler_52)
NPC_ASSIGN_SKIP_ROOM: butler already in queue for rest with intent sched_sleep_butler_52
NPC_ASSIGN_ATTEMPT: Partner -> rest @ master_bedroom (Intent: sched_sleep_partner_52)
NPC_ASSIGN_SKIP_ROOM: partner already in queue for rest with intent sched_sleep_partner_52
NPC_ASSIGN_ATTEMPT: Flaubert Giles -> rest @ master_bedroom (Intent: sched_sleep_player_52)
NPC_ASSIGN_SKIP_ROOM: player already in queue for rest with intent sched_sleep_player_52
NPC_ASSIGN_ATTEMPT: Flaubert Giles -> rest @ butler_quarters (Intent: sched_sleep_butler_52)
NPC_ASSIGN_SKIP_ROOM: butler already in queue for rest with intent sched_sleep_butler_52
NPC_ASSIGN_ATTEMPT: Partner -> rest @ master_bedroom (Intent: sched_sleep_partner_52)
NPC_ASSIGN_SKIP_ROOM: partner already in queue for rest with intent sched_sleep_partner_52
NPC_ASSIGN_ATTEMPT: Flaubert Giles -> rest @ master_bedroom (Intent: sched_sleep_player_52)
NPC_ASSIGN_SKIP_ROOM: player already in queue for rest with intent sched_sleep_player_52
NPC_ASSIGN_ATTEMPT: Flaubert Giles -> rest @ butler_quarters (Intent: sched_sleep_butler_52)
NPC_ASSIGN_SKIP_ROOM: butler already in queue for rest with intent sched_sleep_butler_52
NPC_ASSIGN_ATTEMPT: Partner -> rest @ master_bedroom (Intent: sched_sleep_partner_52)
NPC_ASSIGN_SKIP_ROOM: partner already in queue for rest with intent sched_sleep_partner_52
NPC_ASSIGN_ATTEMPT: Flaubert Giles -> rest @ master_bedroom (Intent: sched_sleep_player_52)
NPC_ASSIGN_SKIP_ROOM: player already in queue for rest with intent sched_sleep_player_52
NPC_ASSIGN_ATTEMPT: Flaubert Giles -> rest @ butler_quarters (Intent: sched_sleep_butler_52)
NPC_ASSIGN_SKIP_ROOM: butler already in queue for rest with intent sched_sleep_butler_52
NPC_ASSIGN_ATTEMPT: Partner -> rest @ master_bedroom (Intent: sched_sleep_partner_52)
NPC_ASSIGN_SKIP_ROOM: partner already in queue for rest with intent sched_sleep_partner_52
NPC_ASSIGN_ATTEMPT: Flaubert Giles -> rest @ master_bedroom (Intent: sched_sleep_player_52)
NPC_ASSIGN_SKIP_ROOM: player already in queue for rest with intent sched_sleep_player_52
NPC_ASSIGN_ATTEMPT: Flaubert Giles -> rest @ butler_quarters (Intent: sched_sleep_butler_52)
NPC_ASSIGN_SKIP_ROOM: butler already in queue for rest with intent sched_sleep_butler_52
NPC_ASSIGN_ATTEMPT: Partner -> rest @ master_bedroom (Intent: sched_sleep_partner_52)
NPC_ASSIGN_SKIP_ROOM: partner already in queue for rest with intent sched_sleep_partner_52
NPC_ASSIGN_ATTEMPT: Flaubert Giles -> rest @ master_bedroom (Intent: sched_sleep_player_52)
NPC_ASSIGN_SKIP_ROOM: player already in queue for rest with intent sched_sleep_player_52
NPC_ASSIGN_ATTEMPT: Flaubert Giles -> rest @ butler_quarters (Intent: sched_sleep_butler_52)
NPC_ASSIGN_SKIP_ROOM: butler already in queue for rest with intent sched_sleep_butler_52
NPC_ASSIGN_ATTEMPT: Partner -> rest @ master_bedroom (Intent: sched_sleep_partner_52)
NPC_ASSIGN_SKIP_ROOM: partner already in queue for rest with intent sched_sleep_partner_52
NPC_ASSIGN_ATTEMPT: Flaubert Giles -> rest @ master_bedroom (Intent: sched_sleep_player_52)
NPC_ASSIGN_SKIP_ROOM: player already in queue for rest with intent sched_sleep_player_52
NPC_ASSIGN_ATTEMPT: Flaubert Giles -> rest @ butler_quarters (Intent: sched_sleep_butler_52)
NPC_ASSIGN_SKIP_ROOM: butler already in queue for rest with intent sched_sleep_butler_52
NPC_ASSIGN_ATTEMPT: Partner -> rest @ master_bedroom (Intent: sched_sleep_partner_52)
NPC_ASSIGN_SKIP_ROOM: partner already in queue for rest with intent sched_sleep_partner_52
NPC_ASSIGN_ATTEMPT: Flaubert Giles -> rest @ master_bedroom (Intent: sched_sleep_player_52)
NPC_ASSIGN_SKIP_ROOM: player already in queue for rest with intent sched_sleep_player_52
NPC_ASSIGN_ATTEMPT: Flaubert Giles -> rest @ butler_quarters (Intent: sched_sleep_butler_52)
NPC_ASSIGN_SKIP_ROOM: butler already in queue for rest with intent sched_sleep_butler_52
NPC_ASSIGN_ATTEMPT: Partner -> rest @ master_bedroom (Intent: sched_sleep_partner_52)
NPC_ASSIGN_SKIP_ROOM: partner already in queue for rest with intent sched_sleep_partner_52
NPC_ASSIGN_ATTEMPT: Flaubert Giles -> rest @ master_bedroom (Intent: sched_sleep_player_52)
NPC_ASSIGN_SKIP_ROOM: player already in queue for rest with intent sched_sleep_player_52
NPC_ASSIGN_ATTEMPT: Flaubert Giles -> rest @ butler_quarters (Intent: sched_sleep_butler_52)
NPC_ASSIGN_SKIP_ROOM: butler already in queue for rest with intent sched_sleep_butler_52
NPC_ASSIGN_ATTEMPT: Partner -> rest @ master_bedroom (Intent: sched_sleep_partner_52)
NPC_ASSIGN_SKIP_ROOM: partner already in queue for rest with intent sched_sleep_partner_52
NPC_ASSIGN_ATTEMPT: Flaubert Giles -> rest @ master_bedroom (Intent: sched_sleep_player_52)
NPC_ASSIGN_SKIP_ROOM: player already in queue for rest with intent sched_sleep_player_52
NPC_ASSIGN_ATTEMPT: Flaubert Giles -> rest @ butler_quarters (Intent: sched_sleep_butler_52)
NPC_ASSIGN_SKIP_ROOM: butler already in queue for rest with intent sched_sleep_butler_52
NPC_ASSIGN_ATTEMPT: Partner -> rest @ master_bedroom (Intent: sched_sleep_partner_52)
NPC_ASSIGN_SKIP_ROOM: partner already in queue for rest with intent sched_sleep_partner_52
NPC_ASSIGN_ATTEMPT: Flaubert Giles -> rest @ master_bedroom (Intent: sched_sleep_player_52)
NPC_ASSIGN_SKIP_ROOM: player already in queue for rest with intent sched_sleep_player_52
NPC_ASSIGN_ATTEMPT: Flaubert Giles -> rest @ butler_quarters (Intent: sched_sleep_butler_52)
NPC_ASSIGN_SKIP_ROOM: butler already in queue for rest with intent sched_sleep_butler_52
NPC_ASSIGN_ATTEMPT: Partner -> rest @ master_bedroom (Intent: sched_sleep_partner_52)
NPC_ASSIGN_SKIP_ROOM: partner already in queue for rest with intent sched_sleep_partner_52
NPC_ASSIGN_ATTEMPT: Flaubert Giles -> rest @ master_bedroom (Intent: sched_sleep_player_52)
NPC_ASSIGN_SKIP_ROOM: player already in queue for rest with intent sched_sleep_player_52
NPC_ASSIGN_ATTEMPT: Flaubert Giles -> rest @ butler_quarters (Intent: sched_sleep_butler_52)
NPC_ASSIGN_SKIP_ROOM: butler already in queue for rest with intent sched_sleep_butler_52
NPC_ASSIGN_ATTEMPT: Partner -> rest @ master_bedroom (Intent: sched_sleep_partner_52)
NPC_ASSIGN_SKIP_ROOM: partner already in queue for rest with intent sched_sleep_partner_52
NPC_ASSIGN_ATTEMPT: Flaubert Giles -> rest @ master_bedroom (Intent: sched_sleep_player_52)
NPC_ASSIGN_SKIP_ROOM: player already in queue for rest with intent sched_sleep_player_52
NPC_ASSIGN_ATTEMPT: Flaubert Giles -> rest @ butler_quarters (Intent: sched_sleep_butler_52)
NPC_ASSIGN_SKIP_ROOM: butler already in queue for rest with intent sched_sleep_butler_52
NPC_ASSIGN_ATTEMPT: Partner -> rest @ master_bedroom (Intent: sched_sleep_partner_52)
NPC_ASSIGN_SKIP_ROOM: partner already in queue for rest with intent sched_sleep_partner_52
NPC_ASSIGN_ATTEMPT: Flaubert Giles -> rest @ master_bedroom (Intent: sched_sleep_player_52)
NPC_ASSIGN_SKIP_ROOM: player already in queue for rest with intent sched_sleep_player_52
NPC_ASSIGN_ATTEMPT: Flaubert Giles -> rest @ butler_quarters (Intent: sched_sleep_butler_52)
NPC_ASSIGN_SKIP_ROOM: butler already in queue for rest with intent sched_sleep_butler_52
NPC_ASSIGN_ATTEMPT: Partner -> rest @ master_bedroom (Intent: sched_sleep_partner_52)
NPC_ASSIGN_SKIP_ROOM: partner already in queue for rest with intent sched_sleep_partner_52
NPC_ASSIGN_ATTEMPT: Flaubert Giles -> rest @ master_bedroom (Intent: sched_sleep_player_52)
NPC_ASSIGN_SKIP_ROOM: player already in queue for rest with intent sched_sleep_player_52
NPC_ASSIGN_ATTEMPT: Flaubert Giles -> rest @ butler_quarters (Intent: sched_sleep_butler_52)
NPC_ASSIGN_SKIP_ROOM: butler already in queue for rest with intent sched_sleep_butler_52
NPC_ASSIGN_ATTEMPT: Partner -> rest @ master_bedroom (Intent: sched_sleep_partner_52)
NPC_ASSIGN_SKIP_ROOM: partner already in queue for rest with intent sched_sleep_partner_52
NPC_ASSIGN_ATTEMPT: Flaubert Giles -> rest @ master_bedroom (Intent: sched_sleep_player_52)
NPC_ASSIGN_SKIP_ROOM: player already in queue for rest with intent sched_sleep_player_52
NPC_ASSIGN_ATTEMPT: Flaubert Giles -> rest @ butler_quarters (Intent: sched_sleep_butler_52)
NPC_ASSIGN_SKIP_ROOM: butler already in queue for rest with intent sched_sleep_butler_52
NPC_ASSIGN_ATTEMPT: Partner -> rest @ master_bedroom (Intent: sched_sleep_partner_52)
NPC_ASSIGN_SKIP_ROOM: partner already in queue for rest with intent sched_sleep_partner_52
NPC_ASSIGN_ATTEMPT: Flaubert Giles -> rest @ master_bedroom (Intent: sched_sleep_player_52)
NPC_ASSIGN_SKIP_ROOM: player already in queue for rest with intent sched_sleep_player_52
NPC_ASSIGN_ATTEMPT: Flaubert Giles -> rest @ butler_quarters (Intent: sched_sleep_butler_52)
NPC_ASSIGN_SKIP_ROOM: butler already in queue for rest with intent sched_sleep_butler_52
NPC_ASSIGN_ATTEMPT: Partner -> rest @ master_bedroom (Intent: sched_sleep_partner_52)
NPC_ASSIGN_SKIP_ROOM: partner already in queue for rest with intent sched_sleep_partner_52
NPC_ASSIGN_ATTEMPT: Flaubert Giles -> rest @ master_bedroom (Intent: sched_sleep_player_52)
NPC_ASSIGN_SKIP_ROOM: player already in queue for rest with intent sched_sleep_player_52
NPC_ASSIGN_ATTEMPT: Flaubert Giles -> rest @ butler_quarters (Intent: sched_sleep_butler_52)
NPC_ASSIGN_SKIP_ROOM: butler already in queue for rest with intent sched_sleep_butler_52
NPC_ASSIGN_ATTEMPT: Partner -> rest @ master_bedroom (Intent: sched_sleep_partner_52)
NPC_ASSIGN_SKIP_ROOM: partner already in queue for rest with intent sched_sleep_partner_52
NPC_ASSIGN_ATTEMPT: Flaubert Giles -> rest @ master_bedroom (Intent: sched_sleep_player_52)
NPC_ASSIGN_SKIP_ROOM: player already in queue for rest with intent sched_sleep_player_52
NPC_ASSIGN_ATTEMPT: Flaubert Giles -> rest @ butler_quarters (Intent: sched_sleep_butler_52)
NPC_ASSIGN_SKIP_ROOM: butler already in queue for rest with intent sched_sleep_butler_52
NPC_ASSIGN_ATTEMPT: Partner -> rest @ master_bedroom (Intent: sched_sleep_partner_52)
NPC_ASSIGN_SKIP_ROOM: partner already in queue for rest with intent sched_sleep_partner_52
NPC_ASSIGN_ATTEMPT: Flaubert Giles -> rest @ master_bedroom (Intent: sched_sleep_player_52)
NPC_ASSIGN_SKIP_ROOM: player already in queue for rest with intent sched_sleep_player_52
NPC_ASSIGN_ATTEMPT: Flaubert Giles -> rest @ butler_quarters (Intent: sched_sleep_butler_52)
NPC_ASSIGN_SKIP_ROOM: butler already in queue for rest with intent sched_sleep_butler_52
NPC_ASSIGN_ATTEMPT: Partner -> rest @ master_bedroom (Intent: sched_sleep_partner_52)
NPC_ASSIGN_SKIP_ROOM: partner already in queue for rest with intent sched_sleep_partner_52
NPC_ASSIGN_ATTEMPT: Flaubert Giles -> rest @ master_bedroom (Intent: sched_sleep_player_52)
NPC_ASSIGN_SKIP_ROOM: player already in queue for rest with intent sched_sleep_player_52
NPC_ASSIGN_ATTEMPT: Flaubert Giles -> rest @ butler_quarters (Intent: sched_sleep_butler_52)
NPC_ASSIGN_SKIP_ROOM: butler already in queue for rest with intent sched_sleep_butler_52
NPC_ASSIGN_ATTEMPT: Partner -> rest @ master_bedroom (Intent: sched_sleep_partner_52)
NPC_ASSIGN_SKIP_ROOM: partner already in queue for rest with intent sched_sleep_partner_52
NPC_ASSIGN_ATTEMPT: Flaubert Giles -> rest @ master_bedroom (Intent: sched_sleep_player_52)
NPC_ASSIGN_SKIP_ROOM: player already in queue for rest with intent sched_sleep_player_52
NPC_ASSIGN_ATTEMPT: Flaubert Giles -> rest @ butler_quarters (Intent: sched_sleep_butler_52)
NPC_ASSIGN_SKIP_ROOM: butler already in queue for rest with intent sched_sleep_butler_52
NPC_ASSIGN_ATTEMPT: Partner -> rest @ master_bedroom (Intent: sched_sleep_partner_52)
NPC_ASSIGN_SKIP_ROOM: partner already in queue for rest with intent sched_sleep_partner_52
NPC_ASSIGN_ATTEMPT: Flaubert Giles -> rest @ master_bedroom (Intent: sched_sleep_player_52)
NPC_ASSIGN_SKIP_ROOM: player already in queue for rest with intent sched_sleep_player_52
NPC_ASSIGN_ATTEMPT: Flaubert Giles -> rest @ butler_quarters (Intent: sched_sleep_butler_52)
NPC_ASSIGN_SKIP_ROOM: butler already in queue for rest with intent sched_sleep_butler_52
NPC_ASSIGN_ATTEMPT: Partner -> rest @ master_bedroom (Intent: sched_sleep_partner_52)
NPC_ASSIGN_SKIP_ROOM: partner already in queue for rest with intent sched_sleep_partner_52
NPC_ASSIGN_ATTEMPT: Flaubert Giles -> rest @ master_bedroom (Intent: sched_sleep_player_52)
NPC_ASSIGN_SKIP_ROOM: player already in queue for rest with intent sched_sleep_player_52
NPC_ASSIGN_ATTEMPT: Flaubert Giles -> rest @ butler_quarters (Intent: sched_sleep_butler_52)
NPC_ASSIGN_SKIP_ROOM: butler already in queue for rest with intent sched_sleep_butler_52
NPC_ASSIGN_ATTEMPT: Partner -> rest @ master_bedroom (Intent: sched_sleep_partner_52)
NPC_ASSIGN_SKIP_ROOM: partner already in queue for rest with intent sched_sleep_partner_52
NPC_ASSIGN_ATTEMPT: Flaubert Giles -> rest @ master_bedroom (Intent: sched_sleep_player_52)
NPC_ASSIGN_SKIP_ROOM: player already in queue for rest with intent sched_sleep_player_52
NPC_ASSIGN_ATTEMPT: Flaubert Giles -> rest @ butler_quarters (Intent: sched_sleep_butler_52)
NPC_ASSIGN_SKIP_ROOM: butler already in queue for rest with intent sched_sleep_butler_52
NPC_ASSIGN_ATTEMPT: Partner -> rest @ master_bedroom (Intent: sched_sleep_partner_52)
NPC_ASSIGN_SKIP_ROOM: partner already in queue for rest with intent sched_sleep_partner_52
NPC_ASSIGN_ATTEMPT: Flaubert Giles -> rest @ master_bedroom (Intent: sched_sleep_player_52)
NPC_ASSIGN_SKIP_ROOM: player already in queue for rest with intent sched_sleep_player_52
NPC_ASSIGN_ATTEMPT: Flaubert Giles -> rest @ butler_quarters (Intent: sched_sleep_butler_52)
NPC_ASSIGN_SKIP_ROOM: butler already in queue for rest with intent sched_sleep_butler_52
NPC_ASSIGN_ATTEMPT: Partner -> rest @ master_bedroom (Intent: sched_sleep_partner_52)
NPC_ASSIGN_SKIP_ROOM: partner already in queue for rest with intent sched_sleep_partner_52
NPC_ASSIGN_ATTEMPT: Flaubert Giles -> rest @ master_bedroom (Intent: sched_sleep_player_52)
NPC_ASSIGN_SKIP_ROOM: player already in queue for rest with intent sched_sleep_player_52
NPC_ASSIGN_ATTEMPT: Flaubert Giles -> rest @ butler_quarters (Intent: sched_sleep_butler_52)
NPC_ASSIGN_SKIP_ROOM: butler already in queue for rest with intent sched_sleep_butler_52
NPC_ASSIGN_ATTEMPT: Partner -> rest @ master_bedroom (Intent: sched_sleep_partner_52)
NPC_ASSIGN_SKIP_ROOM: partner already in queue for rest with intent sched_sleep_partner_52
NPC_ASSIGN_ATTEMPT: Flaubert Giles -> rest @ master_bedroom (Intent: sched_sleep_player_52)
NPC_ASSIGN_SKIP_ROOM: player already in queue for rest with intent sched_sleep_player_52
NPC_ASSIGN_ATTEMPT: Flaubert Giles -> rest @ butler_quarters (Intent: sched_sleep_butler_52)
NPC_ASSIGN_SKIP_ROOM: butler already in queue for rest with intent sched_sleep_butler_52
NPC_ASSIGN_ATTEMPT: Partner -> rest @ master_bedroom (Intent: sched_sleep_partner_52)
NPC_ASSIGN_SKIP_ROOM: partner already in queue for rest with intent sched_sleep_partner_52
NPC_ASSIGN_ATTEMPT: Flaubert Giles -> rest @ master_bedroom (Intent: sched_sleep_player_52)
NPC_ASSIGN_SKIP_ROOM: player already in queue for rest with intent sched_sleep_player_52
NPC_ASSIGN_ATTEMPT: Flaubert Giles -> rest @ butler_quarters (Intent: sched_sleep_butler_52)
NPC_ASSIGN_SKIP_ROOM: butler already in queue for rest with intent sched_sleep_butler_52
NPC_ASSIGN_ATTEMPT: Partner -> rest @ master_bedroom (Intent: sched_sleep_partner_52)
NPC_ASSIGN_SKIP_ROOM: partner already in queue for rest with intent sched_sleep_partner_52
NPC_ASSIGN_ATTEMPT: Flaubert Giles -> rest @ master_bedroom (Intent: sched_sleep_player_52)
NPC_ASSIGN_SKIP_ROOM: player already in queue for rest with intent sched_sleep_player_52
NPC_ASSIGN_ATTEMPT: Flaubert Giles -> rest @ butler_quarters (Intent: sched_sleep_butler_52)
NPC_ASSIGN_SKIP_ROOM: butler already in queue for rest with intent sched_sleep_butler_52
NPC_ASSIGN_ATTEMPT: Partner -> rest @ master_bedroom (Intent: sched_sleep_partner_52)
NPC_ASSIGN_SKIP_ROOM: partner already in queue for rest with intent sched_sleep_partner_52
NPC_ASSIGN_ATTEMPT: Flaubert Giles -> rest @ master_bedroom (Intent: sched_sleep_player_52)
NPC_ASSIGN_SKIP_ROOM: player already in queue for rest with intent sched_sleep_player_52
NPC_ASSIGN_ATTEMPT: Flaubert Giles -> rest @ butler_quarters (Intent: sched_sleep_butler_52)
NPC_ASSIGN_SKIP_ROOM: butler already in queue for rest with intent sched_sleep_butler_52
NPC_ASSIGN_ATTEMPT: Partner -> rest @ master_bedroom (Intent: sched_sleep_partner_52)
NPC_ASSIGN_SKIP_ROOM: partner already in queue for rest with intent sched_sleep_partner_52
NPC_ASSIGN_ATTEMPT: Flaubert Giles -> rest @ master_bedroom (Intent: sched_sleep_player_52)
NPC_ASSIGN_SKIP_ROOM: player already in queue for rest with intent sched_sleep_player_52
NPC_ASSIGN_ATTEMPT: Flaubert Giles -> rest @ butler_quarters (Intent: sched_sleep_butler_52)
NPC_ASSIGN_SKIP_ROOM: butler already in queue for rest with intent sched_sleep_butler_52
NPC_ASSIGN_ATTEMPT: Partner -> rest @ master_bedroom (Intent: sched_sleep_partner_52)
NPC_ASSIGN_SKIP_ROOM: partner already in queue for rest with intent sched_sleep_partner_52
NPC_ASSIGN_ATTEMPT: Flaubert Giles -> rest @ master_bedroom (Intent: sched_sleep_player_52)
NPC_ASSIGN_SKIP_ROOM: player already in queue for rest with intent sched_sleep_player_52
NPC_ASSIGN_ATTEMPT: Flaubert Giles -> rest @ butler_quarters (Intent: sched_sleep_butler_52)
NPC_ASSIGN_SKIP_ROOM: butler already in queue for rest with intent sched_sleep_butler_52
NPC_ASSIGN_ATTEMPT: Partner -> rest @ master_bedroom (Intent: sched_sleep_partner_52)
NPC_ASSIGN_SKIP_ROOM: partner already in queue for rest with intent sched_sleep_partner_52
NPC_ASSIGN_ATTEMPT: Flaubert Giles -> rest @ master_bedroom (Intent: sched_sleep_player_52)
NPC_ASSIGN_SKIP_ROOM: player already in queue for rest with intent sched_sleep_player_52
NPC_ASSIGN_ATTEMPT: Flaubert Giles -> rest @ butler_quarters (Intent: sched_sleep_butler_52)
NPC_ASSIGN_SKIP_ROOM: butler already in queue for rest with intent sched_sleep_butler_52
NPC_ASSIGN_ATTEMPT: Partner -> rest @ master_bedroom (Intent: sched_sleep_partner_52)
NPC_ASSIGN_SKIP_ROOM: partner already in queue for rest with intent sched_sleep_partner_52
NPC_ASSIGN_ATTEMPT: Flaubert Giles -> rest @ master_bedroom (Intent: sched_sleep_player_52)
NPC_ASSIGN_SKIP_ROOM: player already in queue for rest with intent sched_sleep_player_52
NPC_ASSIGN_ATTEMPT: Flaubert Giles -> rest @ butler_quarters (Intent: sched_sleep_butler_52)
NPC_ASSIGN_SKIP_ROOM: butler already in queue for rest with intent sched_sleep_butler_52
NPC_ASSIGN_ATTEMPT: Partner -> rest @ master_bedroom (Intent: sched_sleep_partner_52)
NPC_ASSIGN_SKIP_ROOM: partner already in queue for rest with intent sched_sleep_partner_52
NPC_ASSIGN_ATTEMPT: Flaubert Giles -> rest @ master_bedroom (Intent: sched_sleep_player_52)
NPC_ASSIGN_SKIP_ROOM: player already in queue for rest with intent sched_sleep_player_52
NPC_ASSIGN_ATTEMPT: Flaubert Giles -> rest @ butler_quarters (Intent: sched_sleep_butler_52)
NPC_ASSIGN_SKIP_ROOM: butler already in queue for rest with intent sched_sleep_butler_52
NPC_ASSIGN_ATTEMPT: Partner -> rest @ master_bedroom (Intent: sched_sleep_partner_52)
NPC_ASSIGN_SKIP_ROOM: partner already in queue for rest with intent sched_sleep_partner_52
NPC_ASSIGN_ATTEMPT: Flaubert Giles -> rest @ master_bedroom (Intent: sched_sleep_player_53)
NPC_ASSIGN_ATTEMPT: Flaubert Giles -> rest @ butler_quarters (Intent: sched_sleep_butler_53)
NPC_ASSIGN_ATTEMPT: Partner -> rest @ master_bedroom (Intent: sched_sleep_partner_53)
NPC_ASSIGN_ATTEMPT: Flaubert Giles -> rest @ master_bedroom (Intent: sched_sleep_player_53)
NPC_ASSIGN_SKIP_ROOM: player already in queue for rest with intent sched_sleep_player_53
NPC_ASSIGN_ATTEMPT: Flaubert Giles -> rest @ butler_quarters (Intent: sched_sleep_butler_53)
NPC_ASSIGN_SKIP_ROOM: butler already in queue for rest with intent sched_sleep_butler_53
NPC_ASSIGN_ATTEMPT: Partner -> rest @ master_bedroom (Intent: sched_sleep_partner_53)
NPC_ASSIGN_SKIP_ROOM: partner already in queue for rest with intent sched_sleep_partner_53
NPC_ASSIGN_ATTEMPT: Flaubert Giles -> rest @ master_bedroom (Intent: sched_sleep_player_53)
NPC_ASSIGN_SKIP_ROOM: player already in queue for rest with intent sched_sleep_player_53
NPC_ASSIGN_ATTEMPT: Flaubert Giles -> rest @ butler_quarters (Intent: sched_sleep_butler_53)
NPC_ASSIGN_SKIP_ROOM: butler already in queue for rest with intent sched_sleep_butler_53
NPC_ASSIGN_ATTEMPT: Partner -> rest @ master_bedroom (Intent: sched_sleep_partner_53)
NPC_ASSIGN_SKIP_ROOM: partner already in queue for rest with intent sched_sleep_partner_53
NPC_ASSIGN_ATTEMPT: Flaubert Giles -> rest @ master_bedroom (Intent: sched_sleep_player_53)
NPC_ASSIGN_SKIP_ROOM: player already in queue for rest with intent sched_sleep_player_53
NPC_ASSIGN_ATTEMPT: Flaubert Giles -> rest @ butler_quarters (Intent: sched_sleep_butler_53)
NPC_ASSIGN_SKIP_ROOM: butler already in queue for rest with intent sched_sleep_butler_53
NPC_ASSIGN_ATTEMPT: Partner -> rest @ master_bedroom (Intent: sched_sleep_partner_53)
NPC_ASSIGN_SKIP_ROOM: partner already in queue for rest with intent sched_sleep_partner_53
NPC_ASSIGN_ATTEMPT: Flaubert Giles -> rest @ master_bedroom (Intent: sched_sleep_player_53)
NPC_ASSIGN_SKIP_ROOM: player already in queue for rest with intent sched_sleep_player_53
NPC_ASSIGN_ATTEMPT: Flaubert Giles -> rest @ butler_quarters (Intent: sched_sleep_butler_53)
NPC_ASSIGN_SKIP_ROOM: butler already in queue for rest with intent sched_sleep_butler_53
NPC_ASSIGN_ATTEMPT: Partner -> rest @ master_bedroom (Intent: sched_sleep_partner_53)
NPC_ASSIGN_SKIP_ROOM: partner already in queue for rest with intent sched_sleep_partner_53
NPC_ASSIGN_ATTEMPT: Flaubert Giles -> rest @ master_bedroom (Intent: sched_sleep_player_53)
NPC_ASSIGN_SKIP_ROOM: player already in queue for rest with intent sched_sleep_player_53
NPC_ASSIGN_ATTEMPT: Flaubert Giles -> rest @ butler_quarters (Intent: sched_sleep_butler_53)
NPC_ASSIGN_SKIP_ROOM: butler already in queue for rest with intent sched_sleep_butler_53
NPC_ASSIGN_ATTEMPT: Partner -> rest @ master_bedroom (Intent: sched_sleep_partner_53)
NPC_ASSIGN_SKIP_ROOM: partner already in queue for rest with intent sched_sleep_partner_53
NPC_ASSIGN_ATTEMPT: Flaubert Giles -> rest @ master_bedroom (Intent: sched_sleep_player_53)
NPC_ASSIGN_SKIP_ROOM: player already in queue for rest with intent sched_sleep_player_53
NPC_ASSIGN_ATTEMPT: Flaubert Giles -> rest @ butler_quarters (Intent: sched_sleep_butler_53)
NPC_ASSIGN_SKIP_ROOM: butler already in queue for rest with intent sched_sleep_butler_53
NPC_ASSIGN_ATTEMPT: Partner -> rest @ master_bedroom (Intent: sched_sleep_partner_53)
NPC_ASSIGN_SKIP_ROOM: partner already in queue for rest with intent sched_sleep_partner_53
NPC_ASSIGN_ATTEMPT: Flaubert Giles -> rest @ master_bedroom (Intent: sched_sleep_player_53)
NPC_ASSIGN_SKIP_ROOM: player already in queue for rest with intent sched_sleep_player_53
NPC_ASSIGN_ATTEMPT: Flaubert Giles -> rest @ butler_quarters (Intent: sched_sleep_butler_53)
NPC_ASSIGN_SKIP_ROOM: butler already in queue for rest with intent sched_sleep_butler_53
NPC_ASSIGN_ATTEMPT: Partner -> rest @ master_bedroom (Intent: sched_sleep_partner_53)
NPC_ASSIGN_SKIP_ROOM: partner already in queue for rest with intent sched_sleep_partner_53
NPC_ASSIGN_ATTEMPT: Flaubert Giles -> rest @ master_bedroom (Intent: sched_sleep_player_53)
NPC_ASSIGN_SKIP_ROOM: player already in queue for rest with intent sched_sleep_player_53
NPC_ASSIGN_ATTEMPT: Flaubert Giles -> rest @ butler_quarters (Intent: sched_sleep_butler_53)
NPC_ASSIGN_SKIP_ROOM: butler already in queue for rest with intent sched_sleep_butler_53
NPC_ASSIGN_ATTEMPT: Partner -> rest @ master_bedroom (Intent: sched_sleep_partner_53)
NPC_ASSIGN_SKIP_ROOM: partner already in queue for rest with intent sched_sleep_partner_53
NPC_ASSIGN_ATTEMPT: Flaubert Giles -> rest @ master_bedroom (Intent: sched_sleep_player_53)
NPC_ASSIGN_SKIP_ROOM: player already in queue for rest with intent sched_sleep_player_53
NPC_ASSIGN_ATTEMPT: Flaubert Giles -> rest @ butler_quarters (Intent: sched_sleep_butler_53)
NPC_ASSIGN_SKIP_ROOM: butler already in queue for rest with intent sched_sleep_butler_53
NPC_ASSIGN_ATTEMPT: Partner -> rest @ master_bedroom (Intent: sched_sleep_partner_53)
NPC_ASSIGN_SKIP_ROOM: partner already in queue for rest with intent sched_sleep_partner_53
NPC_ASSIGN_ATTEMPT: Flaubert Giles -> rest @ master_bedroom (Intent: sched_sleep_player_53)
NPC_ASSIGN_SKIP_ROOM: player already in queue for rest with intent sched_sleep_player_53
NPC_ASSIGN_ATTEMPT: Flaubert Giles -> rest @ butler_quarters (Intent: sched_sleep_butler_53)
NPC_ASSIGN_SKIP_ROOM: butler already in queue for rest with intent sched_sleep_butler_53
NPC_ASSIGN_ATTEMPT: Partner -> rest @ master_bedroom (Intent: sched_sleep_partner_53)
NPC_ASSIGN_SKIP_ROOM: partner already in queue for rest with intent sched_sleep_partner_53
NPC_ASSIGN_ATTEMPT: Flaubert Giles -> rest @ master_bedroom (Intent: sched_sleep_player_53)
NPC_ASSIGN_SKIP_ROOM: player already in queue for rest with intent sched_sleep_player_53
NPC_ASSIGN_ATTEMPT: Flaubert Giles -> rest @ butler_quarters (Intent: sched_sleep_butler_53)
NPC_ASSIGN_SKIP_ROOM: butler already in queue for rest with intent sched_sleep_butler_53
NPC_ASSIGN_ATTEMPT: Partner -> rest @ master_bedroom (Intent: sched_sleep_partner_53)
NPC_ASSIGN_SKIP_ROOM: partner already in queue for rest with intent sched_sleep_partner_53
NPC_ASSIGN_ATTEMPT: Flaubert Giles -> rest @ master_bedroom (Intent: sched_sleep_player_53)
NPC_ASSIGN_SKIP_ROOM: player already in queue for rest with intent sched_sleep_player_53
NPC_ASSIGN_ATTEMPT: Flaubert Giles -> rest @ butler_quarters (Intent: sched_sleep_butler_53)
NPC_ASSIGN_SKIP_ROOM: butler already in queue for rest with intent sched_sleep_butler_53
NPC_ASSIGN_ATTEMPT: Partner -> rest @ master_bedroom (Intent: sched_sleep_partner_53)
NPC_ASSIGN_SKIP_ROOM: partner already in queue for rest with intent sched_sleep_partner_53
NPC_ASSIGN_ATTEMPT: Flaubert Giles -> rest @ master_bedroom (Intent: sched_sleep_player_53)
NPC_ASSIGN_SKIP_ROOM: player already in queue for rest with intent sched_sleep_player_53
NPC_ASSIGN_ATTEMPT: Flaubert Giles -> rest @ butler_quarters (Intent: sched_sleep_butler_53)
NPC_ASSIGN_SKIP_ROOM: butler already in queue for rest with intent sched_sleep_butler_53
NPC_ASSIGN_ATTEMPT: Partner -> rest @ master_bedroom (Intent: sched_sleep_partner_53)
NPC_ASSIGN_SKIP_ROOM: partner already in queue for rest with intent sched_sleep_partner_53
NPC_ASSIGN_ATTEMPT: Flaubert Giles -> rest @ master_bedroom (Intent: sched_sleep_player_53)
NPC_ASSIGN_SKIP_ROOM: player already in queue for rest with intent sched_sleep_player_53
NPC_ASSIGN_ATTEMPT: Flaubert Giles -> rest @ butler_quarters (Intent: sched_sleep_butler_53)
NPC_ASSIGN_SKIP_ROOM: butler already in queue for rest with intent sched_sleep_butler_53
NPC_ASSIGN_ATTEMPT: Partner -> rest @ master_bedroom (Intent: sched_sleep_partner_53)
NPC_ASSIGN_SKIP_ROOM: partner already in queue for rest with intent sched_sleep_partner_53
NPC_ASSIGN_ATTEMPT: Flaubert Giles -> rest @ master_bedroom (Intent: sched_sleep_player_53)
NPC_ASSIGN_SKIP_ROOM: player already in queue for rest with intent sched_sleep_player_53
NPC_ASSIGN_ATTEMPT: Flaubert Giles -> rest @ butler_quarters (Intent: sched_sleep_butler_53)
NPC_ASSIGN_SKIP_ROOM: butler already in queue for rest with intent sched_sleep_butler_53
NPC_ASSIGN_ATTEMPT: Partner -> rest @ master_bedroom (Intent: sched_sleep_partner_53)
NPC_ASSIGN_SKIP_ROOM: partner already in queue for rest with intent sched_sleep_partner_53
NPC_ASSIGN_ATTEMPT: Flaubert Giles -> rest @ master_bedroom (Intent: sched_sleep_player_53)
NPC_ASSIGN_SKIP_ROOM: player already in queue for rest with intent sched_sleep_player_53
NPC_ASSIGN_ATTEMPT: Flaubert Giles -> rest @ butler_quarters (Intent: sched_sleep_butler_53)
NPC_ASSIGN_SKIP_ROOM: butler already in queue for rest with intent sched_sleep_butler_53
NPC_ASSIGN_ATTEMPT: Partner -> rest @ master_bedroom (Intent: sched_sleep_partner_53)
NPC_ASSIGN_SKIP_ROOM: partner already in queue for rest with intent sched_sleep_partner_53
NPC_ASSIGN_ATTEMPT: Flaubert Giles -> rest @ master_bedroom (Intent: sched_sleep_player_53)
NPC_ASSIGN_SKIP_ROOM: player already in queue for rest with intent sched_sleep_player_53
NPC_ASSIGN_ATTEMPT: Flaubert Giles -> rest @ butler_quarters (Intent: sched_sleep_butler_53)
NPC_ASSIGN_SKIP_ROOM: butler already in queue for rest with intent sched_sleep_butler_53
NPC_ASSIGN_ATTEMPT: Partner -> rest @ master_bedroom (Intent: sched_sleep_partner_53)
NPC_ASSIGN_SKIP_ROOM: partner already in queue for rest with intent sched_sleep_partner_53
NPC_ASSIGN_ATTEMPT: Flaubert Giles -> rest @ master_bedroom (Intent: sched_sleep_player_53)
NPC_ASSIGN_SKIP_ROOM: player already in queue for rest with intent sched_sleep_player_53
NPC_ASSIGN_ATTEMPT: Flaubert Giles -> rest @ butler_quarters (Intent: sched_sleep_butler_53)
NPC_ASSIGN_SKIP_ROOM: butler already in queue for rest with intent sched_sleep_butler_53
NPC_ASSIGN_ATTEMPT: Partner -> rest @ master_bedroom (Intent: sched_sleep_partner_53)
NPC_ASSIGN_SKIP_ROOM: partner already in queue for rest with intent sched_sleep_partner_53
NPC_ASSIGN_ATTEMPT: Flaubert Giles -> rest @ master_bedroom (Intent: sched_sleep_player_53)
NPC_ASSIGN_SKIP_ROOM: player already in queue for rest with intent sched_sleep_player_53
NPC_ASSIGN_ATTEMPT: Flaubert Giles -> rest @ butler_quarters (Intent: sched_sleep_butler_53)
NPC_ASSIGN_SKIP_ROOM: butler already in queue for rest with intent sched_sleep_butler_53
NPC_ASSIGN_ATTEMPT: Partner -> rest @ master_bedroom (Intent: sched_sleep_partner_53)
NPC_ASSIGN_SKIP_ROOM: partner already in queue for rest with intent sched_sleep_partner_53
NPC_ASSIGN_ATTEMPT: Flaubert Giles -> rest @ master_bedroom (Intent: sched_sleep_player_53)
NPC_ASSIGN_SKIP_ROOM: player already in queue for rest with intent sched_sleep_player_53
NPC_ASSIGN_ATTEMPT: Flaubert Giles -> rest @ butler_quarters (Intent: sched_sleep_butler_53)
NPC_ASSIGN_SKIP_ROOM: butler already in queue for rest with intent sched_sleep_butler_53
NPC_ASSIGN_ATTEMPT: Partner -> rest @ master_bedroom (Intent: sched_sleep_partner_53)
NPC_ASSIGN_SKIP_ROOM: partner already in queue for rest with intent sched_sleep_partner_53
NPC_ASSIGN_ATTEMPT: Flaubert Giles -> rest @ master_bedroom (Intent: sched_sleep_player_53)
NPC_ASSIGN_SKIP_ROOM: player already in queue for rest with intent sched_sleep_player_53
NPC_ASSIGN_ATTEMPT: Flaubert Giles -> rest @ butler_quarters (Intent: sched_sleep_butler_53)
NPC_ASSIGN_SKIP_ROOM: butler already in queue for rest with intent sched_sleep_butler_53
NPC_ASSIGN_ATTEMPT: Partner -> rest @ master_bedroom (Intent: sched_sleep_partner_53)
NPC_ASSIGN_SKIP_ROOM: partner already in queue for rest with intent sched_sleep_partner_53
NPC_ASSIGN_ATTEMPT: Flaubert Giles -> rest @ master_bedroom (Intent: sched_sleep_player_53)
NPC_ASSIGN_SKIP_ROOM: player already in queue for rest with intent sched_sleep_player_53
NPC_ASSIGN_ATTEMPT: Flaubert Giles -> rest @ butler_quarters (Intent: sched_sleep_butler_53)
NPC_ASSIGN_SKIP_ROOM: butler already in queue for rest with intent sched_sleep_butler_53
NPC_ASSIGN_ATTEMPT: Partner -> rest @ master_bedroom (Intent: sched_sleep_partner_53)
NPC_ASSIGN_SKIP_ROOM: partner already in queue for rest with intent sched_sleep_partner_53
NPC_ASSIGN_ATTEMPT: Flaubert Giles -> rest @ master_bedroom (Intent: sched_sleep_player_53)
NPC_ASSIGN_SKIP_ROOM: player already in queue for rest with intent sched_sleep_player_53
NPC_ASSIGN_ATTEMPT: Flaubert Giles -> rest @ butler_quarters (Intent: sched_sleep_butler_53)
NPC_ASSIGN_SKIP_ROOM: butler already in queue for rest with intent sched_sleep_butler_53
NPC_ASSIGN_ATTEMPT: Partner -> rest @ master_bedroom (Intent: sched_sleep_partner_53)
NPC_ASSIGN_SKIP_ROOM: partner already in queue for rest with intent sched_sleep_partner_53
NPC_ASSIGN_ATTEMPT: Flaubert Giles -> rest @ master_bedroom (Intent: sched_sleep_player_53)
NPC_ASSIGN_SKIP_ROOM: player already in queue for rest with intent sched_sleep_player_53
NPC_ASSIGN_ATTEMPT: Flaubert Giles -> rest @ butler_quarters (Intent: sched_sleep_butler_53)
NPC_ASSIGN_SKIP_ROOM: butler already in queue for rest with intent sched_sleep_butler_53
NPC_ASSIGN_ATTEMPT: Partner -> rest @ master_bedroom (Intent: sched_sleep_partner_53)
NPC_ASSIGN_SKIP_ROOM: partner already in queue for rest with intent sched_sleep_partner_53
NPC_ASSIGN_ATTEMPT: Flaubert Giles -> rest @ master_bedroom (Intent: sched_sleep_player_53)
NPC_ASSIGN_SKIP_ROOM: player already in queue for rest with intent sched_sleep_player_53
NPC_ASSIGN_ATTEMPT: Flaubert Giles -> rest @ butler_quarters (Intent: sched_sleep_butler_53)
NPC_ASSIGN_SKIP_ROOM: butler already in queue for rest with intent sched_sleep_butler_53
NPC_ASSIGN_ATTEMPT: Partner -> rest @ master_bedroom (Intent: sched_sleep_partner_53)
NPC_ASSIGN_SKIP_ROOM: partner already in queue for rest with intent sched_sleep_partner_53
NPC_ASSIGN_ATTEMPT: Flaubert Giles -> rest @ master_bedroom (Intent: sched_sleep_player_53)
NPC_ASSIGN_SKIP_ROOM: player already in queue for rest with intent sched_sleep_player_53
NPC_ASSIGN_ATTEMPT: Flaubert Giles -> rest @ butler_quarters (Intent: sched_sleep_butler_53)
NPC_ASSIGN_SKIP_ROOM: butler already in queue for rest with intent sched_sleep_butler_53
NPC_ASSIGN_ATTEMPT: Partner -> rest @ master_bedroom (Intent: sched_sleep_partner_53)
NPC_ASSIGN_SKIP_ROOM: partner already in queue for rest with intent sched_sleep_partner_53
NPC_ASSIGN_ATTEMPT: Flaubert Giles -> rest @ master_bedroom (Intent: sched_sleep_player_53)
NPC_ASSIGN_SKIP_ROOM: player already in queue for rest with intent sched_sleep_player_53
NPC_ASSIGN_ATTEMPT: Flaubert Giles -> rest @ butler_quarters (Intent: sched_sleep_butler_53)
NPC_ASSIGN_SKIP_ROOM: butler already in queue for rest with intent sched_sleep_butler_53
NPC_ASSIGN_ATTEMPT: Partner -> rest @ master_bedroom (Intent: sched_sleep_partner_53)
NPC_ASSIGN_SKIP_ROOM: partner already in queue for rest with intent sched_sleep_partner_53
NPC_ASSIGN_ATTEMPT: Flaubert Giles -> rest @ master_bedroom (Intent: sched_sleep_player_53)
NPC_ASSIGN_SKIP_ROOM: player already in queue for rest with intent sched_sleep_player_53
NPC_ASSIGN_ATTEMPT: Flaubert Giles -> rest @ butler_quarters (Intent: sched_sleep_butler_53)
NPC_ASSIGN_SKIP_ROOM: butler already in queue for rest with intent sched_sleep_butler_53
NPC_ASSIGN_ATTEMPT: Partner -> rest @ master_bedroom (Intent: sched_sleep_partner_53)
NPC_ASSIGN_SKIP_ROOM: partner already in queue for rest with intent sched_sleep_partner_53
NPC_ASSIGN_ATTEMPT: Flaubert Giles -> rest @ master_bedroom (Intent: sched_sleep_player_53)
NPC_ASSIGN_SKIP_ROOM: player already in queue for rest with intent sched_sleep_player_53
NPC_ASSIGN_ATTEMPT: Flaubert Giles -> rest @ butler_quarters (Intent: sched_sleep_butler_53)
NPC_ASSIGN_SKIP_ROOM: butler already in queue for rest with intent sched_sleep_butler_53
NPC_ASSIGN_ATTEMPT: Partner -> rest @ master_bedroom (Intent: sched_sleep_partner_53)
NPC_ASSIGN_SKIP_ROOM: partner already in queue for rest with intent sched_sleep_partner_53
NPC_ASSIGN_ATTEMPT: Flaubert Giles -> rest @ master_bedroom (Intent: sched_sleep_player_53)
NPC_ASSIGN_SKIP_ROOM: player already in queue for rest with intent sched_sleep_player_53
NPC_ASSIGN_ATTEMPT: Flaubert Giles -> rest @ butler_quarters (Intent: sched_sleep_butler_53)
NPC_ASSIGN_SKIP_ROOM: butler already in queue for rest with intent sched_sleep_butler_53
NPC_ASSIGN_ATTEMPT: Partner -> rest @ master_bedroom (Intent: sched_sleep_partner_53)
NPC_ASSIGN_SKIP_ROOM: partner already in queue for rest with intent sched_sleep_partner_53
NPC_ASSIGN_ATTEMPT: Flaubert Giles -> rest @ master_bedroom (Intent: sched_sleep_player_53)
NPC_ASSIGN_SKIP_ROOM: player already in queue for rest with intent sched_sleep_player_53
NPC_ASSIGN_ATTEMPT: Flaubert Giles -> rest @ butler_quarters (Intent: sched_sleep_butler_53)
NPC_ASSIGN_SKIP_ROOM: butler already in queue for rest with intent sched_sleep_butler_53
NPC_ASSIGN_ATTEMPT: Partner -> rest @ master_bedroom (Intent: sched_sleep_partner_53)
NPC_ASSIGN_SKIP_ROOM: partner already in queue for rest with intent sched_sleep_partner_53
NPC_ASSIGN_ATTEMPT: Flaubert Giles -> rest @ master_bedroom (Intent: sched_sleep_player_53)
NPC_ASSIGN_SKIP_ROOM: player already in queue for rest with intent sched_sleep_player_53
NPC_ASSIGN_ATTEMPT: Flaubert Giles -> rest @ butler_quarters (Intent: sched_sleep_butler_53)
NPC_ASSIGN_SKIP_ROOM: butler already in queue for rest with intent sched_sleep_butler_53
NPC_ASSIGN_ATTEMPT: Partner -> rest @ master_bedroom (Intent: sched_sleep_partner_53)
NPC_ASSIGN_SKIP_ROOM: partner already in queue for rest with intent sched_sleep_partner_53
NPC_ASSIGN_ATTEMPT: Flaubert Giles -> rest @ master_bedroom (Intent: sched_sleep_player_53)
NPC_ASSIGN_SKIP_ROOM: player already in queue for rest with intent sched_sleep_player_53
NPC_ASSIGN_ATTEMPT: Flaubert Giles -> rest @ butler_quarters (Intent: sched_sleep_butler_53)
NPC_ASSIGN_SKIP_ROOM: butler already in queue for rest with intent sched_sleep_butler_53
NPC_ASSIGN_ATTEMPT: Partner -> rest @ master_bedroom (Intent: sched_sleep_partner_53)
NPC_ASSIGN_SKIP_ROOM: partner already in queue for rest with intent sched_sleep_partner_53
NPC_ASSIGN_ATTEMPT: Flaubert Giles -> rest @ master_bedroom (Intent: sched_sleep_player_53)
NPC_ASSIGN_SKIP_ROOM: player already in queue for rest with intent sched_sleep_player_53
NPC_ASSIGN_ATTEMPT: Flaubert Giles -> rest @ butler_quarters (Intent: sched_sleep_butler_53)
NPC_ASSIGN_SKIP_ROOM: butler already in queue for rest with intent sched_sleep_butler_53
NPC_ASSIGN_ATTEMPT: Partner -> rest @ master_bedroom (Intent: sched_sleep_partner_53)
NPC_ASSIGN_SKIP_ROOM: partner already in queue for rest with intent sched_sleep_partner_53
NPC_ASSIGN_ATTEMPT: Flaubert Giles -> rest @ master_bedroom (Intent: sched_sleep_player_53)
NPC_ASSIGN_SKIP_ROOM: player already in queue for rest with intent sched_sleep_player_53
NPC_ASSIGN_ATTEMPT: Flaubert Giles -> rest @ butler_quarters (Intent: sched_sleep_butler_53)
NPC_ASSIGN_SKIP_ROOM: butler already in queue for rest with intent sched_sleep_butler_53
NPC_ASSIGN_ATTEMPT: Partner -> rest @ master_bedroom (Intent: sched_sleep_partner_53)
NPC_ASSIGN_SKIP_ROOM: partner already in queue for rest with intent sched_sleep_partner_53
NPC_ASSIGN_ATTEMPT: Flaubert Giles -> rest @ master_bedroom (Intent: sched_sleep_player_53)
NPC_ASSIGN_SKIP_ROOM: player already in queue for rest with intent sched_sleep_player_53
NPC_ASSIGN_ATTEMPT: Flaubert Giles -> rest @ butler_quarters (Intent: sched_sleep_butler_53)
NPC_ASSIGN_SKIP_ROOM: butler already in queue for rest with intent sched_sleep_butler_53
NPC_ASSIGN_ATTEMPT: Partner -> rest @ master_bedroom (Intent: sched_sleep_partner_53)
NPC_ASSIGN_SKIP_ROOM: partner already in queue for rest with intent sched_sleep_partner_53
NPC_ASSIGN_ATTEMPT: Flaubert Giles -> rest @ master_bedroom (Intent: sched_sleep_player_53)
NPC_ASSIGN_SKIP_ROOM: player already in queue for rest with intent sched_sleep_player_53
NPC_ASSIGN_ATTEMPT: Flaubert Giles -> rest @ butler_quarters (Intent: sched_sleep_butler_53)
NPC_ASSIGN_SKIP_ROOM: butler already in queue for rest with intent sched_sleep_butler_53
NPC_ASSIGN_ATTEMPT: Partner -> rest @ master_bedroom (Intent: sched_sleep_partner_53)
NPC_ASSIGN_SKIP_ROOM: partner already in queue for rest with intent sched_sleep_partner_53
NPC_ASSIGN_ATTEMPT: Flaubert Giles -> rest @ master_bedroom (Intent: sched_sleep_player_53)
NPC_ASSIGN_SKIP_ROOM: player already in queue for rest with intent sched_sleep_player_53
NPC_ASSIGN_ATTEMPT: Flaubert Giles -> rest @ butler_quarters (Intent: sched_sleep_butler_53)
NPC_ASSIGN_SKIP_ROOM: butler already in queue for rest with intent sched_sleep_butler_53
NPC_ASSIGN_ATTEMPT: Partner -> rest @ master_bedroom (Intent: sched_sleep_partner_53)
NPC_ASSIGN_SKIP_ROOM: partner already in queue for rest with intent sched_sleep_partner_53
NPC_ASSIGN_ATTEMPT: Flaubert Giles -> rest @ master_bedroom (Intent: sched_sleep_player_53)
NPC_ASSIGN_SKIP_ROOM: player already in queue for rest with intent sched_sleep_player_53
NPC_ASSIGN_ATTEMPT: Flaubert Giles -> rest @ butler_quarters (Intent: sched_sleep_butler_53)
NPC_ASSIGN_SKIP_ROOM: butler already in queue for rest with intent sched_sleep_butler_53
NPC_ASSIGN_ATTEMPT: Partner -> rest @ master_bedroom (Intent: sched_sleep_partner_53)
NPC_ASSIGN_SKIP_ROOM: partner already in queue for rest with intent sched_sleep_partner_53
NPC_ASSIGN_ATTEMPT: Flaubert Giles -> rest @ master_bedroom (Intent: sched_sleep_player_53)
NPC_ASSIGN_SKIP_ROOM: player already in queue for rest with intent sched_sleep_player_53
NPC_ASSIGN_ATTEMPT: Flaubert Giles -> rest @ butler_quarters (Intent: sched_sleep_butler_53)
NPC_ASSIGN_SKIP_ROOM: butler already in queue for rest with intent sched_sleep_butler_53
NPC_ASSIGN_ATTEMPT: Partner -> rest @ master_bedroom (Intent: sched_sleep_partner_53)
NPC_ASSIGN_SKIP_ROOM: partner already in queue for rest with intent sched_sleep_partner_53
NPC_ASSIGN_ATTEMPT: Flaubert Giles -> rest @ master_bedroom (Intent: sched_sleep_player_53)
NPC_ASSIGN_SKIP_ROOM: player already in queue for rest with intent sched_sleep_player_53
NPC_ASSIGN_ATTEMPT: Flaubert Giles -> rest @ butler_quarters (Intent: sched_sleep_butler_53)
NPC_ASSIGN_SKIP_ROOM: butler already in queue for rest with intent sched_sleep_butler_53
NPC_ASSIGN_ATTEMPT: Partner -> rest @ master_bedroom (Intent: sched_sleep_partner_53)
NPC_ASSIGN_SKIP_ROOM: partner already in queue for rest with intent sched_sleep_partner_53
NPC_ASSIGN_ATTEMPT: Flaubert Giles -> rest @ master_bedroom (Intent: sched_sleep_player_53)
NPC_ASSIGN_SKIP_ROOM: player already in queue for rest with intent sched_sleep_player_53
NPC_ASSIGN_ATTEMPT: Flaubert Giles -> rest @ butler_quarters (Intent: sched_sleep_butler_53)
NPC_ASSIGN_SKIP_ROOM: butler already in queue for rest with intent sched_sleep_butler_53
NPC_ASSIGN_ATTEMPT: Partner -> rest @ master_bedroom (Intent: sched_sleep_partner_53)
NPC_ASSIGN_SKIP_ROOM: partner already in queue for rest with intent sched_sleep_partner_53
NPC_ASSIGN_ATTEMPT: Flaubert Giles -> rest @ master_bedroom (Intent: sched_sleep_player_53)
NPC_ASSIGN_SKIP_ROOM: player already in queue for rest with intent sched_sleep_player_53
NPC_ASSIGN_ATTEMPT: Flaubert Giles -> rest @ butler_quarters (Intent: sched_sleep_butler_53)
NPC_ASSIGN_SKIP_ROOM: butler already in queue for rest with intent sched_sleep_butler_53
NPC_ASSIGN_ATTEMPT: Partner -> rest @ master_bedroom (Intent: sched_sleep_partner_53)
NPC_ASSIGN_SKIP_ROOM: partner already in queue for rest with intent sched_sleep_partner_53
NPC_ASSIGN_ATTEMPT: Flaubert Giles -> rest @ master_bedroom (Intent: sched_sleep_player_53)
NPC_ASSIGN_SKIP_ROOM: player already in queue for rest with intent sched_sleep_player_53
NPC_ASSIGN_ATTEMPT: Flaubert Giles -> rest @ butler_quarters (Intent: sched_sleep_butler_53)
NPC_ASSIGN_SKIP_ROOM: butler already in queue for rest with intent sched_sleep_butler_53
NPC_ASSIGN_ATTEMPT: Partner -> rest @ master_bedroom (Intent: sched_sleep_partner_53)
NPC_ASSIGN_SKIP_ROOM: partner already in queue for rest with intent sched_sleep_partner_53
NPC_ASSIGN_ATTEMPT: Flaubert Giles -> rest @ master_bedroom (Intent: sched_sleep_player_53)
NPC_ASSIGN_SKIP_ROOM: player already in queue for rest with intent sched_sleep_player_53
NPC_ASSIGN_ATTEMPT: Flaubert Giles -> rest @ butler_quarters (Intent: sched_sleep_butler_53)
NPC_ASSIGN_SKIP_ROOM: butler already in queue for rest with intent sched_sleep_butler_53
NPC_ASSIGN_ATTEMPT: Partner -> rest @ master_bedroom (Intent: sched_sleep_partner_53)
NPC_ASSIGN_SKIP_ROOM: partner already in queue for rest with intent sched_sleep_partner_53
NPC_ASSIGN_ATTEMPT: Flaubert Giles -> rest @ master_bedroom (Intent: sched_sleep_player_53)
NPC_ASSIGN_SKIP_ROOM: player already in queue for rest with intent sched_sleep_player_53
NPC_ASSIGN_ATTEMPT: Flaubert Giles -> rest @ butler_quarters (Intent: sched_sleep_butler_53)
NPC_ASSIGN_SKIP_ROOM: butler already in queue for rest with intent sched_sleep_butler_53
NPC_ASSIGN_ATTEMPT: Partner -> rest @ master_bedroom (Intent: sched_sleep_partner_53)
NPC_ASSIGN_SKIP_ROOM: partner already in queue for rest with intent sched_sleep_partner_53
NPC_ASSIGN_ATTEMPT: Flaubert Giles -> rest @ master_bedroom (Intent: sched_sleep_player_53)
NPC_ASSIGN_SKIP_ROOM: player already in queue for rest with intent sched_sleep_player_53
NPC_ASSIGN_ATTEMPT: Flaubert Giles -> rest @ butler_quarters (Intent: sched_sleep_butler_53)
NPC_ASSIGN_SKIP_ROOM: butler already in queue for rest with intent sched_sleep_butler_53
NPC_ASSIGN_ATTEMPT: Partner -> rest @ master_bedroom (Intent: sched_sleep_partner_53)
NPC_ASSIGN_SKIP_ROOM: partner already in queue for rest with intent sched_sleep_partner_53
NPC_ASSIGN_ATTEMPT: Flaubert Giles -> rest @ master_bedroom (Intent: sched_sleep_player_53)
NPC_ASSIGN_SKIP_ROOM: player already in queue for rest with intent sched_sleep_player_53
NPC_ASSIGN_ATTEMPT: Flaubert Giles -> rest @ butler_quarters (Intent: sched_sleep_butler_53)
NPC_ASSIGN_SKIP_ROOM: butler already in queue for rest with intent sched_sleep_butler_53
NPC_ASSIGN_ATTEMPT: Partner -> rest @ master_bedroom (Intent: sched_sleep_partner_53)
NPC_ASSIGN_SKIP_ROOM: partner already in queue for rest with intent sched_sleep_partner_53
NPC_ASSIGN_ATTEMPT: Flaubert Giles -> rest @ master_bedroom (Intent: sched_sleep_player_53)
NPC_ASSIGN_SKIP_ROOM: player already in queue for rest with intent sched_sleep_player_53
NPC_ASSIGN_ATTEMPT: Flaubert Giles -> rest @ butler_quarters (Intent: sched_sleep_butler_53)
NPC_ASSIGN_SKIP_ROOM: butler already in queue for rest with intent sched_sleep_butler_53
NPC_ASSIGN_ATTEMPT: Partner -> rest @ master_bedroom (Intent: sched_sleep_partner_53)
NPC_ASSIGN_SKIP_ROOM: partner already in queue for rest with intent sched_sleep_partner_53
NPC_ASSIGN_ATTEMPT: Flaubert Giles -> rest @ master_bedroom (Intent: sched_sleep_player_53)
NPC_ASSIGN_SKIP_ROOM: player already in queue for rest with intent sched_sleep_player_53
NPC_ASSIGN_ATTEMPT: Flaubert Giles -> rest @ butler_quarters (Intent: sched_sleep_butler_53)
NPC_ASSIGN_SKIP_ROOM: butler already in queue for rest with intent sched_sleep_butler_53
NPC_ASSIGN_ATTEMPT: Partner -> rest @ master_bedroom (Intent: sched_sleep_partner_53)
NPC_ASSIGN_SKIP_ROOM: partner already in queue for rest with intent sched_sleep_partner_53
NPC_ASSIGN_ATTEMPT: Flaubert Giles -> rest @ master_bedroom (Intent: sched_sleep_player_53)
NPC_ASSIGN_SKIP_ROOM: player already in queue for rest with intent sched_sleep_player_53
NPC_ASSIGN_ATTEMPT: Flaubert Giles -> rest @ butler_quarters (Intent: sched_sleep_butler_53)
NPC_ASSIGN_SKIP_ROOM: butler already in queue for rest with intent sched_sleep_butler_53
NPC_ASSIGN_ATTEMPT: Partner -> rest @ master_bedroom (Intent: sched_sleep_partner_53)
NPC_ASSIGN_SKIP_ROOM: partner already in queue for rest with intent sched_sleep_partner_53
NPC_ASSIGN_ATTEMPT: Flaubert Giles -> rest @ master_bedroom (Intent: sched_sleep_player_53)
NPC_ASSIGN_SKIP_ROOM: player already in queue for rest with intent sched_sleep_player_53
NPC_ASSIGN_ATTEMPT: Flaubert Giles -> rest @ butler_quarters (Intent: sched_sleep_butler_53)
NPC_ASSIGN_SKIP_ROOM: butler already in queue for rest with intent sched_sleep_butler_53
NPC_ASSIGN_ATTEMPT: Partner -> rest @ master_bedroom (Intent: sched_sleep_partner_53)
NPC_ASSIGN_SKIP_ROOM: partner already in queue for rest with intent sched_sleep_partner_53
NPC_ASSIGN_ATTEMPT: Flaubert Giles -> rest @ master_bedroom (Intent: sched_sleep_player_53)
NPC_ASSIGN_SKIP_ROOM: player already in queue for rest with intent sched_sleep_player_53
NPC_ASSIGN_ATTEMPT: Flaubert Giles -> rest @ butler_quarters (Intent: sched_sleep_butler_53)
NPC_ASSIGN_SKIP_ROOM: butler already in queue for rest with intent sched_sleep_butler_53
NPC_ASSIGN_ATTEMPT: Partner -> rest @ master_bedroom (Intent: sched_sleep_partner_53)
NPC_ASSIGN_SKIP_ROOM: partner already in queue for rest with intent sched_sleep_partner_53
NPC_ASSIGN_ATTEMPT: Flaubert Giles -> rest @ master_bedroom (Intent: sched_sleep_player_53)
NPC_ASSIGN_SKIP_ROOM: player already in queue for rest with intent sched_sleep_player_53
NPC_ASSIGN_ATTEMPT: Flaubert Giles -> rest @ butler_quarters (Intent: sched_sleep_butler_53)
NPC_ASSIGN_SKIP_ROOM: butler already in queue for rest with intent sched_sleep_butler_53
NPC_ASSIGN_ATTEMPT: Partner -> rest @ master_bedroom (Intent: sched_sleep_partner_53)
NPC_ASSIGN_SKIP_ROOM: partner already in queue for rest with intent sched_sleep_partner_53
NPC_ASSIGN_ATTEMPT: Flaubert Giles -> rest @ master_bedroom (Intent: sched_sleep_player_53)
NPC_ASSIGN_SKIP_ROOM: player already in queue for rest with intent sched_sleep_player_53
NPC_ASSIGN_ATTEMPT: Flaubert Giles -> rest @ butler_quarters (Intent: sched_sleep_butler_53)
NPC_ASSIGN_SKIP_ROOM: butler already in queue for rest with intent sched_sleep_butler_53
NPC_ASSIGN_ATTEMPT: Partner -> rest @ master_bedroom (Intent: sched_sleep_partner_53)
NPC_ASSIGN_SKIP_ROOM: partner already in queue for rest with intent sched_sleep_partner_53
NPC_ASSIGN_ATTEMPT: Flaubert Giles -> rest @ master_bedroom (Intent: sched_sleep_player_53)
NPC_ASSIGN_SKIP_ROOM: player already in queue for rest with intent sched_sleep_player_53
NPC_ASSIGN_ATTEMPT: Flaubert Giles -> rest @ butler_quarters (Intent: sched_sleep_butler_53)
NPC_ASSIGN_SKIP_ROOM: butler already in queue for rest with intent sched_sleep_butler_53
NPC_ASSIGN_ATTEMPT: Partner -> rest @ master_bedroom (Intent: sched_sleep_partner_53)
NPC_ASSIGN_SKIP_ROOM: partner already in queue for rest with intent sched_sleep_partner_53
NPC_ASSIGN_ATTEMPT: Flaubert Giles -> rest @ master_bedroom (Intent: sched_sleep_player_53)
NPC_ASSIGN_SKIP_ROOM: player already in queue for rest with intent sched_sleep_player_53
NPC_ASSIGN_ATTEMPT: Flaubert Giles -> rest @ butler_quarters (Intent: sched_sleep_butler_53)
NPC_ASSIGN_SKIP_ROOM: butler already in queue for rest with intent sched_sleep_butler_53
NPC_ASSIGN_ATTEMPT: Partner -> rest @ master_bedroom (Intent: sched_sleep_partner_53)
NPC_ASSIGN_SKIP_ROOM: partner already in queue for rest with intent sched_sleep_partner_53
NPC_ASSIGN_ATTEMPT: Flaubert Giles -> rest @ master_bedroom (Intent: sched_sleep_player_53)
NPC_ASSIGN_SKIP_ROOM: player already in queue for rest with intent sched_sleep_player_53
NPC_ASSIGN_ATTEMPT: Flaubert Giles -> rest @ butler_quarters (Intent: sched_sleep_butler_53)
NPC_ASSIGN_SKIP_ROOM: butler already in queue for rest with intent sched_sleep_butler_53
NPC_ASSIGN_ATTEMPT: Partner -> rest @ master_bedroom (Intent: sched_sleep_partner_53)
NPC_ASSIGN_SKIP_ROOM: partner already in queue for rest with intent sched_sleep_partner_53
NPC_ASSIGN_ATTEMPT: Flaubert Giles -> rest @ master_bedroom (Intent: sched_sleep_player_53)
NPC_ASSIGN_SKIP_ROOM: player already in queue for rest with intent sched_sleep_player_53
NPC_ASSIGN_ATTEMPT: Flaubert Giles -> rest @ butler_quarters (Intent: sched_sleep_butler_53)
NPC_ASSIGN_SKIP_ROOM: butler already in queue for rest with intent sched_sleep_butler_53
NPC_ASSIGN_ATTEMPT: Partner -> rest @ master_bedroom (Intent: sched_sleep_partner_53)
NPC_ASSIGN_SKIP_ROOM: partner already in queue for rest with intent sched_sleep_partner_53
NPC_ASSIGN_ATTEMPT: Flaubert Giles -> cleanDish @ kitchen (Intent: cleanish_player_1781825884181)
NPC_ASSIGN_ATTEMPT: Flaubert Giles -> cleanDish @ kitchen (Intent: cleanish_butler_1781825884182)
NPC_ASSIGN_ATTEMPT: Partner -> cleanDish @ kitchen (Intent: cleanish_partner_1781825884182)
NPC_ASSIGN_ATTEMPT: Flaubert Giles -> hunt @ entryway (Intent: low_pri_butler_hunt_entryway)
NPC_ASSIGN_SKIP_ROOM: butler already in queue for hunt with intent low_pri_butler_hunt_entryway
NPC_ASSIGN_ATTEMPT: Flaubert Giles -> tillSoil @ field_2 (Intent: low_pri_player_tillSoil_field_2)
NPC_ASSIGN_ATTEMPT: Flaubert Giles -> tillSoil @ field_2 (Intent: low_pri_player_tillSoil_field_2)
NPC_ASSIGN_ATTEMPT: Flaubert Giles -> tillSoil @ field_2 (Intent: low_pri_player_tillSoil_field_2)
NPC_ASSIGN_ATTEMPT: Flaubert Giles -> tillSoil @ field_2 (Intent: low_pri_player_tillSoil_field_2)
NPC_ASSIGN_ATTEMPT: Flaubert Giles -> tillSoil @ field_2 (Intent: low_pri_player_tillSoil_field_2)
NPC_ASSIGN_ATTEMPT: Flaubert Giles -> tillSoil @ field_2 (Intent: low_pri_player_tillSoil_field_2)
NPC_ASSIGN_ATTEMPT: Flaubert Giles -> tillSoil @ field_2 (Intent: low_pri_player_tillSoil_field_2)
NPC_ASSIGN_ATTEMPT: Partner -> idle @ bathroom_up (Intent: sched_idle_w_partner)
NPC_ASSIGN_ATTEMPT: Flaubert Giles -> tillSoil @ field_2 (Intent: low_pri_player_tillSoil_field_2)
NPC_ASSIGN_ATTEMPT: Flaubert Giles -> tillSoil @ field_2 (Intent: low_pri_player_tillSoil_field_2)
NPC_ASSIGN_ATTEMPT: Flaubert Giles -> tillSoil @ field_2 (Intent: low_pri_player_tillSoil_field_2)
NPC_ASSIGN_ATTEMPT: Flaubert Giles -> tillSoil @ field_2 (Intent: low_pri_player_tillSoil_field_2)
NPC_ASSIGN_ATTEMPT: Flaubert Giles -> tillSoil @ field_2 (Intent: low_pri_player_tillSoil_field_2)
NPC_ASSIGN_ATTEMPT: Flaubert Giles -> tillSoil @ field_2 (Intent: low_pri_player_tillSoil_field_2)
NPC_ASSIGN_ATTEMPT: Flaubert Giles -> tillSoil @ field_2 (Intent: low_pri_player_tillSoil_field_2)
NPC_ASSIGN_ATTEMPT: Flaubert Giles -> tillSoil @ field_2 (Intent: low_pri_player_tillSoil_field_2)
NPC_ASSIGN_ATTEMPT: Flaubert Giles -> tillSoil @ field_2 (Intent: low_pri_player_tillSoil_field_2)
NPC_ASSIGN_ATTEMPT: Flaubert Giles -> tillSoil @ field_2 (Intent: low_pri_player_tillSoil_field_2)
NPC_ASSIGN_ATTEMPT: Flaubert Giles -> tillSoil @ field_2 (Intent: low_pri_player_tillSoil_field_2)
NPC_ASSIGN_ATTEMPT: Flaubert Giles -> tillSoil @ field_2 (Intent: low_pri_player_tillSoil_field_2)
NPC_ASSIGN_ATTEMPT: Flaubert Giles -> tillSoil @ field_2 (Intent: low_pri_player_tillSoil_field_2)
NPC_ASSIGN_ATTEMPT: Flaubert Giles -> tillSoil @ field_2 (Intent: low_pri_player_tillSoil_field_2)
NPC_ASSIGN_ATTEMPT: Flaubert Giles -> tillSoil @ field_2 (Intent: low_pri_player_tillSoil_field_2)
NPC_ASSIGN_ATTEMPT: Flaubert Giles -> tillSoil @ field_2 (Intent: low_pri_player_tillSoil_field_2)
NPC_ASSIGN_ATTEMPT: Flaubert Giles -> tillSoil @ field_2 (Intent: low_pri_player_tillSoil_field_2)
NPC_ASSIGN_ATTEMPT: Flaubert Giles -> tillSoil @ field_2 (Intent: low_pri_player_tillSoil_field_2)
NPC_ASSIGN_ATTEMPT: Flaubert Giles -> tillSoil @ field_2 (Intent: low_pri_player_tillSoil_field_2)
NPC_ASSIGN_ATTEMPT: Flaubert Giles -> tillSoil @ field_2 (Intent: low_pri_player_tillSoil_field_2)
NPC_ASSIGN_ATTEMPT: Flaubert Giles -> tillSoil @ field_2 (Intent: low_pri_player_tillSoil_field_2)
NPC_ASSIGN_ATTEMPT: Flaubert Giles -> tillSoil @ field_2 (Intent: low_pri_player_tillSoil_field_2)
NPC_ASSIGN_ATTEMPT: Flaubert Giles -> tillSoil @ field_2 (Intent: low_pri_player_tillSoil_field_2)
NPC_ASSIGN_ATTEMPT: Flaubert Giles -> tillSoil @ field_2 (Intent: low_pri_player_tillSoil_field_2)
NPC_ASSIGN_ATTEMPT: Flaubert Giles -> tillSoil @ field_2 (Intent: low_pri_player_tillSoil_field_2)
NPC_ASSIGN_ATTEMPT: Flaubert Giles -> tillSoil @ field_2 (Intent: low_pri_player_tillSoil_field_2)
NPC_ASSIGN_ATTEMPT: Flaubert Giles -> tillSoil @ field_2 (Intent: low_pri_player_tillSoil_field_2)
NPC_ASSIGN_ATTEMPT: Flaubert Giles -> tillSoil @ field_2 (Intent: low_pri_player_tillSoil_field_2)
NPC_ASSIGN_ATTEMPT: Flaubert Giles -> tillSoil @ field_2 (Intent: low_pri_player_tillSoil_field_2)
NPC_ASSIGN_ATTEMPT: Flaubert Giles -> tillSoil @ field_2 (Intent: low_pri_player_tillSoil_field_2)
NPC_ASSIGN_ATTEMPT: Flaubert Giles -> tillSoil @ field_2 (Intent: low_pri_player_tillSoil_field_2)
NPC_ASSIGN_ATTEMPT: Flaubert Giles -> tillSoil @ field_2 (Intent: low_pri_player_tillSoil_field_2)
NPC_ASSIGN_ATTEMPT: Flaubert Giles -> tillSoil @ field_2 (Intent: low_pri_player_tillSoil_field_2)
NPC_ASSIGN_ATTEMPT: Flaubert Giles -> tillSoil @ field_2 (Intent: low_pri_player_tillSoil_field_2)
NPC_ASSIGN_ATTEMPT: Flaubert Giles -> tillSoil @ field_2 (Intent: low_pri_player_tillSoil_field_2)
NPC_ASSIGN_ATTEMPT: Flaubert Giles -> tillSoil @ field_2 (Intent: low_pri_player_tillSoil_field_2)
NPC_ASSIGN_ATTEMPT: Flaubert Giles -> tillSoil @ field_2 (Intent: low_pri_player_tillSoil_field_2)
NPC_ASSIGN_ATTEMPT: Flaubert Giles -> tillSoil @ field_2 (Intent: low_pri_player_tillSoil_field_2)
NPC_ASSIGN_ATTEMPT: Flaubert Giles -> tillSoil @ field_2 (Intent: low_pri_player_tillSoil_field_2)
NPC_ASSIGN_ATTEMPT: Flaubert Giles -> tillSoil @ field_2 (Intent: low_pri_player_tillSoil_field_2)
NPC_ASSIGN_ATTEMPT: Flaubert Giles -> tillSoil @ field_2 (Intent: low_pri_player_tillSoil_field_2)
NPC_ASSIGN_ATTEMPT: Flaubert Giles -> tillSoil @ field_2 (Intent: low_pri_player_tillSoil_field_2)
NPC_ASSIGN_ATTEMPT: Flaubert Giles -> tillSoil @ field_2 (Intent: low_pri_player_tillSoil_field_2)
NPC_ASSIGN_ATTEMPT: Flaubert Giles -> tillSoil @ field_2 (Intent: low_pri_player_tillSoil_field_2)
NPC_ASSIGN_ATTEMPT: Flaubert Giles -> tillSoil @ field_2 (Intent: low_pri_player_tillSoil_field_2)
NPC_ASSIGN_ATTEMPT: Flaubert Giles -> tillSoil @ field_2 (Intent: low_pri_player_tillSoil_field_2)
NPC_ASSIGN_ATTEMPT: Flaubert Giles -> tillSoil @ field_2 (Intent: low_pri_player_tillSoil_field_2)
NPC_ASSIGN_ATTEMPT: Flaubert Giles -> tillSoil @ field_2 (Intent: low_pri_player_tillSoil_field_2)
NPC_ASSIGN_ATTEMPT: Flaubert Giles -> tillSoil @ field_2 (Intent: low_pri_player_tillSoil_field_2)
NPC_ASSIGN_ATTEMPT: Flaubert Giles -> tillSoil @ field_2 (Intent: low_pri_player_tillSoil_field_2)
NPC_ASSIGN_ATTEMPT: Flaubert Giles -> tillSoil @ field_2 (Intent: low_pri_player_tillSoil_field_2)
NPC_ASSIGN_ATTEMPT: Flaubert Giles -> tillSoil @ field_2 (Intent: low_pri_player_tillSoil_field_2)
NPC_ASSIGN_ATTEMPT: Flaubert Giles -> tillSoil @ field_2 (Intent: low_pri_player_tillSoil_field_2)
NPC_ASSIGN_ATTEMPT: Flaubert Giles -> tillSoil @ field_2 (Intent: low_pri_player_tillSoil_field_2)
NPC_ASSIGN_ATTEMPT: Flaubert Giles -> tillSoil @ field_2 (Intent: low_pri_player_tillSoil_field_2)
NPC_ASSIGN_ATTEMPT: Flaubert Giles -> tillSoil @ field_2 (Intent: low_pri_player_tillSoil_field_2)
NPC_ASSIGN_ATTEMPT: Flaubert Giles -> tillSoil @ field_2 (Intent: low_pri_player_tillSoil_field_2)
NPC_ASSIGN_ATTEMPT: Flaubert Giles -> tillSoil @ field_2 (Intent: low_pri_player_tillSoil_field_2)
NPC_ASSIGN_ATTEMPT: Flaubert Giles -> tillSoil @ field_2 (Intent: low_pri_player_tillSoil_field_2)
NPC_ASSIGN_ATTEMPT: Flaubert Giles -> tillSoil @ field_2 (Intent: low_pri_player_tillSoil_field_2)
NPC_ASSIGN_ATTEMPT: Flaubert Giles -> cleanRoom @ master_bedroom (Intent: low_pri_butler_cleanRoom_master_bedroom)
NPC_ASSIGN_ATTEMPT: Flaubert Giles -> tillSoil @ field_2 (Intent: low_pri_player_tillSoil_field_2)
NPC_ASSIGN_ATTEMPT: Flaubert Giles -> tillSoil @ field_2 (Intent: low_pri_player_tillSoil_field_2)
NPC_ASSIGN_ATTEMPT: Flaubert Giles -> tillSoil @ field_2 (Intent: low_pri_player_tillSoil_field_2)
NPC_ASSIGN_ATTEMPT: Flaubert Giles -> tillSoil @ field_2 (Intent: low_pri_player_tillSoil_field_2)
NPC_ASSIGN_ATTEMPT: Flaubert Giles -> tillSoil @ field_2 (Intent: low_pri_player_tillSoil_field_2)
NPC_ASSIGN_ATTEMPT: Flaubert Giles -> tillSoil @ field_2 (Intent: low_pri_player_tillSoil_field_2)
NPC_ASSIGN_ATTEMPT: Flaubert Giles -> tillSoil @ field_2 (Intent: low_pri_player_tillSoil_field_2)
NPC_ASSIGN_ATTEMPT: Flaubert Giles -> tillSoil @ field_2 (Intent: low_pri_player_tillSoil_field_2)
NPC_ASSIGN_ATTEMPT: Flaubert Giles -> tillSoil @ field_2 (Intent: low_pri_player_tillSoil_field_2)
NPC_ASSIGN_ATTEMPT: Flaubert Giles -> tillSoil @ field_2 (Intent: low_pri_player_tillSoil_field_2)
NPC_ASSIGN_ATTEMPT: Flaubert Giles -> tillSoil @ field_2 (Intent: low_pri_player_tillSoil_field_2)
NPC_ASSIGN_ATTEMPT: Flaubert Giles -> tillSoil @ field_2 (Intent: low_pri_player_tillSoil_field_2)
NPC_ASSIGN_ATTEMPT: Partner -> idle @ master_bedroom (Intent: sched_idle_w_partner)
NPC_ASSIGN_ATTEMPT: Flaubert Giles -> tillSoil @ field_2 (Intent: low_pri_player_tillSoil_field_2)
NPC_ASSIGN_ATTEMPT: Flaubert Giles -> tillSoil @ field_2 (Intent: low_pri_player_tillSoil_field_2)
NPC_ASSIGN_ATTEMPT: Flaubert Giles -> tillSoil @ field_2 (Intent: low_pri_player_tillSoil_field_2)
NPC_ASSIGN_ATTEMPT: Flaubert Giles -> tillSoil @ field_2 (Intent: low_pri_player_tillSoil_field_2)
NPC_ASSIGN_ATTEMPT: Flaubert Giles -> tillSoil @ field_2 (Intent: low_pri_player_tillSoil_field_2)
NPC_ASSIGN_ATTEMPT: Flaubert Giles -> tillSoil @ field_2 (Intent: low_pri_player_tillSoil_field_2)
NPC_ASSIGN_ATTEMPT: Flaubert Giles -> tillSoil @ field_2 (Intent: low_pri_player_tillSoil_field_2)
NPC_ASSIGN_ATTEMPT: Flaubert Giles -> tillSoil @ field_2 (Intent: low_pri_player_tillSoil_field_2)
NPC_ASSIGN_ATTEMPT: Flaubert Giles -> tillSoil @ field_2 (Intent: low_pri_player_tillSoil_field_2)
NPC_ASSIGN_ATTEMPT: Flaubert Giles -> tillSoil @ field_2 (Intent: low_pri_player_tillSoil_field_2)
NPC_ASSIGN_ATTEMPT: Flaubert Giles -> tillSoil @ field_2 (Intent: low_pri_player_tillSoil_field_2)
NPC_ASSIGN_ATTEMPT: Flaubert Giles -> tillSoil @ field_2 (Intent: low_pri_player_tillSoil_field_2)
NPC_ASSIGN_ATTEMPT: Flaubert Giles -> tillSoil @ field_2 (Intent: low_pri_player_tillSoil_field_2)
NPC_ASSIGN_ATTEMPT: Flaubert Giles -> tillSoil @ field_2 (Intent: low_pri_player_tillSoil_field_2)
NPC_ASSIGN_ATTEMPT: Flaubert Giles -> cleanRoom @ butler_quarters (Intent: low_pri_butler_cleanRoom_butler_quarters)
NPC_ASSIGN_ATTEMPT: Flaubert Giles -> tillSoil @ field_2 (Intent: low_pri_player_tillSoil_field_2)
NPC_ASSIGN_ATTEMPT: Flaubert Giles -> tillSoil @ field_2 (Intent: low_pri_player_tillSoil_field_2)
NPC_ASSIGN_ATTEMPT: Flaubert Giles -> tillSoil @ field_2 (Intent: low_pri_player_tillSoil_field_2)
NPC_ASSIGN_ATTEMPT: Flaubert Giles -> tillSoil @ field_2 (Intent: low_pri_player_tillSoil_field_2)
NPC_ASSIGN_ATTEMPT: Flaubert Giles -> tillSoil @ field_2 (Intent: low_pri_player_tillSoil_field_2)
NPC_ASSIGN_ATTEMPT: Flaubert Giles -> tillSoil @ field_2 (Intent: low_pri_player_tillSoil_field_2)
NPC_ASSIGN_ATTEMPT: Flaubert Giles -> tillSoil @ field_2 (Intent: low_pri_player_tillSoil_field_2)
NPC_ASSIGN_ATTEMPT: Flaubert Giles -> tillSoil @ field_2 (Intent: low_pri_player_tillSoil_field_2)
NPC_ASSIGN_ATTEMPT: Flaubert Giles -> tillSoil @ field_2 (Intent: low_pri_player_tillSoil_field_2)
NPC_ASSIGN_ATTEMPT: Flaubert Giles -> tillSoil @ field_2 (Intent: low_pri_player_tillSoil_field_2)
NPC_ASSIGN_ATTEMPT: Flaubert Giles -> tillSoil @ field_2 (Intent: low_pri_player_tillSoil_field_2)
NPC_ASSIGN_ATTEMPT: Flaubert Giles -> tillSoil @ field_2 (Intent: low_pri_player_tillSoil_field_2)
NPC_ASSIGN_ATTEMPT: Flaubert Giles -> tillSoil @ field_2 (Intent: low_pri_player_tillSoil_field_2)
NPC_ASSIGN_ATTEMPT: Flaubert Giles -> tillSoil @ field_2 (Intent: low_pri_player_tillSoil_field_2)
NPC_ASSIGN_ATTEMPT: Flaubert Giles -> tillSoil @ field_2 (Intent: low_pri_player_tillSoil_field_2)
NPC_ASSIGN_ATTEMPT: Flaubert Giles -> tillSoil @ field_2 (Intent: low_pri_player_tillSoil_field_2)
NPC_ASSIGN_ATTEMPT: Flaubert Giles -> tillSoil @ field_2 (Intent: low_pri_player_tillSoil_field_2)
NPC_ASSIGN_ATTEMPT: Flaubert Giles -> tillSoil @ field_2 (Intent: low_pri_player_tillSoil_field_2)
NPC_ASSIGN_ATTEMPT: Flaubert Giles -> tillSoil @ field_2 (Intent: low_pri_player_tillSoil_field_2)
NPC_ASSIGN_ATTEMPT: Flaubert Giles -> tillSoil @ field_2 (Intent: low_pri_player_tillSoil_field_2)
NPC_ASSIGN_ATTEMPT: Flaubert Giles -> tillSoil @ field_2 (Intent: low_pri_player_tillSoil_field_2)
NPC_ASSIGN_ATTEMPT: Flaubert Giles -> tillSoil @ field_2 (Intent: low_pri_player_tillSoil_field_2)
NPC_ASSIGN_ATTEMPT: Flaubert Giles -> tillSoil @ field_2 (Intent: low_pri_player_tillSoil_field_2)
NPC_ASSIGN_ATTEMPT: Flaubert Giles -> tillSoil @ field_2 (Intent: low_pri_player_tillSoil_field_2)
NPC_ASSIGN_ATTEMPT: Flaubert Giles -> tillSoil @ field_2 (Intent: low_pri_player_tillSoil_field_2)
NPC_ASSIGN_ATTEMPT: Flaubert Giles -> tillSoil @ field_2 (Intent: low_pri_player_tillSoil_field_2)
NPC_ASSIGN_ATTEMPT: Flaubert Giles -> tillSoil @ field_2 (Intent: low_pri_player_tillSoil_field_2)
NPC_ASSIGN_ATTEMPT: Flaubert Giles -> tillSoil @ field_2 (Intent: low_pri_player_tillSoil_field_2)
NPC_ASSIGN_ATTEMPT: Flaubert Giles -> cleanRoom @ study (Intent: low_pri_butler_cleanRoom_study)
NPC_ASSIGN_ATTEMPT: Flaubert Giles -> tillSoil @ field_2 (Intent: low_pri_player_tillSoil_field_2)
NPC_ASSIGN_ATTEMPT: Flaubert Giles -> tillSoil @ field_2 (Intent: low_pri_player_tillSoil_field_2)
NPC_ASSIGN_ATTEMPT: Flaubert Giles -> tillSoil @ field_2 (Intent: low_pri_player_tillSoil_field_2)
NPC_ASSIGN_ATTEMPT: Flaubert Giles -> tillSoil @ field_2 (Intent: low_pri_player_tillSoil_field_2)
NPC_ASSIGN_ATTEMPT: Flaubert Giles -> tillSoil @ field_2 (Intent: low_pri_player_tillSoil_field_2)
NPC_ASSIGN_ATTEMPT: Flaubert Giles -> tillSoil @ field_2 (Intent: low_pri_player_tillSoil_field_2)
NPC_ASSIGN_ATTEMPT: Flaubert Giles -> tillSoil @ field_2 (Intent: low_pri_player_tillSoil_field_2)
NPC_ASSIGN_ATTEMPT: Flaubert Giles -> tillSoil @ field_2 (Intent: low_pri_player_tillSoil_field_2)
NPC_ASSIGN_ATTEMPT: Flaubert Giles -> tillSoil @ field_2 (Intent: low_pri_player_tillSoil_field_2)
NPC_ASSIGN_ATTEMPT: Flaubert Giles -> tillSoil @ field_2 (Intent: low_pri_player_tillSoil_field_2)
NPC_ASSIGN_ATTEMPT: Flaubert Giles -> tillSoil @ field_2 (Intent: low_pri_player_tillSoil_field_2)
NPC_ASSIGN_ATTEMPT: Flaubert Giles -> tillSoil @ field_2 (Intent: low_pri_player_tillSoil_field_2)
NPC_ASSIGN_ATTEMPT: Flaubert Giles -> tillSoil @ field_2 (Intent: low_pri_player_tillSoil_field_2)
NPC_ASSIGN_ATTEMPT: Flaubert Giles -> tillSoil @ field_2 (Intent: low_pri_player_tillSoil_field_2)
NPC_ASSIGN_ATTEMPT: Flaubert Giles -> tillSoil @ field_2 (Intent: low_pri_player_tillSoil_field_2)
NPC_ASSIGN_ATTEMPT: Flaubert Giles -> tillSoil @ field_2 (Intent: low_pri_player_tillSoil_field_2)
NPC_ASSIGN_ATTEMPT: Flaubert Giles -> tillSoil @ field_2 (Intent: low_pri_player_tillSoil_field_2)
NPC_ASSIGN_ATTEMPT: Flaubert Giles -> tillSoil @ field_2 (Intent: low_pri_player_tillSoil_field_2)
NPC_ASSIGN_ATTEMPT: Flaubert Giles -> tillSoil @ field_2 (Intent: low_pri_player_tillSoil_field_2)
NPC_ASSIGN_ATTEMPT: Flaubert Giles -> tillSoil @ field_2 (Intent: low_pri_player_tillSoil_field_2)
NPC_ASSIGN_ATTEMPT: Flaubert Giles -> tillSoil @ field_2 (Intent: low_pri_player_tillSoil_field_2)
NPC_ASSIGN_ATTEMPT: Flaubert Giles -> tillSoil @ field_2 (Intent: low_pri_player_tillSoil_field_2)
NPC_ASSIGN_ATTEMPT: Flaubert Giles -> cleanRoom @ entryway (Intent: low_pri_butler_cleanRoom_entryway)
NPC_ASSIGN_ATTEMPT: Flaubert Giles -> tillSoil @ field_2 (Intent: low_pri_player_tillSoil_field_2)
NPC_ASSIGN_ATTEMPT: Flaubert Giles -> tillSoil @ field_2 (Intent: low_pri_player_tillSoil_field_2)
NPC_ASSIGN_ATTEMPT: Flaubert Giles -> tillSoil @ field_2 (Intent: low_pri_player_tillSoil_field_2)
NPC_ASSIGN_ATTEMPT: Flaubert Giles -> tillSoil @ field_2 (Intent: low_pri_player_tillSoil_field_2)
NPC_ASSIGN_ATTEMPT: Flaubert Giles -> tillSoil @ field_2 (Intent: low_pri_player_tillSoil_field_2)
NPC_ASSIGN_ATTEMPT: Flaubert Giles -> tillSoil @ field_2 (Intent: low_pri_player_tillSoil_field_2)
NPC_ASSIGN_ATTEMPT: Flaubert Giles -> tillSoil @ field_2 (Intent: low_pri_player_tillSoil_field_2)
NPC_ASSIGN_ATTEMPT: Flaubert Giles -> tillSoil @ field_2 (Intent: low_pri_player_tillSoil_field_2)
NPC_ASSIGN_ATTEMPT: Flaubert Giles -> tillSoil @ field_2 (Intent: low_pri_player_tillSoil_field_2)
NPC_ASSIGN_ATTEMPT: Flaubert Giles -> tillSoil @ field_2 (Intent: low_pri_player_tillSoil_field_2)
NPC_ASSIGN_ATTEMPT: Flaubert Giles -> tillSoil @ field_2 (Intent: low_pri_player_tillSoil_field_2)
NPC_ASSIGN_ATTEMPT: Flaubert Giles -> tillSoil @ field_2 (Intent: low_pri_player_tillSoil_field_2)
NPC_ASSIGN_ATTEMPT: Flaubert Giles -> tillSoil @ field_2 (Intent: low_pri_player_tillSoil_field_2)
NPC_ASSIGN_ATTEMPT: Flaubert Giles -> tillSoil @ field_2 (Intent: low_pri_player_tillSoil_field_2)
NPC_ASSIGN_ATTEMPT: Flaubert Giles -> tillSoil @ field_2 (Intent: low_pri_player_tillSoil_field_2)
NPC_ASSIGN_ATTEMPT: Flaubert Giles -> tillSoil @ field_2 (Intent: low_pri_player_tillSoil_field_2)
NPC_ASSIGN_ATTEMPT: Flaubert Giles -> tillSoil @ field_2 (Intent: low_pri_player_tillSoil_field_2)
NPC_ASSIGN_ATTEMPT: Flaubert Giles -> tillSoil @ field_2 (Intent: low_pri_player_tillSoil_field_2)
NPC_ASSIGN_ATTEMPT: Flaubert Giles -> tillSoil @ field_2 (Intent: low_pri_player_tillSoil_field_2)
NPC_ASSIGN_ATTEMPT: Flaubert Giles -> tillSoil @ field_2 (Intent: low_pri_player_tillSoil_field_2)
NPC_ASSIGN_ATTEMPT: Flaubert Giles -> cleanRoom @ kitchen (Intent: low_pri_butler_cleanRoom_kitchen)
NPC_ASSIGN_ATTEMPT: Flaubert Giles -> tillSoil @ field_2 (Intent: low_pri_player_tillSoil_field_2)
NPC_ASSIGN_ATTEMPT: Flaubert Giles -> tillSoil @ field_2 (Intent: low_pri_player_tillSoil_field_2)
NPC_ASSIGN_ATTEMPT: Flaubert Giles -> tillSoil @ field_2 (Intent: low_pri_player_tillSoil_field_2)
NPC_ASSIGN_ATTEMPT: Flaubert Giles -> tillSoil @ field_2 (Intent: low_pri_player_tillSoil_field_2)
NPC_ASSIGN_ATTEMPT: Flaubert Giles -> tillSoil @ field_2 (Intent: low_pri_player_tillSoil_field_2)
NPC_ASSIGN_ATTEMPT: Flaubert Giles -> tillSoil @ field_2 (Intent: low_pri_player_tillSoil_field_2)
NPC_ASSIGN_ATTEMPT: Flaubert Giles -> tillSoil @ field_2 (Intent: low_pri_player_tillSoil_field_2)
NPC_ASSIGN_ATTEMPT: Flaubert Giles -> tillSoil @ field_2 (Intent: low_pri_player_tillSoil_field_2)
NPC_ASSIGN_ATTEMPT: Flaubert Giles -> tillSoil @ field_2 (Intent: low_pri_player_tillSoil_field_2)
NPC_ASSIGN_ATTEMPT: Flaubert Giles -> tillSoil @ field_2 (Intent: low_pri_player_tillSoil_field_2)
NPC_ASSIGN_ATTEMPT: Flaubert Giles -> tillSoil @ field_2 (Intent: low_pri_player_tillSoil_field_2)
NPC_ASSIGN_ATTEMPT: Flaubert Giles -> tillSoil @ field_2 (Intent: low_pri_player_tillSoil_field_2)
NPC_ASSIGN_ATTEMPT: Flaubert Giles -> tillSoil @ field_2 (Intent: low_pri_player_tillSoil_field_2)
NPC_ASSIGN_ATTEMPT: Flaubert Giles -> tillSoil @ field_2 (Intent: low_pri_player_tillSoil_field_2)
NPC_ASSIGN_ATTEMPT: Flaubert Giles -> tillSoil @ field_2 (Intent: low_pri_player_tillSoil_field_2)
NPC_ASSIGN_ATTEMPT: Flaubert Giles -> tillSoil @ field_2 (Intent: low_pri_player_tillSoil_field_2)
NPC_ASSIGN_ATTEMPT: Flaubert Giles -> tillSoil @ field_2 (Intent: low_pri_player_tillSoil_field_2)
NPC_ASSIGN_ATTEMPT: Flaubert Giles -> tillSoil @ field_2 (Intent: low_pri_player_tillSoil_field_2)
NPC_ASSIGN_ATTEMPT: Flaubert Giles -> tillSoil @ field_2 (Intent: low_pri_player_tillSoil_field_2)
NPC_ASSIGN_ATTEMPT: Flaubert Giles -> tillSoil @ field_2 (Intent: low_pri_player_tillSoil_field_2)
NPC_ASSIGN_ATTEMPT: Flaubert Giles -> cleanRoom @ bathroom_up (Intent: low_pri_butler_cleanRoom_bathroom_up)
NPC_ASSIGN_ATTEMPT: Flaubert Giles -> tillSoil @ field_2 (Intent: low_pri_player_tillSoil_field_2)
NPC_ASSIGN_ATTEMPT: Flaubert Giles -> tillSoil @ field_2 (Intent: low_pri_player_tillSoil_field_2)
NPC_ASSIGN_ATTEMPT: Flaubert Giles -> tillSoil @ field_2 (Intent: low_pri_player_tillSoil_field_2)
NPC_ASSIGN_ATTEMPT: Flaubert Giles -> tillSoil @ field_2 (Intent: low_pri_player_tillSoil_field_2)
NPC_ASSIGN_ATTEMPT: Flaubert Giles -> tillSoil @ field_2 (Intent: low_pri_player_tillSoil_field_2)
NPC_ASSIGN_ATTEMPT: Flaubert Giles -> tillSoil @ field_2 (Intent: low_pri_player_tillSoil_field_2)
NPC_ASSIGN_ATTEMPT: Flaubert Giles -> tillSoil @ field_2 (Intent: low_pri_player_tillSoil_field_2)
NPC_ASSIGN_ATTEMPT: Flaubert Giles -> tillSoil @ field_2 (Intent: low_pri_player_tillSoil_field_2)
NPC_ASSIGN_ATTEMPT: Flaubert Giles -> tillSoil @ field_2 (Intent: low_pri_player_tillSoil_field_2)
NPC_ASSIGN_ATTEMPT: Flaubert Giles -> tillSoil @ field_2 (Intent: low_pri_player_tillSoil_field_2)
NPC_ASSIGN_ATTEMPT: Flaubert Giles -> tillSoil @ field_2 (Intent: low_pri_player_tillSoil_field_2)
NPC_ASSIGN_ATTEMPT: Flaubert Giles -> tillSoil @ field_2 (Intent: low_pri_player_tillSoil_field_2)
NPC_ASSIGN_ATTEMPT: Flaubert Giles -> tillSoil @ field_2 (Intent: low_pri_player_tillSoil_field_2)
NPC_ASSIGN_ATTEMPT: Flaubert Giles -> tillSoil @ field_2 (Intent: low_pri_player_tillSoil_field_2)
NPC_ASSIGN_ATTEMPT: Flaubert Giles -> tillSoil @ field_2 (Intent: low_pri_player_tillSoil_field_2)
NPC_ASSIGN_ATTEMPT: Flaubert Giles -> tillSoil @ field_2 (Intent: low_pri_player_tillSoil_field_2)
NPC_ASSIGN_ATTEMPT: Flaubert Giles -> tillSoil @ field_2 (Intent: low_pri_player_tillSoil_field_2)
NPC_ASSIGN_ATTEMPT: Flaubert Giles -> tillSoil @ field_2 (Intent: low_pri_player_tillSoil_field_2)
NPC_ASSIGN_ATTEMPT: Flaubert Giles -> tillSoil @ field_2 (Intent: low_pri_player_tillSoil_field_2)
NPC_ASSIGN_ATTEMPT: Flaubert Giles -> tillSoil @ field_2 (Intent: low_pri_player_tillSoil_field_2)
NPC_ASSIGN_ATTEMPT: Flaubert Giles -> tillSoil @ field_2 (Intent: low_pri_player_tillSoil_field_2)
NPC_ASSIGN_ATTEMPT: Flaubert Giles -> tillSoil @ field_2 (Intent: low_pri_player_tillSoil_field_2)
NPC_ASSIGN_ATTEMPT: Flaubert Giles -> cleanRoom @ bedroom_2 (Intent: low_pri_butler_cleanRoom_bedroom_2)
NPC_ASSIGN_ATTEMPT: Flaubert Giles -> tillSoil @ field_2 (Intent: low_pri_player_tillSoil_field_2)
NPC_ASSIGN_ATTEMPT: Partner -> idle @ lot_garden (Intent: sched_idle_w_partner)
NPC_ASSIGN_ATTEMPT: Flaubert Giles -> tillSoil @ field_2 (Intent: low_pri_player_tillSoil_field_2)
NPC_ASSIGN_ATTEMPT: Flaubert Giles -> tillSoil @ field_2 (Intent: low_pri_player_tillSoil_field_2)
NPC_ASSIGN_ATTEMPT: Flaubert Giles -> tillSoil @ field_2 (Intent: low_pri_player_tillSoil_field_2)
NPC_ASSIGN_ATTEMPT: Flaubert Giles -> tillSoil @ field_2 (Intent: low_pri_player_tillSoil_field_2)
NPC_ASSIGN_ATTEMPT: Flaubert Giles -> tillSoil @ field_2 (Intent: low_pri_player_tillSoil_field_2)
NPC_ASSIGN_ATTEMPT: Flaubert Giles -> tillSoil @ field_2 (Intent: low_pri_player_tillSoil_field_2)
NPC_ASSIGN_ATTEMPT: Flaubert Giles -> tillSoil @ field_2 (Intent: low_pri_player_tillSoil_field_2)
NPC_ASSIGN_ATTEMPT: Flaubert Giles -> tillSoil @ field_2 (Intent: low_pri_player_tillSoil_field_2)
NPC_ASSIGN_ATTEMPT: Flaubert Giles -> tillSoil @ field_2 (Intent: low_pri_player_tillSoil_field_2)
NPC_ASSIGN_ATTEMPT: Flaubert Giles -> tillSoil @ field_2 (Intent: low_pri_player_tillSoil_field_2)
NPC_ASSIGN_ATTEMPT: Flaubert Giles -> tillSoil @ field_2 (Intent: low_pri_player_tillSoil_field_2)
NPC_ASSIGN_ATTEMPT: Flaubert Giles -> tillSoil @ field_2 (Intent: low_pri_player_tillSoil_field_2)
NPC_ASSIGN_ATTEMPT: Flaubert Giles -> tillSoil @ field_2 (Intent: low_pri_player_tillSoil_field_2)
NPC_ASSIGN_ATTEMPT: Flaubert Giles -> tillSoil @ field_2 (Intent: low_pri_player_tillSoil_field_2)
NPC_ASSIGN_ATTEMPT: Flaubert Giles -> tillSoil @ field_2 (Intent: low_pri_player_tillSoil_field_2)
NPC_ASSIGN_ATTEMPT: Flaubert Giles -> tillSoil @ field_2 (Intent: low_pri_player_tillSoil_field_2)
NPC_ASSIGN_ATTEMPT: Flaubert Giles -> tillSoil @ field_2 (Intent: low_pri_player_tillSoil_field_2)
NPC_ASSIGN_ATTEMPT: Flaubert Giles -> tillSoil @ field_2 (Intent: low_pri_player_tillSoil_field_2)
NPC_ASSIGN_ATTEMPT: Flaubert Giles -> tillSoil @ field_2 (Intent: low_pri_player_tillSoil_field_2)
NPC_ASSIGN_ATTEMPT: Flaubert Giles -> tillSoil @ field_2 (Intent: low_pri_player_tillSoil_field_2)
NPC_ASSIGN_ATTEMPT: Flaubert Giles -> tillSoil @ field_2 (Intent: low_pri_player_tillSoil_field_2)
NPC_ASSIGN_ATTEMPT: Flaubert Giles -> cleanRoom @ bedroom_3 (Intent: low_pri_butler_cleanRoom_bedroom_3)
NPC_ASSIGN_ATTEMPT: Flaubert Giles -> tillSoil @ field_2 (Intent: low_pri_player_tillSoil_field_2)
NPC_ASSIGN_ATTEMPT: Flaubert Giles -> tillSoil @ field_2 (Intent: low_pri_player_tillSoil_field_2)
NPC_ASSIGN_ATTEMPT: Flaubert Giles -> tillSoil @ field_2 (Intent: low_pri_player_tillSoil_field_2)
NPC_ASSIGN_ATTEMPT: Flaubert Giles -> tillSoil @ field_2 (Intent: low_pri_player_tillSoil_field_2)
NPC_ASSIGN_ATTEMPT: Flaubert Giles -> tillSoil @ field_2 (Intent: low_pri_player_tillSoil_field_2)
NPC_ASSIGN_ATTEMPT: Flaubert Giles -> tillSoil @ field_2 (Intent: low_pri_player_tillSoil_field_2)
NPC_ASSIGN_ATTEMPT: Flaubert Giles -> tillSoil @ field_2 (Intent: low_pri_player_tillSoil_field_2)
NPC_ASSIGN_ATTEMPT: Flaubert Giles -> tillSoil @ field_2 (Intent: low_pri_player_tillSoil_field_2)
NPC_ASSIGN_ATTEMPT: Flaubert Giles -> tillSoil @ field_2 (Intent: low_pri_player_tillSoil_field_2)
NPC_ASSIGN_ATTEMPT: Flaubert Giles -> tillSoil @ field_2 (Intent: low_pri_player_tillSoil_field_2)
NPC_ASSIGN_ATTEMPT: Flaubert Giles -> tillSoil @ field_2 (Intent: low_pri_player_tillSoil_field_2)
NPC_ASSIGN_ATTEMPT: Flaubert Giles -> tillSoil @ field_2 (Intent: low_pri_player_tillSoil_field_2)
NPC_ASSIGN_ATTEMPT: Flaubert Giles -> tillSoil @ field_2 (Intent: low_pri_player_tillSoil_field_2)
NPC_ASSIGN_ATTEMPT: Flaubert Giles -> tillSoil @ field_2 (Intent: low_pri_player_tillSoil_field_2)
NPC_ASSIGN_ATTEMPT: Flaubert Giles -> tillSoil @ field_2 (Intent: low_pri_player_tillSoil_field_2)
NPC_ASSIGN_ATTEMPT: Flaubert Giles -> tillSoil @ field_2 (Intent: low_pri_player_tillSoil_field_2)
NPC_ASSIGN_ATTEMPT: Flaubert Giles -> tillSoil @ field_2 (Intent: low_pri_player_tillSoil_field_2)
NPC_ASSIGN_ATTEMPT: Flaubert Giles -> tillSoil @ field_2 (Intent: low_pri_player_tillSoil_field_2)
NPC_ASSIGN_ATTEMPT: Flaubert Giles -> tillSoil @ field_2 (Intent: low_pri_player_tillSoil_field_2)
NPC_ASSIGN_ATTEMPT: Flaubert Giles -> tillSoil @ field_2 (Intent: low_pri_player_tillSoil_field_2)
NPC_ASSIGN_ATTEMPT: Flaubert Giles -> cleanRoom @ bathroom_down (Intent: low_pri_butler_cleanRoom_bathroom_down)
NPC_ASSIGN_ATTEMPT: Flaubert Giles -> tillSoil @ field_2 (Intent: low_pri_player_tillSoil_field_2)
NPC_ASSIGN_ATTEMPT: Flaubert Giles -> tillSoil @ field_2 (Intent: low_pri_player_tillSoil_field_2)
NPC_ASSIGN_ATTEMPT: Flaubert Giles -> tillSoil @ field_2 (Intent: low_pri_player_tillSoil_field_2)
NPC_ASSIGN_ATTEMPT: Flaubert Giles -> tillSoil @ field_2 (Intent: low_pri_player_tillSoil_field_2)
NPC_ASSIGN_ATTEMPT: Flaubert Giles -> tillSoil @ field_2 (Intent: low_pri_player_tillSoil_field_2)
NPC_ASSIGN_ATTEMPT: Flaubert Giles -> tillSoil @ field_2 (Intent: low_pri_player_tillSoil_field_2)
NPC_ASSIGN_ATTEMPT: Flaubert Giles -> tillSoil @ field_2 (Intent: low_pri_player_tillSoil_field_2)
NPC_ASSIGN_ATTEMPT: Flaubert Giles -> tillSoil @ field_2 (Intent: low_pri_player_tillSoil_field_2)
NPC_ASSIGN_ATTEMPT: Flaubert Giles -> tillSoil @ field_2 (Intent: low_pri_player_tillSoil_field_2)
NPC_ASSIGN_ATTEMPT: Flaubert Giles -> tillSoil @ field_2 (Intent: low_pri_player_tillSoil_field_2)
NPC_ASSIGN_ATTEMPT: Flaubert Giles -> tillSoil @ field_2 (Intent: low_pri_player_tillSoil_field_2)
NPC_ASSIGN_ATTEMPT: Flaubert Giles -> tillSoil @ field_2 (Intent: low_pri_player_tillSoil_field_2)
NPC_ASSIGN_ATTEMPT: Flaubert Giles -> tillSoil @ field_2 (Intent: low_pri_player_tillSoil_field_2)
NPC_ASSIGN_ATTEMPT: Flaubert Giles -> tillSoil @ field_2 (Intent: low_pri_player_tillSoil_field_2)
NPC_ASSIGN_ATTEMPT: Flaubert Giles -> tillSoil @ field_2 (Intent: low_pri_player_tillSoil_field_2)
NPC_ASSIGN_ATTEMPT: Flaubert Giles -> tillSoil @ field_2 (Intent: low_pri_player_tillSoil_field_2)
NPC_ASSIGN_ATTEMPT: Flaubert Giles -> tillSoil @ field_2 (Intent: low_pri_player_tillSoil_field_2)
NPC_ASSIGN_ATTEMPT: Flaubert Giles -> tillSoil @ field_2 (Intent: low_pri_player_tillSoil_field_2)
NPC_ASSIGN_ATTEMPT: Flaubert Giles -> tillSoil @ field_2 (Intent: low_pri_player_tillSoil_field_2)
NPC_ASSIGN_ATTEMPT: Flaubert Giles -> tillSoil @ field_2 (Intent: low_pri_player_tillSoil_field_2)
NPC_ASSIGN_ATTEMPT: Flaubert Giles -> tillSoil @ field_2 (Intent: low_pri_player_tillSoil_field_2)
NPC_ASSIGN_ATTEMPT: Flaubert Giles -> tillSoil @ field_2 (Intent: low_pri_player_tillSoil_field_2)
NPC_ASSIGN_ATTEMPT: Flaubert Giles -> tillSoil @ field_2 (Intent: low_pri_player_tillSoil_field_2)
NPC_ASSIGN_ATTEMPT: Flaubert Giles -> tillSoil @ field_2 (Intent: low_pri_player_tillSoil_field_2)
NPC_ASSIGN_ATTEMPT: Flaubert Giles -> cleanRoom @ dining_hall (Intent: low_pri_butler_cleanRoom_dining_hall)
NPC_ASSIGN_ATTEMPT: Flaubert Giles -> tillSoil @ field_2 (Intent: low_pri_player_tillSoil_field_2)
NPC_ASSIGN_ATTEMPT: Flaubert Giles -> tillSoil @ field_2 (Intent: low_pri_player_tillSoil_field_2)
NPC_ASSIGN_ATTEMPT: Flaubert Giles -> tillSoil @ field_2 (Intent: low_pri_player_tillSoil_field_2)
NPC_ASSIGN_ATTEMPT: Flaubert Giles -> tillSoil @ field_2 (Intent: low_pri_player_tillSoil_field_2)
NPC_ASSIGN_ATTEMPT: Flaubert Giles -> tillSoil @ field_2 (Intent: low_pri_player_tillSoil_field_2)
NPC_ASSIGN_ATTEMPT: Flaubert Giles -> tillSoil @ field_2 (Intent: low_pri_player_tillSoil_field_2)
NPC_ASSIGN_ATTEMPT: Flaubert Giles -> tillSoil @ field_2 (Intent: low_pri_player_tillSoil_field_2)
NPC_ASSIGN_ATTEMPT: Flaubert Giles -> tillSoil @ field_2 (Intent: low_pri_player_tillSoil_field_2)
NPC_ASSIGN_ATTEMPT: Flaubert Giles -> tillSoil @ field_2 (Intent: low_pri_player_tillSoil_field_2)
NPC_ASSIGN_ATTEMPT: Flaubert Giles -> tillSoil @ field_2 (Intent: low_pri_player_tillSoil_field_2)
NPC_ASSIGN_ATTEMPT: Flaubert Giles -> tillSoil @ field_2 (Intent: low_pri_player_tillSoil_field_2)
NPC_ASSIGN_ATTEMPT: Flaubert Giles -> tillSoil @ field_2 (Intent: low_pri_player_tillSoil_field_2)
NPC_ASSIGN_ATTEMPT: Flaubert Giles -> tillSoil @ field_2 (Intent: low_pri_player_tillSoil_field_2)
NPC_ASSIGN_ATTEMPT: Flaubert Giles -> tillSoil @ field_2 (Intent: low_pri_player_tillSoil_field_2)
NPC_ASSIGN_ATTEMPT: Flaubert Giles -> tillSoil @ field_2 (Intent: low_pri_player_tillSoil_field_2)
NPC_ASSIGN_ATTEMPT: Flaubert Giles -> tillSoil @ field_2 (Intent: low_pri_player_tillSoil_field_2)
NPC_ASSIGN_ATTEMPT: Flaubert Giles -> tillSoil @ field_2 (Intent: low_pri_player_tillSoil_field_2)
NPC_ASSIGN_ATTEMPT: Flaubert Giles -> tillSoil @ field_2 (Intent: low_pri_player_tillSoil_field_2)
NPC_ASSIGN_ATTEMPT: Flaubert Giles -> tillSoil @ field_2 (Intent: low_pri_player_tillSoil_field_2)
NPC_ASSIGN_ATTEMPT: Flaubert Giles -> tillSoil @ field_2 (Intent: low_pri_player_tillSoil_field_2)
NPC_ASSIGN_ATTEMPT: Flaubert Giles -> tillSoil @ field_2 (Intent: low_pri_player_tillSoil_field_2)
NPC_ASSIGN_ATTEMPT: Flaubert Giles -> tillSoil @ field_2 (Intent: low_pri_player_tillSoil_field_2)
NPC_ASSIGN_ATTEMPT: Flaubert Giles -> hunt @ entryway (Intent: low_pri_butler_hunt_entryway)
NPC_ASSIGN_ATTEMPT: Flaubert Giles -> tillSoil @ field_2 (Intent: low_pri_player_tillSoil_field_2)
NPC_ASSIGN_ATTEMPT: Flaubert Giles -> tillSoil @ field_2 (Intent: low_pri_player_tillSoil_field_2)
NPC_ASSIGN_ATTEMPT: Flaubert Giles -> tillSoil @ field_2 (Intent: low_pri_player_tillSoil_field_2)
NPC_ASSIGN_ATTEMPT: Flaubert Giles -> tillSoil @ field_2 (Intent: low_pri_player_tillSoil_field_2)
NPC_ASSIGN_ATTEMPT: Flaubert Giles -> tillSoil @ field_2 (Intent: low_pri_player_tillSoil_field_2)
NPC_ASSIGN_ATTEMPT: Flaubert Giles -> tillSoil @ field_2 (Intent: low_pri_player_tillSoil_field_2)
NPC_ASSIGN_ATTEMPT: Flaubert Giles -> tillSoil @ field_2 (Intent: low_pri_player_tillSoil_field_2)
NPC_ASSIGN_ATTEMPT: Flaubert Giles -> tillSoil @ field_2 (Intent: low_pri_player_tillSoil_field_2)
NPC_ASSIGN_ATTEMPT: Flaubert Giles -> tillSoil @ field_2 (Intent: low_pri_player_tillSoil_field_2)
NPC_ASSIGN_ATTEMPT: Flaubert Giles -> tillSoil @ field_2 (Intent: low_pri_player_tillSoil_field_2)
NPC_ASSIGN_ATTEMPT: Flaubert Giles -> tillSoil @ field_2 (Intent: low_pri_player_tillSoil_field_2)
NPC_ASSIGN_ATTEMPT: Flaubert Giles -> tillSoil @ field_2 (Intent: low_pri_player_tillSoil_field_2)
NPC_ASSIGN_ATTEMPT: Flaubert Giles -> tillSoil @ field_2 (Intent: low_pri_player_tillSoil_field_2)
NPC_ASSIGN_ATTEMPT: Flaubert Giles -> tillSoil @ field_2 (Intent: low_pri_player_tillSoil_field_2)
NPC_ASSIGN_ATTEMPT: Flaubert Giles -> tillSoil @ field_2 (Intent: low_pri_player_tillSoil_field_2)
NPC_ASSIGN_ATTEMPT: Flaubert Giles -> tillSoil @ field_2 (Intent: low_pri_player_tillSoil_field_2)
NPC_ASSIGN_ATTEMPT: Flaubert Giles -> tillSoil @ field_2 (Intent: low_pri_player_tillSoil_field_2)
NPC_ASSIGN_ATTEMPT: Flaubert Giles -> tillSoil @ field_2 (Intent: low_pri_player_tillSoil_field_2)
NPC_ASSIGN_ATTEMPT: Flaubert Giles -> tillSoil @ field_2 (Intent: low_pri_player_tillSoil_field_2)
NPC_ASSIGN_ATTEMPT: Flaubert Giles -> tillSoil @ field_2 (Intent: low_pri_player_tillSoil_field_2)
NPC_ASSIGN_ATTEMPT: Flaubert Giles -> tillSoil @ field_2 (Intent: low_pri_player_tillSoil_field_2)
NPC_ASSIGN_ATTEMPT: Flaubert Giles -> tillSoil @ field_2 (Intent: low_pri_player_tillSoil_field_2)
NPC_ASSIGN_ATTEMPT: Flaubert Giles -> tillSoil @ field_2 (Intent: low_pri_player_tillSoil_field_2)
NPC_ASSIGN_ATTEMPT: Flaubert Giles -> tillSoil @ field_2 (Intent: low_pri_player_tillSoil_field_2)
NPC_ASSIGN_ATTEMPT: Flaubert Giles -> tillSoil @ field_2 (Intent: low_pri_player_tillSoil_field_2)
NPC_ASSIGN_ATTEMPT: Flaubert Giles -> tillSoil @ field_2 (Intent: low_pri_player_tillSoil_field_2)
NPC_ASSIGN_ATTEMPT: Flaubert Giles -> tillSoil @ field_2 (Intent: low_pri_player_tillSoil_field_2)
NPC_ASSIGN_ATTEMPT: Flaubert Giles -> tillSoil @ field_2 (Intent: low_pri_player_tillSoil_field_2)
NPC_ASSIGN_ATTEMPT: Flaubert Giles -> tillSoil @ field_2 (Intent: low_pri_player_tillSoil_field_2)
NPC_ASSIGN_ATTEMPT: Flaubert Giles -> tillSoil @ field_2 (Intent: low_pri_player_tillSoil_field_2)
NPC_ASSIGN_ATTEMPT: Flaubert Giles -> eat @ kitchen (Intent: sched_eat_player_60)
NPC_ASSIGN_ATTEMPT: Flaubert Giles -> eat @ kitchen (Intent: sched_eat_butler_60)
NPC_ASSIGN_ATTEMPT: Partner -> eat @ kitchen (Intent: sched_eat_partner_60)
NPC_ASSIGN_ATTEMPT: Flaubert Giles -> cleanDish @ kitchen (Intent: cleanish_player_1781825884516)
NPC_ASSIGN_ATTEMPT: Flaubert Giles -> cleanDish @ kitchen (Intent: cleanish_butler_1781825884517)
NPC_ASSIGN_ATTEMPT: Partner -> cleanDish @ kitchen (Intent: cleanish_partner_1781825884517)
NPC_ASSIGN_ATTEMPT: Flaubert Giles -> tillSoil @ field_2 (Intent: low_pri_player_tillSoil_field_2)
NPC_ASSIGN_ATTEMPT: Flaubert Giles -> tillSoil @ field_2 (Intent: low_pri_player_tillSoil_field_2)
NPC_ASSIGN_ATTEMPT: Flaubert Giles -> hunt @ entryway (Intent: low_pri_butler_hunt_entryway)
NPC_ASSIGN_SKIP_ROOM: butler already in queue for hunt with intent low_pri_butler_hunt_entryway
NPC_ASSIGN_ATTEMPT: Partner -> idle @ butler_quarters (Intent: sched_idle_w_partner)
NPC_ASSIGN_ATTEMPT: Flaubert Giles -> tillSoil @ field_2 (Intent: low_pri_player_tillSoil_field_2)
NPC_ASSIGN_ATTEMPT: Flaubert Giles -> tillSoil @ field_2 (Intent: low_pri_player_tillSoil_field_2)
NPC_ASSIGN_ATTEMPT: Flaubert Giles -> tillSoil @ field_2 (Intent: low_pri_player_tillSoil_field_2)
NPC_ASSIGN_ATTEMPT: Flaubert Giles -> tillSoil @ field_2 (Intent: low_pri_player_tillSoil_field_2)
NPC_ASSIGN_ATTEMPT: Flaubert Giles -> tillSoil @ field_2 (Intent: low_pri_player_tillSoil_field_2)
NPC_ASSIGN_ATTEMPT: Flaubert Giles -> tillSoil @ field_2 (Intent: low_pri_player_tillSoil_field_2)
NPC_ASSIGN_ATTEMPT: Flaubert Giles -> tillSoil @ field_2 (Intent: low_pri_player_tillSoil_field_2)
NPC_ASSIGN_ATTEMPT: Flaubert Giles -> tillSoil @ field_2 (Intent: low_pri_player_tillSoil_field_2)
NPC_ASSIGN_ATTEMPT: Flaubert Giles -> tillSoil @ field_2 (Intent: low_pri_player_tillSoil_field_2)
NPC_ASSIGN_ATTEMPT: Flaubert Giles -> tillSoil @ field_2 (Intent: low_pri_player_tillSoil_field_2)
NPC_ASSIGN_ATTEMPT: Flaubert Giles -> tillSoil @ field_2 (Intent: low_pri_player_tillSoil_field_2)
NPC_ASSIGN_ATTEMPT: Flaubert Giles -> tillSoil @ field_2 (Intent: low_pri_player_tillSoil_field_2)
NPC_ASSIGN_ATTEMPT: Flaubert Giles -> tillSoil @ field_2 (Intent: low_pri_player_tillSoil_field_2)
NPC_ASSIGN_ATTEMPT: Flaubert Giles -> tillSoil @ field_2 (Intent: low_pri_player_tillSoil_field_2)
NPC_ASSIGN_ATTEMPT: Flaubert Giles -> tillSoil @ field_2 (Intent: low_pri_player_tillSoil_field_2)
NPC_ASSIGN_ATTEMPT: Flaubert Giles -> tillSoil @ field_2 (Intent: low_pri_player_tillSoil_field_2)
NPC_ASSIGN_ATTEMPT: Flaubert Giles -> tillSoil @ field_2 (Intent: low_pri_player_tillSoil_field_2)
NPC_ASSIGN_ATTEMPT: Flaubert Giles -> tillSoil @ field_2 (Intent: low_pri_player_tillSoil_field_2)
NPC_ASSIGN_ATTEMPT: Flaubert Giles -> tillSoil @ field_2 (Intent: low_pri_player_tillSoil_field_2)
NPC_ASSIGN_ATTEMPT: Flaubert Giles -> tillSoil @ field_2 (Intent: low_pri_player_tillSoil_field_2)
NPC_ASSIGN_ATTEMPT: Flaubert Giles -> tillSoil @ field_2 (Intent: low_pri_player_tillSoil_field_2)
NPC_ASSIGN_ATTEMPT: Flaubert Giles -> tillSoil @ field_2 (Intent: low_pri_player_tillSoil_field_2)
NPC_ASSIGN_ATTEMPT: Partner -> idle @ field_2 (Intent: sched_idle_w_partner)
NPC_ASSIGN_ATTEMPT: Flaubert Giles -> tillSoil @ field_2 (Intent: low_pri_player_tillSoil_field_2)
NPC_ASSIGN_ATTEMPT: Flaubert Giles -> tillSoil @ field_2 (Intent: low_pri_player_tillSoil_field_2)
NPC_ASSIGN_ATTEMPT: Flaubert Giles -> tillSoil @ field_2 (Intent: low_pri_player_tillSoil_field_2)
NPC_ASSIGN_ATTEMPT: Flaubert Giles -> tillSoil @ field_2 (Intent: low_pri_player_tillSoil_field_2)
NPC_ASSIGN_ATTEMPT: Flaubert Giles -> tillSoil @ field_2 (Intent: low_pri_player_tillSoil_field_2)
NPC_ASSIGN_ATTEMPT: Flaubert Giles -> tillSoil @ field_2 (Intent: low_pri_player_tillSoil_field_2)
NPC_ASSIGN_ATTEMPT: Flaubert Giles -> tillSoil @ field_2 (Intent: low_pri_player_tillSoil_field_2)
NPC_ASSIGN_ATTEMPT: Flaubert Giles -> tillSoil @ field_2 (Intent: low_pri_player_tillSoil_field_2)
NPC_ASSIGN_ATTEMPT: Flaubert Giles -> tillSoil @ field_2 (Intent: low_pri_player_tillSoil_field_2)
NPC_ASSIGN_ATTEMPT: Flaubert Giles -> tillSoil @ field_2 (Intent: low_pri_player_tillSoil_field_2)
NPC_ASSIGN_ATTEMPT: Flaubert Giles -> tillSoil @ field_2 (Intent: low_pri_player_tillSoil_field_2)
NPC_ASSIGN_ATTEMPT: Flaubert Giles -> tillSoil @ field_2 (Intent: low_pri_player_tillSoil_field_2)
NPC_ASSIGN_ATTEMPT: Flaubert Giles -> tillSoil @ field_2 (Intent: low_pri_player_tillSoil_field_2)
NPC_ASSIGN_ATTEMPT: Flaubert Giles -> tillSoil @ field_2 (Intent: low_pri_player_tillSoil_field_2)
NPC_ASSIGN_ATTEMPT: Flaubert Giles -> tillSoil @ field_2 (Intent: low_pri_player_tillSoil_field_2)
NPC_ASSIGN_ATTEMPT: Flaubert Giles -> tillSoil @ field_2 (Intent: low_pri_player_tillSoil_field_2)
NPC_ASSIGN_ATTEMPT: Flaubert Giles -> tillSoil @ field_2 (Intent: low_pri_player_tillSoil_field_2)
NPC_ASSIGN_ATTEMPT: Flaubert Giles -> tillSoil @ field_2 (Intent: low_pri_player_tillSoil_field_2)
NPC_ASSIGN_ATTEMPT: Flaubert Giles -> tillSoil @ field_2 (Intent: low_pri_player_tillSoil_field_2)
NPC_ASSIGN_ATTEMPT: Flaubert Giles -> tillSoil @ field_2 (Intent: low_pri_player_tillSoil_field_2)
NPC_ASSIGN_ATTEMPT: Flaubert Giles -> tillSoil @ field_2 (Intent: low_pri_player_tillSoil_field_2)
NPC_ASSIGN_ATTEMPT: Flaubert Giles -> tillSoil @ field_2 (Intent: low_pri_player_tillSoil_field_2)
NPC_ASSIGN_ATTEMPT: Flaubert Giles -> tillSoil @ field_2 (Intent: low_pri_player_tillSoil_field_2)
NPC_ASSIGN_ATTEMPT: Flaubert Giles -> tillSoil @ field_2 (Intent: low_pri_player_tillSoil_field_2)
NPC_ASSIGN_ATTEMPT: Flaubert Giles -> tillSoil @ field_2 (Intent: low_pri_player_tillSoil_field_2)
NPC_ASSIGN_ATTEMPT: Flaubert Giles -> tillSoil @ field_2 (Intent: low_pri_player_tillSoil_field_2)
NPC_ASSIGN_ATTEMPT: Flaubert Giles -> tillSoil @ field_2 (Intent: low_pri_player_tillSoil_field_2)
NPC_ASSIGN_ATTEMPT: Flaubert Giles -> tillSoil @ field_2 (Intent: low_pri_player_tillSoil_field_2)
NPC_ASSIGN_ATTEMPT: Flaubert Giles -> tillSoil @ field_2 (Intent: low_pri_player_tillSoil_field_2)
NPC_ASSIGN_ATTEMPT: Flaubert Giles -> tillSoil @ field_2 (Intent: low_pri_player_tillSoil_field_2)
NPC_ASSIGN_ATTEMPT: Flaubert Giles -> tillSoil @ field_2 (Intent: low_pri_player_tillSoil_field_2)
NPC_ASSIGN_ATTEMPT: Flaubert Giles -> tillSoil @ field_2 (Intent: low_pri_player_tillSoil_field_2)
NPC_ASSIGN_ATTEMPT: Flaubert Giles -> tillSoil @ field_2 (Intent: low_pri_player_tillSoil_field_2)
NPC_ASSIGN_ATTEMPT: Flaubert Giles -> tillSoil @ field_2 (Intent: low_pri_player_tillSoil_field_2)
NPC_ASSIGN_ATTEMPT: Flaubert Giles -> tillSoil @ field_2 (Intent: low_pri_player_tillSoil_field_2)
NPC_ASSIGN_ATTEMPT: Flaubert Giles -> tillSoil @ field_2 (Intent: low_pri_player_tillSoil_field_2)
NPC_ASSIGN_ATTEMPT: Flaubert Giles -> tillSoil @ field_2 (Intent: low_pri_player_tillSoil_field_2)
NPC_ASSIGN_ATTEMPT: Flaubert Giles -> tillSoil @ field_2 (Intent: low_pri_player_tillSoil_field_2)
NPC_ASSIGN_ATTEMPT: Flaubert Giles -> tillSoil @ field_2 (Intent: low_pri_player_tillSoil_field_2)
NPC_ASSIGN_ATTEMPT: Flaubert Giles -> cleanRoom @ entryway (Intent: low_pri_butler_cleanRoom_entryway)
NPC_ASSIGN_ATTEMPT: Flaubert Giles -> tillSoil @ field_2 (Intent: low_pri_player_tillSoil_field_2)
NPC_ASSIGN_ATTEMPT: Flaubert Giles -> tillSoil @ field_2 (Intent: low_pri_player_tillSoil_field_2)
NPC_ASSIGN_ATTEMPT: Flaubert Giles -> tillSoil @ field_2 (Intent: low_pri_player_tillSoil_field_2)
NPC_ASSIGN_ATTEMPT: Flaubert Giles -> tillSoil @ field_2 (Intent: low_pri_player_tillSoil_field_2)
NPC_ASSIGN_ATTEMPT: Flaubert Giles -> tillSoil @ field_2 (Intent: low_pri_player_tillSoil_field_2)
NPC_ASSIGN_ATTEMPT: Flaubert Giles -> tillSoil @ field_2 (Intent: low_pri_player_tillSoil_field_2)
NPC_ASSIGN_ATTEMPT: Flaubert Giles -> tillSoil @ field_2 (Intent: low_pri_player_tillSoil_field_2)
NPC_ASSIGN_ATTEMPT: Flaubert Giles -> tillSoil @ field_2 (Intent: low_pri_player_tillSoil_field_2)
NPC_ASSIGN_ATTEMPT: Flaubert Giles -> tillSoil @ field_2 (Intent: low_pri_player_tillSoil_field_2)
NPC_ASSIGN_ATTEMPT: Flaubert Giles -> tillSoil @ field_2 (Intent: low_pri_player_tillSoil_field_2)
NPC_ASSIGN_ATTEMPT: Flaubert Giles -> tillSoil @ field_2 (Intent: low_pri_player_tillSoil_field_2)
NPC_ASSIGN_ATTEMPT: Flaubert Giles -> tillSoil @ field_2 (Intent: low_pri_player_tillSoil_field_2)
NPC_ASSIGN_ATTEMPT: Flaubert Giles -> tillSoil @ field_2 (Intent: low_pri_player_tillSoil_field_2)
NPC_ASSIGN_ATTEMPT: Flaubert Giles -> tillSoil @ field_2 (Intent: low_pri_player_tillSoil_field_2)
NPC_ASSIGN_ATTEMPT: Flaubert Giles -> tillSoil @ field_2 (Intent: low_pri_player_tillSoil_field_2)
NPC_ASSIGN_ATTEMPT: Flaubert Giles -> tillSoil @ field_2 (Intent: low_pri_player_tillSoil_field_2)
NPC_ASSIGN_ATTEMPT: Flaubert Giles -> tillSoil @ field_2 (Intent: low_pri_player_tillSoil_field_2)
NPC_ASSIGN_ATTEMPT: Flaubert Giles -> tillSoil @ field_2 (Intent: low_pri_player_tillSoil_field_2)
NPC_ASSIGN_ATTEMPT: Flaubert Giles -> tillSoil @ field_2 (Intent: low_pri_player_tillSoil_field_2)
NPC_ASSIGN_ATTEMPT: Flaubert Giles -> tillSoil @ field_2 (Intent: low_pri_player_tillSoil_field_2)
NPC_ASSIGN_ATTEMPT: Flaubert Giles -> cleanRoom @ kitchen (Intent: low_pri_butler_cleanRoom_kitchen)
NPC_ASSIGN_ATTEMPT: Flaubert Giles -> tillSoil @ field_2 (Intent: low_pri_player_tillSoil_field_2)
NPC_ASSIGN_ATTEMPT: Flaubert Giles -> tillSoil @ field_2 (Intent: low_pri_player_tillSoil_field_2)
NPC_ASSIGN_ATTEMPT: Flaubert Giles -> tillSoil @ field_2 (Intent: low_pri_player_tillSoil_field_2)
NPC_ASSIGN_ATTEMPT: Flaubert Giles -> tillSoil @ field_2 (Intent: low_pri_player_tillSoil_field_2)
NPC_ASSIGN_ATTEMPT: Flaubert Giles -> tillSoil @ field_2 (Intent: low_pri_player_tillSoil_field_2)
NPC_ASSIGN_ATTEMPT: Flaubert Giles -> tillSoil @ field_2 (Intent: low_pri_player_tillSoil_field_2)
NPC_ASSIGN_ATTEMPT: Flaubert Giles -> tillSoil @ field_2 (Intent: low_pri_player_tillSoil_field_2)
NPC_ASSIGN_ATTEMPT: Flaubert Giles -> tillSoil @ field_2 (Intent: low_pri_player_tillSoil_field_2)
NPC_ASSIGN_ATTEMPT: Flaubert Giles -> tillSoil @ field_2 (Intent: low_pri_player_tillSoil_field_2)
NPC_ASSIGN_ATTEMPT: Flaubert Giles -> tillSoil @ field_2 (Intent: low_pri_player_tillSoil_field_2)
NPC_ASSIGN_ATTEMPT: Flaubert Giles -> tillSoil @ field_2 (Intent: low_pri_player_tillSoil_field_2)
NPC_ASSIGN_ATTEMPT: Flaubert Giles -> tillSoil @ field_2 (Intent: low_pri_player_tillSoil_field_2)
NPC_ASSIGN_ATTEMPT: Flaubert Giles -> tillSoil @ field_2 (Intent: low_pri_player_tillSoil_field_2)
NPC_ASSIGN_ATTEMPT: Flaubert Giles -> tillSoil @ field_2 (Intent: low_pri_player_tillSoil_field_2)
NPC_ASSIGN_ATTEMPT: Flaubert Giles -> tillSoil @ field_2 (Intent: low_pri_player_tillSoil_field_2)
NPC_ASSIGN_ATTEMPT: Flaubert Giles -> tillSoil @ field_2 (Intent: low_pri_player_tillSoil_field_2)
NPC_ASSIGN_ATTEMPT: Flaubert Giles -> tillSoil @ field_2 (Intent: low_pri_player_tillSoil_field_2)
NPC_ASSIGN_ATTEMPT: Flaubert Giles -> tillSoil @ field_2 (Intent: low_pri_player_tillSoil_field_2)
NPC_ASSIGN_ATTEMPT: Flaubert Giles -> tillSoil @ field_2 (Intent: low_pri_player_tillSoil_field_2)
NPC_ASSIGN_ATTEMPT: Flaubert Giles -> tillSoil @ field_2 (Intent: low_pri_player_tillSoil_field_2)
NPC_ASSIGN_ATTEMPT: Flaubert Giles -> hunt @ entryway (Intent: low_pri_butler_hunt_entryway)
NPC_ASSIGN_ATTEMPT: Flaubert Giles -> tillSoil @ field_2 (Intent: low_pri_player_tillSoil_field_2)
NPC_ASSIGN_ATTEMPT: Flaubert Giles -> tillSoil @ field_2 (Intent: low_pri_player_tillSoil_field_2)
NPC_ASSIGN_ATTEMPT: Flaubert Giles -> tillSoil @ field_2 (Intent: low_pri_player_tillSoil_field_2)
NPC_ASSIGN_ATTEMPT: Flaubert Giles -> tillSoil @ field_2 (Intent: low_pri_player_tillSoil_field_2)
NPC_ASSIGN_ATTEMPT: Flaubert Giles -> tillSoil @ field_2 (Intent: low_pri_player_tillSoil_field_2)
NPC_ASSIGN_ATTEMPT: Flaubert Giles -> tillSoil @ field_2 (Intent: low_pri_player_tillSoil_field_2)
NPC_ASSIGN_ATTEMPT: Flaubert Giles -> tillSoil @ field_2 (Intent: low_pri_player_tillSoil_field_2)
NPC_ASSIGN_ATTEMPT: Flaubert Giles -> tillSoil @ field_2 (Intent: low_pri_player_tillSoil_field_2)
NPC_ASSIGN_ATTEMPT: Flaubert Giles -> tillSoil @ field_2 (Intent: low_pri_player_tillSoil_field_2)
NPC_ASSIGN_ATTEMPT: Flaubert Giles -> tillSoil @ field_2 (Intent: low_pri_player_tillSoil_field_2)
NPC_ASSIGN_ATTEMPT: Flaubert Giles -> tillSoil @ field_2 (Intent: low_pri_player_tillSoil_field_2)
NPC_ASSIGN_ATTEMPT: Flaubert Giles -> tillSoil @ field_2 (Intent: low_pri_player_tillSoil_field_2)
NPC_ASSIGN_ATTEMPT: Flaubert Giles -> tillSoil @ field_2 (Intent: low_pri_player_tillSoil_field_2)
NPC_ASSIGN_ATTEMPT: Flaubert Giles -> tillSoil @ field_2 (Intent: low_pri_player_tillSoil_field_2)
NPC_ASSIGN_ATTEMPT: Flaubert Giles -> tillSoil @ field_2 (Intent: low_pri_player_tillSoil_field_2)
NPC_ASSIGN_ATTEMPT: Flaubert Giles -> tillSoil @ field_2 (Intent: low_pri_player_tillSoil_field_2)
NPC_ASSIGN_ATTEMPT: Flaubert Giles -> tillSoil @ field_2 (Intent: low_pri_player_tillSoil_field_2)
NPC_ASSIGN_ATTEMPT: Flaubert Giles -> tillSoil @ field_2 (Intent: low_pri_player_tillSoil_field_2)
NPC_ASSIGN_ATTEMPT: Flaubert Giles -> tillSoil @ field_2 (Intent: low_pri_player_tillSoil_field_2)
NPC_ASSIGN_ATTEMPT: Flaubert Giles -> tillSoil @ field_2 (Intent: low_pri_player_tillSoil_field_2)
NPC_ASSIGN_ATTEMPT: Flaubert Giles -> tillSoil @ field_2 (Intent: low_pri_player_tillSoil_field_2)
NPC_ASSIGN_ATTEMPT: Flaubert Giles -> tillSoil @ field_2 (Intent: low_pri_player_tillSoil_field_2)
NPC_ASSIGN_ATTEMPT: Flaubert Giles -> tillSoil @ field_2 (Intent: low_pri_player_tillSoil_field_2)
NPC_ASSIGN_ATTEMPT: Flaubert Giles -> tillSoil @ field_2 (Intent: low_pri_player_tillSoil_field_2)
NPC_ASSIGN_ATTEMPT: Flaubert Giles -> tillSoil @ field_2 (Intent: low_pri_player_tillSoil_field_2)
NPC_ASSIGN_ATTEMPT: Flaubert Giles -> tillSoil @ field_2 (Intent: low_pri_player_tillSoil_field_2)
NPC_ASSIGN_ATTEMPT: Flaubert Giles -> tillSoil @ field_2 (Intent: low_pri_player_tillSoil_field_2)
NPC_ASSIGN_ATTEMPT: Flaubert Giles -> tillSoil @ field_2 (Intent: low_pri_player_tillSoil_field_2)
NPC_ASSIGN_ATTEMPT: Flaubert Giles -> tillSoil @ field_2 (Intent: low_pri_player_tillSoil_field_2)
NPC_ASSIGN_ATTEMPT: Flaubert Giles -> tillSoil @ field_2 (Intent: low_pri_player_tillSoil_field_2)
NPC_ASSIGN_ATTEMPT: Flaubert Giles -> tillSoil @ field_2 (Intent: low_pri_player_tillSoil_field_2)
NPC_ASSIGN_ATTEMPT: Flaubert Giles -> tillSoil @ field_2 (Intent: low_pri_player_tillSoil_field_2)
NPC_ASSIGN_ATTEMPT: Flaubert Giles -> tillSoil @ field_2 (Intent: low_pri_player_tillSoil_field_2)
NPC_ASSIGN_ATTEMPT: Flaubert Giles -> tillSoil @ field_2 (Intent: low_pri_player_tillSoil_field_2)
NPC_ASSIGN_ATTEMPT: Flaubert Giles -> tillSoil @ field_2 (Intent: low_pri_player_tillSoil_field_2)
NPC_ASSIGN_ATTEMPT: Flaubert Giles -> tillSoil @ field_2 (Intent: low_pri_player_tillSoil_field_2)
NPC_ASSIGN_ATTEMPT: Flaubert Giles -> tillSoil @ field_2 (Intent: low_pri_player_tillSoil_field_2)
NPC_ASSIGN_ATTEMPT: Flaubert Giles -> tillSoil @ field_2 (Intent: low_pri_player_tillSoil_field_2)
NPC_ASSIGN_ATTEMPT: Flaubert Giles -> tillSoil @ field_2 (Intent: low_pri_player_tillSoil_field_2)
NPC_ASSIGN_ATTEMPT: Flaubert Giles -> tillSoil @ field_2 (Intent: low_pri_player_tillSoil_field_2)
NPC_ASSIGN_ATTEMPT: Flaubert Giles -> tillSoil @ field_2 (Intent: low_pri_player_tillSoil_field_2)
NPC_ASSIGN_ATTEMPT: Flaubert Giles -> tillSoil @ field_2 (Intent: low_pri_player_tillSoil_field_2)
NPC_ASSIGN_ATTEMPT: Flaubert Giles -> tillSoil @ field_2 (Intent: low_pri_player_tillSoil_field_2)
NPC_ASSIGN_ATTEMPT: Flaubert Giles -> tillSoil @ field_2 (Intent: low_pri_player_tillSoil_field_2)
NPC_ASSIGN_ATTEMPT: Flaubert Giles -> tillSoil @ field_2 (Intent: low_pri_player_tillSoil_field_2)
NPC_ASSIGN_ATTEMPT: Flaubert Giles -> tillSoil @ field_2 (Intent: low_pri_player_tillSoil_field_2)
NPC_ASSIGN_ATTEMPT: Flaubert Giles -> tillSoil @ field_2 (Intent: low_pri_player_tillSoil_field_2)
NPC_ASSIGN_ATTEMPT: Flaubert Giles -> tillSoil @ field_2 (Intent: low_pri_player_tillSoil_field_2)
NPC_ASSIGN_ATTEMPT: Partner -> idle @ bathroom_down (Intent: sched_idle_w_partner)
NPC_ASSIGN_ATTEMPT: Flaubert Giles -> tillSoil @ field_2 (Intent: low_pri_player_tillSoil_field_2)
NPC_ASSIGN_ATTEMPT: Flaubert Giles -> tillSoil @ field_2 (Intent: low_pri_player_tillSoil_field_2)
NPC_ASSIGN_ATTEMPT: Flaubert Giles -> tillSoil @ field_2 (Intent: low_pri_player_tillSoil_field_2)
NPC_ASSIGN_ATTEMPT: Flaubert Giles -> tillSoil @ field_2 (Intent: low_pri_player_tillSoil_field_2)
NPC_ASSIGN_ATTEMPT: Flaubert Giles -> tillSoil @ field_2 (Intent: low_pri_player_tillSoil_field_2)
NPC_ASSIGN_ATTEMPT: Flaubert Giles -> tillSoil @ field_2 (Intent: low_pri_player_tillSoil_field_2)
NPC_ASSIGN_ATTEMPT: Flaubert Giles -> tillSoil @ field_2 (Intent: low_pri_player_tillSoil_field_2)
NPC_ASSIGN_ATTEMPT: Flaubert Giles -> tillSoil @ field_2 (Intent: low_pri_player_tillSoil_field_2)
NPC_ASSIGN_ATTEMPT: Flaubert Giles -> tillSoil @ field_2 (Intent: low_pri_player_tillSoil_field_2)
NPC_ASSIGN_ATTEMPT: Flaubert Giles -> tillSoil @ field_2 (Intent: low_pri_player_tillSoil_field_2)
NPC_ASSIGN_ATTEMPT: Flaubert Giles -> tillSoil @ field_2 (Intent: low_pri_player_tillSoil_field_2)
NPC_ASSIGN_ATTEMPT: Flaubert Giles -> tillSoil @ field_2 (Intent: low_pri_player_tillSoil_field_2)
NPC_ASSIGN_ATTEMPT: Flaubert Giles -> tillSoil @ field_2 (Intent: low_pri_player_tillSoil_field_2)
NPC_ASSIGN_ATTEMPT: Flaubert Giles -> tillSoil @ field_2 (Intent: low_pri_player_tillSoil_field_2)
NPC_ASSIGN_ATTEMPT: Flaubert Giles -> tillSoil @ field_2 (Intent: low_pri_player_tillSoil_field_2)
NPC_ASSIGN_ATTEMPT: Flaubert Giles -> tillSoil @ field_2 (Intent: low_pri_player_tillSoil_field_2)
NPC_ASSIGN_ATTEMPT: Flaubert Giles -> tillSoil @ field_2 (Intent: low_pri_player_tillSoil_field_2)
NPC_ASSIGN_ATTEMPT: Flaubert Giles -> tillSoil @ field_2 (Intent: low_pri_player_tillSoil_field_2)
NPC_ASSIGN_ATTEMPT: Flaubert Giles -> tillSoil @ field_2 (Intent: low_pri_player_tillSoil_field_2)
NPC_ASSIGN_ATTEMPT: Flaubert Giles -> tillSoil @ field_2 (Intent: low_pri_player_tillSoil_field_2)
NPC_ASSIGN_ATTEMPT: Flaubert Giles -> tillSoil @ field_2 (Intent: low_pri_player_tillSoil_field_2)
NPC_ASSIGN_ATTEMPT: Flaubert Giles -> tillSoil @ field_2 (Intent: low_pri_player_tillSoil_field_2)
NPC_ASSIGN_ATTEMPT: Flaubert Giles -> tillSoil @ field_2 (Intent: low_pri_player_tillSoil_field_2)
NPC_ASSIGN_ATTEMPT: Flaubert Giles -> tillSoil @ field_2 (Intent: low_pri_player_tillSoil_field_2)
NPC_ASSIGN_ATTEMPT: Flaubert Giles -> tillSoil @ field_2 (Intent: low_pri_player_tillSoil_field_2)
NPC_ASSIGN_ATTEMPT: Flaubert Giles -> tillSoil @ field_2 (Intent: low_pri_player_tillSoil_field_2)
NPC_ASSIGN_ATTEMPT: Flaubert Giles -> tillSoil @ field_2 (Intent: low_pri_player_tillSoil_field_2)
NPC_ASSIGN_ATTEMPT: Flaubert Giles -> tillSoil @ field_2 (Intent: low_pri_player_tillSoil_field_2)
NPC_ASSIGN_ATTEMPT: Flaubert Giles -> tillSoil @ field_2 (Intent: low_pri_player_tillSoil_field_2)
NPC_ASSIGN_ATTEMPT: Flaubert Giles -> tillSoil @ field_2 (Intent: low_pri_player_tillSoil_field_2)
NPC_ASSIGN_ATTEMPT: Flaubert Giles -> tillSoil @ field_2 (Intent: low_pri_player_tillSoil_field_2)
NPC_ASSIGN_ATTEMPT: Flaubert Giles -> tillSoil @ field_2 (Intent: low_pri_player_tillSoil_field_2)
NPC_ASSIGN_ATTEMPT: Flaubert Giles -> tillSoil @ field_2 (Intent: low_pri_player_tillSoil_field_2)
NPC_ASSIGN_ATTEMPT: Flaubert Giles -> tillSoil @ field_2 (Intent: low_pri_player_tillSoil_field_2)
NPC_ASSIGN_ATTEMPT: Flaubert Giles -> tillSoil @ field_2 (Intent: low_pri_player_tillSoil_field_2)
NPC_ASSIGN_ATTEMPT: Flaubert Giles -> tillSoil @ field_2 (Intent: low_pri_player_tillSoil_field_2)
NPC_ASSIGN_ATTEMPT: Flaubert Giles -> tillSoil @ field_2 (Intent: low_pri_player_tillSoil_field_2)
NPC_ASSIGN_ATTEMPT: Flaubert Giles -> tillSoil @ field_2 (Intent: low_pri_player_tillSoil_field_2)
NPC_ASSIGN_ATTEMPT: Flaubert Giles -> tillSoil @ field_2 (Intent: low_pri_player_tillSoil_field_2)
NPC_ASSIGN_ATTEMPT: Flaubert Giles -> tillSoil @ field_2 (Intent: low_pri_player_tillSoil_field_2)
NPC_ASSIGN_ATTEMPT: Flaubert Giles -> tillSoil @ field_2 (Intent: low_pri_player_tillSoil_field_2)
NPC_ASSIGN_ATTEMPT: Flaubert Giles -> tillSoil @ field_2 (Intent: low_pri_player_tillSoil_field_2)
NPC_ASSIGN_ATTEMPT: Flaubert Giles -> tillSoil @ field_2 (Intent: low_pri_player_tillSoil_field_2)
NPC_ASSIGN_ATTEMPT: Flaubert Giles -> tillSoil @ field_2 (Intent: low_pri_player_tillSoil_field_2)
NPC_ASSIGN_ATTEMPT: Flaubert Giles -> cleanRoom @ entryway (Intent: low_pri_butler_cleanRoom_entryway)
NPC_ASSIGN_ATTEMPT: Flaubert Giles -> tillSoil @ field_2 (Intent: low_pri_player_tillSoil_field_2)
NPC_ASSIGN_ATTEMPT: Flaubert Giles -> tillSoil @ field_2 (Intent: low_pri_player_tillSoil_field_2)
NPC_ASSIGN_ATTEMPT: Flaubert Giles -> tillSoil @ field_2 (Intent: low_pri_player_tillSoil_field_2)
NPC_ASSIGN_ATTEMPT: Flaubert Giles -> tillSoil @ field_2 (Intent: low_pri_player_tillSoil_field_2)
NPC_ASSIGN_ATTEMPT: Flaubert Giles -> tillSoil @ field_2 (Intent: low_pri_player_tillSoil_field_2)
NPC_ASSIGN_ATTEMPT: Flaubert Giles -> tillSoil @ field_2 (Intent: low_pri_player_tillSoil_field_2)
NPC_ASSIGN_ATTEMPT: Flaubert Giles -> tillSoil @ field_2 (Intent: low_pri_player_tillSoil_field_2)
NPC_ASSIGN_ATTEMPT: Flaubert Giles -> tillSoil @ field_2 (Intent: low_pri_player_tillSoil_field_2)
NPC_ASSIGN_ATTEMPT: Flaubert Giles -> tillSoil @ field_2 (Intent: low_pri_player_tillSoil_field_2)
NPC_ASSIGN_ATTEMPT: Flaubert Giles -> tillSoil @ field_2 (Intent: low_pri_player_tillSoil_field_2)
NPC_ASSIGN_ATTEMPT: Flaubert Giles -> tillSoil @ field_2 (Intent: low_pri_player_tillSoil_field_2)
NPC_ASSIGN_ATTEMPT: Flaubert Giles -> tillSoil @ field_2 (Intent: low_pri_player_tillSoil_field_2)
NPC_ASSIGN_ATTEMPT: Flaubert Giles -> tillSoil @ field_2 (Intent: low_pri_player_tillSoil_field_2)
NPC_ASSIGN_ATTEMPT: Flaubert Giles -> tillSoil @ field_2 (Intent: low_pri_player_tillSoil_field_2)
NPC_ASSIGN_ATTEMPT: Flaubert Giles -> tillSoil @ field_2 (Intent: low_pri_player_tillSoil_field_2)
NPC_ASSIGN_ATTEMPT: Flaubert Giles -> tillSoil @ field_2 (Intent: low_pri_player_tillSoil_field_2)
NPC_ASSIGN_ATTEMPT: Flaubert Giles -> tillSoil @ field_2 (Intent: low_pri_player_tillSoil_field_2)
NPC_ASSIGN_ATTEMPT: Flaubert Giles -> tillSoil @ field_2 (Intent: low_pri_player_tillSoil_field_2)
NPC_ASSIGN_ATTEMPT: Flaubert Giles -> tillSoil @ field_2 (Intent: low_pri_player_tillSoil_field_2)
NPC_ASSIGN_ATTEMPT: Flaubert Giles -> tillSoil @ field_2 (Intent: low_pri_player_tillSoil_field_2)
NPC_ASSIGN_ATTEMPT: Flaubert Giles -> hauling @ study (Intent: haul_discovery_1781825884550)
NPC_ASSIGN_ATTEMPT: Flaubert Giles -> tillSoil @ field_2 (Intent: low_pri_player_tillSoil_field_2)
NPC_ASSIGN_ATTEMPT: Flaubert Giles -> tillSoil @ field_2 (Intent: low_pri_player_tillSoil_field_2)
NPC_ASSIGN_ATTEMPT: Flaubert Giles -> tillSoil @ field_2 (Intent: low_pri_player_tillSoil_field_2)
NPC_ASSIGN_ATTEMPT: Flaubert Giles -> tillSoil @ field_2 (Intent: low_pri_player_tillSoil_field_2)
NPC_ASSIGN_ATTEMPT: Flaubert Giles -> tillSoil @ field_2 (Intent: low_pri_player_tillSoil_field_2)
NPC_ASSIGN_ATTEMPT: Flaubert Giles -> tillSoil @ field_2 (Intent: low_pri_player_tillSoil_field_2)
NPC_ASSIGN_ATTEMPT: Flaubert Giles -> tillSoil @ field_2 (Intent: low_pri_player_tillSoil_field_2)
NPC_ASSIGN_ATTEMPT: Flaubert Giles -> tillSoil @ field_2 (Intent: low_pri_player_tillSoil_field_2)
NPC_ASSIGN_ATTEMPT: Flaubert Giles -> tillSoil @ field_2 (Intent: low_pri_player_tillSoil_field_2)
NPC_ASSIGN_ATTEMPT: Flaubert Giles -> tillSoil @ field_2 (Intent: low_pri_player_tillSoil_field_2)
NPC_ASSIGN_ATTEMPT: Flaubert Giles -> tillSoil @ field_2 (Intent: low_pri_player_tillSoil_field_2)
NPC_ASSIGN_ATTEMPT: Flaubert Giles -> tillSoil @ field_2 (Intent: low_pri_player_tillSoil_field_2)
NPC_ASSIGN_ATTEMPT: Flaubert Giles -> tillSoil @ field_2 (Intent: low_pri_player_tillSoil_field_2)
NPC_ASSIGN_ATTEMPT: Flaubert Giles -> tillSoil @ field_2 (Intent: low_pri_player_tillSoil_field_2)
NPC_ASSIGN_ATTEMPT: Flaubert Giles -> tillSoil @ field_2 (Intent: low_pri_player_tillSoil_field_2)
NPC_ASSIGN_ATTEMPT: Flaubert Giles -> tillSoil @ field_2 (Intent: low_pri_player_tillSoil_field_2)
NPC_ASSIGN_ATTEMPT: Flaubert Giles -> tillSoil @ field_2 (Intent: low_pri_player_tillSoil_field_2)
NPC_ASSIGN_ATTEMPT: Flaubert Giles -> tillSoil @ field_2 (Intent: low_pri_player_tillSoil_field_2)
NPC_ASSIGN_ATTEMPT: Flaubert Giles -> tillSoil @ field_2 (Intent: low_pri_player_tillSoil_field_2)
NPC_ASSIGN_ATTEMPT: Flaubert Giles -> tillSoil @ field_2 (Intent: low_pri_player_tillSoil_field_2)
NPC_ASSIGN_ATTEMPT: Flaubert Giles -> tillSoil @ field_2 (Intent: low_pri_player_tillSoil_field_2)
NPC_ASSIGN_ATTEMPT: Flaubert Giles -> tillSoil @ field_2 (Intent: low_pri_player_tillSoil_field_2)
NPC_ASSIGN_ATTEMPT: Flaubert Giles -> tillSoil @ field_2 (Intent: low_pri_player_tillSoil_field_2)
NPC_ASSIGN_ATTEMPT: Flaubert Giles -> tillSoil @ field_2 (Intent: low_pri_player_tillSoil_field_2)
NPC_ASSIGN_ATTEMPT: Flaubert Giles -> tillSoil @ field_2 (Intent: low_pri_player_tillSoil_field_2)
NPC_ASSIGN_ATTEMPT: Flaubert Giles -> tillSoil @ field_2 (Intent: low_pri_player_tillSoil_field_2)
NPC_ASSIGN_ATTEMPT: Flaubert Giles -> tillSoil @ field_2 (Intent: low_pri_player_tillSoil_field_2)
NPC_ASSIGN_ATTEMPT: Flaubert Giles -> tillSoil @ field_2 (Intent: low_pri_player_tillSoil_field_2)
NPC_ASSIGN_ATTEMPT: Flaubert Giles -> tillSoil @ field_2 (Intent: low_pri_player_tillSoil_field_2)
NPC_ASSIGN_ATTEMPT: Flaubert Giles -> tillSoil @ field_2 (Intent: low_pri_player_tillSoil_field_2)
NPC_ASSIGN_ATTEMPT: Flaubert Giles -> cleanRoom @ master_bedroom (Intent: low_pri_butler_cleanRoom_master_bedroom)
NPC_ASSIGN_ATTEMPT: Flaubert Giles -> tillSoil @ field_2 (Intent: low_pri_player_tillSoil_field_2)
NPC_ASSIGN_ATTEMPT: Flaubert Giles -> tillSoil @ field_2 (Intent: low_pri_player_tillSoil_field_2)
NPC_ASSIGN_ATTEMPT: Flaubert Giles -> tillSoil @ field_2 (Intent: low_pri_player_tillSoil_field_2)
NPC_ASSIGN_ATTEMPT: Flaubert Giles -> tillSoil @ field_2 (Intent: low_pri_player_tillSoil_field_2)
NPC_ASSIGN_ATTEMPT: Dr. Frankenstein -> idle @ lot_garden (Intent: sched_idle_w_visitor_0771ec89-6508-4e28-8f22-e613034bea16)
NPC_ASSIGN_ATTEMPT: Flaubert Giles -> tillSoil @ field_2 (Intent: low_pri_player_tillSoil_field_2)
NPC_ASSIGN_ATTEMPT: Dr. Frankenstein -> idle @ bathroom_down (Intent: sched_idle_w_visitor_0771ec89-6508-4e28-8f22-e613034bea16)
NPC_ASSIGN_ATTEMPT: Flaubert Giles -> tillSoil @ field_2 (Intent: low_pri_player_tillSoil_field_2)
NPC_ASSIGN_ATTEMPT: Dr. Frankenstein -> idle @ master_bedroom (Intent: sched_idle_w_visitor_0771ec89-6508-4e28-8f22-e613034bea16)
NPC_ASSIGN_ATTEMPT: Flaubert Giles -> tillSoil @ field_2 (Intent: low_pri_player_tillSoil_field_2)
NPC_ASSIGN_ATTEMPT: Dr. Frankenstein -> idle @ lot_building_1 (Intent: sched_idle_w_visitor_0771ec89-6508-4e28-8f22-e613034bea16)
NPC_ASSIGN_ATTEMPT: Flaubert Giles -> tillSoil @ field_2 (Intent: low_pri_player_tillSoil_field_2)
NPC_ASSIGN_ATTEMPT: Dr. Frankenstein -> idle @ kitchen (Intent: sched_idle_w_visitor_0771ec89-6508-4e28-8f22-e613034bea16)
NPC_ASSIGN_ATTEMPT: Flaubert Giles -> tillSoil @ field_2 (Intent: low_pri_player_tillSoil_field_2)
NPC_ASSIGN_ATTEMPT: Dr. Frankenstein -> idle @ lot_garden (Intent: sched_idle_w_visitor_0771ec89-6508-4e28-8f22-e613034bea16)
NPC_ASSIGN_ATTEMPT: Flaubert Giles -> tillSoil @ field_2 (Intent: low_pri_player_tillSoil_field_2)
NPC_ASSIGN_ATTEMPT: Dr. Frankenstein -> idle @ lot_building_1 (Intent: sched_idle_w_visitor_0771ec89-6508-4e28-8f22-e613034bea16)
NPC_ASSIGN_ATTEMPT: Flaubert Giles -> tillSoil @ field_2 (Intent: low_pri_player_tillSoil_field_2)
NPC_ASSIGN_ATTEMPT: Dr. Frankenstein -> idle @ lot_building_1 (Intent: sched_idle_w_visitor_0771ec89-6508-4e28-8f22-e613034bea16)
NPC_ASSIGN_ATTEMPT: Flaubert Giles -> tillSoil @ field_2 (Intent: low_pri_player_tillSoil_field_2)
NPC_ASSIGN_ATTEMPT: Dr. Frankenstein -> idle @ entryway (Intent: sched_idle_w_visitor_0771ec89-6508-4e28-8f22-e613034bea16)
NPC_ASSIGN_ATTEMPT: Flaubert Giles -> tillSoil @ field_2 (Intent: low_pri_player_tillSoil_field_2)
NPC_ASSIGN_ATTEMPT: Dr. Frankenstein -> idle @ lot_garden (Intent: sched_idle_w_visitor_0771ec89-6508-4e28-8f22-e613034bea16)
NPC_ASSIGN_ATTEMPT: Flaubert Giles -> tillSoil @ field_2 (Intent: low_pri_player_tillSoil_field_2)
NPC_ASSIGN_ATTEMPT: Dr. Frankenstein -> idle @ toolshed (Intent: sched_idle_w_visitor_0771ec89-6508-4e28-8f22-e613034bea16)
NPC_ASSIGN_ATTEMPT: Flaubert Giles -> tillSoil @ field_2 (Intent: low_pri_player_tillSoil_field_2)
NPC_ASSIGN_ATTEMPT: Dr. Frankenstein -> idle @ field_3 (Intent: sched_idle_w_visitor_0771ec89-6508-4e28-8f22-e613034bea16)
NPC_ASSIGN_ATTEMPT: Flaubert Giles -> tillSoil @ field_2 (Intent: low_pri_player_tillSoil_field_2)
NPC_ASSIGN_ATTEMPT: Dr. Frankenstein -> idle @ lot_building_1 (Intent: sched_idle_w_visitor_0771ec89-6508-4e28-8f22-e613034bea16)
NPC_ASSIGN_ATTEMPT: Flaubert Giles -> tillSoil @ field_2 (Intent: low_pri_player_tillSoil_field_2)
NPC_ASSIGN_ATTEMPT: Dr. Frankenstein -> idle @ butler_quarters (Intent: sched_idle_w_visitor_0771ec89-6508-4e28-8f22-e613034bea16)
NPC_ASSIGN_ATTEMPT: Flaubert Giles -> tillSoil @ field_2 (Intent: low_pri_player_tillSoil_field_2)
NPC_ASSIGN_ATTEMPT: Dr. Frankenstein -> idle @ field_2 (Intent: sched_idle_w_visitor_0771ec89-6508-4e28-8f22-e613034bea16)
NPC_ASSIGN_ATTEMPT: Flaubert Giles -> tillSoil @ field_2 (Intent: low_pri_player_tillSoil_field_2)
NPC_ASSIGN_ATTEMPT: Dr. Frankenstein -> idle @ entryway (Intent: sched_idle_w_visitor_0771ec89-6508-4e28-8f22-e613034bea16)
NPC_ASSIGN_ATTEMPT: Flaubert Giles -> tillSoil @ field_2 (Intent: low_pri_player_tillSoil_field_2)
NPC_ASSIGN_ATTEMPT: Dr. Frankenstein -> idle @ bathroom_up (Intent: sched_idle_w_visitor_0771ec89-6508-4e28-8f22-e613034bea16)
NPC_ASSIGN_ATTEMPT: Flaubert Giles -> tillSoil @ field_2 (Intent: low_pri_player_tillSoil_field_2)
NPC_ASSIGN_ATTEMPT: Dr. Frankenstein -> idle @ master_bedroom (Intent: sched_idle_w_visitor_0771ec89-6508-4e28-8f22-e613034bea16)
NPC_ASSIGN_ATTEMPT: Flaubert Giles -> tillSoil @ field_2 (Intent: low_pri_player_tillSoil_field_2)
NPC_ASSIGN_ATTEMPT: Dr. Frankenstein -> idle @ bathroom_up (Intent: sched_idle_w_visitor_0771ec89-6508-4e28-8f22-e613034bea16)
NPC_ASSIGN_ATTEMPT: Flaubert Giles -> tillSoil @ field_2 (Intent: low_pri_player_tillSoil_field_2)
NPC_ASSIGN_ATTEMPT: Dr. Frankenstein -> idle @ bedroom_3 (Intent: sched_idle_w_visitor_0771ec89-6508-4e28-8f22-e613034bea16)
NPC_ASSIGN_ATTEMPT: Flaubert Giles -> tillSoil @ field_2 (Intent: low_pri_player_tillSoil_field_2)
NPC_ASSIGN_ATTEMPT: Dr. Frankenstein -> idle @ bathroom_up (Intent: sched_idle_w_visitor_0771ec89-6508-4e28-8f22-e613034bea16)
NPC_ASSIGN_ATTEMPT: Flaubert Giles -> tillSoil @ field_2 (Intent: low_pri_player_tillSoil_field_2)
NPC_ASSIGN_ATTEMPT: Dr. Frankenstein -> idle @ field_4 (Intent: sched_idle_w_visitor_0771ec89-6508-4e28-8f22-e613034bea16)
NPC_ASSIGN_ATTEMPT: Flaubert Giles -> tillSoil @ field_2 (Intent: low_pri_player_tillSoil_field_2)
NPC_ASSIGN_ATTEMPT: Flaubert Giles -> hunt @ entryway (Intent: low_pri_butler_hunt_entryway)
NPC_ASSIGN_ATTEMPT: Dr. Frankenstein -> idle @ butler_quarters (Intent: sched_idle_w_visitor_0771ec89-6508-4e28-8f22-e613034bea16)
NPC_ASSIGN_ATTEMPT: Flaubert Giles -> tillSoil @ field_2 (Intent: low_pri_player_tillSoil_field_2)
NPC_ASSIGN_ATTEMPT: Dr. Frankenstein -> idle @ bathroom_up (Intent: sched_idle_w_visitor_0771ec89-6508-4e28-8f22-e613034bea16)
NPC_ASSIGN_ATTEMPT: Flaubert Giles -> tillSoil @ field_2 (Intent: low_pri_player_tillSoil_field_2)
NPC_ASSIGN_ATTEMPT: Dr. Frankenstein -> idle @ kitchen (Intent: sched_idle_w_visitor_0771ec89-6508-4e28-8f22-e613034bea16)
NPC_ASSIGN_ATTEMPT: Flaubert Giles -> tillSoil @ field_2 (Intent: low_pri_player_tillSoil_field_2)
NPC_ASSIGN_ATTEMPT: Dr. Frankenstein -> idle @ study (Intent: sched_idle_w_visitor_0771ec89-6508-4e28-8f22-e613034bea16)
NPC_ASSIGN_ATTEMPT: Flaubert Giles -> tillSoil @ field_2 (Intent: low_pri_player_tillSoil_field_2)
NPC_ASSIGN_ATTEMPT: Dr. Frankenstein -> idle @ vegetable_garden (Intent: sched_idle_w_visitor_0771ec89-6508-4e28-8f22-e613034bea16)
NPC_ASSIGN_ATTEMPT: Flaubert Giles -> tillSoil @ field_2 (Intent: low_pri_player_tillSoil_field_2)
NPC_ASSIGN_ATTEMPT: Dr. Frankenstein -> idle @ bedroom_3 (Intent: sched_idle_w_visitor_0771ec89-6508-4e28-8f22-e613034bea16)
NPC_ASSIGN_ATTEMPT: Flaubert Giles -> tillSoil @ field_2 (Intent: low_pri_player_tillSoil_field_2)
NPC_ASSIGN_ATTEMPT: Dr. Frankenstein -> idle @ bathroom_up (Intent: sched_idle_w_visitor_0771ec89-6508-4e28-8f22-e613034bea16)
NPC_ASSIGN_ATTEMPT: Flaubert Giles -> tillSoil @ field_2 (Intent: low_pri_player_tillSoil_field_2)
NPC_ASSIGN_ATTEMPT: Partner -> idle @ entryway (Intent: sched_idle_w_partner)
NPC_ASSIGN_SKIP_ROOM: partner already in queue for idle with intent sched_idle_w_partner
NPC_ASSIGN_ATTEMPT: Dr. Frankenstein -> idle @ toolshed (Intent: sched_idle_w_visitor_0771ec89-6508-4e28-8f22-e613034bea16)
NPC_ASSIGN_ATTEMPT: Flaubert Giles -> tillSoil @ field_2 (Intent: low_pri_player_tillSoil_field_2)
NPC_ASSIGN_ATTEMPT: Dr. Frankenstein -> idle @ lot_building_1 (Intent: sched_idle_w_visitor_0771ec89-6508-4e28-8f22-e613034bea16)
NPC_ASSIGN_ATTEMPT: Flaubert Giles -> tillSoil @ field_2 (Intent: low_pri_player_tillSoil_field_2)
NPC_ASSIGN_ATTEMPT: Dr. Frankenstein -> idle @ vegetable_garden (Intent: sched_idle_w_visitor_0771ec89-6508-4e28-8f22-e613034bea16)
NPC_ASSIGN_ATTEMPT: Flaubert Giles -> tillSoil @ field_2 (Intent: low_pri_player_tillSoil_field_2)
NPC_ASSIGN_ATTEMPT: Dr. Frankenstein -> idle @ lot_building_1 (Intent: sched_idle_w_visitor_0771ec89-6508-4e28-8f22-e613034bea16)
NPC_ASSIGN_ATTEMPT: Flaubert Giles -> tillSoil @ field_2 (Intent: low_pri_player_tillSoil_field_2)
NPC_ASSIGN_ATTEMPT: Dr. Frankenstein -> idle @ kitchen (Intent: sched_idle_w_visitor_0771ec89-6508-4e28-8f22-e613034bea16)
NPC_ASSIGN_ATTEMPT: Flaubert Giles -> tillSoil @ field_2 (Intent: low_pri_player_tillSoil_field_2)
NPC_ASSIGN_ATTEMPT: Dr. Frankenstein -> idle @ kitchen (Intent: sched_idle_w_visitor_0771ec89-6508-4e28-8f22-e613034bea16)
NPC_ASSIGN_ATTEMPT: Flaubert Giles -> tillSoil @ field_2 (Intent: low_pri_player_tillSoil_field_2)
NPC_ASSIGN_ATTEMPT: Dr. Frankenstein -> idle @ field_2 (Intent: sched_idle_w_visitor_0771ec89-6508-4e28-8f22-e613034bea16)
NPC_ASSIGN_ATTEMPT: Flaubert Giles -> tillSoil @ field_2 (Intent: low_pri_player_tillSoil_field_2)
NPC_ASSIGN_ATTEMPT: Dr. Frankenstein -> idle @ vegetable_garden (Intent: sched_idle_w_visitor_0771ec89-6508-4e28-8f22-e613034bea16)
NPC_ASSIGN_ATTEMPT: Flaubert Giles -> tillSoil @ field_2 (Intent: low_pri_player_tillSoil_field_2)
NPC_ASSIGN_ATTEMPT: Dr. Frankenstein -> idle @ bathroom_up (Intent: sched_idle_w_visitor_0771ec89-6508-4e28-8f22-e613034bea16)
NPC_ASSIGN_ATTEMPT: Flaubert Giles -> tillSoil @ field_2 (Intent: low_pri_player_tillSoil_field_2)
NPC_ASSIGN_ATTEMPT: Dr. Frankenstein -> idle @ field_2 (Intent: sched_idle_w_visitor_0771ec89-6508-4e28-8f22-e613034bea16)
NPC_ASSIGN_ATTEMPT: Flaubert Giles -> tillSoil @ field_2 (Intent: low_pri_player_tillSoil_field_2)
NPC_ASSIGN_ATTEMPT: Dr. Frankenstein -> idle @ bedroom_3 (Intent: sched_idle_w_visitor_0771ec89-6508-4e28-8f22-e613034bea16)
NPC_ASSIGN_ATTEMPT: Flaubert Giles -> tillSoil @ field_2 (Intent: low_pri_player_tillSoil_field_2)
NPC_ASSIGN_ATTEMPT: Dr. Frankenstein -> idle @ dining_hall (Intent: sched_idle_w_visitor_0771ec89-6508-4e28-8f22-e613034bea16)
NPC_ASSIGN_ATTEMPT: Flaubert Giles -> tillSoil @ field_2 (Intent: low_pri_player_tillSoil_field_2)
NPC_ASSIGN_ATTEMPT: Dr. Frankenstein -> idle @ vegetable_garden (Intent: sched_idle_w_visitor_0771ec89-6508-4e28-8f22-e613034bea16)
NPC_ASSIGN_ATTEMPT: Flaubert Giles -> tillSoil @ field_2 (Intent: low_pri_player_tillSoil_field_2)
NPC_ASSIGN_ATTEMPT: Dr. Frankenstein -> idle @ bedroom_3 (Intent: sched_idle_w_visitor_0771ec89-6508-4e28-8f22-e613034bea16)
NPC_ASSIGN_ATTEMPT: Flaubert Giles -> tillSoil @ field_2 (Intent: low_pri_player_tillSoil_field_2)
NPC_ASSIGN_ATTEMPT: Dr. Frankenstein -> idle @ field_4 (Intent: sched_idle_w_visitor_0771ec89-6508-4e28-8f22-e613034bea16)
NPC_ASSIGN_ATTEMPT: Flaubert Giles -> tillSoil @ field_2 (Intent: low_pri_player_tillSoil_field_2)
NPC_ASSIGN_ATTEMPT: Dr. Frankenstein -> idle @ field_2 (Intent: sched_idle_w_visitor_0771ec89-6508-4e28-8f22-e613034bea16)
NPC_ASSIGN_ATTEMPT: Flaubert Giles -> tillSoil @ field_2 (Intent: low_pri_player_tillSoil_field_2)
NPC_ASSIGN_ATTEMPT: Dr. Frankenstein -> idle @ lot_garden (Intent: sched_idle_w_visitor_0771ec89-6508-4e28-8f22-e613034bea16)
NPC_ASSIGN_ATTEMPT: Flaubert Giles -> tillSoil @ field_2 (Intent: low_pri_player_tillSoil_field_2)
NPC_ASSIGN_ATTEMPT: Dr. Frankenstein -> idle @ field_2 (Intent: sched_idle_w_visitor_0771ec89-6508-4e28-8f22-e613034bea16)
NPC_ASSIGN_ATTEMPT: Flaubert Giles -> tillSoil @ field_2 (Intent: low_pri_player_tillSoil_field_2)
NPC_ASSIGN_ATTEMPT: Dr. Frankenstein -> idle @ bathroom_up (Intent: sched_idle_w_visitor_0771ec89-6508-4e28-8f22-e613034bea16)
NPC_ASSIGN_ATTEMPT: Flaubert Giles -> tillSoil @ field_2 (Intent: low_pri_player_tillSoil_field_2)
NPC_ASSIGN_ATTEMPT: Dr. Frankenstein -> idle @ study (Intent: sched_idle_w_visitor_0771ec89-6508-4e28-8f22-e613034bea16)
NPC_ASSIGN_ATTEMPT: Flaubert Giles -> tillSoil @ field_2 (Intent: low_pri_player_tillSoil_field_2)
NPC_ASSIGN_ATTEMPT: Dr. Frankenstein -> idle @ bedroom_3 (Intent: sched_idle_w_visitor_0771ec89-6508-4e28-8f22-e613034bea16)
NPC_ASSIGN_ATTEMPT: Flaubert Giles -> tillSoil @ field_2 (Intent: low_pri_player_tillSoil_field_2)
NPC_ASSIGN_ATTEMPT: Dr. Frankenstein -> idle @ lot_garden (Intent: sched_idle_w_visitor_0771ec89-6508-4e28-8f22-e613034bea16)
NPC_ASSIGN_ATTEMPT: Flaubert Giles -> tillSoil @ field_2 (Intent: low_pri_player_tillSoil_field_2)
NPC_ASSIGN_ATTEMPT: Dr. Frankenstein -> idle @ bedroom_3 (Intent: sched_idle_w_visitor_0771ec89-6508-4e28-8f22-e613034bea16)
NPC_ASSIGN_ATTEMPT: Flaubert Giles -> tillSoil @ field_2 (Intent: low_pri_player_tillSoil_field_2)
NPC_ASSIGN_ATTEMPT: Dr. Frankenstein -> idle @ master_bedroom (Intent: sched_idle_w_visitor_0771ec89-6508-4e28-8f22-e613034bea16)
NPC_ASSIGN_ATTEMPT: Flaubert Giles -> tillSoil @ field_2 (Intent: low_pri_player_tillSoil_field_2)
NPC_ASSIGN_ATTEMPT: Dr. Frankenstein -> idle @ bathroom_up (Intent: sched_idle_w_visitor_0771ec89-6508-4e28-8f22-e613034bea16)
NPC_ASSIGN_ATTEMPT: Flaubert Giles -> tillSoil @ field_2 (Intent: low_pri_player_tillSoil_field_2)
NPC_ASSIGN_ATTEMPT: Dr. Frankenstein -> idle @ dining_hall (Intent: sched_idle_w_visitor_0771ec89-6508-4e28-8f22-e613034bea16)
NPC_ASSIGN_ATTEMPT: Flaubert Giles -> tillSoil @ field_2 (Intent: low_pri_player_tillSoil_field_2)
NPC_ASSIGN_ATTEMPT: Dr. Frankenstein -> idle @ bedroom_3 (Intent: sched_idle_w_visitor_0771ec89-6508-4e28-8f22-e613034bea16)
NPC_ASSIGN_ATTEMPT: Flaubert Giles -> tillSoil @ field_2 (Intent: low_pri_player_tillSoil_field_2)
NPC_ASSIGN_ATTEMPT: Dr. Frankenstein -> idle @ master_bedroom (Intent: sched_idle_w_visitor_0771ec89-6508-4e28-8f22-e613034bea16)
NPC_ASSIGN_ATTEMPT: Flaubert Giles -> tillSoil @ field_2 (Intent: low_pri_player_tillSoil_field_2)
NPC_ASSIGN_ATTEMPT: Dr. Frankenstein -> idle @ butler_quarters (Intent: sched_idle_w_visitor_0771ec89-6508-4e28-8f22-e613034bea16)
NPC_ASSIGN_ATTEMPT: Flaubert Giles -> tillSoil @ field_2 (Intent: low_pri_player_tillSoil_field_2)
NPC_ASSIGN_ATTEMPT: Dr. Frankenstein -> idle @ vegetable_garden (Intent: sched_idle_w_visitor_0771ec89-6508-4e28-8f22-e613034bea16)
NPC_ASSIGN_ATTEMPT: Flaubert Giles -> tillSoil @ field_2 (Intent: low_pri_player_tillSoil_field_2)
NPC_ASSIGN_ATTEMPT: Dr. Frankenstein -> idle @ kitchen (Intent: sched_idle_w_visitor_0771ec89-6508-4e28-8f22-e613034bea16)
NPC_ASSIGN_ATTEMPT: Flaubert Giles -> tillSoil @ field_2 (Intent: low_pri_player_tillSoil_field_2)
NPC_ASSIGN_ATTEMPT: Dr. Frankenstein -> idle @ entryway (Intent: sched_idle_w_visitor_0771ec89-6508-4e28-8f22-e613034bea16)
NPC_ASSIGN_ATTEMPT: Flaubert Giles -> tillSoil @ field_2 (Intent: low_pri_player_tillSoil_field_2)
NPC_ASSIGN_ATTEMPT: Dr. Frankenstein -> idle @ lot_building_1 (Intent: sched_idle_w_visitor_0771ec89-6508-4e28-8f22-e613034bea16)
NPC_ASSIGN_ATTEMPT: Flaubert Giles -> tillSoil @ field_2 (Intent: low_pri_player_tillSoil_field_2)
NPC_ASSIGN_ATTEMPT: Dr. Frankenstein -> idle @ vegetable_garden (Intent: sched_idle_w_visitor_0771ec89-6508-4e28-8f22-e613034bea16)
NPC_ASSIGN_ATTEMPT: Flaubert Giles -> tillSoil @ field_2 (Intent: low_pri_player_tillSoil_field_2)
NPC_ASSIGN_ATTEMPT: Dr. Frankenstein -> idle @ lot_building_1 (Intent: sched_idle_w_visitor_0771ec89-6508-4e28-8f22-e613034bea16)
NPC_ASSIGN_ATTEMPT: Flaubert Giles -> tillSoil @ field_2 (Intent: low_pri_player_tillSoil_field_2)
NPC_ASSIGN_ATTEMPT: Dr. Frankenstein -> idle @ toolshed (Intent: sched_idle_w_visitor_0771ec89-6508-4e28-8f22-e613034bea16)
NPC_ASSIGN_ATTEMPT: Flaubert Giles -> tillSoil @ field_2 (Intent: low_pri_player_tillSoil_field_2)
NPC_ASSIGN_ATTEMPT: Dr. Frankenstein -> idle @ lot_building_1 (Intent: sched_idle_w_visitor_0771ec89-6508-4e28-8f22-e613034bea16)
NPC_ASSIGN_ATTEMPT: Flaubert Giles -> tillSoil @ field_2 (Intent: low_pri_player_tillSoil_field_2)
NPC_ASSIGN_ATTEMPT: Dr. Frankenstein -> idle @ bedroom_2 (Intent: sched_idle_w_visitor_0771ec89-6508-4e28-8f22-e613034bea16)
NPC_ASSIGN_ATTEMPT: Flaubert Giles -> tillSoil @ field_2 (Intent: low_pri_player_tillSoil_field_2)
NPC_ASSIGN_ATTEMPT: Dr. Frankenstein -> idle @ dining_hall (Intent: sched_idle_w_visitor_0771ec89-6508-4e28-8f22-e613034bea16)
NPC_ASSIGN_ATTEMPT: Flaubert Giles -> tillSoil @ field_2 (Intent: low_pri_player_tillSoil_field_2)
NPC_ASSIGN_ATTEMPT: Dr. Frankenstein -> idle @ study (Intent: sched_idle_w_visitor_0771ec89-6508-4e28-8f22-e613034bea16)
NPC_ASSIGN_ATTEMPT: Flaubert Giles -> tillSoil @ field_2 (Intent: low_pri_player_tillSoil_field_2)
NPC_ASSIGN_ATTEMPT: Dr. Frankenstein -> idle @ kitchen (Intent: sched_idle_w_visitor_0771ec89-6508-4e28-8f22-e613034bea16)
NPC_ASSIGN_ATTEMPT: Flaubert Giles -> tillSoil @ field_2 (Intent: low_pri_player_tillSoil_field_2)
NPC_ASSIGN_ATTEMPT: Dr. Frankenstein -> idle @ entryway (Intent: sched_idle_w_visitor_0771ec89-6508-4e28-8f22-e613034bea16)
NPC_ASSIGN_ATTEMPT: Flaubert Giles -> tillSoil @ field_2 (Intent: low_pri_player_tillSoil_field_2)
NPC_ASSIGN_ATTEMPT: Dr. Frankenstein -> idle @ dining_hall (Intent: sched_idle_w_visitor_0771ec89-6508-4e28-8f22-e613034bea16)
NPC_ASSIGN_ATTEMPT: Flaubert Giles -> tillSoil @ field_2 (Intent: low_pri_player_tillSoil_field_2)
NPC_ASSIGN_ATTEMPT: Dr. Frankenstein -> idle @ field_2 (Intent: sched_idle_w_visitor_0771ec89-6508-4e28-8f22-e613034bea16)
NPC_ASSIGN_ATTEMPT: Flaubert Giles -> tillSoil @ field_2 (Intent: low_pri_player_tillSoil_field_2)
NPC_ASSIGN_ATTEMPT: Dr. Frankenstein -> idle @ study (Intent: sched_idle_w_visitor_0771ec89-6508-4e28-8f22-e613034bea16)
NPC_ASSIGN_ATTEMPT: Flaubert Giles -> tillSoil @ field_2 (Intent: low_pri_player_tillSoil_field_2)
NPC_ASSIGN_ATTEMPT: Dr. Frankenstein -> idle @ lot_garden (Intent: sched_idle_w_visitor_0771ec89-6508-4e28-8f22-e613034bea16)
NPC_ASSIGN_ATTEMPT: Flaubert Giles -> tillSoil @ field_2 (Intent: low_pri_player_tillSoil_field_2)
NPC_ASSIGN_ATTEMPT: Dr. Frankenstein -> idle @ toolshed (Intent: sched_idle_w_visitor_0771ec89-6508-4e28-8f22-e613034bea16)
NPC_ASSIGN_ATTEMPT: Flaubert Giles -> tillSoil @ field_2 (Intent: low_pri_player_tillSoil_field_2)
NPC_ASSIGN_ATTEMPT: Dr. Frankenstein -> idle @ bathroom_down (Intent: sched_idle_w_visitor_0771ec89-6508-4e28-8f22-e613034bea16)
NPC_ASSIGN_ATTEMPT: Flaubert Giles -> tillSoil @ field_2 (Intent: low_pri_player_tillSoil_field_2)
NPC_ASSIGN_ATTEMPT: Dr. Frankenstein -> idle @ lot_garden (Intent: sched_idle_w_visitor_0771ec89-6508-4e28-8f22-e613034bea16)
NPC_ASSIGN_ATTEMPT: Flaubert Giles -> tillSoil @ field_2 (Intent: low_pri_player_tillSoil_field_2)
NPC_ASSIGN_ATTEMPT: Dr. Frankenstein -> idle @ dining_hall (Intent: sched_idle_w_visitor_0771ec89-6508-4e28-8f22-e613034bea16)
NPC_ASSIGN_ATTEMPT: Flaubert Giles -> tillSoil @ field_2 (Intent: low_pri_player_tillSoil_field_2)
NPC_ASSIGN_ATTEMPT: Dr. Frankenstein -> idle @ field_2 (Intent: sched_idle_w_visitor_0771ec89-6508-4e28-8f22-e613034bea16)
NPC_ASSIGN_ATTEMPT: Flaubert Giles -> tillSoil @ field_2 (Intent: low_pri_player_tillSoil_field_2)
NPC_ASSIGN_ATTEMPT: Dr. Frankenstein -> idle @ bedroom_2 (Intent: sched_idle_w_visitor_0771ec89-6508-4e28-8f22-e613034bea16)
NPC_ASSIGN_ATTEMPT: Flaubert Giles -> tillSoil @ field_2 (Intent: low_pri_player_tillSoil_field_2)
NPC_ASSIGN_ATTEMPT: Dr. Frankenstein -> idle @ master_bedroom (Intent: sched_idle_w_visitor_0771ec89-6508-4e28-8f22-e613034bea16)
NPC_ASSIGN_ATTEMPT: Flaubert Giles -> tillSoil @ field_2 (Intent: low_pri_player_tillSoil_field_2)
NPC_ASSIGN_ATTEMPT: Dr. Frankenstein -> idle @ bathroom_up (Intent: sched_idle_w_visitor_0771ec89-6508-4e28-8f22-e613034bea16)
NPC_ASSIGN_ATTEMPT: Flaubert Giles -> eat @ kitchen (Intent: sched_eat_player_67)
NPC_ASSIGN_ATTEMPT: Flaubert Giles -> eat @ kitchen (Intent: sched_eat_butler_67)
NPC_ASSIGN_ATTEMPT: Partner -> eat @ kitchen (Intent: sched_eat_partner_67)
NPC_ASSIGN_ATTEMPT: Flaubert Giles -> paint @ study (Intent: sched_leisure_player)
NPC_ASSIGN_SKIP_ROOM: player already in queue for paint with intent sched_leisure_player
NPC_ASSIGN_ATTEMPT: Flaubert Giles -> goForWalk @ garden_lot (Intent: sched_leisure_butler)
ERROR: assignNpcToTask called with non-existent room ID: garden_lot
NPC_ASSIGN_ATTEMPT: Flaubert Giles -> weights @ garden_lot (Intent: sched_leisure_butler)
ERROR: assignNpcToTask called with non-existent room ID: garden_lot
NPC_ASSIGN_ATTEMPT: Partner -> weights @ garden_lot (Intent: sched_leisure_partner)
ERROR: assignNpcToTask called with non-existent room ID: garden_lot
NPC_ASSIGN_ATTEMPT: Partner -> goForWalk @ garden_lot (Intent: sched_leisure_partner)
ERROR: assignNpcToTask called with non-existent room ID: garden_lot
NPC_ASSIGN_ATTEMPT: Flaubert Giles -> goForWalk @ garden_lot (Intent: sched_leisure_butler)
ERROR: assignNpcToTask called with non-existent room ID: garden_lot
NPC_ASSIGN_ATTEMPT: Partner -> readBook @ vegetable_garden (Intent: sched_leisure_partner)
NPC_ASSIGN_SKIP_ROOM: partner already in queue for readBook with intent sched_leisure_partner
NPC_ASSIGN_ATTEMPT: Flaubert Giles -> bathe @ bathroom_down (Intent: sched_leisure_butler)
NPC_ASSIGN_ATTEMPT: Flaubert Giles -> weights @ garden_lot (Intent: sched_leisure_butler)
ERROR: assignNpcToTask called with non-existent room ID: garden_lot
NPC_ASSIGN_ATTEMPT: Flaubert Giles -> useToilet @ bathroom_down (Intent: high_priority_toilet_butler)
NPC_ASSIGN_ATTEMPT: Partner -> paint @ study (Intent: sched_leisure_partner)
NPC_ASSIGN_SKIP_ROOM: partner already in queue for paint with intent sched_leisure_partner
NPC_ASSIGN_ATTEMPT: Flaubert Giles -> useToilet @ bathroom_up (Intent: high_priority_toilet_player)
NPC_ASSIGN_ATTEMPT: Partner -> useToilet @ bathroom_down (Intent: high_priority_toilet_partner)
NPC_ASSIGN_ATTEMPT: Flaubert Giles -> washHands @ bathroom_down (Intent: wash_hands_post_toilet_task_butler_1781825884587643_useToilet)
NPC_ASSIGN_ATTEMPT: Flaubert Giles -> washHands @ bathroom_up (Intent: wash_hands_post_toilet_task_player_1781825884588396_useToilet)
NPC_ASSIGN_ATTEMPT: Partner -> washHands @ bathroom_down (Intent: wash_hands_post_toilet_task_partner_1781825884588706_useToilet)
NPC_ASSIGN_ATTEMPT: Flaubert Giles -> weights @ garden_lot (Intent: sched_leisure_butler)
ERROR: assignNpcToTask called with non-existent room ID: garden_lot
NPC_ASSIGN_ATTEMPT: Flaubert Giles -> cook @ kitchen (Intent: sched_leisure_butler)
NPC_ASSIGN_ATTEMPT: Flaubert Giles -> paint @ study (Intent: sched_leisure_player)
NPC_ASSIGN_SKIP_ROOM: player already in queue for paint with intent sched_leisure_player
NPC_ASSIGN_ATTEMPT: Partner -> paint @ study (Intent: sched_leisure_partner)
NPC_ASSIGN_SKIP_ROOM: partner already in queue for paint with intent sched_leisure_partner
NPC_ASSIGN_ATTEMPT: Partner -> rest @ master_bedroom (Intent: high_priority_energy_partner)
NPC_ASSIGN_SKIP_ROOM: partner already in queue for rest with intent high_priority_energy_partner
NPC_ASSIGN_ATTEMPT: Flaubert Giles -> bathe @ bathroom_down (Intent: sched_leisure_butler)
NPC_ASSIGN_ATTEMPT: Flaubert Giles -> rest @ butler_quarters (Intent: high_priority_energy_butler)
NPC_ASSIGN_SKIP_ROOM: butler already in queue for rest with intent high_priority_energy_butler
NPC_ASSIGN_ATTEMPT: Flaubert Giles -> readBook @ vegetable_garden (Intent: sched_leisure_player)
NPC_ASSIGN_ATTEMPT: Flaubert Giles -> rest @ master_bedroom (Intent: sched_sleep_player_71)
NPC_ASSIGN_ATTEMPT: Flaubert Giles -> rest @ master_bedroom (Intent: sched_sleep_player_72)
NPC_ASSIGN_ATTEMPT: Flaubert Giles -> rest @ master_bedroom (Intent: sched_sleep_player_72)
NPC_ASSIGN_SKIP_ROOM: player already in queue for rest with intent sched_sleep_player_72
NPC_ASSIGN_ATTEMPT: Flaubert Giles -> rest @ master_bedroom (Intent: sched_sleep_player_72)
NPC_ASSIGN_SKIP_ROOM: player already in queue for rest with intent sched_sleep_player_72
NPC_ASSIGN_ATTEMPT: Flaubert Giles -> rest @ master_bedroom (Intent: sched_sleep_player_72)
NPC_ASSIGN_SKIP_ROOM: player already in queue for rest with intent sched_sleep_player_72
NPC_ASSIGN_ATTEMPT: Flaubert Giles -> rest @ master_bedroom (Intent: sched_sleep_player_72)
NPC_ASSIGN_SKIP_ROOM: player already in queue for rest with intent sched_sleep_player_72
NPC_ASSIGN_ATTEMPT: Flaubert Giles -> rest @ master_bedroom (Intent: sched_sleep_player_72)
NPC_ASSIGN_SKIP_ROOM: player already in queue for rest with intent sched_sleep_player_72
NPC_ASSIGN_ATTEMPT: Flaubert Giles -> rest @ master_bedroom (Intent: sched_sleep_player_72)
NPC_ASSIGN_SKIP_ROOM: player already in queue for rest with intent sched_sleep_player_72
NPC_ASSIGN_ATTEMPT: Flaubert Giles -> rest @ master_bedroom (Intent: sched_sleep_player_72)
NPC_ASSIGN_SKIP_ROOM: player already in queue for rest with intent sched_sleep_player_72
NPC_ASSIGN_ATTEMPT: Flaubert Giles -> rest @ master_bedroom (Intent: sched_sleep_player_72)
NPC_ASSIGN_SKIP_ROOM: player already in queue for rest with intent sched_sleep_player_72
NPC_ASSIGN_ATTEMPT: Flaubert Giles -> rest @ master_bedroom (Intent: sched_sleep_player_72)
NPC_ASSIGN_SKIP_ROOM: player already in queue for rest with intent sched_sleep_player_72
NPC_ASSIGN_ATTEMPT: Flaubert Giles -> rest @ master_bedroom (Intent: sched_sleep_player_72)
NPC_ASSIGN_SKIP_ROOM: player already in queue for rest with intent sched_sleep_player_72
NPC_ASSIGN_ATTEMPT: Flaubert Giles -> rest @ master_bedroom (Intent: sched_sleep_player_72)
NPC_ASSIGN_SKIP_ROOM: player already in queue for rest with intent sched_sleep_player_72
NPC_ASSIGN_ATTEMPT: Flaubert Giles -> rest @ master_bedroom (Intent: sched_sleep_player_72)
NPC_ASSIGN_SKIP_ROOM: player already in queue for rest with intent sched_sleep_player_72
NPC_ASSIGN_ATTEMPT: Flaubert Giles -> rest @ master_bedroom (Intent: sched_sleep_player_72)
NPC_ASSIGN_SKIP_ROOM: player already in queue for rest with intent sched_sleep_player_72
NPC_ASSIGN_ATTEMPT: Flaubert Giles -> rest @ master_bedroom (Intent: sched_sleep_player_72)
NPC_ASSIGN_SKIP_ROOM: player already in queue for rest with intent sched_sleep_player_72
NPC_ASSIGN_ATTEMPT: Flaubert Giles -> rest @ master_bedroom (Intent: sched_sleep_player_72)
NPC_ASSIGN_SKIP_ROOM: player already in queue for rest with intent sched_sleep_player_72
NPC_ASSIGN_ATTEMPT: Flaubert Giles -> rest @ master_bedroom (Intent: sched_sleep_player_72)
NPC_ASSIGN_SKIP_ROOM: player already in queue for rest with intent sched_sleep_player_72
NPC_ASSIGN_ATTEMPT: Flaubert Giles -> rest @ master_bedroom (Intent: sched_sleep_player_72)
NPC_ASSIGN_SKIP_ROOM: player already in queue for rest with intent sched_sleep_player_72
NPC_ASSIGN_ATTEMPT: Flaubert Giles -> rest @ master_bedroom (Intent: sched_sleep_player_72)
NPC_ASSIGN_SKIP_ROOM: player already in queue for rest with intent sched_sleep_player_72
NPC_ASSIGN_ATTEMPT: Flaubert Giles -> rest @ master_bedroom (Intent: sched_sleep_player_72)
NPC_ASSIGN_SKIP_ROOM: player already in queue for rest with intent sched_sleep_player_72
NPC_ASSIGN_ATTEMPT: Flaubert Giles -> rest @ master_bedroom (Intent: sched_sleep_player_72)
NPC_ASSIGN_SKIP_ROOM: player already in queue for rest with intent sched_sleep_player_72
NPC_ASSIGN_ATTEMPT: Flaubert Giles -> rest @ master_bedroom (Intent: sched_sleep_player_72)
NPC_ASSIGN_SKIP_ROOM: player already in queue for rest with intent sched_sleep_player_72
NPC_ASSIGN_ATTEMPT: Flaubert Giles -> rest @ master_bedroom (Intent: sched_sleep_player_72)
NPC_ASSIGN_SKIP_ROOM: player already in queue for rest with intent sched_sleep_player_72
NPC_ASSIGN_ATTEMPT: Flaubert Giles -> rest @ master_bedroom (Intent: sched_sleep_player_72)
NPC_ASSIGN_SKIP_ROOM: player already in queue for rest with intent sched_sleep_player_72
NPC_ASSIGN_ATTEMPT: Flaubert Giles -> rest @ master_bedroom (Intent: sched_sleep_player_72)
NPC_ASSIGN_SKIP_ROOM: player already in queue for rest with intent sched_sleep_player_72
NPC_ASSIGN_ATTEMPT: Flaubert Giles -> rest @ master_bedroom (Intent: sched_sleep_player_72)
NPC_ASSIGN_SKIP_ROOM: player already in queue for rest with intent sched_sleep_player_72
NPC_ASSIGN_ATTEMPT: Flaubert Giles -> rest @ master_bedroom (Intent: sched_sleep_player_72)
NPC_ASSIGN_SKIP_ROOM: player already in queue for rest with intent sched_sleep_player_72
NPC_ASSIGN_ATTEMPT: Flaubert Giles -> rest @ master_bedroom (Intent: sched_sleep_player_72)
NPC_ASSIGN_SKIP_ROOM: player already in queue for rest with intent sched_sleep_player_72
NPC_ASSIGN_ATTEMPT: Flaubert Giles -> rest @ master_bedroom (Intent: sched_sleep_player_72)
NPC_ASSIGN_SKIP_ROOM: player already in queue for rest with intent sched_sleep_player_72
NPC_ASSIGN_ATTEMPT: Flaubert Giles -> rest @ master_bedroom (Intent: sched_sleep_player_72)
NPC_ASSIGN_SKIP_ROOM: player already in queue for rest with intent sched_sleep_player_72
NPC_ASSIGN_ATTEMPT: Flaubert Giles -> rest @ master_bedroom (Intent: sched_sleep_player_72)
NPC_ASSIGN_SKIP_ROOM: player already in queue for rest with intent sched_sleep_player_72
NPC_ASSIGN_ATTEMPT: Flaubert Giles -> rest @ master_bedroom (Intent: sched_sleep_player_72)
NPC_ASSIGN_SKIP_ROOM: player already in queue for rest with intent sched_sleep_player_72
NPC_ASSIGN_ATTEMPT: Flaubert Giles -> rest @ master_bedroom (Intent: sched_sleep_player_72)
NPC_ASSIGN_SKIP_ROOM: player already in queue for rest with intent sched_sleep_player_72
NPC_ASSIGN_ATTEMPT: Partner -> rest @ master_bedroom (Intent: sched_sleep_partner_72)
NPC_ASSIGN_ATTEMPT: Flaubert Giles -> rest @ master_bedroom (Intent: sched_sleep_player_72)
NPC_ASSIGN_SKIP_ROOM: player already in queue for rest with intent sched_sleep_player_72
NPC_ASSIGN_ATTEMPT: Partner -> rest @ master_bedroom (Intent: sched_sleep_partner_72)
NPC_ASSIGN_SKIP_ROOM: partner already in queue for rest with intent sched_sleep_partner_72
NPC_ASSIGN_ATTEMPT: Flaubert Giles -> rest @ master_bedroom (Intent: sched_sleep_player_72)
NPC_ASSIGN_SKIP_ROOM: player already in queue for rest with intent sched_sleep_player_72
NPC_ASSIGN_ATTEMPT: Partner -> rest @ master_bedroom (Intent: sched_sleep_partner_72)
NPC_ASSIGN_SKIP_ROOM: partner already in queue for rest with intent sched_sleep_partner_72
NPC_ASSIGN_ATTEMPT: Flaubert Giles -> rest @ master_bedroom (Intent: sched_sleep_player_73)
NPC_ASSIGN_ATTEMPT: Partner -> rest @ master_bedroom (Intent: sched_sleep_partner_73)
NPC_ASSIGN_ATTEMPT: Flaubert Giles -> rest @ master_bedroom (Intent: sched_sleep_player_73)
NPC_ASSIGN_SKIP_ROOM: player already in queue for rest with intent sched_sleep_player_73
NPC_ASSIGN_ATTEMPT: Partner -> rest @ master_bedroom (Intent: sched_sleep_partner_73)
NPC_ASSIGN_SKIP_ROOM: partner already in queue for rest with intent sched_sleep_partner_73
NPC_ASSIGN_ATTEMPT: Flaubert Giles -> rest @ master_bedroom (Intent: sched_sleep_player_73)
NPC_ASSIGN_SKIP_ROOM: player already in queue for rest with intent sched_sleep_player_73
NPC_ASSIGN_ATTEMPT: Partner -> rest @ master_bedroom (Intent: sched_sleep_partner_73)
NPC_ASSIGN_SKIP_ROOM: partner already in queue for rest with intent sched_sleep_partner_73
NPC_ASSIGN_ATTEMPT: Flaubert Giles -> rest @ master_bedroom (Intent: sched_sleep_player_73)
NPC_ASSIGN_SKIP_ROOM: player already in queue for rest with intent sched_sleep_player_73
NPC_ASSIGN_ATTEMPT: Partner -> rest @ master_bedroom (Intent: sched_sleep_partner_73)
NPC_ASSIGN_SKIP_ROOM: partner already in queue for rest with intent sched_sleep_partner_73
NPC_ASSIGN_ATTEMPT: Flaubert Giles -> rest @ master_bedroom (Intent: sched_sleep_player_73)
NPC_ASSIGN_SKIP_ROOM: player already in queue for rest with intent sched_sleep_player_73
NPC_ASSIGN_ATTEMPT: Partner -> rest @ master_bedroom (Intent: sched_sleep_partner_73)
NPC_ASSIGN_SKIP_ROOM: partner already in queue for rest with intent sched_sleep_partner_73
NPC_ASSIGN_ATTEMPT: Flaubert Giles -> rest @ master_bedroom (Intent: sched_sleep_player_73)
NPC_ASSIGN_SKIP_ROOM: player already in queue for rest with intent sched_sleep_player_73
NPC_ASSIGN_ATTEMPT: Partner -> rest @ master_bedroom (Intent: sched_sleep_partner_73)
NPC_ASSIGN_SKIP_ROOM: partner already in queue for rest with intent sched_sleep_partner_73
NPC_ASSIGN_ATTEMPT: Flaubert Giles -> rest @ master_bedroom (Intent: sched_sleep_player_73)
NPC_ASSIGN_SKIP_ROOM: player already in queue for rest with intent sched_sleep_player_73
NPC_ASSIGN_ATTEMPT: Partner -> rest @ master_bedroom (Intent: sched_sleep_partner_73)
NPC_ASSIGN_SKIP_ROOM: partner already in queue for rest with intent sched_sleep_partner_73
NPC_ASSIGN_ATTEMPT: Flaubert Giles -> rest @ master_bedroom (Intent: sched_sleep_player_73)
NPC_ASSIGN_SKIP_ROOM: player already in queue for rest with intent sched_sleep_player_73
NPC_ASSIGN_ATTEMPT: Partner -> rest @ master_bedroom (Intent: sched_sleep_partner_73)
NPC_ASSIGN_SKIP_ROOM: partner already in queue for rest with intent sched_sleep_partner_73
NPC_ASSIGN_ATTEMPT: Flaubert Giles -> rest @ master_bedroom (Intent: sched_sleep_player_73)
NPC_ASSIGN_SKIP_ROOM: player already in queue for rest with intent sched_sleep_player_73
NPC_ASSIGN_ATTEMPT: Partner -> rest @ master_bedroom (Intent: sched_sleep_partner_73)
NPC_ASSIGN_SKIP_ROOM: partner already in queue for rest with intent sched_sleep_partner_73
NPC_ASSIGN_ATTEMPT: Flaubert Giles -> rest @ master_bedroom (Intent: sched_sleep_player_73)
NPC_ASSIGN_SKIP_ROOM: player already in queue for rest with intent sched_sleep_player_73
NPC_ASSIGN_ATTEMPT: Partner -> rest @ master_bedroom (Intent: sched_sleep_partner_73)
NPC_ASSIGN_SKIP_ROOM: partner already in queue for rest with intent sched_sleep_partner_73
NPC_ASSIGN_ATTEMPT: Flaubert Giles -> rest @ master_bedroom (Intent: sched_sleep_player_73)
NPC_ASSIGN_SKIP_ROOM: player already in queue for rest with intent sched_sleep_player_73
NPC_ASSIGN_ATTEMPT: Partner -> rest @ master_bedroom (Intent: sched_sleep_partner_73)
NPC_ASSIGN_SKIP_ROOM: partner already in queue for rest with intent sched_sleep_partner_73
NPC_ASSIGN_ATTEMPT: Flaubert Giles -> rest @ master_bedroom (Intent: sched_sleep_player_73)
NPC_ASSIGN_SKIP_ROOM: player already in queue for rest with intent sched_sleep_player_73
NPC_ASSIGN_ATTEMPT: Partner -> rest @ master_bedroom (Intent: sched_sleep_partner_73)
NPC_ASSIGN_SKIP_ROOM: partner already in queue for rest with intent sched_sleep_partner_73
NPC_ASSIGN_ATTEMPT: Flaubert Giles -> rest @ master_bedroom (Intent: sched_sleep_player_73)
NPC_ASSIGN_SKIP_ROOM: player already in queue for rest with intent sched_sleep_player_73
NPC_ASSIGN_ATTEMPT: Partner -> rest @ master_bedroom (Intent: sched_sleep_partner_73)
NPC_ASSIGN_SKIP_ROOM: partner already in queue for rest with intent sched_sleep_partner_73
NPC_ASSIGN_ATTEMPT: Flaubert Giles -> rest @ master_bedroom (Intent: sched_sleep_player_73)
NPC_ASSIGN_SKIP_ROOM: player already in queue for rest with intent sched_sleep_player_73
NPC_ASSIGN_ATTEMPT: Partner -> rest @ master_bedroom (Intent: sched_sleep_partner_73)
NPC_ASSIGN_SKIP_ROOM: partner already in queue for rest with intent sched_sleep_partner_73
NPC_ASSIGN_ATTEMPT: Flaubert Giles -> rest @ master_bedroom (Intent: sched_sleep_player_73)
NPC_ASSIGN_SKIP_ROOM: player already in queue for rest with intent sched_sleep_player_73
NPC_ASSIGN_ATTEMPT: Partner -> rest @ master_bedroom (Intent: sched_sleep_partner_73)
NPC_ASSIGN_SKIP_ROOM: partner already in queue for rest with intent sched_sleep_partner_73
NPC_ASSIGN_ATTEMPT: Flaubert Giles -> rest @ master_bedroom (Intent: sched_sleep_player_73)
NPC_ASSIGN_SKIP_ROOM: player already in queue for rest with intent sched_sleep_player_73
NPC_ASSIGN_ATTEMPT: Partner -> rest @ master_bedroom (Intent: sched_sleep_partner_73)
NPC_ASSIGN_SKIP_ROOM: partner already in queue for rest with intent sched_sleep_partner_73
NPC_ASSIGN_ATTEMPT: Flaubert Giles -> rest @ master_bedroom (Intent: sched_sleep_player_73)
NPC_ASSIGN_SKIP_ROOM: player already in queue for rest with intent sched_sleep_player_73
NPC_ASSIGN_ATTEMPT: Partner -> rest @ master_bedroom (Intent: sched_sleep_partner_73)
NPC_ASSIGN_SKIP_ROOM: partner already in queue for rest with intent sched_sleep_partner_73
NPC_ASSIGN_ATTEMPT: Flaubert Giles -> rest @ master_bedroom (Intent: sched_sleep_player_73)
NPC_ASSIGN_SKIP_ROOM: player already in queue for rest with intent sched_sleep_player_73
NPC_ASSIGN_ATTEMPT: Partner -> rest @ master_bedroom (Intent: sched_sleep_partner_73)
NPC_ASSIGN_SKIP_ROOM: partner already in queue for rest with intent sched_sleep_partner_73
NPC_ASSIGN_ATTEMPT: Flaubert Giles -> rest @ master_bedroom (Intent: sched_sleep_player_73)
NPC_ASSIGN_SKIP_ROOM: player already in queue for rest with intent sched_sleep_player_73
NPC_ASSIGN_ATTEMPT: Partner -> rest @ master_bedroom (Intent: sched_sleep_partner_73)
NPC_ASSIGN_SKIP_ROOM: partner already in queue for rest with intent sched_sleep_partner_73
NPC_ASSIGN_ATTEMPT: Flaubert Giles -> rest @ master_bedroom (Intent: sched_sleep_player_73)
NPC_ASSIGN_SKIP_ROOM: player already in queue for rest with intent sched_sleep_player_73
NPC_ASSIGN_ATTEMPT: Partner -> rest @ master_bedroom (Intent: sched_sleep_partner_73)
NPC_ASSIGN_SKIP_ROOM: partner already in queue for rest with intent sched_sleep_partner_73
NPC_ASSIGN_ATTEMPT: Flaubert Giles -> rest @ master_bedroom (Intent: sched_sleep_player_73)
NPC_ASSIGN_SKIP_ROOM: player already in queue for rest with intent sched_sleep_player_73
NPC_ASSIGN_ATTEMPT: Partner -> rest @ master_bedroom (Intent: sched_sleep_partner_73)
NPC_ASSIGN_SKIP_ROOM: partner already in queue for rest with intent sched_sleep_partner_73
NPC_ASSIGN_ATTEMPT: Flaubert Giles -> rest @ master_bedroom (Intent: sched_sleep_player_73)
NPC_ASSIGN_SKIP_ROOM: player already in queue for rest with intent sched_sleep_player_73
NPC_ASSIGN_ATTEMPT: Partner -> rest @ master_bedroom (Intent: sched_sleep_partner_73)
NPC_ASSIGN_SKIP_ROOM: partner already in queue for rest with intent sched_sleep_partner_73
NPC_ASSIGN_ATTEMPT: Flaubert Giles -> rest @ master_bedroom (Intent: sched_sleep_player_73)
NPC_ASSIGN_SKIP_ROOM: player already in queue for rest with intent sched_sleep_player_73
NPC_ASSIGN_ATTEMPT: Partner -> rest @ master_bedroom (Intent: sched_sleep_partner_73)
NPC_ASSIGN_SKIP_ROOM: partner already in queue for rest with intent sched_sleep_partner_73
NPC_ASSIGN_ATTEMPT: Flaubert Giles -> rest @ master_bedroom (Intent: sched_sleep_player_73)
NPC_ASSIGN_SKIP_ROOM: player already in queue for rest with intent sched_sleep_player_73
NPC_ASSIGN_ATTEMPT: Partner -> rest @ master_bedroom (Intent: sched_sleep_partner_73)
NPC_ASSIGN_SKIP_ROOM: partner already in queue for rest with intent sched_sleep_partner_73
NPC_ASSIGN_ATTEMPT: Flaubert Giles -> rest @ master_bedroom (Intent: sched_sleep_player_73)
NPC_ASSIGN_SKIP_ROOM: player already in queue for rest with intent sched_sleep_player_73
NPC_ASSIGN_ATTEMPT: Partner -> rest @ master_bedroom (Intent: sched_sleep_partner_73)
NPC_ASSIGN_SKIP_ROOM: partner already in queue for rest with intent sched_sleep_partner_73
NPC_ASSIGN_ATTEMPT: Flaubert Giles -> rest @ master_bedroom (Intent: sched_sleep_player_73)
NPC_ASSIGN_SKIP_ROOM: player already in queue for rest with intent sched_sleep_player_73
NPC_ASSIGN_ATTEMPT: Partner -> rest @ master_bedroom (Intent: sched_sleep_partner_73)
NPC_ASSIGN_SKIP_ROOM: partner already in queue for rest with intent sched_sleep_partner_73
NPC_ASSIGN_ATTEMPT: Flaubert Giles -> rest @ master_bedroom (Intent: sched_sleep_player_73)
NPC_ASSIGN_SKIP_ROOM: player already in queue for rest with intent sched_sleep_player_73
NPC_ASSIGN_ATTEMPT: Partner -> rest @ master_bedroom (Intent: sched_sleep_partner_73)
NPC_ASSIGN_SKIP_ROOM: partner already in queue for rest with intent sched_sleep_partner_73
NPC_ASSIGN_ATTEMPT: Flaubert Giles -> rest @ master_bedroom (Intent: sched_sleep_player_73)
NPC_ASSIGN_SKIP_ROOM: player already in queue for rest with intent sched_sleep_player_73
NPC_ASSIGN_ATTEMPT: Partner -> rest @ master_bedroom (Intent: sched_sleep_partner_73)
NPC_ASSIGN_SKIP_ROOM: partner already in queue for rest with intent sched_sleep_partner_73
NPC_ASSIGN_ATTEMPT: Flaubert Giles -> rest @ master_bedroom (Intent: sched_sleep_player_73)
NPC_ASSIGN_SKIP_ROOM: player already in queue for rest with intent sched_sleep_player_73
NPC_ASSIGN_ATTEMPT: Partner -> rest @ master_bedroom (Intent: sched_sleep_partner_73)
NPC_ASSIGN_SKIP_ROOM: partner already in queue for rest with intent sched_sleep_partner_73
NPC_ASSIGN_ATTEMPT: Flaubert Giles -> rest @ master_bedroom (Intent: sched_sleep_player_73)
NPC_ASSIGN_SKIP_ROOM: player already in queue for rest with intent sched_sleep_player_73
NPC_ASSIGN_ATTEMPT: Partner -> rest @ master_bedroom (Intent: sched_sleep_partner_73)
NPC_ASSIGN_SKIP_ROOM: partner already in queue for rest with intent sched_sleep_partner_73
NPC_ASSIGN_ATTEMPT: Flaubert Giles -> rest @ master_bedroom (Intent: sched_sleep_player_73)
NPC_ASSIGN_SKIP_ROOM: player already in queue for rest with intent sched_sleep_player_73
NPC_ASSIGN_ATTEMPT: Partner -> rest @ master_bedroom (Intent: sched_sleep_partner_73)
NPC_ASSIGN_SKIP_ROOM: partner already in queue for rest with intent sched_sleep_partner_73
NPC_ASSIGN_ATTEMPT: Flaubert Giles -> rest @ master_bedroom (Intent: sched_sleep_player_73)
NPC_ASSIGN_SKIP_ROOM: player already in queue for rest with intent sched_sleep_player_73
NPC_ASSIGN_ATTEMPT: Partner -> rest @ master_bedroom (Intent: sched_sleep_partner_73)
NPC_ASSIGN_SKIP_ROOM: partner already in queue for rest with intent sched_sleep_partner_73
NPC_ASSIGN_ATTEMPT: Flaubert Giles -> rest @ master_bedroom (Intent: sched_sleep_player_73)
NPC_ASSIGN_SKIP_ROOM: player already in queue for rest with intent sched_sleep_player_73
NPC_ASSIGN_ATTEMPT: Partner -> rest @ master_bedroom (Intent: sched_sleep_partner_73)
NPC_ASSIGN_SKIP_ROOM: partner already in queue for rest with intent sched_sleep_partner_73
NPC_ASSIGN_ATTEMPT: Flaubert Giles -> rest @ master_bedroom (Intent: sched_sleep_player_73)
NPC_ASSIGN_SKIP_ROOM: player already in queue for rest with intent sched_sleep_player_73
NPC_ASSIGN_ATTEMPT: Partner -> rest @ master_bedroom (Intent: sched_sleep_partner_73)
NPC_ASSIGN_SKIP_ROOM: partner already in queue for rest with intent sched_sleep_partner_73
NPC_ASSIGN_ATTEMPT: Flaubert Giles -> rest @ master_bedroom (Intent: sched_sleep_player_73)
NPC_ASSIGN_SKIP_ROOM: player already in queue for rest with intent sched_sleep_player_73
NPC_ASSIGN_ATTEMPT: Partner -> rest @ master_bedroom (Intent: sched_sleep_partner_73)
NPC_ASSIGN_SKIP_ROOM: partner already in queue for rest with intent sched_sleep_partner_73
NPC_ASSIGN_ATTEMPT: Flaubert Giles -> rest @ master_bedroom (Intent: sched_sleep_player_73)
NPC_ASSIGN_SKIP_ROOM: player already in queue for rest with intent sched_sleep_player_73
NPC_ASSIGN_ATTEMPT: Partner -> rest @ master_bedroom (Intent: sched_sleep_partner_73)
NPC_ASSIGN_SKIP_ROOM: partner already in queue for rest with intent sched_sleep_partner_73
NPC_ASSIGN_ATTEMPT: Flaubert Giles -> rest @ master_bedroom (Intent: sched_sleep_player_73)
NPC_ASSIGN_SKIP_ROOM: player already in queue for rest with intent sched_sleep_player_73
NPC_ASSIGN_ATTEMPT: Flaubert Giles -> rest @ butler_quarters (Intent: sched_sleep_butler_73)
NPC_ASSIGN_ATTEMPT: Partner -> rest @ master_bedroom (Intent: sched_sleep_partner_73)
NPC_ASSIGN_SKIP_ROOM: partner already in queue for rest with intent sched_sleep_partner_73
NPC_ASSIGN_ATTEMPT: Flaubert Giles -> rest @ master_bedroom (Intent: sched_sleep_player_73)
NPC_ASSIGN_SKIP_ROOM: player already in queue for rest with intent sched_sleep_player_73
NPC_ASSIGN_ATTEMPT: Flaubert Giles -> rest @ butler_quarters (Intent: sched_sleep_butler_73)
NPC_ASSIGN_SKIP_ROOM: butler already in queue for rest with intent sched_sleep_butler_73
NPC_ASSIGN_ATTEMPT: Partner -> rest @ master_bedroom (Intent: sched_sleep_partner_73)
NPC_ASSIGN_SKIP_ROOM: partner already in queue for rest with intent sched_sleep_partner_73
NPC_ASSIGN_ATTEMPT: Flaubert Giles -> rest @ master_bedroom (Intent: sched_sleep_player_73)
NPC_ASSIGN_SKIP_ROOM: player already in queue for rest with intent sched_sleep_player_73
NPC_ASSIGN_ATTEMPT: Flaubert Giles -> rest @ butler_quarters (Intent: sched_sleep_butler_73)
NPC_ASSIGN_SKIP_ROOM: butler already in queue for rest with intent sched_sleep_butler_73
NPC_ASSIGN_ATTEMPT: Partner -> rest @ master_bedroom (Intent: sched_sleep_partner_73)
NPC_ASSIGN_SKIP_ROOM: partner already in queue for rest with intent sched_sleep_partner_73
NPC_ASSIGN_ATTEMPT: Flaubert Giles -> rest @ master_bedroom (Intent: sched_sleep_player_73)
NPC_ASSIGN_SKIP_ROOM: player already in queue for rest with intent sched_sleep_player_73
NPC_ASSIGN_ATTEMPT: Flaubert Giles -> rest @ butler_quarters (Intent: sched_sleep_butler_73)
NPC_ASSIGN_SKIP_ROOM: butler already in queue for rest with intent sched_sleep_butler_73
NPC_ASSIGN_ATTEMPT: Partner -> rest @ master_bedroom (Intent: sched_sleep_partner_73)
NPC_ASSIGN_SKIP_ROOM: partner already in queue for rest with intent sched_sleep_partner_73
NPC_ASSIGN_ATTEMPT: Flaubert Giles -> rest @ master_bedroom (Intent: sched_sleep_player_73)
NPC_ASSIGN_SKIP_ROOM: player already in queue for rest with intent sched_sleep_player_73
NPC_ASSIGN_ATTEMPT: Flaubert Giles -> rest @ butler_quarters (Intent: sched_sleep_butler_73)
NPC_ASSIGN_SKIP_ROOM: butler already in queue for rest with intent sched_sleep_butler_73
NPC_ASSIGN_ATTEMPT: Partner -> rest @ master_bedroom (Intent: sched_sleep_partner_73)
NPC_ASSIGN_SKIP_ROOM: partner already in queue for rest with intent sched_sleep_partner_73
NPC_ASSIGN_ATTEMPT: Flaubert Giles -> rest @ master_bedroom (Intent: sched_sleep_player_73)
NPC_ASSIGN_SKIP_ROOM: player already in queue for rest with intent sched_sleep_player_73
NPC_ASSIGN_ATTEMPT: Flaubert Giles -> rest @ butler_quarters (Intent: sched_sleep_butler_73)
NPC_ASSIGN_SKIP_ROOM: butler already in queue for rest with intent sched_sleep_butler_73
NPC_ASSIGN_ATTEMPT: Partner -> rest @ master_bedroom (Intent: sched_sleep_partner_73)
NPC_ASSIGN_SKIP_ROOM: partner already in queue for rest with intent sched_sleep_partner_73
NPC_ASSIGN_ATTEMPT: Flaubert Giles -> rest @ master_bedroom (Intent: sched_sleep_player_73)
NPC_ASSIGN_SKIP_ROOM: player already in queue for rest with intent sched_sleep_player_73
NPC_ASSIGN_ATTEMPT: Flaubert Giles -> rest @ butler_quarters (Intent: sched_sleep_butler_73)
NPC_ASSIGN_SKIP_ROOM: butler already in queue for rest with intent sched_sleep_butler_73
NPC_ASSIGN_ATTEMPT: Partner -> rest @ master_bedroom (Intent: sched_sleep_partner_73)
NPC_ASSIGN_SKIP_ROOM: partner already in queue for rest with intent sched_sleep_partner_73
NPC_ASSIGN_ATTEMPT: Flaubert Giles -> rest @ master_bedroom (Intent: sched_sleep_player_73)
NPC_ASSIGN_SKIP_ROOM: player already in queue for rest with intent sched_sleep_player_73
NPC_ASSIGN_ATTEMPT: Flaubert Giles -> rest @ butler_quarters (Intent: sched_sleep_butler_73)
NPC_ASSIGN_SKIP_ROOM: butler already in queue for rest with intent sched_sleep_butler_73
NPC_ASSIGN_ATTEMPT: Partner -> rest @ master_bedroom (Intent: sched_sleep_partner_73)
NPC_ASSIGN_SKIP_ROOM: partner already in queue for rest with intent sched_sleep_partner_73
NPC_ASSIGN_ATTEMPT: Flaubert Giles -> rest @ master_bedroom (Intent: sched_sleep_player_73)
NPC_ASSIGN_SKIP_ROOM: player already in queue for rest with intent sched_sleep_player_73
NPC_ASSIGN_ATTEMPT: Flaubert Giles -> rest @ butler_quarters (Intent: sched_sleep_butler_73)
NPC_ASSIGN_SKIP_ROOM: butler already in queue for rest with intent sched_sleep_butler_73
NPC_ASSIGN_ATTEMPT: Partner -> rest @ master_bedroom (Intent: sched_sleep_partner_73)
NPC_ASSIGN_SKIP_ROOM: partner already in queue for rest with intent sched_sleep_partner_73
NPC_ASSIGN_ATTEMPT: Flaubert Giles -> rest @ master_bedroom (Intent: sched_sleep_player_73)
NPC_ASSIGN_SKIP_ROOM: player already in queue for rest with intent sched_sleep_player_73
NPC_ASSIGN_ATTEMPT: Flaubert Giles -> rest @ butler_quarters (Intent: sched_sleep_butler_73)
NPC_ASSIGN_SKIP_ROOM: butler already in queue for rest with intent sched_sleep_butler_73
NPC_ASSIGN_ATTEMPT: Partner -> rest @ master_bedroom (Intent: sched_sleep_partner_73)
NPC_ASSIGN_SKIP_ROOM: partner already in queue for rest with intent sched_sleep_partner_73
NPC_ASSIGN_ATTEMPT: Flaubert Giles -> rest @ master_bedroom (Intent: sched_sleep_player_73)
NPC_ASSIGN_SKIP_ROOM: player already in queue for rest with intent sched_sleep_player_73
NPC_ASSIGN_ATTEMPT: Flaubert Giles -> rest @ butler_quarters (Intent: sched_sleep_butler_73)
NPC_ASSIGN_SKIP_ROOM: butler already in queue for rest with intent sched_sleep_butler_73
NPC_ASSIGN_ATTEMPT: Partner -> rest @ master_bedroom (Intent: sched_sleep_partner_73)
NPC_ASSIGN_SKIP_ROOM: partner already in queue for rest with intent sched_sleep_partner_73
NPC_ASSIGN_ATTEMPT: Flaubert Giles -> rest @ master_bedroom (Intent: sched_sleep_player_73)
NPC_ASSIGN_SKIP_ROOM: player already in queue for rest with intent sched_sleep_player_73
NPC_ASSIGN_ATTEMPT: Flaubert Giles -> rest @ butler_quarters (Intent: sched_sleep_butler_73)
NPC_ASSIGN_SKIP_ROOM: butler already in queue for rest with intent sched_sleep_butler_73
NPC_ASSIGN_ATTEMPT: Partner -> rest @ master_bedroom (Intent: sched_sleep_partner_73)
NPC_ASSIGN_SKIP_ROOM: partner already in queue for rest with intent sched_sleep_partner_73
NPC_ASSIGN_ATTEMPT: Flaubert Giles -> rest @ master_bedroom (Intent: sched_sleep_player_73)
NPC_ASSIGN_SKIP_ROOM: player already in queue for rest with intent sched_sleep_player_73
NPC_ASSIGN_ATTEMPT: Flaubert Giles -> rest @ butler_quarters (Intent: sched_sleep_butler_73)
NPC_ASSIGN_SKIP_ROOM: butler already in queue for rest with intent sched_sleep_butler_73
NPC_ASSIGN_ATTEMPT: Partner -> rest @ master_bedroom (Intent: sched_sleep_partner_73)
NPC_ASSIGN_SKIP_ROOM: partner already in queue for rest with intent sched_sleep_partner_73
NPC_ASSIGN_ATTEMPT: Flaubert Giles -> rest @ master_bedroom (Intent: sched_sleep_player_73)
NPC_ASSIGN_SKIP_ROOM: player already in queue for rest with intent sched_sleep_player_73
NPC_ASSIGN_ATTEMPT: Flaubert Giles -> rest @ butler_quarters (Intent: sched_sleep_butler_73)
NPC_ASSIGN_SKIP_ROOM: butler already in queue for rest with intent sched_sleep_butler_73
NPC_ASSIGN_ATTEMPT: Partner -> rest @ master_bedroom (Intent: sched_sleep_partner_73)
NPC_ASSIGN_SKIP_ROOM: partner already in queue for rest with intent sched_sleep_partner_73
NPC_ASSIGN_ATTEMPT: Flaubert Giles -> rest @ master_bedroom (Intent: sched_sleep_player_73)
NPC_ASSIGN_SKIP_ROOM: player already in queue for rest with intent sched_sleep_player_73
NPC_ASSIGN_ATTEMPT: Flaubert Giles -> rest @ butler_quarters (Intent: sched_sleep_butler_73)
NPC_ASSIGN_SKIP_ROOM: butler already in queue for rest with intent sched_sleep_butler_73
NPC_ASSIGN_ATTEMPT: Partner -> rest @ master_bedroom (Intent: sched_sleep_partner_73)
NPC_ASSIGN_SKIP_ROOM: partner already in queue for rest with intent sched_sleep_partner_73
NPC_ASSIGN_ATTEMPT: Flaubert Giles -> rest @ master_bedroom (Intent: sched_sleep_player_73)
NPC_ASSIGN_SKIP_ROOM: player already in queue for rest with intent sched_sleep_player_73
NPC_ASSIGN_ATTEMPT: Flaubert Giles -> rest @ butler_quarters (Intent: sched_sleep_butler_73)
NPC_ASSIGN_SKIP_ROOM: butler already in queue for rest with intent sched_sleep_butler_73
NPC_ASSIGN_ATTEMPT: Partner -> rest @ master_bedroom (Intent: sched_sleep_partner_73)
NPC_ASSIGN_SKIP_ROOM: partner already in queue for rest with intent sched_sleep_partner_73
NPC_ASSIGN_ATTEMPT: Flaubert Giles -> rest @ master_bedroom (Intent: sched_sleep_player_73)
NPC_ASSIGN_SKIP_ROOM: player already in queue for rest with intent sched_sleep_player_73
NPC_ASSIGN_ATTEMPT: Flaubert Giles -> rest @ butler_quarters (Intent: sched_sleep_butler_73)
NPC_ASSIGN_SKIP_ROOM: butler already in queue for rest with intent sched_sleep_butler_73
NPC_ASSIGN_ATTEMPT: Partner -> rest @ master_bedroom (Intent: sched_sleep_partner_73)
NPC_ASSIGN_SKIP_ROOM: partner already in queue for rest with intent sched_sleep_partner_73
NPC_ASSIGN_ATTEMPT: Flaubert Giles -> rest @ master_bedroom (Intent: sched_sleep_player_73)
NPC_ASSIGN_SKIP_ROOM: player already in queue for rest with intent sched_sleep_player_73
NPC_ASSIGN_ATTEMPT: Flaubert Giles -> rest @ butler_quarters (Intent: sched_sleep_butler_73)
NPC_ASSIGN_SKIP_ROOM: butler already in queue for rest with intent sched_sleep_butler_73
NPC_ASSIGN_ATTEMPT: Partner -> rest @ master_bedroom (Intent: sched_sleep_partner_73)
NPC_ASSIGN_SKIP_ROOM: partner already in queue for rest with intent sched_sleep_partner_73
NPC_ASSIGN_ATTEMPT: Flaubert Giles -> rest @ master_bedroom (Intent: sched_sleep_player_73)
NPC_ASSIGN_SKIP_ROOM: player already in queue for rest with intent sched_sleep_player_73
NPC_ASSIGN_ATTEMPT: Flaubert Giles -> rest @ butler_quarters (Intent: sched_sleep_butler_73)
NPC_ASSIGN_SKIP_ROOM: butler already in queue for rest with intent sched_sleep_butler_73
NPC_ASSIGN_ATTEMPT: Partner -> rest @ master_bedroom (Intent: sched_sleep_partner_73)
NPC_ASSIGN_SKIP_ROOM: partner already in queue for rest with intent sched_sleep_partner_73
NPC_ASSIGN_ATTEMPT: Flaubert Giles -> rest @ master_bedroom (Intent: sched_sleep_player_73)
NPC_ASSIGN_SKIP_ROOM: player already in queue for rest with intent sched_sleep_player_73
NPC_ASSIGN_ATTEMPT: Flaubert Giles -> rest @ butler_quarters (Intent: sched_sleep_butler_73)
NPC_ASSIGN_SKIP_ROOM: butler already in queue for rest with intent sched_sleep_butler_73
NPC_ASSIGN_ATTEMPT: Partner -> rest @ master_bedroom (Intent: sched_sleep_partner_73)
NPC_ASSIGN_SKIP_ROOM: partner already in queue for rest with intent sched_sleep_partner_73
NPC_ASSIGN_ATTEMPT: Flaubert Giles -> rest @ master_bedroom (Intent: sched_sleep_player_73)
NPC_ASSIGN_SKIP_ROOM: player already in queue for rest with intent sched_sleep_player_73
NPC_ASSIGN_ATTEMPT: Flaubert Giles -> rest @ butler_quarters (Intent: sched_sleep_butler_73)
NPC_ASSIGN_SKIP_ROOM: butler already in queue for rest with intent sched_sleep_butler_73
NPC_ASSIGN_ATTEMPT: Partner -> rest @ master_bedroom (Intent: sched_sleep_partner_73)
NPC_ASSIGN_SKIP_ROOM: partner already in queue for rest with intent sched_sleep_partner_73
NPC_ASSIGN_ATTEMPT: Flaubert Giles -> rest @ master_bedroom (Intent: sched_sleep_player_73)
NPC_ASSIGN_SKIP_ROOM: player already in queue for rest with intent sched_sleep_player_73
NPC_ASSIGN_ATTEMPT: Flaubert Giles -> rest @ butler_quarters (Intent: sched_sleep_butler_73)
NPC_ASSIGN_SKIP_ROOM: butler already in queue for rest with intent sched_sleep_butler_73
NPC_ASSIGN_ATTEMPT: Partner -> rest @ master_bedroom (Intent: sched_sleep_partner_73)
NPC_ASSIGN_SKIP_ROOM: partner already in queue for rest with intent sched_sleep_partner_73
NPC_ASSIGN_ATTEMPT: Flaubert Giles -> rest @ master_bedroom (Intent: sched_sleep_player_73)
NPC_ASSIGN_SKIP_ROOM: player already in queue for rest with intent sched_sleep_player_73
NPC_ASSIGN_ATTEMPT: Flaubert Giles -> rest @ butler_quarters (Intent: sched_sleep_butler_73)
NPC_ASSIGN_SKIP_ROOM: butler already in queue for rest with intent sched_sleep_butler_73
NPC_ASSIGN_ATTEMPT: Partner -> rest @ master_bedroom (Intent: sched_sleep_partner_73)
NPC_ASSIGN_SKIP_ROOM: partner already in queue for rest with intent sched_sleep_partner_73
NPC_ASSIGN_ATTEMPT: Flaubert Giles -> rest @ master_bedroom (Intent: sched_sleep_player_73)
NPC_ASSIGN_SKIP_ROOM: player already in queue for rest with intent sched_sleep_player_73
NPC_ASSIGN_ATTEMPT: Flaubert Giles -> rest @ butler_quarters (Intent: sched_sleep_butler_73)
NPC_ASSIGN_SKIP_ROOM: butler already in queue for rest with intent sched_sleep_butler_73
NPC_ASSIGN_ATTEMPT: Partner -> rest @ master_bedroom (Intent: sched_sleep_partner_73)
NPC_ASSIGN_SKIP_ROOM: partner already in queue for rest with intent sched_sleep_partner_73
NPC_ASSIGN_ATTEMPT: Flaubert Giles -> rest @ master_bedroom (Intent: sched_sleep_player_74)
NPC_ASSIGN_ATTEMPT: Flaubert Giles -> rest @ butler_quarters (Intent: sched_sleep_butler_74)
NPC_ASSIGN_ATTEMPT: Partner -> rest @ master_bedroom (Intent: sched_sleep_partner_74)
NPC_ASSIGN_ATTEMPT: Flaubert Giles -> rest @ master_bedroom (Intent: sched_sleep_player_74)
NPC_ASSIGN_SKIP_ROOM: player already in queue for rest with intent sched_sleep_player_74
NPC_ASSIGN_ATTEMPT: Flaubert Giles -> rest @ butler_quarters (Intent: sched_sleep_butler_74)
NPC_ASSIGN_SKIP_ROOM: butler already in queue for rest with intent sched_sleep_butler_74
NPC_ASSIGN_ATTEMPT: Partner -> rest @ master_bedroom (Intent: sched_sleep_partner_74)
NPC_ASSIGN_SKIP_ROOM: partner already in queue for rest with intent sched_sleep_partner_74
NPC_ASSIGN_ATTEMPT: Flaubert Giles -> rest @ master_bedroom (Intent: sched_sleep_player_74)
NPC_ASSIGN_SKIP_ROOM: player already in queue for rest with intent sched_sleep_player_74
NPC_ASSIGN_ATTEMPT: Flaubert Giles -> rest @ butler_quarters (Intent: sched_sleep_butler_74)
NPC_ASSIGN_SKIP_ROOM: butler already in queue for rest with intent sched_sleep_butler_74
NPC_ASSIGN_ATTEMPT: Partner -> rest @ master_bedroom (Intent: sched_sleep_partner_74)
NPC_ASSIGN_SKIP_ROOM: partner already in queue for rest with intent sched_sleep_partner_74
NPC_ASSIGN_ATTEMPT: Flaubert Giles -> rest @ master_bedroom (Intent: sched_sleep_player_74)
NPC_ASSIGN_SKIP_ROOM: player already in queue for rest with intent sched_sleep_player_74
NPC_ASSIGN_ATTEMPT: Flaubert Giles -> rest @ butler_quarters (Intent: sched_sleep_butler_74)
NPC_ASSIGN_SKIP_ROOM: butler already in queue for rest with intent sched_sleep_butler_74
NPC_ASSIGN_ATTEMPT: Partner -> rest @ master_bedroom (Intent: sched_sleep_partner_74)
NPC_ASSIGN_SKIP_ROOM: partner already in queue for rest with intent sched_sleep_partner_74
NPC_ASSIGN_ATTEMPT: Flaubert Giles -> rest @ master_bedroom (Intent: sched_sleep_player_74)
NPC_ASSIGN_SKIP_ROOM: player already in queue for rest with intent sched_sleep_player_74
NPC_ASSIGN_ATTEMPT: Flaubert Giles -> rest @ butler_quarters (Intent: sched_sleep_butler_74)
NPC_ASSIGN_SKIP_ROOM: butler already in queue for rest with intent sched_sleep_butler_74
NPC_ASSIGN_ATTEMPT: Partner -> rest @ master_bedroom (Intent: sched_sleep_partner_74)
NPC_ASSIGN_SKIP_ROOM: partner already in queue for rest with intent sched_sleep_partner_74
NPC_ASSIGN_ATTEMPT: Flaubert Giles -> rest @ master_bedroom (Intent: sched_sleep_player_74)
NPC_ASSIGN_SKIP_ROOM: player already in queue for rest with intent sched_sleep_player_74
NPC_ASSIGN_ATTEMPT: Flaubert Giles -> rest @ butler_quarters (Intent: sched_sleep_butler_74)
NPC_ASSIGN_SKIP_ROOM: butler already in queue for rest with intent sched_sleep_butler_74
NPC_ASSIGN_ATTEMPT: Partner -> rest @ master_bedroom (Intent: sched_sleep_partner_74)
NPC_ASSIGN_SKIP_ROOM: partner already in queue for rest with intent sched_sleep_partner_74
NPC_ASSIGN_ATTEMPT: Flaubert Giles -> rest @ master_bedroom (Intent: sched_sleep_player_74)
NPC_ASSIGN_SKIP_ROOM: player already in queue for rest with intent sched_sleep_player_74
NPC_ASSIGN_ATTEMPT: Flaubert Giles -> rest @ butler_quarters (Intent: sched_sleep_butler_74)
NPC_ASSIGN_SKIP_ROOM: butler already in queue for rest with intent sched_sleep_butler_74
NPC_ASSIGN_ATTEMPT: Partner -> rest @ master_bedroom (Intent: sched_sleep_partner_74)
NPC_ASSIGN_SKIP_ROOM: partner already in queue for rest with intent sched_sleep_partner_74
NPC_ASSIGN_ATTEMPT: Flaubert Giles -> rest @ master_bedroom (Intent: sched_sleep_player_74)
NPC_ASSIGN_SKIP_ROOM: player already in queue for rest with intent sched_sleep_player_74
NPC_ASSIGN_ATTEMPT: Flaubert Giles -> rest @ butler_quarters (Intent: sched_sleep_butler_74)
NPC_ASSIGN_SKIP_ROOM: butler already in queue for rest with intent sched_sleep_butler_74
NPC_ASSIGN_ATTEMPT: Partner -> rest @ master_bedroom (Intent: sched_sleep_partner_74)
NPC_ASSIGN_SKIP_ROOM: partner already in queue for rest with intent sched_sleep_partner_74
NPC_ASSIGN_ATTEMPT: Flaubert Giles -> rest @ master_bedroom (Intent: sched_sleep_player_74)
NPC_ASSIGN_SKIP_ROOM: player already in queue for rest with intent sched_sleep_player_74
NPC_ASSIGN_ATTEMPT: Flaubert Giles -> rest @ butler_quarters (Intent: sched_sleep_butler_74)
NPC_ASSIGN_SKIP_ROOM: butler already in queue for rest with intent sched_sleep_butler_74
NPC_ASSIGN_ATTEMPT: Partner -> rest @ master_bedroom (Intent: sched_sleep_partner_74)
NPC_ASSIGN_SKIP_ROOM: partner already in queue for rest with intent sched_sleep_partner_74
NPC_ASSIGN_ATTEMPT: Flaubert Giles -> rest @ master_bedroom (Intent: sched_sleep_player_74)
NPC_ASSIGN_SKIP_ROOM: player already in queue for rest with intent sched_sleep_player_74
NPC_ASSIGN_ATTEMPT: Flaubert Giles -> rest @ butler_quarters (Intent: sched_sleep_butler_74)
NPC_ASSIGN_SKIP_ROOM: butler already in queue for rest with intent sched_sleep_butler_74
NPC_ASSIGN_ATTEMPT: Partner -> rest @ master_bedroom (Intent: sched_sleep_partner_74)
NPC_ASSIGN_SKIP_ROOM: partner already in queue for rest with intent sched_sleep_partner_74
NPC_ASSIGN_ATTEMPT: Flaubert Giles -> rest @ master_bedroom (Intent: sched_sleep_player_74)
NPC_ASSIGN_SKIP_ROOM: player already in queue for rest with intent sched_sleep_player_74
NPC_ASSIGN_ATTEMPT: Flaubert Giles -> rest @ butler_quarters (Intent: sched_sleep_butler_74)
NPC_ASSIGN_SKIP_ROOM: butler already in queue for rest with intent sched_sleep_butler_74
NPC_ASSIGN_ATTEMPT: Partner -> rest @ master_bedroom (Intent: sched_sleep_partner_74)
NPC_ASSIGN_SKIP_ROOM: partner already in queue for rest with intent sched_sleep_partner_74
NPC_ASSIGN_ATTEMPT: Flaubert Giles -> rest @ master_bedroom (Intent: sched_sleep_player_74)
NPC_ASSIGN_SKIP_ROOM: player already in queue for rest with intent sched_sleep_player_74
NPC_ASSIGN_ATTEMPT: Flaubert Giles -> rest @ butler_quarters (Intent: sched_sleep_butler_74)
NPC_ASSIGN_SKIP_ROOM: butler already in queue for rest with intent sched_sleep_butler_74
NPC_ASSIGN_ATTEMPT: Partner -> rest @ master_bedroom (Intent: sched_sleep_partner_74)
NPC_ASSIGN_SKIP_ROOM: partner already in queue for rest with intent sched_sleep_partner_74
NPC_ASSIGN_ATTEMPT: Flaubert Giles -> rest @ master_bedroom (Intent: sched_sleep_player_74)
NPC_ASSIGN_SKIP_ROOM: player already in queue for rest with intent sched_sleep_player_74
NPC_ASSIGN_ATTEMPT: Flaubert Giles -> rest @ butler_quarters (Intent: sched_sleep_butler_74)
NPC_ASSIGN_SKIP_ROOM: butler already in queue for rest with intent sched_sleep_butler_74
NPC_ASSIGN_ATTEMPT: Partner -> rest @ master_bedroom (Intent: sched_sleep_partner_74)
NPC_ASSIGN_SKIP_ROOM: partner already in queue for rest with intent sched_sleep_partner_74
NPC_ASSIGN_ATTEMPT: Flaubert Giles -> rest @ master_bedroom (Intent: sched_sleep_player_74)
NPC_ASSIGN_SKIP_ROOM: player already in queue for rest with intent sched_sleep_player_74
NPC_ASSIGN_ATTEMPT: Flaubert Giles -> rest @ butler_quarters (Intent: sched_sleep_butler_74)
NPC_ASSIGN_SKIP_ROOM: butler already in queue for rest with intent sched_sleep_butler_74
NPC_ASSIGN_ATTEMPT: Partner -> rest @ master_bedroom (Intent: sched_sleep_partner_74)
NPC_ASSIGN_SKIP_ROOM: partner already in queue for rest with intent sched_sleep_partner_74
NPC_ASSIGN_ATTEMPT: Flaubert Giles -> rest @ master_bedroom (Intent: sched_sleep_player_74)
NPC_ASSIGN_SKIP_ROOM: player already in queue for rest with intent sched_sleep_player_74
NPC_ASSIGN_ATTEMPT: Flaubert Giles -> rest @ butler_quarters (Intent: sched_sleep_butler_74)
NPC_ASSIGN_SKIP_ROOM: butler already in queue for rest with intent sched_sleep_butler_74
NPC_ASSIGN_ATTEMPT: Partner -> rest @ master_bedroom (Intent: sched_sleep_partner_74)
NPC_ASSIGN_SKIP_ROOM: partner already in queue for rest with intent sched_sleep_partner_74
NPC_ASSIGN_ATTEMPT: Flaubert Giles -> rest @ master_bedroom (Intent: sched_sleep_player_74)
NPC_ASSIGN_SKIP_ROOM: player already in queue for rest with intent sched_sleep_player_74
NPC_ASSIGN_ATTEMPT: Flaubert Giles -> rest @ butler_quarters (Intent: sched_sleep_butler_74)
NPC_ASSIGN_SKIP_ROOM: butler already in queue for rest with intent sched_sleep_butler_74
NPC_ASSIGN_ATTEMPT: Partner -> rest @ master_bedroom (Intent: sched_sleep_partner_74)
NPC_ASSIGN_SKIP_ROOM: partner already in queue for rest with intent sched_sleep_partner_74
NPC_ASSIGN_ATTEMPT: Flaubert Giles -> rest @ master_bedroom (Intent: sched_sleep_player_74)
NPC_ASSIGN_SKIP_ROOM: player already in queue for rest with intent sched_sleep_player_74
NPC_ASSIGN_ATTEMPT: Flaubert Giles -> rest @ butler_quarters (Intent: sched_sleep_butler_74)
NPC_ASSIGN_SKIP_ROOM: butler already in queue for rest with intent sched_sleep_butler_74
NPC_ASSIGN_ATTEMPT: Partner -> rest @ master_bedroom (Intent: sched_sleep_partner_74)
NPC_ASSIGN_SKIP_ROOM: partner already in queue for rest with intent sched_sleep_partner_74
NPC_ASSIGN_ATTEMPT: Flaubert Giles -> rest @ master_bedroom (Intent: sched_sleep_player_74)
NPC_ASSIGN_SKIP_ROOM: player already in queue for rest with intent sched_sleep_player_74
NPC_ASSIGN_ATTEMPT: Flaubert Giles -> rest @ butler_quarters (Intent: sched_sleep_butler_74)
NPC_ASSIGN_SKIP_ROOM: butler already in queue for rest with intent sched_sleep_butler_74
NPC_ASSIGN_ATTEMPT: Partner -> rest @ master_bedroom (Intent: sched_sleep_partner_74)
NPC_ASSIGN_SKIP_ROOM: partner already in queue for rest with intent sched_sleep_partner_74
NPC_ASSIGN_ATTEMPT: Flaubert Giles -> rest @ master_bedroom (Intent: sched_sleep_player_74)
NPC_ASSIGN_SKIP_ROOM: player already in queue for rest with intent sched_sleep_player_74
NPC_ASSIGN_ATTEMPT: Flaubert Giles -> rest @ butler_quarters (Intent: sched_sleep_butler_74)
NPC_ASSIGN_SKIP_ROOM: butler already in queue for rest with intent sched_sleep_butler_74
NPC_ASSIGN_ATTEMPT: Partner -> rest @ master_bedroom (Intent: sched_sleep_partner_74)
NPC_ASSIGN_SKIP_ROOM: partner already in queue for rest with intent sched_sleep_partner_74
NPC_ASSIGN_ATTEMPT: Flaubert Giles -> rest @ master_bedroom (Intent: sched_sleep_player_74)
NPC_ASSIGN_SKIP_ROOM: player already in queue for rest with intent sched_sleep_player_74
NPC_ASSIGN_ATTEMPT: Flaubert Giles -> rest @ butler_quarters (Intent: sched_sleep_butler_74)
NPC_ASSIGN_SKIP_ROOM: butler already in queue for rest with intent sched_sleep_butler_74
NPC_ASSIGN_ATTEMPT: Partner -> rest @ master_bedroom (Intent: sched_sleep_partner_74)
NPC_ASSIGN_SKIP_ROOM: partner already in queue for rest with intent sched_sleep_partner_74
NPC_ASSIGN_ATTEMPT: Flaubert Giles -> rest @ master_bedroom (Intent: sched_sleep_player_74)
NPC_ASSIGN_SKIP_ROOM: player already in queue for rest with intent sched_sleep_player_74
NPC_ASSIGN_ATTEMPT: Flaubert Giles -> rest @ butler_quarters (Intent: sched_sleep_butler_74)
NPC_ASSIGN_SKIP_ROOM: butler already in queue for rest with intent sched_sleep_butler_74
NPC_ASSIGN_ATTEMPT: Partner -> rest @ master_bedroom (Intent: sched_sleep_partner_74)
NPC_ASSIGN_SKIP_ROOM: partner already in queue for rest with intent sched_sleep_partner_74
NPC_ASSIGN_ATTEMPT: Flaubert Giles -> rest @ master_bedroom (Intent: sched_sleep_player_74)
NPC_ASSIGN_SKIP_ROOM: player already in queue for rest with intent sched_sleep_player_74
NPC_ASSIGN_ATTEMPT: Flaubert Giles -> rest @ butler_quarters (Intent: sched_sleep_butler_74)
NPC_ASSIGN_SKIP_ROOM: butler already in queue for rest with intent sched_sleep_butler_74
NPC_ASSIGN_ATTEMPT: Partner -> rest @ master_bedroom (Intent: sched_sleep_partner_74)
NPC_ASSIGN_SKIP_ROOM: partner already in queue for rest with intent sched_sleep_partner_74
NPC_ASSIGN_ATTEMPT: Flaubert Giles -> rest @ master_bedroom (Intent: sched_sleep_player_74)
NPC_ASSIGN_SKIP_ROOM: player already in queue for rest with intent sched_sleep_player_74
NPC_ASSIGN_ATTEMPT: Flaubert Giles -> rest @ butler_quarters (Intent: sched_sleep_butler_74)
NPC_ASSIGN_SKIP_ROOM: butler already in queue for rest with intent sched_sleep_butler_74
NPC_ASSIGN_ATTEMPT: Partner -> rest @ master_bedroom (Intent: sched_sleep_partner_74)
NPC_ASSIGN_SKIP_ROOM: partner already in queue for rest with intent sched_sleep_partner_74
NPC_ASSIGN_ATTEMPT: Flaubert Giles -> rest @ master_bedroom (Intent: sched_sleep_player_74)
NPC_ASSIGN_SKIP_ROOM: player already in queue for rest with intent sched_sleep_player_74
NPC_ASSIGN_ATTEMPT: Flaubert Giles -> rest @ butler_quarters (Intent: sched_sleep_butler_74)
NPC_ASSIGN_SKIP_ROOM: butler already in queue for rest with intent sched_sleep_butler_74
NPC_ASSIGN_ATTEMPT: Partner -> rest @ master_bedroom (Intent: sched_sleep_partner_74)
NPC_ASSIGN_SKIP_ROOM: partner already in queue for rest with intent sched_sleep_partner_74
NPC_ASSIGN_ATTEMPT: Flaubert Giles -> rest @ master_bedroom (Intent: sched_sleep_player_74)
NPC_ASSIGN_SKIP_ROOM: player already in queue for rest with intent sched_sleep_player_74
NPC_ASSIGN_ATTEMPT: Flaubert Giles -> rest @ butler_quarters (Intent: sched_sleep_butler_74)
NPC_ASSIGN_SKIP_ROOM: butler already in queue for rest with intent sched_sleep_butler_74
NPC_ASSIGN_ATTEMPT: Partner -> rest @ master_bedroom (Intent: sched_sleep_partner_74)
NPC_ASSIGN_SKIP_ROOM: partner already in queue for rest with intent sched_sleep_partner_74
NPC_ASSIGN_ATTEMPT: Flaubert Giles -> rest @ master_bedroom (Intent: sched_sleep_player_74)
NPC_ASSIGN_SKIP_ROOM: player already in queue for rest with intent sched_sleep_player_74
NPC_ASSIGN_ATTEMPT: Flaubert Giles -> rest @ butler_quarters (Intent: sched_sleep_butler_74)
NPC_ASSIGN_SKIP_ROOM: butler already in queue for rest with intent sched_sleep_butler_74
NPC_ASSIGN_ATTEMPT: Partner -> rest @ master_bedroom (Intent: sched_sleep_partner_74)
NPC_ASSIGN_SKIP_ROOM: partner already in queue for rest with intent sched_sleep_partner_74
NPC_ASSIGN_ATTEMPT: Flaubert Giles -> rest @ master_bedroom (Intent: sched_sleep_player_74)
NPC_ASSIGN_SKIP_ROOM: player already in queue for rest with intent sched_sleep_player_74
NPC_ASSIGN_ATTEMPT: Flaubert Giles -> rest @ butler_quarters (Intent: sched_sleep_butler_74)
NPC_ASSIGN_SKIP_ROOM: butler already in queue for rest with intent sched_sleep_butler_74
NPC_ASSIGN_ATTEMPT: Partner -> rest @ master_bedroom (Intent: sched_sleep_partner_74)
NPC_ASSIGN_SKIP_ROOM: partner already in queue for rest with intent sched_sleep_partner_74
NPC_ASSIGN_ATTEMPT: Flaubert Giles -> rest @ master_bedroom (Intent: sched_sleep_player_74)
NPC_ASSIGN_SKIP_ROOM: player already in queue for rest with intent sched_sleep_player_74
NPC_ASSIGN_ATTEMPT: Flaubert Giles -> rest @ butler_quarters (Intent: sched_sleep_butler_74)
NPC_ASSIGN_SKIP_ROOM: butler already in queue for rest with intent sched_sleep_butler_74
NPC_ASSIGN_ATTEMPT: Partner -> rest @ master_bedroom (Intent: sched_sleep_partner_74)
NPC_ASSIGN_SKIP_ROOM: partner already in queue for rest with intent sched_sleep_partner_74
NPC_ASSIGN_ATTEMPT: Flaubert Giles -> rest @ master_bedroom (Intent: sched_sleep_player_74)
NPC_ASSIGN_SKIP_ROOM: player already in queue for rest with intent sched_sleep_player_74
NPC_ASSIGN_ATTEMPT: Flaubert Giles -> rest @ butler_quarters (Intent: sched_sleep_butler_74)
NPC_ASSIGN_SKIP_ROOM: butler already in queue for rest with intent sched_sleep_butler_74
NPC_ASSIGN_ATTEMPT: Partner -> rest @ master_bedroom (Intent: sched_sleep_partner_74)
NPC_ASSIGN_SKIP_ROOM: partner already in queue for rest with intent sched_sleep_partner_74
NPC_ASSIGN_ATTEMPT: Flaubert Giles -> rest @ master_bedroom (Intent: sched_sleep_player_74)
NPC_ASSIGN_SKIP_ROOM: player already in queue for rest with intent sched_sleep_player_74
NPC_ASSIGN_ATTEMPT: Flaubert Giles -> rest @ butler_quarters (Intent: sched_sleep_butler_74)
NPC_ASSIGN_SKIP_ROOM: butler already in queue for rest with intent sched_sleep_butler_74
NPC_ASSIGN_ATTEMPT: Partner -> rest @ master_bedroom (Intent: sched_sleep_partner_74)
NPC_ASSIGN_SKIP_ROOM: partner already in queue for rest with intent sched_sleep_partner_74
NPC_ASSIGN_ATTEMPT: Flaubert Giles -> rest @ master_bedroom (Intent: sched_sleep_player_74)
NPC_ASSIGN_SKIP_ROOM: player already in queue for rest with intent sched_sleep_player_74
NPC_ASSIGN_ATTEMPT: Flaubert Giles -> rest @ butler_quarters (Intent: sched_sleep_butler_74)
NPC_ASSIGN_SKIP_ROOM: butler already in queue for rest with intent sched_sleep_butler_74
NPC_ASSIGN_ATTEMPT: Partner -> rest @ master_bedroom (Intent: sched_sleep_partner_74)
NPC_ASSIGN_SKIP_ROOM: partner already in queue for rest with intent sched_sleep_partner_74
NPC_ASSIGN_ATTEMPT: Flaubert Giles -> rest @ master_bedroom (Intent: sched_sleep_player_74)
NPC_ASSIGN_SKIP_ROOM: player already in queue for rest with intent sched_sleep_player_74
NPC_ASSIGN_ATTEMPT: Flaubert Giles -> rest @ butler_quarters (Intent: sched_sleep_butler_74)
NPC_ASSIGN_SKIP_ROOM: butler already in queue for rest with intent sched_sleep_butler_74
NPC_ASSIGN_ATTEMPT: Partner -> rest @ master_bedroom (Intent: sched_sleep_partner_74)
NPC_ASSIGN_SKIP_ROOM: partner already in queue for rest with intent sched_sleep_partner_74
NPC_ASSIGN_ATTEMPT: Flaubert Giles -> rest @ master_bedroom (Intent: sched_sleep_player_74)
NPC_ASSIGN_SKIP_ROOM: player already in queue for rest with intent sched_sleep_player_74
NPC_ASSIGN_ATTEMPT: Flaubert Giles -> rest @ butler_quarters (Intent: sched_sleep_butler_74)
NPC_ASSIGN_SKIP_ROOM: butler already in queue for rest with intent sched_sleep_butler_74
NPC_ASSIGN_ATTEMPT: Partner -> rest @ master_bedroom (Intent: sched_sleep_partner_74)
NPC_ASSIGN_SKIP_ROOM: partner already in queue for rest with intent sched_sleep_partner_74
NPC_ASSIGN_ATTEMPT: Flaubert Giles -> rest @ master_bedroom (Intent: sched_sleep_player_74)
NPC_ASSIGN_SKIP_ROOM: player already in queue for rest with intent sched_sleep_player_74
NPC_ASSIGN_ATTEMPT: Flaubert Giles -> rest @ butler_quarters (Intent: sched_sleep_butler_74)
NPC_ASSIGN_SKIP_ROOM: butler already in queue for rest with intent sched_sleep_butler_74
NPC_ASSIGN_ATTEMPT: Partner -> rest @ master_bedroom (Intent: sched_sleep_partner_74)
NPC_ASSIGN_SKIP_ROOM: partner already in queue for rest with intent sched_sleep_partner_74
NPC_ASSIGN_ATTEMPT: Flaubert Giles -> rest @ master_bedroom (Intent: sched_sleep_player_74)
NPC_ASSIGN_SKIP_ROOM: player already in queue for rest with intent sched_sleep_player_74
NPC_ASSIGN_ATTEMPT: Flaubert Giles -> rest @ butler_quarters (Intent: sched_sleep_butler_74)
NPC_ASSIGN_SKIP_ROOM: butler already in queue for rest with intent sched_sleep_butler_74
NPC_ASSIGN_ATTEMPT: Partner -> rest @ master_bedroom (Intent: sched_sleep_partner_74)
NPC_ASSIGN_SKIP_ROOM: partner already in queue for rest with intent sched_sleep_partner_74
NPC_ASSIGN_ATTEMPT: Flaubert Giles -> rest @ master_bedroom (Intent: sched_sleep_player_74)
NPC_ASSIGN_SKIP_ROOM: player already in queue for rest with intent sched_sleep_player_74
NPC_ASSIGN_ATTEMPT: Flaubert Giles -> rest @ butler_quarters (Intent: sched_sleep_butler_74)
NPC_ASSIGN_SKIP_ROOM: butler already in queue for rest with intent sched_sleep_butler_74
NPC_ASSIGN_ATTEMPT: Partner -> rest @ master_bedroom (Intent: sched_sleep_partner_74)
NPC_ASSIGN_SKIP_ROOM: partner already in queue for rest with intent sched_sleep_partner_74
NPC_ASSIGN_ATTEMPT: Flaubert Giles -> rest @ master_bedroom (Intent: sched_sleep_player_74)
NPC_ASSIGN_SKIP_ROOM: player already in queue for rest with intent sched_sleep_player_74
NPC_ASSIGN_ATTEMPT: Flaubert Giles -> rest @ butler_quarters (Intent: sched_sleep_butler_74)
NPC_ASSIGN_SKIP_ROOM: butler already in queue for rest with intent sched_sleep_butler_74
NPC_ASSIGN_ATTEMPT: Partner -> rest @ master_bedroom (Intent: sched_sleep_partner_74)
NPC_ASSIGN_SKIP_ROOM: partner already in queue for rest with intent sched_sleep_partner_74
NPC_ASSIGN_ATTEMPT: Flaubert Giles -> rest @ master_bedroom (Intent: sched_sleep_player_74)
NPC_ASSIGN_SKIP_ROOM: player already in queue for rest with intent sched_sleep_player_74
NPC_ASSIGN_ATTEMPT: Flaubert Giles -> rest @ butler_quarters (Intent: sched_sleep_butler_74)
NPC_ASSIGN_SKIP_ROOM: butler already in queue for rest with intent sched_sleep_butler_74
NPC_ASSIGN_ATTEMPT: Partner -> rest @ master_bedroom (Intent: sched_sleep_partner_74)
NPC_ASSIGN_SKIP_ROOM: partner already in queue for rest with intent sched_sleep_partner_74
NPC_ASSIGN_ATTEMPT: Flaubert Giles -> rest @ master_bedroom (Intent: sched_sleep_player_74)
NPC_ASSIGN_SKIP_ROOM: player already in queue for rest with intent sched_sleep_player_74
NPC_ASSIGN_ATTEMPT: Flaubert Giles -> rest @ butler_quarters (Intent: sched_sleep_butler_74)
NPC_ASSIGN_SKIP_ROOM: butler already in queue for rest with intent sched_sleep_butler_74
NPC_ASSIGN_ATTEMPT: Partner -> rest @ master_bedroom (Intent: sched_sleep_partner_74)
NPC_ASSIGN_SKIP_ROOM: partner already in queue for rest with intent sched_sleep_partner_74
NPC_ASSIGN_ATTEMPT: Flaubert Giles -> rest @ master_bedroom (Intent: sched_sleep_player_74)
NPC_ASSIGN_SKIP_ROOM: player already in queue for rest with intent sched_sleep_player_74
NPC_ASSIGN_ATTEMPT: Flaubert Giles -> rest @ butler_quarters (Intent: sched_sleep_butler_74)
NPC_ASSIGN_SKIP_ROOM: butler already in queue for rest with intent sched_sleep_butler_74
NPC_ASSIGN_ATTEMPT: Partner -> rest @ master_bedroom (Intent: sched_sleep_partner_74)
NPC_ASSIGN_SKIP_ROOM: partner already in queue for rest with intent sched_sleep_partner_74
NPC_ASSIGN_ATTEMPT: Flaubert Giles -> rest @ master_bedroom (Intent: sched_sleep_player_74)
NPC_ASSIGN_SKIP_ROOM: player already in queue for rest with intent sched_sleep_player_74
NPC_ASSIGN_ATTEMPT: Flaubert Giles -> rest @ butler_quarters (Intent: sched_sleep_butler_74)
NPC_ASSIGN_SKIP_ROOM: butler already in queue for rest with intent sched_sleep_butler_74
NPC_ASSIGN_ATTEMPT: Partner -> rest @ master_bedroom (Intent: sched_sleep_partner_74)
NPC_ASSIGN_SKIP_ROOM: partner already in queue for rest with intent sched_sleep_partner_74
NPC_ASSIGN_ATTEMPT: Flaubert Giles -> rest @ master_bedroom (Intent: sched_sleep_player_74)
NPC_ASSIGN_SKIP_ROOM: player already in queue for rest with intent sched_sleep_player_74
NPC_ASSIGN_ATTEMPT: Flaubert Giles -> rest @ butler_quarters (Intent: sched_sleep_butler_74)
NPC_ASSIGN_SKIP_ROOM: butler already in queue for rest with intent sched_sleep_butler_74
NPC_ASSIGN_ATTEMPT: Partner -> rest @ master_bedroom (Intent: sched_sleep_partner_74)
NPC_ASSIGN_SKIP_ROOM: partner already in queue for rest with intent sched_sleep_partner_74
NPC_ASSIGN_ATTEMPT: Flaubert Giles -> rest @ master_bedroom (Intent: sched_sleep_player_74)
NPC_ASSIGN_SKIP_ROOM: player already in queue for rest with intent sched_sleep_player_74
NPC_ASSIGN_ATTEMPT: Flaubert Giles -> rest @ butler_quarters (Intent: sched_sleep_butler_74)
NPC_ASSIGN_SKIP_ROOM: butler already in queue for rest with intent sched_sleep_butler_74
NPC_ASSIGN_ATTEMPT: Partner -> rest @ master_bedroom (Intent: sched_sleep_partner_74)
NPC_ASSIGN_SKIP_ROOM: partner already in queue for rest with intent sched_sleep_partner_74
NPC_ASSIGN_ATTEMPT: Flaubert Giles -> rest @ master_bedroom (Intent: sched_sleep_player_74)
NPC_ASSIGN_SKIP_ROOM: player already in queue for rest with intent sched_sleep_player_74
NPC_ASSIGN_ATTEMPT: Flaubert Giles -> rest @ butler_quarters (Intent: sched_sleep_butler_74)
NPC_ASSIGN_SKIP_ROOM: butler already in queue for rest with intent sched_sleep_butler_74
NPC_ASSIGN_ATTEMPT: Partner -> rest @ master_bedroom (Intent: sched_sleep_partner_74)
NPC_ASSIGN_SKIP_ROOM: partner already in queue for rest with intent sched_sleep_partner_74
NPC_ASSIGN_ATTEMPT: Flaubert Giles -> rest @ master_bedroom (Intent: sched_sleep_player_74)
NPC_ASSIGN_SKIP_ROOM: player already in queue for rest with intent sched_sleep_player_74
NPC_ASSIGN_ATTEMPT: Flaubert Giles -> rest @ butler_quarters (Intent: sched_sleep_butler_74)
NPC_ASSIGN_SKIP_ROOM: butler already in queue for rest with intent sched_sleep_butler_74
NPC_ASSIGN_ATTEMPT: Partner -> rest @ master_bedroom (Intent: sched_sleep_partner_74)
NPC_ASSIGN_SKIP_ROOM: partner already in queue for rest with intent sched_sleep_partner_74
NPC_ASSIGN_ATTEMPT: Flaubert Giles -> rest @ master_bedroom (Intent: sched_sleep_player_74)
NPC_ASSIGN_SKIP_ROOM: player already in queue for rest with intent sched_sleep_player_74
NPC_ASSIGN_ATTEMPT: Flaubert Giles -> rest @ butler_quarters (Intent: sched_sleep_butler_74)
NPC_ASSIGN_SKIP_ROOM: butler already in queue for rest with intent sched_sleep_butler_74
NPC_ASSIGN_ATTEMPT: Partner -> rest @ master_bedroom (Intent: sched_sleep_partner_74)
NPC_ASSIGN_SKIP_ROOM: partner already in queue for rest with intent sched_sleep_partner_74
NPC_ASSIGN_ATTEMPT: Flaubert Giles -> rest @ master_bedroom (Intent: sched_sleep_player_74)
NPC_ASSIGN_SKIP_ROOM: player already in queue for rest with intent sched_sleep_player_74
NPC_ASSIGN_ATTEMPT: Flaubert Giles -> rest @ butler_quarters (Intent: sched_sleep_butler_74)
NPC_ASSIGN_SKIP_ROOM: butler already in queue for rest with intent sched_sleep_butler_74
NPC_ASSIGN_ATTEMPT: Partner -> rest @ master_bedroom (Intent: sched_sleep_partner_74)
NPC_ASSIGN_SKIP_ROOM: partner already in queue for rest with intent sched_sleep_partner_74
NPC_ASSIGN_ATTEMPT: Flaubert Giles -> rest @ master_bedroom (Intent: sched_sleep_player_74)
NPC_ASSIGN_SKIP_ROOM: player already in queue for rest with intent sched_sleep_player_74
NPC_ASSIGN_ATTEMPT: Flaubert Giles -> rest @ butler_quarters (Intent: sched_sleep_butler_74)
NPC_ASSIGN_SKIP_ROOM: butler already in queue for rest with intent sched_sleep_butler_74
NPC_ASSIGN_ATTEMPT: Partner -> rest @ master_bedroom (Intent: sched_sleep_partner_74)
NPC_ASSIGN_SKIP_ROOM: partner already in queue for rest with intent sched_sleep_partner_74
NPC_ASSIGN_ATTEMPT: Flaubert Giles -> rest @ master_bedroom (Intent: sched_sleep_player_74)
NPC_ASSIGN_SKIP_ROOM: player already in queue for rest with intent sched_sleep_player_74
NPC_ASSIGN_ATTEMPT: Flaubert Giles -> rest @ butler_quarters (Intent: sched_sleep_butler_74)
NPC_ASSIGN_SKIP_ROOM: butler already in queue for rest with intent sched_sleep_butler_74
NPC_ASSIGN_ATTEMPT: Partner -> rest @ master_bedroom (Intent: sched_sleep_partner_74)
NPC_ASSIGN_SKIP_ROOM: partner already in queue for rest with intent sched_sleep_partner_74
NPC_ASSIGN_ATTEMPT: Flaubert Giles -> rest @ master_bedroom (Intent: sched_sleep_player_74)
NPC_ASSIGN_SKIP_ROOM: player already in queue for rest with intent sched_sleep_player_74
NPC_ASSIGN_ATTEMPT: Flaubert Giles -> rest @ butler_quarters (Intent: sched_sleep_butler_74)
NPC_ASSIGN_SKIP_ROOM: butler already in queue for rest with intent sched_sleep_butler_74
NPC_ASSIGN_ATTEMPT: Partner -> rest @ master_bedroom (Intent: sched_sleep_partner_74)
NPC_ASSIGN_SKIP_ROOM: partner already in queue for rest with intent sched_sleep_partner_74
NPC_ASSIGN_ATTEMPT: Flaubert Giles -> rest @ master_bedroom (Intent: sched_sleep_player_74)
NPC_ASSIGN_SKIP_ROOM: player already in queue for rest with intent sched_sleep_player_74
NPC_ASSIGN_ATTEMPT: Flaubert Giles -> rest @ butler_quarters (Intent: sched_sleep_butler_74)
NPC_ASSIGN_SKIP_ROOM: butler already in queue for rest with intent sched_sleep_butler_74
NPC_ASSIGN_ATTEMPT: Partner -> rest @ master_bedroom (Intent: sched_sleep_partner_74)
NPC_ASSIGN_SKIP_ROOM: partner already in queue for rest with intent sched_sleep_partner_74
NPC_ASSIGN_ATTEMPT: Flaubert Giles -> rest @ master_bedroom (Intent: sched_sleep_player_74)
NPC_ASSIGN_SKIP_ROOM: player already in queue for rest with intent sched_sleep_player_74
NPC_ASSIGN_ATTEMPT: Flaubert Giles -> rest @ butler_quarters (Intent: sched_sleep_butler_74)
NPC_ASSIGN_SKIP_ROOM: butler already in queue for rest with intent sched_sleep_butler_74
NPC_ASSIGN_ATTEMPT: Partner -> rest @ master_bedroom (Intent: sched_sleep_partner_74)
NPC_ASSIGN_SKIP_ROOM: partner already in queue for rest with intent sched_sleep_partner_74
NPC_ASSIGN_ATTEMPT: Flaubert Giles -> rest @ master_bedroom (Intent: sched_sleep_player_74)
NPC_ASSIGN_SKIP_ROOM: player already in queue for rest with intent sched_sleep_player_74
NPC_ASSIGN_ATTEMPT: Flaubert Giles -> rest @ butler_quarters (Intent: sched_sleep_butler_74)
NPC_ASSIGN_SKIP_ROOM: butler already in queue for rest with intent sched_sleep_butler_74
NPC_ASSIGN_ATTEMPT: Partner -> rest @ master_bedroom (Intent: sched_sleep_partner_74)
NPC_ASSIGN_SKIP_ROOM: partner already in queue for rest with intent sched_sleep_partner_74
NPC_ASSIGN_ATTEMPT: Flaubert Giles -> rest @ master_bedroom (Intent: sched_sleep_player_74)
NPC_ASSIGN_SKIP_ROOM: player already in queue for rest with intent sched_sleep_player_74
NPC_ASSIGN_ATTEMPT: Flaubert Giles -> rest @ butler_quarters (Intent: sched_sleep_butler_74)
NPC_ASSIGN_SKIP_ROOM: butler already in queue for rest with intent sched_sleep_butler_74
NPC_ASSIGN_ATTEMPT: Partner -> rest @ master_bedroom (Intent: sched_sleep_partner_74)
NPC_ASSIGN_SKIP_ROOM: partner already in queue for rest with intent sched_sleep_partner_74
NPC_ASSIGN_ATTEMPT: Flaubert Giles -> rest @ master_bedroom (Intent: sched_sleep_player_74)
NPC_ASSIGN_SKIP_ROOM: player already in queue for rest with intent sched_sleep_player_74
NPC_ASSIGN_ATTEMPT: Flaubert Giles -> rest @ butler_quarters (Intent: sched_sleep_butler_74)
NPC_ASSIGN_SKIP_ROOM: butler already in queue for rest with intent sched_sleep_butler_74
NPC_ASSIGN_ATTEMPT: Partner -> rest @ master_bedroom (Intent: sched_sleep_partner_74)
NPC_ASSIGN_SKIP_ROOM: partner already in queue for rest with intent sched_sleep_partner_74
NPC_ASSIGN_ATTEMPT: Flaubert Giles -> rest @ master_bedroom (Intent: sched_sleep_player_74)
NPC_ASSIGN_SKIP_ROOM: player already in queue for rest with intent sched_sleep_player_74
NPC_ASSIGN_ATTEMPT: Flaubert Giles -> rest @ butler_quarters (Intent: sched_sleep_butler_74)
NPC_ASSIGN_SKIP_ROOM: butler already in queue for rest with intent sched_sleep_butler_74
NPC_ASSIGN_ATTEMPT: Partner -> rest @ master_bedroom (Intent: sched_sleep_partner_74)
NPC_ASSIGN_SKIP_ROOM: partner already in queue for rest with intent sched_sleep_partner_74
NPC_ASSIGN_ATTEMPT: Flaubert Giles -> rest @ master_bedroom (Intent: sched_sleep_player_74)
NPC_ASSIGN_SKIP_ROOM: player already in queue for rest with intent sched_sleep_player_74
NPC_ASSIGN_ATTEMPT: Flaubert Giles -> rest @ butler_quarters (Intent: sched_sleep_butler_74)
NPC_ASSIGN_SKIP_ROOM: butler already in queue for rest with intent sched_sleep_butler_74
NPC_ASSIGN_ATTEMPT: Partner -> rest @ master_bedroom (Intent: sched_sleep_partner_74)
NPC_ASSIGN_SKIP_ROOM: partner already in queue for rest with intent sched_sleep_partner_74
NPC_ASSIGN_ATTEMPT: Flaubert Giles -> rest @ master_bedroom (Intent: sched_sleep_player_74)
NPC_ASSIGN_SKIP_ROOM: player already in queue for rest with intent sched_sleep_player_74
NPC_ASSIGN_ATTEMPT: Flaubert Giles -> rest @ butler_quarters (Intent: sched_sleep_butler_74)
NPC_ASSIGN_SKIP_ROOM: butler already in queue for rest with intent sched_sleep_butler_74
NPC_ASSIGN_ATTEMPT: Partner -> rest @ master_bedroom (Intent: sched_sleep_partner_74)
NPC_ASSIGN_SKIP_ROOM: partner already in queue for rest with intent sched_sleep_partner_74
NPC_ASSIGN_ATTEMPT: Flaubert Giles -> rest @ master_bedroom (Intent: sched_sleep_player_74)
NPC_ASSIGN_SKIP_ROOM: player already in queue for rest with intent sched_sleep_player_74
NPC_ASSIGN_ATTEMPT: Flaubert Giles -> rest @ butler_quarters (Intent: sched_sleep_butler_74)
NPC_ASSIGN_SKIP_ROOM: butler already in queue for rest with intent sched_sleep_butler_74
NPC_ASSIGN_ATTEMPT: Partner -> rest @ master_bedroom (Intent: sched_sleep_partner_74)
NPC_ASSIGN_SKIP_ROOM: partner already in queue for rest with intent sched_sleep_partner_74
NPC_ASSIGN_ATTEMPT: Flaubert Giles -> rest @ master_bedroom (Intent: sched_sleep_player_74)
NPC_ASSIGN_SKIP_ROOM: player already in queue for rest with intent sched_sleep_player_74
NPC_ASSIGN_ATTEMPT: Flaubert Giles -> rest @ butler_quarters (Intent: sched_sleep_butler_74)
NPC_ASSIGN_SKIP_ROOM: butler already in queue for rest with intent sched_sleep_butler_74
NPC_ASSIGN_ATTEMPT: Partner -> rest @ master_bedroom (Intent: sched_sleep_partner_74)
NPC_ASSIGN_SKIP_ROOM: partner already in queue for rest with intent sched_sleep_partner_74
NPC_ASSIGN_ATTEMPT: Flaubert Giles -> rest @ master_bedroom (Intent: sched_sleep_player_75)
NPC_ASSIGN_ATTEMPT: Flaubert Giles -> rest @ butler_quarters (Intent: sched_sleep_butler_75)
NPC_ASSIGN_ATTEMPT: Partner -> rest @ master_bedroom (Intent: sched_sleep_partner_75)
NPC_ASSIGN_ATTEMPT: Flaubert Giles -> rest @ master_bedroom (Intent: sched_sleep_player_75)
NPC_ASSIGN_SKIP_ROOM: player already in queue for rest with intent sched_sleep_player_75
NPC_ASSIGN_ATTEMPT: Flaubert Giles -> rest @ butler_quarters (Intent: sched_sleep_butler_75)
NPC_ASSIGN_SKIP_ROOM: butler already in queue for rest with intent sched_sleep_butler_75
NPC_ASSIGN_ATTEMPT: Partner -> rest @ master_bedroom (Intent: sched_sleep_partner_75)
NPC_ASSIGN_SKIP_ROOM: partner already in queue for rest with intent sched_sleep_partner_75
NPC_ASSIGN_ATTEMPT: Flaubert Giles -> rest @ master_bedroom (Intent: sched_sleep_player_75)
NPC_ASSIGN_SKIP_ROOM: player already in queue for rest with intent sched_sleep_player_75
NPC_ASSIGN_ATTEMPT: Flaubert Giles -> rest @ butler_quarters (Intent: sched_sleep_butler_75)
NPC_ASSIGN_SKIP_ROOM: butler already in queue for rest with intent sched_sleep_butler_75
NPC_ASSIGN_ATTEMPT: Partner -> rest @ master_bedroom (Intent: sched_sleep_partner_75)
NPC_ASSIGN_SKIP_ROOM: partner already in queue for rest with intent sched_sleep_partner_75
NPC_ASSIGN_ATTEMPT: Flaubert Giles -> rest @ master_bedroom (Intent: sched_sleep_player_75)
NPC_ASSIGN_SKIP_ROOM: player already in queue for rest with intent sched_sleep_player_75
NPC_ASSIGN_ATTEMPT: Flaubert Giles -> rest @ butler_quarters (Intent: sched_sleep_butler_75)
NPC_ASSIGN_SKIP_ROOM: butler already in queue for rest with intent sched_sleep_butler_75
NPC_ASSIGN_ATTEMPT: Partner -> rest @ master_bedroom (Intent: sched_sleep_partner_75)
NPC_ASSIGN_SKIP_ROOM: partner already in queue for rest with intent sched_sleep_partner_75
NPC_ASSIGN_ATTEMPT: Flaubert Giles -> rest @ master_bedroom (Intent: sched_sleep_player_75)
NPC_ASSIGN_SKIP_ROOM: player already in queue for rest with intent sched_sleep_player_75
NPC_ASSIGN_ATTEMPT: Flaubert Giles -> rest @ butler_quarters (Intent: sched_sleep_butler_75)
NPC_ASSIGN_SKIP_ROOM: butler already in queue for rest with intent sched_sleep_butler_75
NPC_ASSIGN_ATTEMPT: Partner -> rest @ master_bedroom (Intent: sched_sleep_partner_75)
NPC_ASSIGN_SKIP_ROOM: partner already in queue for rest with intent sched_sleep_partner_75
NPC_ASSIGN_ATTEMPT: Flaubert Giles -> rest @ master_bedroom (Intent: sched_sleep_player_75)
NPC_ASSIGN_SKIP_ROOM: player already in queue for rest with intent sched_sleep_player_75
NPC_ASSIGN_ATTEMPT: Flaubert Giles -> rest @ butler_quarters (Intent: sched_sleep_butler_75)
NPC_ASSIGN_SKIP_ROOM: butler already in queue for rest with intent sched_sleep_butler_75
NPC_ASSIGN_ATTEMPT: Partner -> rest @ master_bedroom (Intent: sched_sleep_partner_75)
NPC_ASSIGN_SKIP_ROOM: partner already in queue for rest with intent sched_sleep_partner_75
NPC_ASSIGN_ATTEMPT: Flaubert Giles -> rest @ master_bedroom (Intent: sched_sleep_player_75)
NPC_ASSIGN_SKIP_ROOM: player already in queue for rest with intent sched_sleep_player_75
NPC_ASSIGN_ATTEMPT: Flaubert Giles -> rest @ butler_quarters (Intent: sched_sleep_butler_75)
NPC_ASSIGN_SKIP_ROOM: butler already in queue for rest with intent sched_sleep_butler_75
NPC_ASSIGN_ATTEMPT: Partner -> rest @ master_bedroom (Intent: sched_sleep_partner_75)
NPC_ASSIGN_SKIP_ROOM: partner already in queue for rest with intent sched_sleep_partner_75
NPC_ASSIGN_ATTEMPT: Flaubert Giles -> rest @ master_bedroom (Intent: sched_sleep_player_75)
NPC_ASSIGN_SKIP_ROOM: player already in queue for rest with intent sched_sleep_player_75
NPC_ASSIGN_ATTEMPT: Flaubert Giles -> rest @ butler_quarters (Intent: sched_sleep_butler_75)
NPC_ASSIGN_SKIP_ROOM: butler already in queue for rest with intent sched_sleep_butler_75
NPC_ASSIGN_ATTEMPT: Partner -> rest @ master_bedroom (Intent: sched_sleep_partner_75)
NPC_ASSIGN_SKIP_ROOM: partner already in queue for rest with intent sched_sleep_partner_75
NPC_ASSIGN_ATTEMPT: Flaubert Giles -> rest @ master_bedroom (Intent: sched_sleep_player_75)
NPC_ASSIGN_SKIP_ROOM: player already in queue for rest with intent sched_sleep_player_75
NPC_ASSIGN_ATTEMPT: Flaubert Giles -> rest @ butler_quarters (Intent: sched_sleep_butler_75)
NPC_ASSIGN_SKIP_ROOM: butler already in queue for rest with intent sched_sleep_butler_75
NPC_ASSIGN_ATTEMPT: Partner -> rest @ master_bedroom (Intent: sched_sleep_partner_75)
NPC_ASSIGN_SKIP_ROOM: partner already in queue for rest with intent sched_sleep_partner_75
NPC_ASSIGN_ATTEMPT: Flaubert Giles -> rest @ master_bedroom (Intent: sched_sleep_player_75)
NPC_ASSIGN_SKIP_ROOM: player already in queue for rest with intent sched_sleep_player_75
NPC_ASSIGN_ATTEMPT: Flaubert Giles -> rest @ butler_quarters (Intent: sched_sleep_butler_75)
NPC_ASSIGN_SKIP_ROOM: butler already in queue for rest with intent sched_sleep_butler_75
NPC_ASSIGN_ATTEMPT: Partner -> rest @ master_bedroom (Intent: sched_sleep_partner_75)
NPC_ASSIGN_SKIP_ROOM: partner already in queue for rest with intent sched_sleep_partner_75
NPC_ASSIGN_ATTEMPT: Flaubert Giles -> rest @ master_bedroom (Intent: sched_sleep_player_75)
NPC_ASSIGN_SKIP_ROOM: player already in queue for rest with intent sched_sleep_player_75
NPC_ASSIGN_ATTEMPT: Flaubert Giles -> rest @ butler_quarters (Intent: sched_sleep_butler_75)
NPC_ASSIGN_SKIP_ROOM: butler already in queue for rest with intent sched_sleep_butler_75
NPC_ASSIGN_ATTEMPT: Partner -> rest @ master_bedroom (Intent: sched_sleep_partner_75)
NPC_ASSIGN_SKIP_ROOM: partner already in queue for rest with intent sched_sleep_partner_75
NPC_ASSIGN_ATTEMPT: Flaubert Giles -> rest @ master_bedroom (Intent: sched_sleep_player_75)
NPC_ASSIGN_SKIP_ROOM: player already in queue for rest with intent sched_sleep_player_75
NPC_ASSIGN_ATTEMPT: Flaubert Giles -> rest @ butler_quarters (Intent: sched_sleep_butler_75)
NPC_ASSIGN_SKIP_ROOM: butler already in queue for rest with intent sched_sleep_butler_75
NPC_ASSIGN_ATTEMPT: Partner -> rest @ master_bedroom (Intent: sched_sleep_partner_75)
NPC_ASSIGN_SKIP_ROOM: partner already in queue for rest with intent sched_sleep_partner_75
NPC_ASSIGN_ATTEMPT: Flaubert Giles -> rest @ master_bedroom (Intent: sched_sleep_player_75)
NPC_ASSIGN_SKIP_ROOM: player already in queue for rest with intent sched_sleep_player_75
NPC_ASSIGN_ATTEMPT: Flaubert Giles -> rest @ butler_quarters (Intent: sched_sleep_butler_75)
NPC_ASSIGN_SKIP_ROOM: butler already in queue for rest with intent sched_sleep_butler_75
NPC_ASSIGN_ATTEMPT: Partner -> rest @ master_bedroom (Intent: sched_sleep_partner_75)
NPC_ASSIGN_SKIP_ROOM: partner already in queue for rest with intent sched_sleep_partner_75
NPC_ASSIGN_ATTEMPT: Flaubert Giles -> rest @ master_bedroom (Intent: sched_sleep_player_75)
NPC_ASSIGN_SKIP_ROOM: player already in queue for rest with intent sched_sleep_player_75
NPC_ASSIGN_ATTEMPT: Flaubert Giles -> rest @ butler_quarters (Intent: sched_sleep_butler_75)
NPC_ASSIGN_SKIP_ROOM: butler already in queue for rest with intent sched_sleep_butler_75
NPC_ASSIGN_ATTEMPT: Partner -> rest @ master_bedroom (Intent: sched_sleep_partner_75)
NPC_ASSIGN_SKIP_ROOM: partner already in queue for rest with intent sched_sleep_partner_75
NPC_ASSIGN_ATTEMPT: Flaubert Giles -> rest @ master_bedroom (Intent: sched_sleep_player_75)
NPC_ASSIGN_SKIP_ROOM: player already in queue for rest with intent sched_sleep_player_75
NPC_ASSIGN_ATTEMPT: Flaubert Giles -> rest @ butler_quarters (Intent: sched_sleep_butler_75)
NPC_ASSIGN_SKIP_ROOM: butler already in queue for rest with intent sched_sleep_butler_75
NPC_ASSIGN_ATTEMPT: Partner -> rest @ master_bedroom (Intent: sched_sleep_partner_75)
NPC_ASSIGN_SKIP_ROOM: partner already in queue for rest with intent sched_sleep_partner_75
NPC_ASSIGN_ATTEMPT: Flaubert Giles -> rest @ master_bedroom (Intent: sched_sleep_player_75)
NPC_ASSIGN_SKIP_ROOM: player already in queue for rest with intent sched_sleep_player_75
NPC_ASSIGN_ATTEMPT: Flaubert Giles -> rest @ butler_quarters (Intent: sched_sleep_butler_75)
NPC_ASSIGN_SKIP_ROOM: butler already in queue for rest with intent sched_sleep_butler_75
NPC_ASSIGN_ATTEMPT: Partner -> rest @ master_bedroom (Intent: sched_sleep_partner_75)
NPC_ASSIGN_SKIP_ROOM: partner already in queue for rest with intent sched_sleep_partner_75
NPC_ASSIGN_ATTEMPT: Flaubert Giles -> rest @ master_bedroom (Intent: sched_sleep_player_75)
NPC_ASSIGN_SKIP_ROOM: player already in queue for rest with intent sched_sleep_player_75
NPC_ASSIGN_ATTEMPT: Flaubert Giles -> rest @ butler_quarters (Intent: sched_sleep_butler_75)
NPC_ASSIGN_SKIP_ROOM: butler already in queue for rest with intent sched_sleep_butler_75
NPC_ASSIGN_ATTEMPT: Partner -> rest @ master_bedroom (Intent: sched_sleep_partner_75)
NPC_ASSIGN_SKIP_ROOM: partner already in queue for rest with intent sched_sleep_partner_75
NPC_ASSIGN_ATTEMPT: Flaubert Giles -> rest @ master_bedroom (Intent: sched_sleep_player_75)
NPC_ASSIGN_SKIP_ROOM: player already in queue for rest with intent sched_sleep_player_75
NPC_ASSIGN_ATTEMPT: Flaubert Giles -> rest @ butler_quarters (Intent: sched_sleep_butler_75)
NPC_ASSIGN_SKIP_ROOM: butler already in queue for rest with intent sched_sleep_butler_75
NPC_ASSIGN_ATTEMPT: Partner -> rest @ master_bedroom (Intent: sched_sleep_partner_75)
NPC_ASSIGN_SKIP_ROOM: partner already in queue for rest with intent sched_sleep_partner_75
NPC_ASSIGN_ATTEMPT: Flaubert Giles -> rest @ master_bedroom (Intent: sched_sleep_player_75)
NPC_ASSIGN_SKIP_ROOM: player already in queue for rest with intent sched_sleep_player_75
NPC_ASSIGN_ATTEMPT: Flaubert Giles -> rest @ butler_quarters (Intent: sched_sleep_butler_75)
NPC_ASSIGN_SKIP_ROOM: butler already in queue for rest with intent sched_sleep_butler_75
NPC_ASSIGN_ATTEMPT: Partner -> rest @ master_bedroom (Intent: sched_sleep_partner_75)
NPC_ASSIGN_SKIP_ROOM: partner already in queue for rest with intent sched_sleep_partner_75
NPC_ASSIGN_ATTEMPT: Flaubert Giles -> rest @ master_bedroom (Intent: sched_sleep_player_75)
NPC_ASSIGN_SKIP_ROOM: player already in queue for rest with intent sched_sleep_player_75
NPC_ASSIGN_ATTEMPT: Flaubert Giles -> rest @ butler_quarters (Intent: sched_sleep_butler_75)
NPC_ASSIGN_SKIP_ROOM: butler already in queue for rest with intent sched_sleep_butler_75
NPC_ASSIGN_ATTEMPT: Partner -> rest @ master_bedroom (Intent: sched_sleep_partner_75)
NPC_ASSIGN_SKIP_ROOM: partner already in queue for rest with intent sched_sleep_partner_75
NPC_ASSIGN_ATTEMPT: Flaubert Giles -> rest @ master_bedroom (Intent: sched_sleep_player_75)
NPC_ASSIGN_SKIP_ROOM: player already in queue for rest with intent sched_sleep_player_75
NPC_ASSIGN_ATTEMPT: Flaubert Giles -> rest @ butler_quarters (Intent: sched_sleep_butler_75)
NPC_ASSIGN_SKIP_ROOM: butler already in queue for rest with intent sched_sleep_butler_75
NPC_ASSIGN_ATTEMPT: Partner -> rest @ master_bedroom (Intent: sched_sleep_partner_75)
NPC_ASSIGN_SKIP_ROOM: partner already in queue for rest with intent sched_sleep_partner_75
NPC_ASSIGN_ATTEMPT: Flaubert Giles -> rest @ master_bedroom (Intent: sched_sleep_player_75)
NPC_ASSIGN_SKIP_ROOM: player already in queue for rest with intent sched_sleep_player_75
NPC_ASSIGN_ATTEMPT: Flaubert Giles -> rest @ butler_quarters (Intent: sched_sleep_butler_75)
NPC_ASSIGN_SKIP_ROOM: butler already in queue for rest with intent sched_sleep_butler_75
NPC_ASSIGN_ATTEMPT: Partner -> rest @ master_bedroom (Intent: sched_sleep_partner_75)
NPC_ASSIGN_SKIP_ROOM: partner already in queue for rest with intent sched_sleep_partner_75
NPC_ASSIGN_ATTEMPT: Flaubert Giles -> rest @ master_bedroom (Intent: sched_sleep_player_75)
NPC_ASSIGN_SKIP_ROOM: player already in queue for rest with intent sched_sleep_player_75
NPC_ASSIGN_ATTEMPT: Flaubert Giles -> rest @ butler_quarters (Intent: sched_sleep_butler_75)
NPC_ASSIGN_SKIP_ROOM: butler already in queue for rest with intent sched_sleep_butler_75
NPC_ASSIGN_ATTEMPT: Partner -> rest @ master_bedroom (Intent: sched_sleep_partner_75)
NPC_ASSIGN_SKIP_ROOM: partner already in queue for rest with intent sched_sleep_partner_75
NPC_ASSIGN_ATTEMPT: Flaubert Giles -> rest @ master_bedroom (Intent: sched_sleep_player_75)
NPC_ASSIGN_SKIP_ROOM: player already in queue for rest with intent sched_sleep_player_75
NPC_ASSIGN_ATTEMPT: Flaubert Giles -> rest @ butler_quarters (Intent: sched_sleep_butler_75)
NPC_ASSIGN_SKIP_ROOM: butler already in queue for rest with intent sched_sleep_butler_75
NPC_ASSIGN_ATTEMPT: Partner -> rest @ master_bedroom (Intent: sched_sleep_partner_75)
NPC_ASSIGN_SKIP_ROOM: partner already in queue for rest with intent sched_sleep_partner_75
NPC_ASSIGN_ATTEMPT: Flaubert Giles -> rest @ master_bedroom (Intent: sched_sleep_player_75)
NPC_ASSIGN_SKIP_ROOM: player already in queue for rest with intent sched_sleep_player_75
NPC_ASSIGN_ATTEMPT: Flaubert Giles -> rest @ butler_quarters (Intent: sched_sleep_butler_75)
NPC_ASSIGN_SKIP_ROOM: butler already in queue for rest with intent sched_sleep_butler_75
NPC_ASSIGN_ATTEMPT: Partner -> rest @ master_bedroom (Intent: sched_sleep_partner_75)
NPC_ASSIGN_SKIP_ROOM: partner already in queue for rest with intent sched_sleep_partner_75
NPC_ASSIGN_ATTEMPT: Flaubert Giles -> rest @ master_bedroom (Intent: sched_sleep_player_75)
NPC_ASSIGN_SKIP_ROOM: player already in queue for rest with intent sched_sleep_player_75
NPC_ASSIGN_ATTEMPT: Flaubert Giles -> rest @ butler_quarters (Intent: sched_sleep_butler_75)
NPC_ASSIGN_SKIP_ROOM: butler already in queue for rest with intent sched_sleep_butler_75
NPC_ASSIGN_ATTEMPT: Partner -> rest @ master_bedroom (Intent: sched_sleep_partner_75)
NPC_ASSIGN_SKIP_ROOM: partner already in queue for rest with intent sched_sleep_partner_75
NPC_ASSIGN_ATTEMPT: Flaubert Giles -> rest @ master_bedroom (Intent: sched_sleep_player_75)
NPC_ASSIGN_SKIP_ROOM: player already in queue for rest with intent sched_sleep_player_75
NPC_ASSIGN_ATTEMPT: Flaubert Giles -> rest @ butler_quarters (Intent: sched_sleep_butler_75)
NPC_ASSIGN_SKIP_ROOM: butler already in queue for rest with intent sched_sleep_butler_75
NPC_ASSIGN_ATTEMPT: Partner -> rest @ master_bedroom (Intent: sched_sleep_partner_75)
NPC_ASSIGN_SKIP_ROOM: partner already in queue for rest with intent sched_sleep_partner_75
NPC_ASSIGN_ATTEMPT: Flaubert Giles -> rest @ master_bedroom (Intent: sched_sleep_player_75)
NPC_ASSIGN_SKIP_ROOM: player already in queue for rest with intent sched_sleep_player_75
NPC_ASSIGN_ATTEMPT: Flaubert Giles -> rest @ butler_quarters (Intent: sched_sleep_butler_75)
NPC_ASSIGN_SKIP_ROOM: butler already in queue for rest with intent sched_sleep_butler_75
NPC_ASSIGN_ATTEMPT: Partner -> rest @ master_bedroom (Intent: sched_sleep_partner_75)
NPC_ASSIGN_SKIP_ROOM: partner already in queue for rest with intent sched_sleep_partner_75
NPC_ASSIGN_ATTEMPT: Flaubert Giles -> rest @ master_bedroom (Intent: sched_sleep_player_75)
NPC_ASSIGN_SKIP_ROOM: player already in queue for rest with intent sched_sleep_player_75
NPC_ASSIGN_ATTEMPT: Flaubert Giles -> rest @ butler_quarters (Intent: sched_sleep_butler_75)
NPC_ASSIGN_SKIP_ROOM: butler already in queue for rest with intent sched_sleep_butler_75
NPC_ASSIGN_ATTEMPT: Partner -> rest @ master_bedroom (Intent: sched_sleep_partner_75)
NPC_ASSIGN_SKIP_ROOM: partner already in queue for rest with intent sched_sleep_partner_75
NPC_ASSIGN_ATTEMPT: Flaubert Giles -> rest @ master_bedroom (Intent: sched_sleep_player_75)
NPC_ASSIGN_SKIP_ROOM: player already in queue for rest with intent sched_sleep_player_75
NPC_ASSIGN_ATTEMPT: Flaubert Giles -> rest @ butler_quarters (Intent: sched_sleep_butler_75)
NPC_ASSIGN_SKIP_ROOM: butler already in queue for rest with intent sched_sleep_butler_75
NPC_ASSIGN_ATTEMPT: Partner -> rest @ master_bedroom (Intent: sched_sleep_partner_75)
NPC_ASSIGN_SKIP_ROOM: partner already in queue for rest with intent sched_sleep_partner_75
NPC_ASSIGN_ATTEMPT: Flaubert Giles -> rest @ master_bedroom (Intent: sched_sleep_player_75)
NPC_ASSIGN_SKIP_ROOM: player already in queue for rest with intent sched_sleep_player_75
NPC_ASSIGN_ATTEMPT: Flaubert Giles -> rest @ butler_quarters (Intent: sched_sleep_butler_75)
NPC_ASSIGN_SKIP_ROOM: butler already in queue for rest with intent sched_sleep_butler_75
NPC_ASSIGN_ATTEMPT: Partner -> rest @ master_bedroom (Intent: sched_sleep_partner_75)
NPC_ASSIGN_SKIP_ROOM: partner already in queue for rest with intent sched_sleep_partner_75
NPC_ASSIGN_ATTEMPT: Flaubert Giles -> rest @ master_bedroom (Intent: sched_sleep_player_75)
NPC_ASSIGN_SKIP_ROOM: player already in queue for rest with intent sched_sleep_player_75
NPC_ASSIGN_ATTEMPT: Flaubert Giles -> rest @ butler_quarters (Intent: sched_sleep_butler_75)
NPC_ASSIGN_SKIP_ROOM: butler already in queue for rest with intent sched_sleep_butler_75
NPC_ASSIGN_ATTEMPT: Partner -> rest @ master_bedroom (Intent: sched_sleep_partner_75)
NPC_ASSIGN_SKIP_ROOM: partner already in queue for rest with intent sched_sleep_partner_75
NPC_ASSIGN_ATTEMPT: Flaubert Giles -> rest @ master_bedroom (Intent: sched_sleep_player_75)
NPC_ASSIGN_SKIP_ROOM: player already in queue for rest with intent sched_sleep_player_75
NPC_ASSIGN_ATTEMPT: Flaubert Giles -> rest @ butler_quarters (Intent: sched_sleep_butler_75)
NPC_ASSIGN_SKIP_ROOM: butler already in queue for rest with intent sched_sleep_butler_75
NPC_ASSIGN_ATTEMPT: Partner -> rest @ master_bedroom (Intent: sched_sleep_partner_75)
NPC_ASSIGN_SKIP_ROOM: partner already in queue for rest with intent sched_sleep_partner_75
NPC_ASSIGN_ATTEMPT: Flaubert Giles -> rest @ master_bedroom (Intent: sched_sleep_player_75)
NPC_ASSIGN_SKIP_ROOM: player already in queue for rest with intent sched_sleep_player_75
NPC_ASSIGN_ATTEMPT: Flaubert Giles -> rest @ butler_quarters (Intent: sched_sleep_butler_75)
NPC_ASSIGN_SKIP_ROOM: butler already in queue for rest with intent sched_sleep_butler_75
NPC_ASSIGN_ATTEMPT: Partner -> rest @ master_bedroom (Intent: sched_sleep_partner_75)
NPC_ASSIGN_SKIP_ROOM: partner already in queue for rest with intent sched_sleep_partner_75
NPC_ASSIGN_ATTEMPT: Flaubert Giles -> rest @ master_bedroom (Intent: sched_sleep_player_75)
NPC_ASSIGN_SKIP_ROOM: player already in queue for rest with intent sched_sleep_player_75
NPC_ASSIGN_ATTEMPT: Flaubert Giles -> rest @ butler_quarters (Intent: sched_sleep_butler_75)
NPC_ASSIGN_SKIP_ROOM: butler already in queue for rest with intent sched_sleep_butler_75
NPC_ASSIGN_ATTEMPT: Partner -> rest @ master_bedroom (Intent: sched_sleep_partner_75)
NPC_ASSIGN_SKIP_ROOM: partner already in queue for rest with intent sched_sleep_partner_75
NPC_ASSIGN_ATTEMPT: Flaubert Giles -> rest @ master_bedroom (Intent: sched_sleep_player_75)
NPC_ASSIGN_SKIP_ROOM: player already in queue for rest with intent sched_sleep_player_75
NPC_ASSIGN_ATTEMPT: Flaubert Giles -> rest @ butler_quarters (Intent: sched_sleep_butler_75)
NPC_ASSIGN_SKIP_ROOM: butler already in queue for rest with intent sched_sleep_butler_75
NPC_ASSIGN_ATTEMPT: Partner -> rest @ master_bedroom (Intent: sched_sleep_partner_75)
NPC_ASSIGN_SKIP_ROOM: partner already in queue for rest with intent sched_sleep_partner_75
NPC_ASSIGN_ATTEMPT: Flaubert Giles -> rest @ master_bedroom (Intent: sched_sleep_player_75)
NPC_ASSIGN_SKIP_ROOM: player already in queue for rest with intent sched_sleep_player_75
NPC_ASSIGN_ATTEMPT: Flaubert Giles -> rest @ butler_quarters (Intent: sched_sleep_butler_75)
NPC_ASSIGN_SKIP_ROOM: butler already in queue for rest with intent sched_sleep_butler_75
NPC_ASSIGN_ATTEMPT: Partner -> rest @ master_bedroom (Intent: sched_sleep_partner_75)
NPC_ASSIGN_SKIP_ROOM: partner already in queue for rest with intent sched_sleep_partner_75
NPC_ASSIGN_ATTEMPT: Flaubert Giles -> rest @ master_bedroom (Intent: sched_sleep_player_75)
NPC_ASSIGN_SKIP_ROOM: player already in queue for rest with intent sched_sleep_player_75
NPC_ASSIGN_ATTEMPT: Flaubert Giles -> rest @ butler_quarters (Intent: sched_sleep_butler_75)
NPC_ASSIGN_SKIP_ROOM: butler already in queue for rest with intent sched_sleep_butler_75
NPC_ASSIGN_ATTEMPT: Partner -> rest @ master_bedroom (Intent: sched_sleep_partner_75)
NPC_ASSIGN_SKIP_ROOM: partner already in queue for rest with intent sched_sleep_partner_75
NPC_ASSIGN_ATTEMPT: Flaubert Giles -> rest @ master_bedroom (Intent: sched_sleep_player_75)
NPC_ASSIGN_SKIP_ROOM: player already in queue for rest with intent sched_sleep_player_75
NPC_ASSIGN_ATTEMPT: Flaubert Giles -> rest @ butler_quarters (Intent: sched_sleep_butler_75)
NPC_ASSIGN_SKIP_ROOM: butler already in queue for rest with intent sched_sleep_butler_75
NPC_ASSIGN_ATTEMPT: Partner -> rest @ master_bedroom (Intent: sched_sleep_partner_75)
NPC_ASSIGN_SKIP_ROOM: partner already in queue for rest with intent sched_sleep_partner_75
NPC_ASSIGN_ATTEMPT: Flaubert Giles -> rest @ master_bedroom (Intent: sched_sleep_player_75)
NPC_ASSIGN_SKIP_ROOM: player already in queue for rest with intent sched_sleep_player_75
NPC_ASSIGN_ATTEMPT: Flaubert Giles -> rest @ butler_quarters (Intent: sched_sleep_butler_75)
NPC_ASSIGN_SKIP_ROOM: butler already in queue for rest with intent sched_sleep_butler_75
NPC_ASSIGN_ATTEMPT: Partner -> rest @ master_bedroom (Intent: sched_sleep_partner_75)
NPC_ASSIGN_SKIP_ROOM: partner already in queue for rest with intent sched_sleep_partner_75
NPC_ASSIGN_ATTEMPT: Flaubert Giles -> rest @ master_bedroom (Intent: sched_sleep_player_75)
NPC_ASSIGN_SKIP_ROOM: player already in queue for rest with intent sched_sleep_player_75
NPC_ASSIGN_ATTEMPT: Flaubert Giles -> rest @ butler_quarters (Intent: sched_sleep_butler_75)
NPC_ASSIGN_SKIP_ROOM: butler already in queue for rest with intent sched_sleep_butler_75
NPC_ASSIGN_ATTEMPT: Partner -> rest @ master_bedroom (Intent: sched_sleep_partner_75)
NPC_ASSIGN_SKIP_ROOM: partner already in queue for rest with intent sched_sleep_partner_75
NPC_ASSIGN_ATTEMPT: Flaubert Giles -> rest @ master_bedroom (Intent: sched_sleep_player_75)
NPC_ASSIGN_SKIP_ROOM: player already in queue for rest with intent sched_sleep_player_75
NPC_ASSIGN_ATTEMPT: Flaubert Giles -> rest @ butler_quarters (Intent: sched_sleep_butler_75)
NPC_ASSIGN_SKIP_ROOM: butler already in queue for rest with intent sched_sleep_butler_75
NPC_ASSIGN_ATTEMPT: Partner -> rest @ master_bedroom (Intent: sched_sleep_partner_75)
NPC_ASSIGN_SKIP_ROOM: partner already in queue for rest with intent sched_sleep_partner_75
NPC_ASSIGN_ATTEMPT: Flaubert Giles -> rest @ master_bedroom (Intent: sched_sleep_player_75)
NPC_ASSIGN_SKIP_ROOM: player already in queue for rest with intent sched_sleep_player_75
NPC_ASSIGN_ATTEMPT: Flaubert Giles -> rest @ butler_quarters (Intent: sched_sleep_butler_75)
NPC_ASSIGN_SKIP_ROOM: butler already in queue for rest with intent sched_sleep_butler_75
NPC_ASSIGN_ATTEMPT: Partner -> rest @ master_bedroom (Intent: sched_sleep_partner_75)
NPC_ASSIGN_SKIP_ROOM: partner already in queue for rest with intent sched_sleep_partner_75
NPC_ASSIGN_ATTEMPT: Flaubert Giles -> rest @ master_bedroom (Intent: sched_sleep_player_75)
NPC_ASSIGN_SKIP_ROOM: player already in queue for rest with intent sched_sleep_player_75
NPC_ASSIGN_ATTEMPT: Flaubert Giles -> rest @ butler_quarters (Intent: sched_sleep_butler_75)
NPC_ASSIGN_SKIP_ROOM: butler already in queue for rest with intent sched_sleep_butler_75
NPC_ASSIGN_ATTEMPT: Partner -> rest @ master_bedroom (Intent: sched_sleep_partner_75)
NPC_ASSIGN_SKIP_ROOM: partner already in queue for rest with intent sched_sleep_partner_75
NPC_ASSIGN_ATTEMPT: Flaubert Giles -> rest @ master_bedroom (Intent: sched_sleep_player_75)
NPC_ASSIGN_SKIP_ROOM: player already in queue for rest with intent sched_sleep_player_75
NPC_ASSIGN_ATTEMPT: Flaubert Giles -> rest @ butler_quarters (Intent: sched_sleep_butler_75)
NPC_ASSIGN_SKIP_ROOM: butler already in queue for rest with intent sched_sleep_butler_75
NPC_ASSIGN_ATTEMPT: Partner -> rest @ master_bedroom (Intent: sched_sleep_partner_75)
NPC_ASSIGN_SKIP_ROOM: partner already in queue for rest with intent sched_sleep_partner_75
NPC_ASSIGN_ATTEMPT: Flaubert Giles -> rest @ master_bedroom (Intent: sched_sleep_player_75)
NPC_ASSIGN_SKIP_ROOM: player already in queue for rest with intent sched_sleep_player_75
NPC_ASSIGN_ATTEMPT: Flaubert Giles -> rest @ butler_quarters (Intent: sched_sleep_butler_75)
NPC_ASSIGN_SKIP_ROOM: butler already in queue for rest with intent sched_sleep_butler_75
NPC_ASSIGN_ATTEMPT: Partner -> rest @ master_bedroom (Intent: sched_sleep_partner_75)
NPC_ASSIGN_SKIP_ROOM: partner already in queue for rest with intent sched_sleep_partner_75
NPC_ASSIGN_ATTEMPT: Flaubert Giles -> rest @ master_bedroom (Intent: sched_sleep_player_75)
NPC_ASSIGN_SKIP_ROOM: player already in queue for rest with intent sched_sleep_player_75
NPC_ASSIGN_ATTEMPT: Flaubert Giles -> rest @ butler_quarters (Intent: sched_sleep_butler_75)
NPC_ASSIGN_SKIP_ROOM: butler already in queue for rest with intent sched_sleep_butler_75
NPC_ASSIGN_ATTEMPT: Partner -> rest @ master_bedroom (Intent: sched_sleep_partner_75)
NPC_ASSIGN_SKIP_ROOM: partner already in queue for rest with intent sched_sleep_partner_75
NPC_ASSIGN_ATTEMPT: Flaubert Giles -> rest @ master_bedroom (Intent: sched_sleep_player_75)
NPC_ASSIGN_SKIP_ROOM: player already in queue for rest with intent sched_sleep_player_75
NPC_ASSIGN_ATTEMPT: Flaubert Giles -> rest @ butler_quarters (Intent: sched_sleep_butler_75)
NPC_ASSIGN_SKIP_ROOM: butler already in queue for rest with intent sched_sleep_butler_75
NPC_ASSIGN_ATTEMPT: Partner -> rest @ master_bedroom (Intent: sched_sleep_partner_75)
NPC_ASSIGN_SKIP_ROOM: partner already in queue for rest with intent sched_sleep_partner_75
NPC_ASSIGN_ATTEMPT: Flaubert Giles -> rest @ master_bedroom (Intent: sched_sleep_player_75)
NPC_ASSIGN_SKIP_ROOM: player already in queue for rest with intent sched_sleep_player_75
NPC_ASSIGN_ATTEMPT: Flaubert Giles -> rest @ butler_quarters (Intent: sched_sleep_butler_75)
NPC_ASSIGN_SKIP_ROOM: butler already in queue for rest with intent sched_sleep_butler_75
NPC_ASSIGN_ATTEMPT: Partner -> rest @ master_bedroom (Intent: sched_sleep_partner_75)
NPC_ASSIGN_SKIP_ROOM: partner already in queue for rest with intent sched_sleep_partner_75
NPC_ASSIGN_ATTEMPT: Flaubert Giles -> rest @ master_bedroom (Intent: sched_sleep_player_75)
NPC_ASSIGN_SKIP_ROOM: player already in queue for rest with intent sched_sleep_player_75
NPC_ASSIGN_ATTEMPT: Flaubert Giles -> rest @ butler_quarters (Intent: sched_sleep_butler_75)
NPC_ASSIGN_SKIP_ROOM: butler already in queue for rest with intent sched_sleep_butler_75
NPC_ASSIGN_ATTEMPT: Partner -> rest @ master_bedroom (Intent: sched_sleep_partner_75)
NPC_ASSIGN_SKIP_ROOM: partner already in queue for rest with intent sched_sleep_partner_75
NPC_ASSIGN_ATTEMPT: Flaubert Giles -> rest @ master_bedroom (Intent: sched_sleep_player_75)
NPC_ASSIGN_SKIP_ROOM: player already in queue for rest with intent sched_sleep_player_75
NPC_ASSIGN_ATTEMPT: Flaubert Giles -> rest @ butler_quarters (Intent: sched_sleep_butler_75)
NPC_ASSIGN_SKIP_ROOM: butler already in queue for rest with intent sched_sleep_butler_75
NPC_ASSIGN_ATTEMPT: Partner -> rest @ master_bedroom (Intent: sched_sleep_partner_75)
NPC_ASSIGN_SKIP_ROOM: partner already in queue for rest with intent sched_sleep_partner_75
NPC_ASSIGN_ATTEMPT: Flaubert Giles -> rest @ master_bedroom (Intent: sched_sleep_player_75)
NPC_ASSIGN_SKIP_ROOM: player already in queue for rest with intent sched_sleep_player_75
NPC_ASSIGN_ATTEMPT: Flaubert Giles -> rest @ butler_quarters (Intent: sched_sleep_butler_75)
NPC_ASSIGN_SKIP_ROOM: butler already in queue for rest with intent sched_sleep_butler_75
NPC_ASSIGN_ATTEMPT: Partner -> rest @ master_bedroom (Intent: sched_sleep_partner_75)
NPC_ASSIGN_SKIP_ROOM: partner already in queue for rest with intent sched_sleep_partner_75
NPC_ASSIGN_ATTEMPT: Flaubert Giles -> rest @ master_bedroom (Intent: sched_sleep_player_75)
NPC_ASSIGN_SKIP_ROOM: player already in queue for rest with intent sched_sleep_player_75
NPC_ASSIGN_ATTEMPT: Flaubert Giles -> rest @ butler_quarters (Intent: sched_sleep_butler_75)
NPC_ASSIGN_SKIP_ROOM: butler already in queue for rest with intent sched_sleep_butler_75
NPC_ASSIGN_ATTEMPT: Partner -> rest @ master_bedroom (Intent: sched_sleep_partner_75)
NPC_ASSIGN_SKIP_ROOM: partner already in queue for rest with intent sched_sleep_partner_75
NPC_ASSIGN_ATTEMPT: Flaubert Giles -> rest @ master_bedroom (Intent: sched_sleep_player_75)
NPC_ASSIGN_SKIP_ROOM: player already in queue for rest with intent sched_sleep_player_75
NPC_ASSIGN_ATTEMPT: Flaubert Giles -> rest @ butler_quarters (Intent: sched_sleep_butler_75)
NPC_ASSIGN_SKIP_ROOM: butler already in queue for rest with intent sched_sleep_butler_75
NPC_ASSIGN_ATTEMPT: Partner -> rest @ master_bedroom (Intent: sched_sleep_partner_75)
NPC_ASSIGN_SKIP_ROOM: partner already in queue for rest with intent sched_sleep_partner_75
NPC_ASSIGN_ATTEMPT: Flaubert Giles -> rest @ master_bedroom (Intent: sched_sleep_player_75)
NPC_ASSIGN_SKIP_ROOM: player already in queue for rest with intent sched_sleep_player_75
NPC_ASSIGN_ATTEMPT: Flaubert Giles -> rest @ butler_quarters (Intent: sched_sleep_butler_75)
NPC_ASSIGN_SKIP_ROOM: butler already in queue for rest with intent sched_sleep_butler_75
NPC_ASSIGN_ATTEMPT: Partner -> rest @ master_bedroom (Intent: sched_sleep_partner_75)
NPC_ASSIGN_SKIP_ROOM: partner already in queue for rest with intent sched_sleep_partner_75
NPC_ASSIGN_ATTEMPT: Flaubert Giles -> rest @ master_bedroom (Intent: sched_sleep_player_75)
NPC_ASSIGN_SKIP_ROOM: player already in queue for rest with intent sched_sleep_player_75
NPC_ASSIGN_ATTEMPT: Flaubert Giles -> rest @ butler_quarters (Intent: sched_sleep_butler_75)
NPC_ASSIGN_SKIP_ROOM: butler already in queue for rest with intent sched_sleep_butler_75
NPC_ASSIGN_ATTEMPT: Partner -> rest @ master_bedroom (Intent: sched_sleep_partner_75)
NPC_ASSIGN_SKIP_ROOM: partner already in queue for rest with intent sched_sleep_partner_75
NPC_ASSIGN_ATTEMPT: Flaubert Giles -> rest @ master_bedroom (Intent: sched_sleep_player_75)
NPC_ASSIGN_SKIP_ROOM: player already in queue for rest with intent sched_sleep_player_75
NPC_ASSIGN_ATTEMPT: Flaubert Giles -> rest @ butler_quarters (Intent: sched_sleep_butler_75)
NPC_ASSIGN_SKIP_ROOM: butler already in queue for rest with intent sched_sleep_butler_75
NPC_ASSIGN_ATTEMPT: Partner -> rest @ master_bedroom (Intent: sched_sleep_partner_75)
NPC_ASSIGN_SKIP_ROOM: partner already in queue for rest with intent sched_sleep_partner_75
NPC_ASSIGN_ATTEMPT: Flaubert Giles -> rest @ master_bedroom (Intent: sched_sleep_player_75)
NPC_ASSIGN_SKIP_ROOM: player already in queue for rest with intent sched_sleep_player_75
NPC_ASSIGN_ATTEMPT: Flaubert Giles -> rest @ butler_quarters (Intent: sched_sleep_butler_75)
NPC_ASSIGN_SKIP_ROOM: butler already in queue for rest with intent sched_sleep_butler_75
NPC_ASSIGN_ATTEMPT: Partner -> rest @ master_bedroom (Intent: sched_sleep_partner_75)
NPC_ASSIGN_SKIP_ROOM: partner already in queue for rest with intent sched_sleep_partner_75
NPC_ASSIGN_ATTEMPT: Flaubert Giles -> rest @ master_bedroom (Intent: sched_sleep_player_75)
NPC_ASSIGN_SKIP_ROOM: player already in queue for rest with intent sched_sleep_player_75
NPC_ASSIGN_ATTEMPT: Flaubert Giles -> rest @ butler_quarters (Intent: sched_sleep_butler_75)
NPC_ASSIGN_SKIP_ROOM: butler already in queue for rest with intent sched_sleep_butler_75
NPC_ASSIGN_ATTEMPT: Partner -> rest @ master_bedroom (Intent: sched_sleep_partner_75)
NPC_ASSIGN_SKIP_ROOM: partner already in queue for rest with intent sched_sleep_partner_75
NPC_ASSIGN_ATTEMPT: Flaubert Giles -> rest @ master_bedroom (Intent: sched_sleep_player_75)
NPC_ASSIGN_SKIP_ROOM: player already in queue for rest with intent sched_sleep_player_75
NPC_ASSIGN_ATTEMPT: Flaubert Giles -> rest @ butler_quarters (Intent: sched_sleep_butler_75)
NPC_ASSIGN_SKIP_ROOM: butler already in queue for rest with intent sched_sleep_butler_75
NPC_ASSIGN_ATTEMPT: Partner -> rest @ master_bedroom (Intent: sched_sleep_partner_75)
NPC_ASSIGN_SKIP_ROOM: partner already in queue for rest with intent sched_sleep_partner_75
NPC_ASSIGN_ATTEMPT: Flaubert Giles -> rest @ master_bedroom (Intent: sched_sleep_player_76)
NPC_ASSIGN_ATTEMPT: Flaubert Giles -> rest @ butler_quarters (Intent: sched_sleep_butler_76)
NPC_ASSIGN_ATTEMPT: Partner -> rest @ master_bedroom (Intent: sched_sleep_partner_76)
NPC_ASSIGN_ATTEMPT: Flaubert Giles -> rest @ master_bedroom (Intent: sched_sleep_player_76)
NPC_ASSIGN_SKIP_ROOM: player already in queue for rest with intent sched_sleep_player_76
NPC_ASSIGN_ATTEMPT: Flaubert Giles -> rest @ butler_quarters (Intent: sched_sleep_butler_76)
NPC_ASSIGN_SKIP_ROOM: butler already in queue for rest with intent sched_sleep_butler_76
NPC_ASSIGN_ATTEMPT: Partner -> rest @ master_bedroom (Intent: sched_sleep_partner_76)
NPC_ASSIGN_SKIP_ROOM: partner already in queue for rest with intent sched_sleep_partner_76
NPC_ASSIGN_ATTEMPT: Flaubert Giles -> rest @ master_bedroom (Intent: sched_sleep_player_76)
NPC_ASSIGN_SKIP_ROOM: player already in queue for rest with intent sched_sleep_player_76
NPC_ASSIGN_ATTEMPT: Flaubert Giles -> rest @ butler_quarters (Intent: sched_sleep_butler_76)
NPC_ASSIGN_SKIP_ROOM: butler already in queue for rest with intent sched_sleep_butler_76
NPC_ASSIGN_ATTEMPT: Partner -> rest @ master_bedroom (Intent: sched_sleep_partner_76)
NPC_ASSIGN_SKIP_ROOM: partner already in queue for rest with intent sched_sleep_partner_76
NPC_ASSIGN_ATTEMPT: Flaubert Giles -> rest @ master_bedroom (Intent: sched_sleep_player_76)
NPC_ASSIGN_SKIP_ROOM: player already in queue for rest with intent sched_sleep_player_76
NPC_ASSIGN_ATTEMPT: Flaubert Giles -> rest @ butler_quarters (Intent: sched_sleep_butler_76)
NPC_ASSIGN_SKIP_ROOM: butler already in queue for rest with intent sched_sleep_butler_76
NPC_ASSIGN_ATTEMPT: Partner -> rest @ master_bedroom (Intent: sched_sleep_partner_76)
NPC_ASSIGN_SKIP_ROOM: partner already in queue for rest with intent sched_sleep_partner_76
NPC_ASSIGN_ATTEMPT: Flaubert Giles -> rest @ master_bedroom (Intent: sched_sleep_player_76)
NPC_ASSIGN_SKIP_ROOM: player already in queue for rest with intent sched_sleep_player_76
NPC_ASSIGN_ATTEMPT: Flaubert Giles -> rest @ butler_quarters (Intent: sched_sleep_butler_76)
NPC_ASSIGN_SKIP_ROOM: butler already in queue for rest with intent sched_sleep_butler_76
NPC_ASSIGN_ATTEMPT: Partner -> rest @ master_bedroom (Intent: sched_sleep_partner_76)
NPC_ASSIGN_SKIP_ROOM: partner already in queue for rest with intent sched_sleep_partner_76
NPC_ASSIGN_ATTEMPT: Flaubert Giles -> rest @ master_bedroom (Intent: sched_sleep_player_76)
NPC_ASSIGN_SKIP_ROOM: player already in queue for rest with intent sched_sleep_player_76
NPC_ASSIGN_ATTEMPT: Flaubert Giles -> rest @ butler_quarters (Intent: sched_sleep_butler_76)
NPC_ASSIGN_SKIP_ROOM: butler already in queue for rest with intent sched_sleep_butler_76
NPC_ASSIGN_ATTEMPT: Partner -> rest @ master_bedroom (Intent: sched_sleep_partner_76)
NPC_ASSIGN_SKIP_ROOM: partner already in queue for rest with intent sched_sleep_partner_76
NPC_ASSIGN_ATTEMPT: Flaubert Giles -> rest @ master_bedroom (Intent: sched_sleep_player_76)
NPC_ASSIGN_SKIP_ROOM: player already in queue for rest with intent sched_sleep_player_76
NPC_ASSIGN_ATTEMPT: Flaubert Giles -> rest @ butler_quarters (Intent: sched_sleep_butler_76)
NPC_ASSIGN_SKIP_ROOM: butler already in queue for rest with intent sched_sleep_butler_76
NPC_ASSIGN_ATTEMPT: Partner -> rest @ master_bedroom (Intent: sched_sleep_partner_76)
NPC_ASSIGN_SKIP_ROOM: partner already in queue for rest with intent sched_sleep_partner_76
NPC_ASSIGN_ATTEMPT: Flaubert Giles -> rest @ master_bedroom (Intent: sched_sleep_player_76)
NPC_ASSIGN_SKIP_ROOM: player already in queue for rest with intent sched_sleep_player_76
NPC_ASSIGN_ATTEMPT: Flaubert Giles -> rest @ butler_quarters (Intent: sched_sleep_butler_76)
NPC_ASSIGN_SKIP_ROOM: butler already in queue for rest with intent sched_sleep_butler_76
NPC_ASSIGN_ATTEMPT: Partner -> rest @ master_bedroom (Intent: sched_sleep_partner_76)
NPC_ASSIGN_SKIP_ROOM: partner already in queue for rest with intent sched_sleep_partner_76
NPC_ASSIGN_ATTEMPT: Flaubert Giles -> rest @ master_bedroom (Intent: sched_sleep_player_76)
NPC_ASSIGN_SKIP_ROOM: player already in queue for rest with intent sched_sleep_player_76
NPC_ASSIGN_ATTEMPT: Flaubert Giles -> rest @ butler_quarters (Intent: sched_sleep_butler_76)
NPC_ASSIGN_SKIP_ROOM: butler already in queue for rest with intent sched_sleep_butler_76
NPC_ASSIGN_ATTEMPT: Partner -> rest @ master_bedroom (Intent: sched_sleep_partner_76)
NPC_ASSIGN_SKIP_ROOM: partner already in queue for rest with intent sched_sleep_partner_76
NPC_ASSIGN_ATTEMPT: Flaubert Giles -> rest @ master_bedroom (Intent: sched_sleep_player_76)
NPC_ASSIGN_SKIP_ROOM: player already in queue for rest with intent sched_sleep_player_76
NPC_ASSIGN_ATTEMPT: Flaubert Giles -> rest @ butler_quarters (Intent: sched_sleep_butler_76)
NPC_ASSIGN_SKIP_ROOM: butler already in queue for rest with intent sched_sleep_butler_76
NPC_ASSIGN_ATTEMPT: Partner -> rest @ master_bedroom (Intent: sched_sleep_partner_76)
NPC_ASSIGN_SKIP_ROOM: partner already in queue for rest with intent sched_sleep_partner_76
NPC_ASSIGN_ATTEMPT: Flaubert Giles -> rest @ master_bedroom (Intent: sched_sleep_player_76)
NPC_ASSIGN_SKIP_ROOM: player already in queue for rest with intent sched_sleep_player_76
NPC_ASSIGN_ATTEMPT: Flaubert Giles -> rest @ butler_quarters (Intent: sched_sleep_butler_76)
NPC_ASSIGN_SKIP_ROOM: butler already in queue for rest with intent sched_sleep_butler_76
NPC_ASSIGN_ATTEMPT: Partner -> rest @ master_bedroom (Intent: sched_sleep_partner_76)
NPC_ASSIGN_SKIP_ROOM: partner already in queue for rest with intent sched_sleep_partner_76
NPC_ASSIGN_ATTEMPT: Flaubert Giles -> rest @ master_bedroom (Intent: sched_sleep_player_76)
NPC_ASSIGN_SKIP_ROOM: player already in queue for rest with intent sched_sleep_player_76
NPC_ASSIGN_ATTEMPT: Flaubert Giles -> rest @ butler_quarters (Intent: sched_sleep_butler_76)
NPC_ASSIGN_SKIP_ROOM: butler already in queue for rest with intent sched_sleep_butler_76
NPC_ASSIGN_ATTEMPT: Partner -> rest @ master_bedroom (Intent: sched_sleep_partner_76)
NPC_ASSIGN_SKIP_ROOM: partner already in queue for rest with intent sched_sleep_partner_76
NPC_ASSIGN_ATTEMPT: Flaubert Giles -> rest @ master_bedroom (Intent: sched_sleep_player_76)
NPC_ASSIGN_SKIP_ROOM: player already in queue for rest with intent sched_sleep_player_76
NPC_ASSIGN_ATTEMPT: Flaubert Giles -> rest @ butler_quarters (Intent: sched_sleep_butler_76)
NPC_ASSIGN_SKIP_ROOM: butler already in queue for rest with intent sched_sleep_butler_76
NPC_ASSIGN_ATTEMPT: Partner -> rest @ master_bedroom (Intent: sched_sleep_partner_76)
NPC_ASSIGN_SKIP_ROOM: partner already in queue for rest with intent sched_sleep_partner_76
NPC_ASSIGN_ATTEMPT: Flaubert Giles -> rest @ master_bedroom (Intent: sched_sleep_player_76)
NPC_ASSIGN_SKIP_ROOM: player already in queue for rest with intent sched_sleep_player_76
NPC_ASSIGN_ATTEMPT: Flaubert Giles -> rest @ butler_quarters (Intent: sched_sleep_butler_76)
NPC_ASSIGN_SKIP_ROOM: butler already in queue for rest with intent sched_sleep_butler_76
NPC_ASSIGN_ATTEMPT: Partner -> rest @ master_bedroom (Intent: sched_sleep_partner_76)
NPC_ASSIGN_SKIP_ROOM: partner already in queue for rest with intent sched_sleep_partner_76
NPC_ASSIGN_ATTEMPT: Flaubert Giles -> rest @ master_bedroom (Intent: sched_sleep_player_76)
NPC_ASSIGN_SKIP_ROOM: player already in queue for rest with intent sched_sleep_player_76
NPC_ASSIGN_ATTEMPT: Flaubert Giles -> rest @ butler_quarters (Intent: sched_sleep_butler_76)
NPC_ASSIGN_SKIP_ROOM: butler already in queue for rest with intent sched_sleep_butler_76
NPC_ASSIGN_ATTEMPT: Partner -> rest @ master_bedroom (Intent: sched_sleep_partner_76)
NPC_ASSIGN_SKIP_ROOM: partner already in queue for rest with intent sched_sleep_partner_76
NPC_ASSIGN_ATTEMPT: Flaubert Giles -> rest @ master_bedroom (Intent: sched_sleep_player_76)
NPC_ASSIGN_SKIP_ROOM: player already in queue for rest with intent sched_sleep_player_76
NPC_ASSIGN_ATTEMPT: Flaubert Giles -> rest @ butler_quarters (Intent: sched_sleep_butler_76)
NPC_ASSIGN_SKIP_ROOM: butler already in queue for rest with intent sched_sleep_butler_76
NPC_ASSIGN_ATTEMPT: Partner -> rest @ master_bedroom (Intent: sched_sleep_partner_76)
NPC_ASSIGN_SKIP_ROOM: partner already in queue for rest with intent sched_sleep_partner_76
NPC_ASSIGN_ATTEMPT: Flaubert Giles -> rest @ master_bedroom (Intent: sched_sleep_player_76)
NPC_ASSIGN_SKIP_ROOM: player already in queue for rest with intent sched_sleep_player_76
NPC_ASSIGN_ATTEMPT: Flaubert Giles -> rest @ butler_quarters (Intent: sched_sleep_butler_76)
NPC_ASSIGN_SKIP_ROOM: butler already in queue for rest with intent sched_sleep_butler_76
NPC_ASSIGN_ATTEMPT: Partner -> rest @ master_bedroom (Intent: sched_sleep_partner_76)
NPC_ASSIGN_SKIP_ROOM: partner already in queue for rest with intent sched_sleep_partner_76
NPC_ASSIGN_ATTEMPT: Flaubert Giles -> rest @ master_bedroom (Intent: sched_sleep_player_76)
NPC_ASSIGN_SKIP_ROOM: player already in queue for rest with intent sched_sleep_player_76
NPC_ASSIGN_ATTEMPT: Flaubert Giles -> rest @ butler_quarters (Intent: sched_sleep_butler_76)
NPC_ASSIGN_SKIP_ROOM: butler already in queue for rest with intent sched_sleep_butler_76
NPC_ASSIGN_ATTEMPT: Partner -> rest @ master_bedroom (Intent: sched_sleep_partner_76)
NPC_ASSIGN_SKIP_ROOM: partner already in queue for rest with intent sched_sleep_partner_76
NPC_ASSIGN_ATTEMPT: Flaubert Giles -> rest @ master_bedroom (Intent: sched_sleep_player_76)
NPC_ASSIGN_SKIP_ROOM: player already in queue for rest with intent sched_sleep_player_76
NPC_ASSIGN_ATTEMPT: Flaubert Giles -> rest @ butler_quarters (Intent: sched_sleep_butler_76)
NPC_ASSIGN_SKIP_ROOM: butler already in queue for rest with intent sched_sleep_butler_76
NPC_ASSIGN_ATTEMPT: Partner -> rest @ master_bedroom (Intent: sched_sleep_partner_76)
NPC_ASSIGN_SKIP_ROOM: partner already in queue for rest with intent sched_sleep_partner_76
NPC_ASSIGN_ATTEMPT: Flaubert Giles -> rest @ master_bedroom (Intent: sched_sleep_player_76)
NPC_ASSIGN_SKIP_ROOM: player already in queue for rest with intent sched_sleep_player_76
NPC_ASSIGN_ATTEMPT: Flaubert Giles -> rest @ butler_quarters (Intent: sched_sleep_butler_76)
NPC_ASSIGN_SKIP_ROOM: butler already in queue for rest with intent sched_sleep_butler_76
NPC_ASSIGN_ATTEMPT: Partner -> rest @ master_bedroom (Intent: sched_sleep_partner_76)
NPC_ASSIGN_SKIP_ROOM: partner already in queue for rest with intent sched_sleep_partner_76
NPC_ASSIGN_ATTEMPT: Flaubert Giles -> rest @ master_bedroom (Intent: sched_sleep_player_76)
NPC_ASSIGN_SKIP_ROOM: player already in queue for rest with intent sched_sleep_player_76
NPC_ASSIGN_ATTEMPT: Flaubert Giles -> rest @ butler_quarters (Intent: sched_sleep_butler_76)
NPC_ASSIGN_SKIP_ROOM: butler already in queue for rest with intent sched_sleep_butler_76
NPC_ASSIGN_ATTEMPT: Partner -> rest @ master_bedroom (Intent: sched_sleep_partner_76)
NPC_ASSIGN_SKIP_ROOM: partner already in queue for rest with intent sched_sleep_partner_76
NPC_ASSIGN_ATTEMPT: Flaubert Giles -> rest @ master_bedroom (Intent: sched_sleep_player_76)
NPC_ASSIGN_SKIP_ROOM: player already in queue for rest with intent sched_sleep_player_76
NPC_ASSIGN_ATTEMPT: Flaubert Giles -> rest @ butler_quarters (Intent: sched_sleep_butler_76)
NPC_ASSIGN_SKIP_ROOM: butler already in queue for rest with intent sched_sleep_butler_76
NPC_ASSIGN_ATTEMPT: Partner -> rest @ master_bedroom (Intent: sched_sleep_partner_76)
NPC_ASSIGN_SKIP_ROOM: partner already in queue for rest with intent sched_sleep_partner_76
NPC_ASSIGN_ATTEMPT: Flaubert Giles -> rest @ master_bedroom (Intent: sched_sleep_player_76)
NPC_ASSIGN_SKIP_ROOM: player already in queue for rest with intent sched_sleep_player_76
NPC_ASSIGN_ATTEMPT: Flaubert Giles -> rest @ butler_quarters (Intent: sched_sleep_butler_76)
NPC_ASSIGN_SKIP_ROOM: butler already in queue for rest with intent sched_sleep_butler_76
NPC_ASSIGN_ATTEMPT: Partner -> rest @ master_bedroom (Intent: sched_sleep_partner_76)
NPC_ASSIGN_SKIP_ROOM: partner already in queue for rest with intent sched_sleep_partner_76
NPC_ASSIGN_ATTEMPT: Flaubert Giles -> rest @ master_bedroom (Intent: sched_sleep_player_76)
NPC_ASSIGN_SKIP_ROOM: player already in queue for rest with intent sched_sleep_player_76
NPC_ASSIGN_ATTEMPT: Flaubert Giles -> rest @ butler_quarters (Intent: sched_sleep_butler_76)
NPC_ASSIGN_SKIP_ROOM: butler already in queue for rest with intent sched_sleep_butler_76
NPC_ASSIGN_ATTEMPT: Partner -> rest @ master_bedroom (Intent: sched_sleep_partner_76)
NPC_ASSIGN_SKIP_ROOM: partner already in queue for rest with intent sched_sleep_partner_76
NPC_ASSIGN_ATTEMPT: Flaubert Giles -> rest @ master_bedroom (Intent: sched_sleep_player_76)
NPC_ASSIGN_SKIP_ROOM: player already in queue for rest with intent sched_sleep_player_76
NPC_ASSIGN_ATTEMPT: Flaubert Giles -> rest @ butler_quarters (Intent: sched_sleep_butler_76)
NPC_ASSIGN_SKIP_ROOM: butler already in queue for rest with intent sched_sleep_butler_76
NPC_ASSIGN_ATTEMPT: Partner -> rest @ master_bedroom (Intent: sched_sleep_partner_76)
NPC_ASSIGN_SKIP_ROOM: partner already in queue for rest with intent sched_sleep_partner_76
NPC_ASSIGN_ATTEMPT: Flaubert Giles -> rest @ master_bedroom (Intent: sched_sleep_player_76)
NPC_ASSIGN_SKIP_ROOM: player already in queue for rest with intent sched_sleep_player_76
NPC_ASSIGN_ATTEMPT: Flaubert Giles -> rest @ butler_quarters (Intent: sched_sleep_butler_76)
NPC_ASSIGN_SKIP_ROOM: butler already in queue for rest with intent sched_sleep_butler_76
NPC_ASSIGN_ATTEMPT: Partner -> rest @ master_bedroom (Intent: sched_sleep_partner_76)
NPC_ASSIGN_SKIP_ROOM: partner already in queue for rest with intent sched_sleep_partner_76
NPC_ASSIGN_ATTEMPT: Flaubert Giles -> rest @ master_bedroom (Intent: sched_sleep_player_76)
NPC_ASSIGN_SKIP_ROOM: player already in queue for rest with intent sched_sleep_player_76
NPC_ASSIGN_ATTEMPT: Flaubert Giles -> rest @ butler_quarters (Intent: sched_sleep_butler_76)
NPC_ASSIGN_SKIP_ROOM: butler already in queue for rest with intent sched_sleep_butler_76
NPC_ASSIGN_ATTEMPT: Partner -> rest @ master_bedroom (Intent: sched_sleep_partner_76)
NPC_ASSIGN_SKIP_ROOM: partner already in queue for rest with intent sched_sleep_partner_76
NPC_ASSIGN_ATTEMPT: Flaubert Giles -> rest @ master_bedroom (Intent: sched_sleep_player_76)
NPC_ASSIGN_SKIP_ROOM: player already in queue for rest with intent sched_sleep_player_76
NPC_ASSIGN_ATTEMPT: Flaubert Giles -> rest @ butler_quarters (Intent: sched_sleep_butler_76)
NPC_ASSIGN_SKIP_ROOM: butler already in queue for rest with intent sched_sleep_butler_76
NPC_ASSIGN_ATTEMPT: Partner -> rest @ master_bedroom (Intent: sched_sleep_partner_76)
NPC_ASSIGN_SKIP_ROOM: partner already in queue for rest with intent sched_sleep_partner_76
NPC_ASSIGN_ATTEMPT: Flaubert Giles -> rest @ master_bedroom (Intent: sched_sleep_player_76)
NPC_ASSIGN_SKIP_ROOM: player already in queue for rest with intent sched_sleep_player_76
NPC_ASSIGN_ATTEMPT: Flaubert Giles -> rest @ butler_quarters (Intent: sched_sleep_butler_76)
NPC_ASSIGN_SKIP_ROOM: butler already in queue for rest with intent sched_sleep_butler_76
NPC_ASSIGN_ATTEMPT: Partner -> rest @ master_bedroom (Intent: sched_sleep_partner_76)
NPC_ASSIGN_SKIP_ROOM: partner already in queue for rest with intent sched_sleep_partner_76
NPC_ASSIGN_ATTEMPT: Flaubert Giles -> rest @ master_bedroom (Intent: sched_sleep_player_76)
NPC_ASSIGN_SKIP_ROOM: player already in queue for rest with intent sched_sleep_player_76
NPC_ASSIGN_ATTEMPT: Flaubert Giles -> rest @ butler_quarters (Intent: sched_sleep_butler_76)
NPC_ASSIGN_SKIP_ROOM: butler already in queue for rest with intent sched_sleep_butler_76
NPC_ASSIGN_ATTEMPT: Partner -> rest @ master_bedroom (Intent: sched_sleep_partner_76)
NPC_ASSIGN_SKIP_ROOM: partner already in queue for rest with intent sched_sleep_partner_76
NPC_ASSIGN_ATTEMPT: Flaubert Giles -> rest @ master_bedroom (Intent: sched_sleep_player_76)
NPC_ASSIGN_SKIP_ROOM: player already in queue for rest with intent sched_sleep_player_76
NPC_ASSIGN_ATTEMPT: Flaubert Giles -> rest @ butler_quarters (Intent: sched_sleep_butler_76)
NPC_ASSIGN_SKIP_ROOM: butler already in queue for rest with intent sched_sleep_butler_76
NPC_ASSIGN_ATTEMPT: Partner -> rest @ master_bedroom (Intent: sched_sleep_partner_76)
NPC_ASSIGN_SKIP_ROOM: partner already in queue for rest with intent sched_sleep_partner_76
NPC_ASSIGN_ATTEMPT: Flaubert Giles -> rest @ master_bedroom (Intent: sched_sleep_player_76)
NPC_ASSIGN_SKIP_ROOM: player already in queue for rest with intent sched_sleep_player_76
NPC_ASSIGN_ATTEMPT: Flaubert Giles -> rest @ butler_quarters (Intent: sched_sleep_butler_76)
NPC_ASSIGN_SKIP_ROOM: butler already in queue for rest with intent sched_sleep_butler_76
NPC_ASSIGN_ATTEMPT: Partner -> rest @ master_bedroom (Intent: sched_sleep_partner_76)
NPC_ASSIGN_SKIP_ROOM: partner already in queue for rest with intent sched_sleep_partner_76
NPC_ASSIGN_ATTEMPT: Flaubert Giles -> rest @ master_bedroom (Intent: sched_sleep_player_76)
NPC_ASSIGN_SKIP_ROOM: player already in queue for rest with intent sched_sleep_player_76
NPC_ASSIGN_ATTEMPT: Flaubert Giles -> rest @ butler_quarters (Intent: sched_sleep_butler_76)
NPC_ASSIGN_SKIP_ROOM: butler already in queue for rest with intent sched_sleep_butler_76
NPC_ASSIGN_ATTEMPT: Partner -> rest @ master_bedroom (Intent: sched_sleep_partner_76)
NPC_ASSIGN_SKIP_ROOM: partner already in queue for rest with intent sched_sleep_partner_76
NPC_ASSIGN_ATTEMPT: Flaubert Giles -> rest @ master_bedroom (Intent: sched_sleep_player_76)
NPC_ASSIGN_SKIP_ROOM: player already in queue for rest with intent sched_sleep_player_76
NPC_ASSIGN_ATTEMPT: Flaubert Giles -> rest @ butler_quarters (Intent: sched_sleep_butler_76)
NPC_ASSIGN_SKIP_ROOM: butler already in queue for rest with intent sched_sleep_butler_76
NPC_ASSIGN_ATTEMPT: Partner -> rest @ master_bedroom (Intent: sched_sleep_partner_76)
NPC_ASSIGN_SKIP_ROOM: partner already in queue for rest with intent sched_sleep_partner_76
NPC_ASSIGN_ATTEMPT: Flaubert Giles -> rest @ master_bedroom (Intent: sched_sleep_player_76)
NPC_ASSIGN_SKIP_ROOM: player already in queue for rest with intent sched_sleep_player_76
NPC_ASSIGN_ATTEMPT: Flaubert Giles -> rest @ butler_quarters (Intent: sched_sleep_butler_76)
NPC_ASSIGN_SKIP_ROOM: butler already in queue for rest with intent sched_sleep_butler_76
NPC_ASSIGN_ATTEMPT: Partner -> rest @ master_bedroom (Intent: sched_sleep_partner_76)
NPC_ASSIGN_SKIP_ROOM: partner already in queue for rest with intent sched_sleep_partner_76
NPC_ASSIGN_ATTEMPT: Flaubert Giles -> rest @ master_bedroom (Intent: sched_sleep_player_76)
NPC_ASSIGN_SKIP_ROOM: player already in queue for rest with intent sched_sleep_player_76
NPC_ASSIGN_ATTEMPT: Flaubert Giles -> rest @ butler_quarters (Intent: sched_sleep_butler_76)
NPC_ASSIGN_SKIP_ROOM: butler already in queue for rest with intent sched_sleep_butler_76
NPC_ASSIGN_ATTEMPT: Partner -> rest @ master_bedroom (Intent: sched_sleep_partner_76)
NPC_ASSIGN_SKIP_ROOM: partner already in queue for rest with intent sched_sleep_partner_76
NPC_ASSIGN_ATTEMPT: Flaubert Giles -> rest @ master_bedroom (Intent: sched_sleep_player_76)
NPC_ASSIGN_SKIP_ROOM: player already in queue for rest with intent sched_sleep_player_76
NPC_ASSIGN_ATTEMPT: Flaubert Giles -> rest @ butler_quarters (Intent: sched_sleep_butler_76)
NPC_ASSIGN_SKIP_ROOM: butler already in queue for rest with intent sched_sleep_butler_76
NPC_ASSIGN_ATTEMPT: Partner -> rest @ master_bedroom (Intent: sched_sleep_partner_76)
NPC_ASSIGN_SKIP_ROOM: partner already in queue for rest with intent sched_sleep_partner_76
NPC_ASSIGN_ATTEMPT: Flaubert Giles -> rest @ master_bedroom (Intent: sched_sleep_player_76)
NPC_ASSIGN_SKIP_ROOM: player already in queue for rest with intent sched_sleep_player_76
NPC_ASSIGN_ATTEMPT: Flaubert Giles -> rest @ butler_quarters (Intent: sched_sleep_butler_76)
NPC_ASSIGN_SKIP_ROOM: butler already in queue for rest with intent sched_sleep_butler_76
NPC_ASSIGN_ATTEMPT: Partner -> rest @ master_bedroom (Intent: sched_sleep_partner_76)
NPC_ASSIGN_SKIP_ROOM: partner already in queue for rest with intent sched_sleep_partner_76
NPC_ASSIGN_ATTEMPT: Flaubert Giles -> rest @ master_bedroom (Intent: sched_sleep_player_76)
NPC_ASSIGN_SKIP_ROOM: player already in queue for rest with intent sched_sleep_player_76
NPC_ASSIGN_ATTEMPT: Flaubert Giles -> rest @ butler_quarters (Intent: sched_sleep_butler_76)
NPC_ASSIGN_SKIP_ROOM: butler already in queue for rest with intent sched_sleep_butler_76
NPC_ASSIGN_ATTEMPT: Partner -> rest @ master_bedroom (Intent: sched_sleep_partner_76)
NPC_ASSIGN_SKIP_ROOM: partner already in queue for rest with intent sched_sleep_partner_76
NPC_ASSIGN_ATTEMPT: Flaubert Giles -> rest @ master_bedroom (Intent: sched_sleep_player_76)
NPC_ASSIGN_SKIP_ROOM: player already in queue for rest with intent sched_sleep_player_76
NPC_ASSIGN_ATTEMPT: Flaubert Giles -> rest @ butler_quarters (Intent: sched_sleep_butler_76)
NPC_ASSIGN_SKIP_ROOM: butler already in queue for rest with intent sched_sleep_butler_76
NPC_ASSIGN_ATTEMPT: Partner -> rest @ master_bedroom (Intent: sched_sleep_partner_76)
NPC_ASSIGN_SKIP_ROOM: partner already in queue for rest with intent sched_sleep_partner_76
NPC_ASSIGN_ATTEMPT: Flaubert Giles -> rest @ master_bedroom (Intent: sched_sleep_player_76)
NPC_ASSIGN_SKIP_ROOM: player already in queue for rest with intent sched_sleep_player_76
NPC_ASSIGN_ATTEMPT: Flaubert Giles -> rest @ butler_quarters (Intent: sched_sleep_butler_76)
NPC_ASSIGN_SKIP_ROOM: butler already in queue for rest with intent sched_sleep_butler_76
NPC_ASSIGN_ATTEMPT: Partner -> rest @ master_bedroom (Intent: sched_sleep_partner_76)
NPC_ASSIGN_SKIP_ROOM: partner already in queue for rest with intent sched_sleep_partner_76
NPC_ASSIGN_ATTEMPT: Flaubert Giles -> rest @ master_bedroom (Intent: sched_sleep_player_76)
NPC_ASSIGN_SKIP_ROOM: player already in queue for rest with intent sched_sleep_player_76
NPC_ASSIGN_ATTEMPT: Flaubert Giles -> rest @ butler_quarters (Intent: sched_sleep_butler_76)
NPC_ASSIGN_SKIP_ROOM: butler already in queue for rest with intent sched_sleep_butler_76
NPC_ASSIGN_ATTEMPT: Partner -> rest @ master_bedroom (Intent: sched_sleep_partner_76)
NPC_ASSIGN_SKIP_ROOM: partner already in queue for rest with intent sched_sleep_partner_76
NPC_ASSIGN_ATTEMPT: Flaubert Giles -> rest @ master_bedroom (Intent: sched_sleep_player_76)
NPC_ASSIGN_SKIP_ROOM: player already in queue for rest with intent sched_sleep_player_76
NPC_ASSIGN_ATTEMPT: Flaubert Giles -> rest @ butler_quarters (Intent: sched_sleep_butler_76)
NPC_ASSIGN_SKIP_ROOM: butler already in queue for rest with intent sched_sleep_butler_76
NPC_ASSIGN_ATTEMPT: Partner -> rest @ master_bedroom (Intent: sched_sleep_partner_76)
NPC_ASSIGN_SKIP_ROOM: partner already in queue for rest with intent sched_sleep_partner_76
NPC_ASSIGN_ATTEMPT: Flaubert Giles -> rest @ master_bedroom (Intent: sched_sleep_player_76)
NPC_ASSIGN_SKIP_ROOM: player already in queue for rest with intent sched_sleep_player_76
NPC_ASSIGN_ATTEMPT: Flaubert Giles -> rest @ butler_quarters (Intent: sched_sleep_butler_76)
NPC_ASSIGN_SKIP_ROOM: butler already in queue for rest with intent sched_sleep_butler_76
NPC_ASSIGN_ATTEMPT: Partner -> rest @ master_bedroom (Intent: sched_sleep_partner_76)
NPC_ASSIGN_SKIP_ROOM: partner already in queue for rest with intent sched_sleep_partner_76
NPC_ASSIGN_ATTEMPT: Flaubert Giles -> rest @ master_bedroom (Intent: sched_sleep_player_76)
NPC_ASSIGN_SKIP_ROOM: player already in queue for rest with intent sched_sleep_player_76
NPC_ASSIGN_ATTEMPT: Flaubert Giles -> rest @ butler_quarters (Intent: sched_sleep_butler_76)
NPC_ASSIGN_SKIP_ROOM: butler already in queue for rest with intent sched_sleep_butler_76
NPC_ASSIGN_ATTEMPT: Partner -> rest @ master_bedroom (Intent: sched_sleep_partner_76)
NPC_ASSIGN_SKIP_ROOM: partner already in queue for rest with intent sched_sleep_partner_76
NPC_ASSIGN_ATTEMPT: Flaubert Giles -> rest @ master_bedroom (Intent: sched_sleep_player_76)
NPC_ASSIGN_SKIP_ROOM: player already in queue for rest with intent sched_sleep_player_76
NPC_ASSIGN_ATTEMPT: Flaubert Giles -> rest @ butler_quarters (Intent: sched_sleep_butler_76)
NPC_ASSIGN_SKIP_ROOM: butler already in queue for rest with intent sched_sleep_butler_76
NPC_ASSIGN_ATTEMPT: Partner -> rest @ master_bedroom (Intent: sched_sleep_partner_76)
NPC_ASSIGN_SKIP_ROOM: partner already in queue for rest with intent sched_sleep_partner_76
NPC_ASSIGN_ATTEMPT: Flaubert Giles -> rest @ master_bedroom (Intent: sched_sleep_player_76)
NPC_ASSIGN_SKIP_ROOM: player already in queue for rest with intent sched_sleep_player_76
NPC_ASSIGN_ATTEMPT: Flaubert Giles -> rest @ butler_quarters (Intent: sched_sleep_butler_76)
NPC_ASSIGN_SKIP_ROOM: butler already in queue for rest with intent sched_sleep_butler_76
NPC_ASSIGN_ATTEMPT: Partner -> rest @ master_bedroom (Intent: sched_sleep_partner_76)
NPC_ASSIGN_SKIP_ROOM: partner already in queue for rest with intent sched_sleep_partner_76
NPC_ASSIGN_ATTEMPT: Flaubert Giles -> rest @ master_bedroom (Intent: sched_sleep_player_76)
NPC_ASSIGN_SKIP_ROOM: player already in queue for rest with intent sched_sleep_player_76
NPC_ASSIGN_ATTEMPT: Flaubert Giles -> rest @ butler_quarters (Intent: sched_sleep_butler_76)
NPC_ASSIGN_SKIP_ROOM: butler already in queue for rest with intent sched_sleep_butler_76
NPC_ASSIGN_ATTEMPT: Partner -> rest @ master_bedroom (Intent: sched_sleep_partner_76)
NPC_ASSIGN_SKIP_ROOM: partner already in queue for rest with intent sched_sleep_partner_76
NPC_ASSIGN_ATTEMPT: Flaubert Giles -> rest @ master_bedroom (Intent: sched_sleep_player_76)
NPC_ASSIGN_SKIP_ROOM: player already in queue for rest with intent sched_sleep_player_76
NPC_ASSIGN_ATTEMPT: Flaubert Giles -> rest @ butler_quarters (Intent: sched_sleep_butler_76)
NPC_ASSIGN_SKIP_ROOM: butler already in queue for rest with intent sched_sleep_butler_76
NPC_ASSIGN_ATTEMPT: Partner -> rest @ master_bedroom (Intent: sched_sleep_partner_76)
NPC_ASSIGN_SKIP_ROOM: partner already in queue for rest with intent sched_sleep_partner_76
NPC_ASSIGN_ATTEMPT: Flaubert Giles -> rest @ master_bedroom (Intent: sched_sleep_player_76)
NPC_ASSIGN_SKIP_ROOM: player already in queue for rest with intent sched_sleep_player_76
NPC_ASSIGN_ATTEMPT: Flaubert Giles -> rest @ butler_quarters (Intent: sched_sleep_butler_76)
NPC_ASSIGN_SKIP_ROOM: butler already in queue for rest with intent sched_sleep_butler_76
NPC_ASSIGN_ATTEMPT: Partner -> rest @ master_bedroom (Intent: sched_sleep_partner_76)
NPC_ASSIGN_SKIP_ROOM: partner already in queue for rest with intent sched_sleep_partner_76
NPC_ASSIGN_ATTEMPT: Flaubert Giles -> rest @ master_bedroom (Intent: sched_sleep_player_76)
NPC_ASSIGN_SKIP_ROOM: player already in queue for rest with intent sched_sleep_player_76
NPC_ASSIGN_ATTEMPT: Flaubert Giles -> rest @ butler_quarters (Intent: sched_sleep_butler_76)
NPC_ASSIGN_SKIP_ROOM: butler already in queue for rest with intent sched_sleep_butler_76
NPC_ASSIGN_ATTEMPT: Partner -> rest @ master_bedroom (Intent: sched_sleep_partner_76)
NPC_ASSIGN_SKIP_ROOM: partner already in queue for rest with intent sched_sleep_partner_76
NPC_ASSIGN_ATTEMPT: Flaubert Giles -> rest @ master_bedroom (Intent: sched_sleep_player_76)
NPC_ASSIGN_SKIP_ROOM: player already in queue for rest with intent sched_sleep_player_76
NPC_ASSIGN_ATTEMPT: Flaubert Giles -> rest @ butler_quarters (Intent: sched_sleep_butler_76)
NPC_ASSIGN_SKIP_ROOM: butler already in queue for rest with intent sched_sleep_butler_76
NPC_ASSIGN_ATTEMPT: Partner -> rest @ master_bedroom (Intent: sched_sleep_partner_76)
NPC_ASSIGN_SKIP_ROOM: partner already in queue for rest with intent sched_sleep_partner_76
NPC_ASSIGN_ATTEMPT: Flaubert Giles -> rest @ master_bedroom (Intent: sched_sleep_player_76)
NPC_ASSIGN_SKIP_ROOM: player already in queue for rest with intent sched_sleep_player_76
NPC_ASSIGN_ATTEMPT: Flaubert Giles -> rest @ butler_quarters (Intent: sched_sleep_butler_76)
NPC_ASSIGN_SKIP_ROOM: butler already in queue for rest with intent sched_sleep_butler_76
NPC_ASSIGN_ATTEMPT: Partner -> rest @ master_bedroom (Intent: sched_sleep_partner_76)
NPC_ASSIGN_SKIP_ROOM: partner already in queue for rest with intent sched_sleep_partner_76
NPC_ASSIGN_ATTEMPT: Flaubert Giles -> rest @ master_bedroom (Intent: sched_sleep_player_76)
NPC_ASSIGN_SKIP_ROOM: player already in queue for rest with intent sched_sleep_player_76
NPC_ASSIGN_ATTEMPT: Flaubert Giles -> rest @ butler_quarters (Intent: sched_sleep_butler_76)
NPC_ASSIGN_SKIP_ROOM: butler already in queue for rest with intent sched_sleep_butler_76
NPC_ASSIGN_ATTEMPT: Partner -> rest @ master_bedroom (Intent: sched_sleep_partner_76)
NPC_ASSIGN_SKIP_ROOM: partner already in queue for rest with intent sched_sleep_partner_76
NPC_ASSIGN_ATTEMPT: Flaubert Giles -> rest @ master_bedroom (Intent: sched_sleep_player_76)
NPC_ASSIGN_SKIP_ROOM: player already in queue for rest with intent sched_sleep_player_76
NPC_ASSIGN_ATTEMPT: Flaubert Giles -> rest @ butler_quarters (Intent: sched_sleep_butler_76)
NPC_ASSIGN_SKIP_ROOM: butler already in queue for rest with intent sched_sleep_butler_76
NPC_ASSIGN_ATTEMPT: Partner -> rest @ master_bedroom (Intent: sched_sleep_partner_76)
NPC_ASSIGN_SKIP_ROOM: partner already in queue for rest with intent sched_sleep_partner_76
NPC_ASSIGN_ATTEMPT: Flaubert Giles -> rest @ master_bedroom (Intent: sched_sleep_player_76)
NPC_ASSIGN_SKIP_ROOM: player already in queue for rest with intent sched_sleep_player_76
NPC_ASSIGN_ATTEMPT: Flaubert Giles -> rest @ butler_quarters (Intent: sched_sleep_butler_76)
NPC_ASSIGN_SKIP_ROOM: butler already in queue for rest with intent sched_sleep_butler_76
NPC_ASSIGN_ATTEMPT: Partner -> rest @ master_bedroom (Intent: sched_sleep_partner_76)
NPC_ASSIGN_SKIP_ROOM: partner already in queue for rest with intent sched_sleep_partner_76
NPC_ASSIGN_ATTEMPT: Flaubert Giles -> rest @ master_bedroom (Intent: sched_sleep_player_76)
NPC_ASSIGN_SKIP_ROOM: player already in queue for rest with intent sched_sleep_player_76
NPC_ASSIGN_ATTEMPT: Flaubert Giles -> rest @ butler_quarters (Intent: sched_sleep_butler_76)
NPC_ASSIGN_SKIP_ROOM: butler already in queue for rest with intent sched_sleep_butler_76
NPC_ASSIGN_ATTEMPT: Partner -> rest @ master_bedroom (Intent: sched_sleep_partner_76)
NPC_ASSIGN_SKIP_ROOM: partner already in queue for rest with intent sched_sleep_partner_76
NPC_ASSIGN_ATTEMPT: Flaubert Giles -> rest @ master_bedroom (Intent: sched_sleep_player_76)
NPC_ASSIGN_SKIP_ROOM: player already in queue for rest with intent sched_sleep_player_76
NPC_ASSIGN_ATTEMPT: Flaubert Giles -> rest @ butler_quarters (Intent: sched_sleep_butler_76)
NPC_ASSIGN_SKIP_ROOM: butler already in queue for rest with intent sched_sleep_butler_76
NPC_ASSIGN_ATTEMPT: Partner -> rest @ master_bedroom (Intent: sched_sleep_partner_76)
NPC_ASSIGN_SKIP_ROOM: partner already in queue for rest with intent sched_sleep_partner_76
NPC_ASSIGN_ATTEMPT: Flaubert Giles -> rest @ master_bedroom (Intent: sched_sleep_player_76)
NPC_ASSIGN_SKIP_ROOM: player already in queue for rest with intent sched_sleep_player_76
NPC_ASSIGN_ATTEMPT: Flaubert Giles -> rest @ butler_quarters (Intent: sched_sleep_butler_76)
NPC_ASSIGN_SKIP_ROOM: butler already in queue for rest with intent sched_sleep_butler_76
NPC_ASSIGN_ATTEMPT: Partner -> rest @ master_bedroom (Intent: sched_sleep_partner_76)
NPC_ASSIGN_SKIP_ROOM: partner already in queue for rest with intent sched_sleep_partner_76
NPC_ASSIGN_ATTEMPT: Flaubert Giles -> rest @ master_bedroom (Intent: sched_sleep_player_76)
NPC_ASSIGN_SKIP_ROOM: player already in queue for rest with intent sched_sleep_player_76
NPC_ASSIGN_ATTEMPT: Flaubert Giles -> rest @ butler_quarters (Intent: sched_sleep_butler_76)
NPC_ASSIGN_SKIP_ROOM: butler already in queue for rest with intent sched_sleep_butler_76
NPC_ASSIGN_ATTEMPT: Partner -> rest @ master_bedroom (Intent: sched_sleep_partner_76)
NPC_ASSIGN_SKIP_ROOM: partner already in queue for rest with intent sched_sleep_partner_76
NPC_ASSIGN_ATTEMPT: Flaubert Giles -> rest @ master_bedroom (Intent: sched_sleep_player_77)
NPC_ASSIGN_ATTEMPT: Flaubert Giles -> rest @ butler_quarters (Intent: sched_sleep_butler_77)
NPC_ASSIGN_ATTEMPT: Partner -> rest @ master_bedroom (Intent: sched_sleep_partner_77)
NPC_ASSIGN_ATTEMPT: Flaubert Giles -> rest @ master_bedroom (Intent: sched_sleep_player_77)
NPC_ASSIGN_SKIP_ROOM: player already in queue for rest with intent sched_sleep_player_77
NPC_ASSIGN_ATTEMPT: Flaubert Giles -> rest @ butler_quarters (Intent: sched_sleep_butler_77)
NPC_ASSIGN_SKIP_ROOM: butler already in queue for rest with intent sched_sleep_butler_77
NPC_ASSIGN_ATTEMPT: Partner -> rest @ master_bedroom (Intent: sched_sleep_partner_77)
NPC_ASSIGN_SKIP_ROOM: partner already in queue for rest with intent sched_sleep_partner_77
NPC_ASSIGN_ATTEMPT: Flaubert Giles -> rest @ master_bedroom (Intent: sched_sleep_player_77)
NPC_ASSIGN_SKIP_ROOM: player already in queue for rest with intent sched_sleep_player_77
NPC_ASSIGN_ATTEMPT: Flaubert Giles -> rest @ butler_quarters (Intent: sched_sleep_butler_77)
NPC_ASSIGN_SKIP_ROOM: butler already in queue for rest with intent sched_sleep_butler_77
NPC_ASSIGN_ATTEMPT: Partner -> rest @ master_bedroom (Intent: sched_sleep_partner_77)
NPC_ASSIGN_SKIP_ROOM: partner already in queue for rest with intent sched_sleep_partner_77
NPC_ASSIGN_ATTEMPT: Flaubert Giles -> rest @ master_bedroom (Intent: sched_sleep_player_77)
NPC_ASSIGN_SKIP_ROOM: player already in queue for rest with intent sched_sleep_player_77
NPC_ASSIGN_ATTEMPT: Flaubert Giles -> rest @ butler_quarters (Intent: sched_sleep_butler_77)
NPC_ASSIGN_SKIP_ROOM: butler already in queue for rest with intent sched_sleep_butler_77
NPC_ASSIGN_ATTEMPT: Partner -> rest @ master_bedroom (Intent: sched_sleep_partner_77)
NPC_ASSIGN_SKIP_ROOM: partner already in queue for rest with intent sched_sleep_partner_77
NPC_ASSIGN_ATTEMPT: Flaubert Giles -> rest @ master_bedroom (Intent: sched_sleep_player_77)
NPC_ASSIGN_SKIP_ROOM: player already in queue for rest with intent sched_sleep_player_77
NPC_ASSIGN_ATTEMPT: Flaubert Giles -> rest @ butler_quarters (Intent: sched_sleep_butler_77)
NPC_ASSIGN_SKIP_ROOM: butler already in queue for rest with intent sched_sleep_butler_77
NPC_ASSIGN_ATTEMPT: Partner -> rest @ master_bedroom (Intent: sched_sleep_partner_77)
NPC_ASSIGN_SKIP_ROOM: partner already in queue for rest with intent sched_sleep_partner_77
NPC_ASSIGN_ATTEMPT: Flaubert Giles -> rest @ master_bedroom (Intent: sched_sleep_player_77)
NPC_ASSIGN_SKIP_ROOM: player already in queue for rest with intent sched_sleep_player_77
NPC_ASSIGN_ATTEMPT: Flaubert Giles -> rest @ butler_quarters (Intent: sched_sleep_butler_77)
NPC_ASSIGN_SKIP_ROOM: butler already in queue for rest with intent sched_sleep_butler_77
NPC_ASSIGN_ATTEMPT: Partner -> rest @ master_bedroom (Intent: sched_sleep_partner_77)
NPC_ASSIGN_SKIP_ROOM: partner already in queue for rest with intent sched_sleep_partner_77
NPC_ASSIGN_ATTEMPT: Flaubert Giles -> rest @ master_bedroom (Intent: sched_sleep_player_77)
NPC_ASSIGN_SKIP_ROOM: player already in queue for rest with intent sched_sleep_player_77
NPC_ASSIGN_ATTEMPT: Flaubert Giles -> rest @ butler_quarters (Intent: sched_sleep_butler_77)
NPC_ASSIGN_SKIP_ROOM: butler already in queue for rest with intent sched_sleep_butler_77
NPC_ASSIGN_ATTEMPT: Partner -> rest @ master_bedroom (Intent: sched_sleep_partner_77)
NPC_ASSIGN_SKIP_ROOM: partner already in queue for rest with intent sched_sleep_partner_77
NPC_ASSIGN_ATTEMPT: Flaubert Giles -> rest @ master_bedroom (Intent: sched_sleep_player_77)
NPC_ASSIGN_SKIP_ROOM: player already in queue for rest with intent sched_sleep_player_77
NPC_ASSIGN_ATTEMPT: Flaubert Giles -> rest @ butler_quarters (Intent: sched_sleep_butler_77)
NPC_ASSIGN_SKIP_ROOM: butler already in queue for rest with intent sched_sleep_butler_77
NPC_ASSIGN_ATTEMPT: Partner -> rest @ master_bedroom (Intent: sched_sleep_partner_77)
NPC_ASSIGN_SKIP_ROOM: partner already in queue for rest with intent sched_sleep_partner_77
NPC_ASSIGN_ATTEMPT: Flaubert Giles -> rest @ master_bedroom (Intent: sched_sleep_player_77)
NPC_ASSIGN_SKIP_ROOM: player already in queue for rest with intent sched_sleep_player_77
NPC_ASSIGN_ATTEMPT: Flaubert Giles -> rest @ butler_quarters (Intent: sched_sleep_butler_77)
NPC_ASSIGN_SKIP_ROOM: butler already in queue for rest with intent sched_sleep_butler_77
NPC_ASSIGN_ATTEMPT: Partner -> rest @ master_bedroom (Intent: sched_sleep_partner_77)
NPC_ASSIGN_SKIP_ROOM: partner already in queue for rest with intent sched_sleep_partner_77
NPC_ASSIGN_ATTEMPT: Flaubert Giles -> rest @ master_bedroom (Intent: sched_sleep_player_77)
NPC_ASSIGN_SKIP_ROOM: player already in queue for rest with intent sched_sleep_player_77
NPC_ASSIGN_ATTEMPT: Flaubert Giles -> rest @ butler_quarters (Intent: sched_sleep_butler_77)
NPC_ASSIGN_SKIP_ROOM: butler already in queue for rest with intent sched_sleep_butler_77
NPC_ASSIGN_ATTEMPT: Partner -> rest @ master_bedroom (Intent: sched_sleep_partner_77)
NPC_ASSIGN_SKIP_ROOM: partner already in queue for rest with intent sched_sleep_partner_77
NPC_ASSIGN_ATTEMPT: Flaubert Giles -> rest @ master_bedroom (Intent: sched_sleep_player_77)
NPC_ASSIGN_SKIP_ROOM: player already in queue for rest with intent sched_sleep_player_77
NPC_ASSIGN_ATTEMPT: Flaubert Giles -> rest @ butler_quarters (Intent: sched_sleep_butler_77)
NPC_ASSIGN_SKIP_ROOM: butler already in queue for rest with intent sched_sleep_butler_77
NPC_ASSIGN_ATTEMPT: Partner -> rest @ master_bedroom (Intent: sched_sleep_partner_77)
NPC_ASSIGN_SKIP_ROOM: partner already in queue for rest with intent sched_sleep_partner_77
NPC_ASSIGN_ATTEMPT: Flaubert Giles -> rest @ master_bedroom (Intent: sched_sleep_player_77)
NPC_ASSIGN_SKIP_ROOM: player already in queue for rest with intent sched_sleep_player_77
NPC_ASSIGN_ATTEMPT: Flaubert Giles -> rest @ butler_quarters (Intent: sched_sleep_butler_77)
NPC_ASSIGN_SKIP_ROOM: butler already in queue for rest with intent sched_sleep_butler_77
NPC_ASSIGN_ATTEMPT: Partner -> rest @ master_bedroom (Intent: sched_sleep_partner_77)
NPC_ASSIGN_SKIP_ROOM: partner already in queue for rest with intent sched_sleep_partner_77
NPC_ASSIGN_ATTEMPT: Flaubert Giles -> rest @ master_bedroom (Intent: sched_sleep_player_77)
NPC_ASSIGN_SKIP_ROOM: player already in queue for rest with intent sched_sleep_player_77
NPC_ASSIGN_ATTEMPT: Flaubert Giles -> rest @ butler_quarters (Intent: sched_sleep_butler_77)
NPC_ASSIGN_SKIP_ROOM: butler already in queue for rest with intent sched_sleep_butler_77
NPC_ASSIGN_ATTEMPT: Partner -> rest @ master_bedroom (Intent: sched_sleep_partner_77)
NPC_ASSIGN_SKIP_ROOM: partner already in queue for rest with intent sched_sleep_partner_77
NPC_ASSIGN_ATTEMPT: Flaubert Giles -> rest @ master_bedroom (Intent: sched_sleep_player_77)
NPC_ASSIGN_SKIP_ROOM: player already in queue for rest with intent sched_sleep_player_77
NPC_ASSIGN_ATTEMPT: Flaubert Giles -> rest @ butler_quarters (Intent: sched_sleep_butler_77)
NPC_ASSIGN_SKIP_ROOM: butler already in queue for rest with intent sched_sleep_butler_77
NPC_ASSIGN_ATTEMPT: Partner -> rest @ master_bedroom (Intent: sched_sleep_partner_77)
NPC_ASSIGN_SKIP_ROOM: partner already in queue for rest with intent sched_sleep_partner_77
NPC_ASSIGN_ATTEMPT: Flaubert Giles -> rest @ master_bedroom (Intent: sched_sleep_player_77)
NPC_ASSIGN_SKIP_ROOM: player already in queue for rest with intent sched_sleep_player_77
NPC_ASSIGN_ATTEMPT: Flaubert Giles -> rest @ butler_quarters (Intent: sched_sleep_butler_77)
NPC_ASSIGN_SKIP_ROOM: butler already in queue for rest with intent sched_sleep_butler_77
NPC_ASSIGN_ATTEMPT: Partner -> rest @ master_bedroom (Intent: sched_sleep_partner_77)
NPC_ASSIGN_SKIP_ROOM: partner already in queue for rest with intent sched_sleep_partner_77
NPC_ASSIGN_ATTEMPT: Flaubert Giles -> rest @ master_bedroom (Intent: sched_sleep_player_77)
NPC_ASSIGN_SKIP_ROOM: player already in queue for rest with intent sched_sleep_player_77
NPC_ASSIGN_ATTEMPT: Flaubert Giles -> rest @ butler_quarters (Intent: sched_sleep_butler_77)
NPC_ASSIGN_SKIP_ROOM: butler already in queue for rest with intent sched_sleep_butler_77
NPC_ASSIGN_ATTEMPT: Partner -> rest @ master_bedroom (Intent: sched_sleep_partner_77)
NPC_ASSIGN_SKIP_ROOM: partner already in queue for rest with intent sched_sleep_partner_77
NPC_ASSIGN_ATTEMPT: Flaubert Giles -> rest @ master_bedroom (Intent: sched_sleep_player_77)
NPC_ASSIGN_SKIP_ROOM: player already in queue for rest with intent sched_sleep_player_77
NPC_ASSIGN_ATTEMPT: Flaubert Giles -> rest @ butler_quarters (Intent: sched_sleep_butler_77)
NPC_ASSIGN_SKIP_ROOM: butler already in queue for rest with intent sched_sleep_butler_77
NPC_ASSIGN_ATTEMPT: Partner -> rest @ master_bedroom (Intent: sched_sleep_partner_77)
NPC_ASSIGN_SKIP_ROOM: partner already in queue for rest with intent sched_sleep_partner_77
NPC_ASSIGN_ATTEMPT: Flaubert Giles -> rest @ master_bedroom (Intent: sched_sleep_player_77)
NPC_ASSIGN_SKIP_ROOM: player already in queue for rest with intent sched_sleep_player_77
NPC_ASSIGN_ATTEMPT: Flaubert Giles -> rest @ butler_quarters (Intent: sched_sleep_butler_77)
NPC_ASSIGN_SKIP_ROOM: butler already in queue for rest with intent sched_sleep_butler_77
NPC_ASSIGN_ATTEMPT: Partner -> rest @ master_bedroom (Intent: sched_sleep_partner_77)
NPC_ASSIGN_SKIP_ROOM: partner already in queue for rest with intent sched_sleep_partner_77
NPC_ASSIGN_ATTEMPT: Flaubert Giles -> rest @ master_bedroom (Intent: sched_sleep_player_77)
NPC_ASSIGN_SKIP_ROOM: player already in queue for rest with intent sched_sleep_player_77
NPC_ASSIGN_ATTEMPT: Flaubert Giles -> rest @ butler_quarters (Intent: sched_sleep_butler_77)
NPC_ASSIGN_SKIP_ROOM: butler already in queue for rest with intent sched_sleep_butler_77
NPC_ASSIGN_ATTEMPT: Partner -> rest @ master_bedroom (Intent: sched_sleep_partner_77)
NPC_ASSIGN_SKIP_ROOM: partner already in queue for rest with intent sched_sleep_partner_77
NPC_ASSIGN_ATTEMPT: Flaubert Giles -> rest @ master_bedroom (Intent: sched_sleep_player_77)
NPC_ASSIGN_SKIP_ROOM: player already in queue for rest with intent sched_sleep_player_77
NPC_ASSIGN_ATTEMPT: Flaubert Giles -> rest @ butler_quarters (Intent: sched_sleep_butler_77)
NPC_ASSIGN_SKIP_ROOM: butler already in queue for rest with intent sched_sleep_butler_77
NPC_ASSIGN_ATTEMPT: Partner -> rest @ master_bedroom (Intent: sched_sleep_partner_77)
NPC_ASSIGN_SKIP_ROOM: partner already in queue for rest with intent sched_sleep_partner_77
NPC_ASSIGN_ATTEMPT: Flaubert Giles -> rest @ master_bedroom (Intent: sched_sleep_player_77)
NPC_ASSIGN_SKIP_ROOM: player already in queue for rest with intent sched_sleep_player_77
NPC_ASSIGN_ATTEMPT: Flaubert Giles -> rest @ butler_quarters (Intent: sched_sleep_butler_77)
NPC_ASSIGN_SKIP_ROOM: butler already in queue for rest with intent sched_sleep_butler_77
NPC_ASSIGN_ATTEMPT: Partner -> rest @ master_bedroom (Intent: sched_sleep_partner_77)
NPC_ASSIGN_SKIP_ROOM: partner already in queue for rest with intent sched_sleep_partner_77
NPC_ASSIGN_ATTEMPT: Flaubert Giles -> rest @ master_bedroom (Intent: sched_sleep_player_77)
NPC_ASSIGN_SKIP_ROOM: player already in queue for rest with intent sched_sleep_player_77
NPC_ASSIGN_ATTEMPT: Flaubert Giles -> rest @ butler_quarters (Intent: sched_sleep_butler_77)
NPC_ASSIGN_SKIP_ROOM: butler already in queue for rest with intent sched_sleep_butler_77
NPC_ASSIGN_ATTEMPT: Partner -> rest @ master_bedroom (Intent: sched_sleep_partner_77)
NPC_ASSIGN_SKIP_ROOM: partner already in queue for rest with intent sched_sleep_partner_77
NPC_ASSIGN_ATTEMPT: Flaubert Giles -> rest @ master_bedroom (Intent: sched_sleep_player_77)
NPC_ASSIGN_SKIP_ROOM: player already in queue for rest with intent sched_sleep_player_77
NPC_ASSIGN_ATTEMPT: Flaubert Giles -> rest @ butler_quarters (Intent: sched_sleep_butler_77)
NPC_ASSIGN_SKIP_ROOM: butler already in queue for rest with intent sched_sleep_butler_77
NPC_ASSIGN_ATTEMPT: Partner -> rest @ master_bedroom (Intent: sched_sleep_partner_77)
NPC_ASSIGN_SKIP_ROOM: partner already in queue for rest with intent sched_sleep_partner_77
NPC_ASSIGN_ATTEMPT: Flaubert Giles -> rest @ master_bedroom (Intent: sched_sleep_player_77)
NPC_ASSIGN_SKIP_ROOM: player already in queue for rest with intent sched_sleep_player_77
NPC_ASSIGN_ATTEMPT: Flaubert Giles -> rest @ butler_quarters (Intent: sched_sleep_butler_77)
NPC_ASSIGN_SKIP_ROOM: butler already in queue for rest with intent sched_sleep_butler_77
NPC_ASSIGN_ATTEMPT: Partner -> rest @ master_bedroom (Intent: sched_sleep_partner_77)
NPC_ASSIGN_SKIP_ROOM: partner already in queue for rest with intent sched_sleep_partner_77
NPC_ASSIGN_ATTEMPT: Flaubert Giles -> rest @ master_bedroom (Intent: sched_sleep_player_77)
NPC_ASSIGN_SKIP_ROOM: player already in queue for rest with intent sched_sleep_player_77
NPC_ASSIGN_ATTEMPT: Flaubert Giles -> rest @ butler_quarters (Intent: sched_sleep_butler_77)
NPC_ASSIGN_SKIP_ROOM: butler already in queue for rest with intent sched_sleep_butler_77
NPC_ASSIGN_ATTEMPT: Partner -> rest @ master_bedroom (Intent: sched_sleep_partner_77)
NPC_ASSIGN_SKIP_ROOM: partner already in queue for rest with intent sched_sleep_partner_77
NPC_ASSIGN_ATTEMPT: Flaubert Giles -> rest @ master_bedroom (Intent: sched_sleep_player_77)
NPC_ASSIGN_SKIP_ROOM: player already in queue for rest with intent sched_sleep_player_77
NPC_ASSIGN_ATTEMPT: Flaubert Giles -> rest @ butler_quarters (Intent: sched_sleep_butler_77)
NPC_ASSIGN_SKIP_ROOM: butler already in queue for rest with intent sched_sleep_butler_77
NPC_ASSIGN_ATTEMPT: Partner -> rest @ master_bedroom (Intent: sched_sleep_partner_77)
NPC_ASSIGN_SKIP_ROOM: partner already in queue for rest with intent sched_sleep_partner_77
NPC_ASSIGN_ATTEMPT: Flaubert Giles -> rest @ master_bedroom (Intent: sched_sleep_player_77)
NPC_ASSIGN_SKIP_ROOM: player already in queue for rest with intent sched_sleep_player_77
NPC_ASSIGN_ATTEMPT: Flaubert Giles -> rest @ butler_quarters (Intent: sched_sleep_butler_77)
NPC_ASSIGN_SKIP_ROOM: butler already in queue for rest with intent sched_sleep_butler_77
NPC_ASSIGN_ATTEMPT: Partner -> rest @ master_bedroom (Intent: sched_sleep_partner_77)
NPC_ASSIGN_SKIP_ROOM: partner already in queue for rest with intent sched_sleep_partner_77
NPC_ASSIGN_ATTEMPT: Flaubert Giles -> rest @ master_bedroom (Intent: sched_sleep_player_77)
NPC_ASSIGN_SKIP_ROOM: player already in queue for rest with intent sched_sleep_player_77
NPC_ASSIGN_ATTEMPT: Flaubert Giles -> rest @ butler_quarters (Intent: sched_sleep_butler_77)
NPC_ASSIGN_SKIP_ROOM: butler already in queue for rest with intent sched_sleep_butler_77
NPC_ASSIGN_ATTEMPT: Partner -> rest @ master_bedroom (Intent: sched_sleep_partner_77)
NPC_ASSIGN_SKIP_ROOM: partner already in queue for rest with intent sched_sleep_partner_77
NPC_ASSIGN_ATTEMPT: Flaubert Giles -> rest @ master_bedroom (Intent: sched_sleep_player_77)
NPC_ASSIGN_SKIP_ROOM: player already in queue for rest with intent sched_sleep_player_77
NPC_ASSIGN_ATTEMPT: Flaubert Giles -> rest @ butler_quarters (Intent: sched_sleep_butler_77)
NPC_ASSIGN_SKIP_ROOM: butler already in queue for rest with intent sched_sleep_butler_77
NPC_ASSIGN_ATTEMPT: Partner -> rest @ master_bedroom (Intent: sched_sleep_partner_77)
NPC_ASSIGN_SKIP_ROOM: partner already in queue for rest with intent sched_sleep_partner_77
NPC_ASSIGN_ATTEMPT: Flaubert Giles -> rest @ master_bedroom (Intent: sched_sleep_player_77)
NPC_ASSIGN_SKIP_ROOM: player already in queue for rest with intent sched_sleep_player_77
NPC_ASSIGN_ATTEMPT: Flaubert Giles -> rest @ butler_quarters (Intent: sched_sleep_butler_77)
NPC_ASSIGN_SKIP_ROOM: butler already in queue for rest with intent sched_sleep_butler_77
NPC_ASSIGN_ATTEMPT: Partner -> rest @ master_bedroom (Intent: sched_sleep_partner_77)
NPC_ASSIGN_SKIP_ROOM: partner already in queue for rest with intent sched_sleep_partner_77
NPC_ASSIGN_ATTEMPT: Flaubert Giles -> rest @ master_bedroom (Intent: sched_sleep_player_77)
NPC_ASSIGN_SKIP_ROOM: player already in queue for rest with intent sched_sleep_player_77
NPC_ASSIGN_ATTEMPT: Flaubert Giles -> rest @ butler_quarters (Intent: sched_sleep_butler_77)
NPC_ASSIGN_SKIP_ROOM: butler already in queue for rest with intent sched_sleep_butler_77
NPC_ASSIGN_ATTEMPT: Partner -> rest @ master_bedroom (Intent: sched_sleep_partner_77)
NPC_ASSIGN_SKIP_ROOM: partner already in queue for rest with intent sched_sleep_partner_77
NPC_ASSIGN_ATTEMPT: Flaubert Giles -> rest @ master_bedroom (Intent: sched_sleep_player_77)
NPC_ASSIGN_SKIP_ROOM: player already in queue for rest with intent sched_sleep_player_77
NPC_ASSIGN_ATTEMPT: Flaubert Giles -> rest @ butler_quarters (Intent: sched_sleep_butler_77)
NPC_ASSIGN_SKIP_ROOM: butler already in queue for rest with intent sched_sleep_butler_77
NPC_ASSIGN_ATTEMPT: Partner -> rest @ master_bedroom (Intent: sched_sleep_partner_77)
NPC_ASSIGN_SKIP_ROOM: partner already in queue for rest with intent sched_sleep_partner_77
NPC_ASSIGN_ATTEMPT: Flaubert Giles -> rest @ master_bedroom (Intent: sched_sleep_player_77)
NPC_ASSIGN_SKIP_ROOM: player already in queue for rest with intent sched_sleep_player_77
NPC_ASSIGN_ATTEMPT: Flaubert Giles -> rest @ butler_quarters (Intent: sched_sleep_butler_77)
NPC_ASSIGN_SKIP_ROOM: butler already in queue for rest with intent sched_sleep_butler_77
NPC_ASSIGN_ATTEMPT: Partner -> rest @ master_bedroom (Intent: sched_sleep_partner_77)
NPC_ASSIGN_SKIP_ROOM: partner already in queue for rest with intent sched_sleep_partner_77
NPC_ASSIGN_ATTEMPT: Flaubert Giles -> rest @ master_bedroom (Intent: sched_sleep_player_77)
NPC_ASSIGN_SKIP_ROOM: player already in queue for rest with intent sched_sleep_player_77
NPC_ASSIGN_ATTEMPT: Flaubert Giles -> rest @ butler_quarters (Intent: sched_sleep_butler_77)
NPC_ASSIGN_SKIP_ROOM: butler already in queue for rest with intent sched_sleep_butler_77
NPC_ASSIGN_ATTEMPT: Partner -> rest @ master_bedroom (Intent: sched_sleep_partner_77)
NPC_ASSIGN_SKIP_ROOM: partner already in queue for rest with intent sched_sleep_partner_77
NPC_ASSIGN_ATTEMPT: Flaubert Giles -> rest @ master_bedroom (Intent: sched_sleep_player_77)
NPC_ASSIGN_SKIP_ROOM: player already in queue for rest with intent sched_sleep_player_77
NPC_ASSIGN_ATTEMPT: Flaubert Giles -> rest @ butler_quarters (Intent: sched_sleep_butler_77)
NPC_ASSIGN_SKIP_ROOM: butler already in queue for rest with intent sched_sleep_butler_77
NPC_ASSIGN_ATTEMPT: Partner -> rest @ master_bedroom (Intent: sched_sleep_partner_77)
NPC_ASSIGN_SKIP_ROOM: partner already in queue for rest with intent sched_sleep_partner_77
NPC_ASSIGN_ATTEMPT: Flaubert Giles -> rest @ master_bedroom (Intent: sched_sleep_player_77)
NPC_ASSIGN_SKIP_ROOM: player already in queue for rest with intent sched_sleep_player_77
NPC_ASSIGN_ATTEMPT: Flaubert Giles -> rest @ butler_quarters (Intent: sched_sleep_butler_77)
NPC_ASSIGN_SKIP_ROOM: butler already in queue for rest with intent sched_sleep_butler_77
NPC_ASSIGN_ATTEMPT: Partner -> rest @ master_bedroom (Intent: sched_sleep_partner_77)
NPC_ASSIGN_SKIP_ROOM: partner already in queue for rest with intent sched_sleep_partner_77
NPC_ASSIGN_ATTEMPT: Flaubert Giles -> rest @ master_bedroom (Intent: sched_sleep_player_77)
NPC_ASSIGN_SKIP_ROOM: player already in queue for rest with intent sched_sleep_player_77
NPC_ASSIGN_ATTEMPT: Flaubert Giles -> rest @ butler_quarters (Intent: sched_sleep_butler_77)
NPC_ASSIGN_SKIP_ROOM: butler already in queue for rest with intent sched_sleep_butler_77
NPC_ASSIGN_ATTEMPT: Partner -> rest @ master_bedroom (Intent: sched_sleep_partner_77)
NPC_ASSIGN_SKIP_ROOM: partner already in queue for rest with intent sched_sleep_partner_77
NPC_ASSIGN_ATTEMPT: Flaubert Giles -> rest @ master_bedroom (Intent: sched_sleep_player_77)
NPC_ASSIGN_SKIP_ROOM: player already in queue for rest with intent sched_sleep_player_77
NPC_ASSIGN_ATTEMPT: Flaubert Giles -> rest @ butler_quarters (Intent: sched_sleep_butler_77)
NPC_ASSIGN_SKIP_ROOM: butler already in queue for rest with intent sched_sleep_butler_77
NPC_ASSIGN_ATTEMPT: Partner -> rest @ master_bedroom (Intent: sched_sleep_partner_77)
NPC_ASSIGN_SKIP_ROOM: partner already in queue for rest with intent sched_sleep_partner_77
NPC_ASSIGN_ATTEMPT: Flaubert Giles -> rest @ master_bedroom (Intent: sched_sleep_player_77)
NPC_ASSIGN_SKIP_ROOM: player already in queue for rest with intent sched_sleep_player_77
NPC_ASSIGN_ATTEMPT: Flaubert Giles -> rest @ butler_quarters (Intent: sched_sleep_butler_77)
NPC_ASSIGN_SKIP_ROOM: butler already in queue for rest with intent sched_sleep_butler_77
NPC_ASSIGN_ATTEMPT: Partner -> rest @ master_bedroom (Intent: sched_sleep_partner_77)
NPC_ASSIGN_SKIP_ROOM: partner already in queue for rest with intent sched_sleep_partner_77
NPC_ASSIGN_ATTEMPT: Flaubert Giles -> rest @ master_bedroom (Intent: sched_sleep_player_77)
NPC_ASSIGN_SKIP_ROOM: player already in queue for rest with intent sched_sleep_player_77
NPC_ASSIGN_ATTEMPT: Flaubert Giles -> rest @ butler_quarters (Intent: sched_sleep_butler_77)
NPC_ASSIGN_SKIP_ROOM: butler already in queue for rest with intent sched_sleep_butler_77
NPC_ASSIGN_ATTEMPT: Partner -> rest @ master_bedroom (Intent: sched_sleep_partner_77)
NPC_ASSIGN_SKIP_ROOM: partner already in queue for rest with intent sched_sleep_partner_77
NPC_ASSIGN_ATTEMPT: Flaubert Giles -> rest @ master_bedroom (Intent: sched_sleep_player_77)
NPC_ASSIGN_SKIP_ROOM: player already in queue for rest with intent sched_sleep_player_77
NPC_ASSIGN_ATTEMPT: Flaubert Giles -> rest @ butler_quarters (Intent: sched_sleep_butler_77)
NPC_ASSIGN_SKIP_ROOM: butler already in queue for rest with intent sched_sleep_butler_77
NPC_ASSIGN_ATTEMPT: Partner -> rest @ master_bedroom (Intent: sched_sleep_partner_77)
NPC_ASSIGN_SKIP_ROOM: partner already in queue for rest with intent sched_sleep_partner_77
NPC_ASSIGN_ATTEMPT: Flaubert Giles -> rest @ master_bedroom (Intent: sched_sleep_player_77)
NPC_ASSIGN_SKIP_ROOM: player already in queue for rest with intent sched_sleep_player_77
NPC_ASSIGN_ATTEMPT: Flaubert Giles -> rest @ butler_quarters (Intent: sched_sleep_butler_77)
NPC_ASSIGN_SKIP_ROOM: butler already in queue for rest with intent sched_sleep_butler_77
NPC_ASSIGN_ATTEMPT: Partner -> rest @ master_bedroom (Intent: sched_sleep_partner_77)
NPC_ASSIGN_SKIP_ROOM: partner already in queue for rest with intent sched_sleep_partner_77
NPC_ASSIGN_ATTEMPT: Flaubert Giles -> rest @ master_bedroom (Intent: sched_sleep_player_77)
NPC_ASSIGN_SKIP_ROOM: player already in queue for rest with intent sched_sleep_player_77
NPC_ASSIGN_ATTEMPT: Flaubert Giles -> rest @ butler_quarters (Intent: sched_sleep_butler_77)
NPC_ASSIGN_SKIP_ROOM: butler already in queue for rest with intent sched_sleep_butler_77
NPC_ASSIGN_ATTEMPT: Partner -> rest @ master_bedroom (Intent: sched_sleep_partner_77)
NPC_ASSIGN_SKIP_ROOM: partner already in queue for rest with intent sched_sleep_partner_77
NPC_ASSIGN_ATTEMPT: Flaubert Giles -> rest @ master_bedroom (Intent: sched_sleep_player_77)
NPC_ASSIGN_SKIP_ROOM: player already in queue for rest with intent sched_sleep_player_77
NPC_ASSIGN_ATTEMPT: Flaubert Giles -> rest @ butler_quarters (Intent: sched_sleep_butler_77)
NPC_ASSIGN_SKIP_ROOM: butler already in queue for rest with intent sched_sleep_butler_77
NPC_ASSIGN_ATTEMPT: Partner -> rest @ master_bedroom (Intent: sched_sleep_partner_77)
NPC_ASSIGN_SKIP_ROOM: partner already in queue for rest with intent sched_sleep_partner_77
NPC_ASSIGN_ATTEMPT: Flaubert Giles -> rest @ master_bedroom (Intent: sched_sleep_player_77)
NPC_ASSIGN_SKIP_ROOM: player already in queue for rest with intent sched_sleep_player_77
NPC_ASSIGN_ATTEMPT: Flaubert Giles -> rest @ butler_quarters (Intent: sched_sleep_butler_77)
NPC_ASSIGN_SKIP_ROOM: butler already in queue for rest with intent sched_sleep_butler_77
NPC_ASSIGN_ATTEMPT: Partner -> rest @ master_bedroom (Intent: sched_sleep_partner_77)
NPC_ASSIGN_SKIP_ROOM: partner already in queue for rest with intent sched_sleep_partner_77
NPC_ASSIGN_ATTEMPT: Flaubert Giles -> rest @ master_bedroom (Intent: sched_sleep_player_77)
NPC_ASSIGN_SKIP_ROOM: player already in queue for rest with intent sched_sleep_player_77
NPC_ASSIGN_ATTEMPT: Flaubert Giles -> rest @ butler_quarters (Intent: sched_sleep_butler_77)
NPC_ASSIGN_SKIP_ROOM: butler already in queue for rest with intent sched_sleep_butler_77
NPC_ASSIGN_ATTEMPT: Partner -> rest @ master_bedroom (Intent: sched_sleep_partner_77)
NPC_ASSIGN_SKIP_ROOM: partner already in queue for rest with intent sched_sleep_partner_77
NPC_ASSIGN_ATTEMPT: Flaubert Giles -> rest @ master_bedroom (Intent: sched_sleep_player_77)
NPC_ASSIGN_SKIP_ROOM: player already in queue for rest with intent sched_sleep_player_77
NPC_ASSIGN_ATTEMPT: Flaubert Giles -> rest @ butler_quarters (Intent: sched_sleep_butler_77)
NPC_ASSIGN_SKIP_ROOM: butler already in queue for rest with intent sched_sleep_butler_77
NPC_ASSIGN_ATTEMPT: Partner -> rest @ master_bedroom (Intent: sched_sleep_partner_77)
NPC_ASSIGN_SKIP_ROOM: partner already in queue for rest with intent sched_sleep_partner_77
NPC_ASSIGN_ATTEMPT: Flaubert Giles -> rest @ master_bedroom (Intent: sched_sleep_player_77)
NPC_ASSIGN_SKIP_ROOM: player already in queue for rest with intent sched_sleep_player_77
NPC_ASSIGN_ATTEMPT: Flaubert Giles -> rest @ butler_quarters (Intent: sched_sleep_butler_77)
NPC_ASSIGN_SKIP_ROOM: butler already in queue for rest with intent sched_sleep_butler_77
NPC_ASSIGN_ATTEMPT: Partner -> rest @ master_bedroom (Intent: sched_sleep_partner_77)
NPC_ASSIGN_SKIP_ROOM: partner already in queue for rest with intent sched_sleep_partner_77
NPC_ASSIGN_ATTEMPT: Flaubert Giles -> rest @ master_bedroom (Intent: sched_sleep_player_77)
NPC_ASSIGN_SKIP_ROOM: player already in queue for rest with intent sched_sleep_player_77
NPC_ASSIGN_ATTEMPT: Flaubert Giles -> rest @ butler_quarters (Intent: sched_sleep_butler_77)
NPC_ASSIGN_SKIP_ROOM: butler already in queue for rest with intent sched_sleep_butler_77
NPC_ASSIGN_ATTEMPT: Partner -> rest @ master_bedroom (Intent: sched_sleep_partner_77)
NPC_ASSIGN_SKIP_ROOM: partner already in queue for rest with intent sched_sleep_partner_77
NPC_ASSIGN_ATTEMPT: Flaubert Giles -> rest @ master_bedroom (Intent: sched_sleep_player_77)
NPC_ASSIGN_SKIP_ROOM: player already in queue for rest with intent sched_sleep_player_77
NPC_ASSIGN_ATTEMPT: Flaubert Giles -> rest @ butler_quarters (Intent: sched_sleep_butler_77)
NPC_ASSIGN_SKIP_ROOM: butler already in queue for rest with intent sched_sleep_butler_77
NPC_ASSIGN_ATTEMPT: Partner -> rest @ master_bedroom (Intent: sched_sleep_partner_77)
NPC_ASSIGN_SKIP_ROOM: partner already in queue for rest with intent sched_sleep_partner_77
NPC_ASSIGN_ATTEMPT: Flaubert Giles -> rest @ master_bedroom (Intent: sched_sleep_player_77)
NPC_ASSIGN_SKIP_ROOM: player already in queue for rest with intent sched_sleep_player_77
NPC_ASSIGN_ATTEMPT: Flaubert Giles -> rest @ butler_quarters (Intent: sched_sleep_butler_77)
NPC_ASSIGN_SKIP_ROOM: butler already in queue for rest with intent sched_sleep_butler_77
NPC_ASSIGN_ATTEMPT: Partner -> rest @ master_bedroom (Intent: sched_sleep_partner_77)
NPC_ASSIGN_SKIP_ROOM: partner already in queue for rest with intent sched_sleep_partner_77
NPC_ASSIGN_ATTEMPT: Flaubert Giles -> rest @ master_bedroom (Intent: sched_sleep_player_77)
NPC_ASSIGN_SKIP_ROOM: player already in queue for rest with intent sched_sleep_player_77
NPC_ASSIGN_ATTEMPT: Flaubert Giles -> rest @ butler_quarters (Intent: sched_sleep_butler_77)
NPC_ASSIGN_SKIP_ROOM: butler already in queue for rest with intent sched_sleep_butler_77
NPC_ASSIGN_ATTEMPT: Partner -> rest @ master_bedroom (Intent: sched_sleep_partner_77)
NPC_ASSIGN_SKIP_ROOM: partner already in queue for rest with intent sched_sleep_partner_77
NPC_ASSIGN_ATTEMPT: Flaubert Giles -> rest @ master_bedroom (Intent: sched_sleep_player_77)
NPC_ASSIGN_SKIP_ROOM: player already in queue for rest with intent sched_sleep_player_77
NPC_ASSIGN_ATTEMPT: Flaubert Giles -> rest @ butler_quarters (Intent: sched_sleep_butler_77)
NPC_ASSIGN_SKIP_ROOM: butler already in queue for rest with intent sched_sleep_butler_77
NPC_ASSIGN_ATTEMPT: Partner -> rest @ master_bedroom (Intent: sched_sleep_partner_77)
NPC_ASSIGN_SKIP_ROOM: partner already in queue for rest with intent sched_sleep_partner_77
NPC_ASSIGN_ATTEMPT: Flaubert Giles -> rest @ master_bedroom (Intent: sched_sleep_player_77)
NPC_ASSIGN_SKIP_ROOM: player already in queue for rest with intent sched_sleep_player_77
NPC_ASSIGN_ATTEMPT: Flaubert Giles -> rest @ butler_quarters (Intent: sched_sleep_butler_77)
NPC_ASSIGN_SKIP_ROOM: butler already in queue for rest with intent sched_sleep_butler_77
NPC_ASSIGN_ATTEMPT: Partner -> rest @ master_bedroom (Intent: sched_sleep_partner_77)
NPC_ASSIGN_SKIP_ROOM: partner already in queue for rest with intent sched_sleep_partner_77
NPC_ASSIGN_ATTEMPT: Flaubert Giles -> rest @ master_bedroom (Intent: sched_sleep_player_77)
NPC_ASSIGN_SKIP_ROOM: player already in queue for rest with intent sched_sleep_player_77
NPC_ASSIGN_ATTEMPT: Flaubert Giles -> rest @ butler_quarters (Intent: sched_sleep_butler_77)
NPC_ASSIGN_SKIP_ROOM: butler already in queue for rest with intent sched_sleep_butler_77
NPC_ASSIGN_ATTEMPT: Partner -> rest @ master_bedroom (Intent: sched_sleep_partner_77)
NPC_ASSIGN_SKIP_ROOM: partner already in queue for rest with intent sched_sleep_partner_77
NPC_ASSIGN_ATTEMPT: Flaubert Giles -> rest @ master_bedroom (Intent: sched_sleep_player_77)
NPC_ASSIGN_SKIP_ROOM: player already in queue for rest with intent sched_sleep_player_77
NPC_ASSIGN_ATTEMPT: Flaubert Giles -> rest @ butler_quarters (Intent: sched_sleep_butler_77)
NPC_ASSIGN_SKIP_ROOM: butler already in queue for rest with intent sched_sleep_butler_77
NPC_ASSIGN_ATTEMPT: Partner -> rest @ master_bedroom (Intent: sched_sleep_partner_77)
NPC_ASSIGN_SKIP_ROOM: partner already in queue for rest with intent sched_sleep_partner_77
NPC_ASSIGN_ATTEMPT: Flaubert Giles -> rest @ master_bedroom (Intent: sched_sleep_player_77)
NPC_ASSIGN_SKIP_ROOM: player already in queue for rest with intent sched_sleep_player_77
NPC_ASSIGN_ATTEMPT: Flaubert Giles -> rest @ butler_quarters (Intent: sched_sleep_butler_77)
NPC_ASSIGN_SKIP_ROOM: butler already in queue for rest with intent sched_sleep_butler_77
NPC_ASSIGN_ATTEMPT: Partner -> rest @ master_bedroom (Intent: sched_sleep_partner_77)
NPC_ASSIGN_SKIP_ROOM: partner already in queue for rest with intent sched_sleep_partner_77
NPC_ASSIGN_ATTEMPT: Flaubert Giles -> rest @ master_bedroom (Intent: sched_sleep_player_77)
NPC_ASSIGN_SKIP_ROOM: player already in queue for rest with intent sched_sleep_player_77
NPC_ASSIGN_ATTEMPT: Flaubert Giles -> rest @ butler_quarters (Intent: sched_sleep_butler_77)
NPC_ASSIGN_SKIP_ROOM: butler already in queue for rest with intent sched_sleep_butler_77
NPC_ASSIGN_ATTEMPT: Partner -> rest @ master_bedroom (Intent: sched_sleep_partner_77)
NPC_ASSIGN_SKIP_ROOM: partner already in queue for rest with intent sched_sleep_partner_77
NPC_ASSIGN_ATTEMPT: Flaubert Giles -> rest @ master_bedroom (Intent: sched_sleep_player_77)
NPC_ASSIGN_SKIP_ROOM: player already in queue for rest with intent sched_sleep_player_77
NPC_ASSIGN_ATTEMPT: Flaubert Giles -> rest @ butler_quarters (Intent: sched_sleep_butler_77)
NPC_ASSIGN_SKIP_ROOM: butler already in queue for rest with intent sched_sleep_butler_77
NPC_ASSIGN_ATTEMPT: Partner -> rest @ master_bedroom (Intent: sched_sleep_partner_77)
NPC_ASSIGN_SKIP_ROOM: partner already in queue for rest with intent sched_sleep_partner_77
NPC_ASSIGN_ATTEMPT: Flaubert Giles -> rest @ master_bedroom (Intent: sched_sleep_player_77)
NPC_ASSIGN_SKIP_ROOM: player already in queue for rest with intent sched_sleep_player_77
NPC_ASSIGN_ATTEMPT: Flaubert Giles -> rest @ butler_quarters (Intent: sched_sleep_butler_77)
NPC_ASSIGN_SKIP_ROOM: butler already in queue for rest with intent sched_sleep_butler_77
NPC_ASSIGN_ATTEMPT: Partner -> rest @ master_bedroom (Intent: sched_sleep_partner_77)
NPC_ASSIGN_SKIP_ROOM: partner already in queue for rest with intent sched_sleep_partner_77
NPC_ASSIGN_ATTEMPT: Flaubert Giles -> cleanDish @ kitchen (Intent: cleanish_player_1781825884582)
NPC_ASSIGN_ATTEMPT: Flaubert Giles -> cleanDish @ kitchen (Intent: cleanish_butler_1781825884582)
NPC_ASSIGN_ATTEMPT: Partner -> cleanDish @ kitchen (Intent: cleanish_partner_1781825884582)
NPC_ASSIGN_ATTEMPT: Flaubert Giles -> hunt @ entryway (Intent: low_pri_butler_hunt_entryway)
NPC_ASSIGN_SKIP_ROOM: butler already in queue for hunt with intent low_pri_butler_hunt_entryway
NPC_ASSIGN_ATTEMPT: Flaubert Giles -> tillSoil @ field_2 (Intent: low_pri_player_tillSoil_field_2)
NPC_ASSIGN_ATTEMPT: Flaubert Giles -> tillSoil @ field_2 (Intent: low_pri_player_tillSoil_field_2)
NPC_ASSIGN_ATTEMPT: Flaubert Giles -> tillSoil @ field_2 (Intent: low_pri_player_tillSoil_field_2)
NPC_ASSIGN_ATTEMPT: Flaubert Giles -> tillSoil @ field_2 (Intent: low_pri_player_tillSoil_field_2)
NPC_ASSIGN_ATTEMPT: Flaubert Giles -> tillSoil @ field_2 (Intent: low_pri_player_tillSoil_field_2)
NPC_ASSIGN_ATTEMPT: Flaubert Giles -> tillSoil @ field_2 (Intent: low_pri_player_tillSoil_field_2)
NPC_ASSIGN_ATTEMPT: Flaubert Giles -> tillSoil @ field_2 (Intent: low_pri_player_tillSoil_field_2)
NPC_ASSIGN_ATTEMPT: Partner -> idle @ vegetable_garden (Intent: sched_idle_w_partner)
NPC_ASSIGN_ATTEMPT: Flaubert Giles -> tillSoil @ field_2 (Intent: low_pri_player_tillSoil_field_2)
NPC_ASSIGN_ATTEMPT: Flaubert Giles -> tillSoil @ field_2 (Intent: low_pri_player_tillSoil_field_2)
NPC_ASSIGN_ATTEMPT: Flaubert Giles -> tillSoil @ field_2 (Intent: low_pri_player_tillSoil_field_2)
NPC_ASSIGN_ATTEMPT: Flaubert Giles -> tillSoil @ field_2 (Intent: low_pri_player_tillSoil_field_2)
NPC_ASSIGN_ATTEMPT: Flaubert Giles -> tillSoil @ field_2 (Intent: low_pri_player_tillSoil_field_2)
NPC_ASSIGN_ATTEMPT: Flaubert Giles -> tillSoil @ field_2 (Intent: low_pri_player_tillSoil_field_2)
NPC_ASSIGN_ATTEMPT: Flaubert Giles -> tillSoil @ field_2 (Intent: low_pri_player_tillSoil_field_2)
NPC_ASSIGN_ATTEMPT: Flaubert Giles -> tillSoil @ field_2 (Intent: low_pri_player_tillSoil_field_2)
NPC_ASSIGN_ATTEMPT: Flaubert Giles -> tillSoil @ field_2 (Intent: low_pri_player_tillSoil_field_2)
NPC_ASSIGN_ATTEMPT: Flaubert Giles -> tillSoil @ field_2 (Intent: low_pri_player_tillSoil_field_2)
NPC_ASSIGN_ATTEMPT: Flaubert Giles -> tillSoil @ field_2 (Intent: low_pri_player_tillSoil_field_2)
NPC_ASSIGN_ATTEMPT: Flaubert Giles -> tillSoil @ field_2 (Intent: low_pri_player_tillSoil_field_2)
NPC_ASSIGN_ATTEMPT: Flaubert Giles -> tillSoil @ field_2 (Intent: low_pri_player_tillSoil_field_2)
NPC_ASSIGN_ATTEMPT: Flaubert Giles -> tillSoil @ field_2 (Intent: low_pri_player_tillSoil_field_2)
NPC_ASSIGN_ATTEMPT: Flaubert Giles -> tillSoil @ field_2 (Intent: low_pri_player_tillSoil_field_2)
NPC_ASSIGN_ATTEMPT: Flaubert Giles -> tillSoil @ field_2 (Intent: low_pri_player_tillSoil_field_2)
NPC_ASSIGN_ATTEMPT: Flaubert Giles -> tillSoil @ field_2 (Intent: low_pri_player_tillSoil_field_2)
NPC_ASSIGN_ATTEMPT: Flaubert Giles -> tillSoil @ field_2 (Intent: low_pri_player_tillSoil_field_2)
NPC_ASSIGN_ATTEMPT: Flaubert Giles -> tillSoil @ field_2 (Intent: low_pri_player_tillSoil_field_2)
NPC_ASSIGN_ATTEMPT: Flaubert Giles -> tillSoil @ field_2 (Intent: low_pri_player_tillSoil_field_2)
NPC_ASSIGN_ATTEMPT: Flaubert Giles -> tillSoil @ field_2 (Intent: low_pri_player_tillSoil_field_2)
NPC_ASSIGN_ATTEMPT: Flaubert Giles -> tillSoil @ field_2 (Intent: low_pri_player_tillSoil_field_2)
NPC_ASSIGN_ATTEMPT: Flaubert Giles -> tillSoil @ field_2 (Intent: low_pri_player_tillSoil_field_2)
NPC_ASSIGN_ATTEMPT: Flaubert Giles -> tillSoil @ field_2 (Intent: low_pri_player_tillSoil_field_2)
NPC_ASSIGN_ATTEMPT: Flaubert Giles -> tillSoil @ field_2 (Intent: low_pri_player_tillSoil_field_2)
NPC_ASSIGN_ATTEMPT: Flaubert Giles -> tillSoil @ field_2 (Intent: low_pri_player_tillSoil_field_2)
NPC_ASSIGN_ATTEMPT: Flaubert Giles -> cleanRoom @ master_bedroom (Intent: low_pri_butler_cleanRoom_master_bedroom)
NPC_ASSIGN_ATTEMPT: Flaubert Giles -> tillSoil @ field_2 (Intent: low_pri_player_tillSoil_field_2)
NPC_ASSIGN_ATTEMPT: Flaubert Giles -> tillSoil @ field_2 (Intent: low_pri_player_tillSoil_field_2)
NPC_ASSIGN_ATTEMPT: Flaubert Giles -> tillSoil @ field_2 (Intent: low_pri_player_tillSoil_field_2)
NPC_ASSIGN_ATTEMPT: Flaubert Giles -> tillSoil @ field_2 (Intent: low_pri_player_tillSoil_field_2)
NPC_ASSIGN_ATTEMPT: Flaubert Giles -> tillSoil @ field_2 (Intent: low_pri_player_tillSoil_field_2)
NPC_ASSIGN_ATTEMPT: Flaubert Giles -> tillSoil @ field_2 (Intent: low_pri_player_tillSoil_field_2)
NPC_ASSIGN_ATTEMPT: Flaubert Giles -> tillSoil @ field_2 (Intent: low_pri_player_tillSoil_field_2)
NPC_ASSIGN_ATTEMPT: Flaubert Giles -> tillSoil @ field_2 (Intent: low_pri_player_tillSoil_field_2)
NPC_ASSIGN_ATTEMPT: Flaubert Giles -> tillSoil @ field_2 (Intent: low_pri_player_tillSoil_field_2)
NPC_ASSIGN_ATTEMPT: Flaubert Giles -> tillSoil @ field_2 (Intent: low_pri_player_tillSoil_field_2)
NPC_ASSIGN_ATTEMPT: Flaubert Giles -> tillSoil @ field_2 (Intent: low_pri_player_tillSoil_field_2)
NPC_ASSIGN_ATTEMPT: Flaubert Giles -> tillSoil @ field_2 (Intent: low_pri_player_tillSoil_field_2)
NPC_ASSIGN_ATTEMPT: Flaubert Giles -> tillSoil @ field_2 (Intent: low_pri_player_tillSoil_field_2)
NPC_ASSIGN_ATTEMPT: Flaubert Giles -> tillSoil @ field_2 (Intent: low_pri_player_tillSoil_field_2)
NPC_ASSIGN_ATTEMPT: Flaubert Giles -> tillSoil @ field_2 (Intent: low_pri_player_tillSoil_field_2)
NPC_ASSIGN_ATTEMPT: Flaubert Giles -> tillSoil @ field_2 (Intent: low_pri_player_tillSoil_field_2)
NPC_ASSIGN_ATTEMPT: Flaubert Giles -> tillSoil @ field_2 (Intent: low_pri_player_tillSoil_field_2)
NPC_ASSIGN_ATTEMPT: Flaubert Giles -> tillSoil @ field_2 (Intent: low_pri_player_tillSoil_field_2)
NPC_ASSIGN_ATTEMPT: Flaubert Giles -> tillSoil @ field_2 (Intent: low_pri_player_tillSoil_field_2)
NPC_ASSIGN_ATTEMPT: Flaubert Giles -> tillSoil @ field_2 (Intent: low_pri_player_tillSoil_field_2)
NPC_ASSIGN_ATTEMPT: Flaubert Giles -> tillSoil @ field_2 (Intent: low_pri_player_tillSoil_field_2)
NPC_ASSIGN_ATTEMPT: Flaubert Giles -> tillSoil @ field_2 (Intent: low_pri_player_tillSoil_field_2)
NPC_ASSIGN_ATTEMPT: Flaubert Giles -> tillSoil @ field_2 (Intent: low_pri_player_tillSoil_field_2)
NPC_ASSIGN_ATTEMPT: Flaubert Giles -> tillSoil @ field_2 (Intent: low_pri_player_tillSoil_field_2)
NPC_ASSIGN_ATTEMPT: Flaubert Giles -> tillSoil @ field_2 (Intent: low_pri_player_tillSoil_field_2)
NPC_ASSIGN_ATTEMPT: Flaubert Giles -> tillSoil @ field_2 (Intent: low_pri_player_tillSoil_field_2)
NPC_ASSIGN_ATTEMPT: Flaubert Giles -> cleanRoom @ butler_quarters (Intent: low_pri_butler_cleanRoom_butler_quarters)
NPC_ASSIGN_ATTEMPT: Flaubert Giles -> tillSoil @ field_2 (Intent: low_pri_player_tillSoil_field_2)
NPC_ASSIGN_ATTEMPT: Flaubert Giles -> tillSoil @ field_2 (Intent: low_pri_player_tillSoil_field_2)
NPC_ASSIGN_ATTEMPT: Flaubert Giles -> tillSoil @ field_2 (Intent: low_pri_player_tillSoil_field_2)
NPC_ASSIGN_ATTEMPT: Flaubert Giles -> tillSoil @ field_2 (Intent: low_pri_player_tillSoil_field_2)
NPC_ASSIGN_ATTEMPT: Flaubert Giles -> tillSoil @ field_2 (Intent: low_pri_player_tillSoil_field_2)
NPC_ASSIGN_ATTEMPT: Flaubert Giles -> tillSoil @ field_2 (Intent: low_pri_player_tillSoil_field_2)
NPC_ASSIGN_ATTEMPT: Flaubert Giles -> tillSoil @ field_2 (Intent: low_pri_player_tillSoil_field_2)
NPC_ASSIGN_ATTEMPT: Flaubert Giles -> tillSoil @ field_2 (Intent: low_pri_player_tillSoil_field_2)
NPC_ASSIGN_ATTEMPT: Flaubert Giles -> tillSoil @ field_2 (Intent: low_pri_player_tillSoil_field_2)
NPC_ASSIGN_ATTEMPT: Flaubert Giles -> tillSoil @ field_2 (Intent: low_pri_player_tillSoil_field_2)
NPC_ASSIGN_ATTEMPT: Flaubert Giles -> tillSoil @ field_2 (Intent: low_pri_player_tillSoil_field_2)
NPC_ASSIGN_ATTEMPT: Flaubert Giles -> tillSoil @ field_2 (Intent: low_pri_player_tillSoil_field_2)
NPC_ASSIGN_ATTEMPT: Flaubert Giles -> tillSoil @ field_2 (Intent: low_pri_player_tillSoil_field_2)
NPC_ASSIGN_ATTEMPT: Flaubert Giles -> tillSoil @ field_2 (Intent: low_pri_player_tillSoil_field_2)
NPC_ASSIGN_ATTEMPT: Flaubert Giles -> tillSoil @ field_2 (Intent: low_pri_player_tillSoil_field_2)
NPC_ASSIGN_ATTEMPT: Flaubert Giles -> tillSoil @ field_2 (Intent: low_pri_player_tillSoil_field_2)
NPC_ASSIGN_ATTEMPT: Flaubert Giles -> tillSoil @ field_2 (Intent: low_pri_player_tillSoil_field_2)
NPC_ASSIGN_ATTEMPT: Flaubert Giles -> tillSoil @ field_2 (Intent: low_pri_player_tillSoil_field_2)
NPC_ASSIGN_ATTEMPT: Flaubert Giles -> tillSoil @ field_2 (Intent: low_pri_player_tillSoil_field_2)
NPC_ASSIGN_ATTEMPT: Flaubert Giles -> tillSoil @ field_2 (Intent: low_pri_player_tillSoil_field_2)
NPC_ASSIGN_ATTEMPT: Flaubert Giles -> tillSoil @ field_2 (Intent: low_pri_player_tillSoil_field_2)
NPC_ASSIGN_ATTEMPT: Flaubert Giles -> tillSoil @ field_2 (Intent: low_pri_player_tillSoil_field_2)
NPC_ASSIGN_ATTEMPT: Partner -> idle @ bedroom_2 (Intent: sched_idle_w_partner)
NPC_ASSIGN_ATTEMPT: Flaubert Giles -> tillSoil @ field_2 (Intent: low_pri_player_tillSoil_field_2)
NPC_ASSIGN_ATTEMPT: Flaubert Giles -> tillSoil @ field_2 (Intent: low_pri_player_tillSoil_field_2)
NPC_ASSIGN_ATTEMPT: Flaubert Giles -> tillSoil @ field_2 (Intent: low_pri_player_tillSoil_field_2)
00:02 +16: Bug Fix Verification Room Conversion: Restored Unused to Ballroom and refunding
00:02 +17: Bug Fix Verification Visitor Quest: Indentured Sanctuary acceptor becomes Manor Resident
00:02 +18: Bug Fix Verification Combat Pathfinding: getNextWaypoint avoids walls correctly
00:02 +19: Bug Fix Verification Combat AI: Enemy Leader spawns with random traits and custom kiting stats
ENEMY LEADER SPAWNED WITH TRAITS: {use_specials_efficiently, feint_and_anti_tower, block_retreat, bait_and_shoot}
00:02 +20: Bug Fix Verification Survival AI/Encounter: Glarus destruction in Gnomes Artillery correctly sets village health and restricts market
00:02 +21: Bug Fix Verification Survival AI/Encounter: Glarus destruction unlocks conditional disaster and discovery
00:02 +22: Bug Fix Verification Survival AI/Encounter: Glarus resettlement type missionaries reacts negatively to supernatural units
00:02 +23: Bug Fix Verification Language Skills Language Encounter Generation & Translation flow
00:02 +23: Bug Fix Verification Survival AI/Encounter: Glarus resettlement type missionaries reacts negatively to supernatural units
Error loading arena progress (slot 1): MissingPluginException(No implementation found for method getApplicationDocumentsDirectory on channel plugins.flutter.io/path_provider)
00:02 +24: Bug Fix Verification Language Skills Language Graded option resolution
00:02 +24: Bug Fix Verification Survival AI/Encounter: Glarus resettlement type missionaries reacts negatively to supernatural units
Error saving arena progress (slot 1): MissingPluginException(No implementation found for method getApplicationDocumentsDirectory on channel plugins.flutter.io/path_provider)
00:02 +25: Bug Fix Verification Language Skills Bug Fix Verification: Parent death cause starting bonuses are applied
00:02 +26: Bug Fix Verification Language Skills Bug Fix Verification: research_level objectives evaluate dynamic knowledge levels
NPC_ASSIGN_ATTEMPT: Test Master -> tillSoil @ field_2 (Intent: low_pri_player_tillSoil_field_2)
NPC_ASSIGN_ATTEMPT: Flaubert Giles -> hunt @ entryway (Intent: low_pri_butler_hunt_entryway)
NPC_ASSIGN_ATTEMPT: Wild Fox -> weights @ garden_lot (Intent: sched_leisure_fox_0_1781825885092)
NPC_ASSIGN_ATTEMPT: Wild Fox -> weights @ garden_lot (Intent: sched_leisure_fox_1_1781825885092)
NPC_ASSIGN_ATTEMPT: Wild Fox -> weights @ garden_lot (Intent: sched_leisure_fox_2_1781825885092)
NPC_ASSIGN_ATTEMPT: Wild Fox -> weights @ garden_lot (Intent: sched_leisure_fox_3_1781825885092)
NPC_ASSIGN_ATTEMPT: Wild Fox -> weights @ garden_lot (Intent: sched_leisure_fox_4_1781825885092)
NPC_ASSIGN_ATTEMPT: Wild Fox -> writePoetry @ master_bedroom (Intent: sched_leisure_fox_0_1781825885092)
NPC_ASSIGN_ATTEMPT: Wild Fox -> writePoetry @ master_bedroom (Intent: sched_leisure_fox_1_1781825885092)
NPC_ASSIGN_ATTEMPT: Wild Fox -> weights @ garden_lot (Intent: sched_leisure_fox_2_1781825885092)
NPC_ASSIGN_ATTEMPT: Wild Fox -> writePoetry @ master_bedroom (Intent: sched_leisure_fox_3_1781825885092)
NPC_ASSIGN_ATTEMPT: Wild Fox -> writePoetry @ master_bedroom (Intent: sched_leisure_fox_4_1781825885092)
00:02 +27: Bug Fix Verification Language Skills Bug Fix Verification: animal eating raw crops in pen/pasture
NPC_ASSIGN_ATTEMPT: Bacon -> eat @ pig_pen_1 (Intent: null)
00:02 +28: Bug Fix Verification Language Skills Bug Fix Verification: Laboratory room conversion requires Zoology 1 and lab_schematics blueprint
00:02 +29: Bug Fix Verification Language Skills Bug Fix Verification: Clinic conversion requires Medicine specialization
00:02 +30: Bug Fix Verification Language Skills Bug Fix Verification: Reanimation procedure checks dynamic level and physical book
NPC_ASSIGN_ATTEMPT: Test Master -> operation @ lab_1 (Intent: null)
NPC_ASSIGN_ATTEMPT: Test Master -> operation @ lab_1 (Intent: null)
NPC_ASSIGN_ATTEMPT: Test Master -> operation @ lab_1 (Intent: null)
00:02 +31: Bug Fix Verification Language Skills Bug Fix Verification: Field crop lifecycle, fallow reset, crop death, and Clear Field action
NPC_ASSIGN_ATTEMPT: Test Master -> plantCrops @ field_test (Intent: null)
NPC_ASSIGN_ATTEMPT: Test Master -> plantCrops @ field_test (Intent: null)
NPC_ASSIGN_ATTEMPT: Test Master -> tillSoil @ field_test (Intent: null)
NPC_ASSIGN_ATTEMPT: Test Master -> fertilizeSoil @ field_test (Intent: null)
NPC_ASSIGN_ATTEMPT: Test Master -> waterCrops @ field_test (Intent: null)
NPC_ASSIGN_ATTEMPT: Test Master -> harvestCrops @ field_test (Intent: null)
NPC_ASSIGN_ATTEMPT: Test Master -> clearField @ field_test (Intent: null)
00:02 +32: All tests passed!
